2026-05-01 12:46:00,998 - INFO - [START] Starting social media search process - Query: 'Anoop.pamu'
2026-05-01 12:46:00,998 - INFO - [OUTPUT] Output path: '/Users/pamu/Downloads/All_Scripts/Social_MediaV2/output'
2026-05-01 12:46:00,998 - INFO - [FILTER] Date filter: 2023-01-01 to 2025-05-01
2026-05-01 12:46:00,998 - INFO - [INFO] Starting step: Get all platform CSE parameters
2026-05-01 12:46:01,536 - WARNING - Error occurred while getting CSE parameters (attempt 1): BrowserType.launch: Executable doesn't exist at /Users/pamu/Library/Caches/ms-playwright/chromium_headless_shell-1187/chrome-mac/headless_shell
╔════════════════════════════════════════════════════════════╗
║ Looks like Playwright was just installed or updated.       ║
║ Please run the following command to download new browsers: ║
║                                                            ║
║     playwright install                                     ║
║                                                            ║
║ <3 Playwright Team                                         ║
╚════════════════════════════════════════════════════════════╝
2026-05-01 12:46:01,536 - INFO - [RETRY] Retrying parameter retrieval (attempt 2)
2026-05-01 12:46:03,687 - WARNING - Error occurred while getting CSE parameters (attempt 2): BrowserType.launch: Executable doesn't exist at /Users/pamu/Library/Caches/ms-playwright/chromium_headless_shell-1187/chrome-mac/headless_shell
╔════════════════════════════════════════════════════════════╗
║ Looks like Playwright was just installed or updated.       ║
║ Please run the following command to download new browsers: ║
║                                                            ║
║     playwright install                                     ║
║                                                            ║
║ <3 Playwright Team                                         ║
╚════════════════════════════════════════════════════════════╝
2026-05-01 12:46:03,687 - INFO - [RETRY] Retrying parameter retrieval (attempt 3)
2026-05-01 12:46:07,825 - WARNING - Error occurred while getting CSE parameters (attempt 3): BrowserType.launch: Executable doesn't exist at /Users/pamu/Library/Caches/ms-playwright/chromium_headless_shell-1187/chrome-mac/headless_shell
╔════════════════════════════════════════════════════════════╗
║ Looks like Playwright was just installed or updated.       ║
║ Please run the following command to download new browsers: ║
║                                                            ║
║     playwright install                                     ║
║                                                            ║
║ <3 Playwright Team                                         ║
╚════════════════════════════════════════════════════════════╝
2026-05-01 12:46:07,825 - ERROR - [ERROR] Step failed: Get all platform CSE parameters - Error occurred while getting CSE parameters (attempt 3): BrowserType.launch: Executable doesn't exist at /Users/pamu/Library/Caches/ms-playwright/chromium_headless_shell-1187/chrome-mac/headless_shell
╔════════════════════════════════════════════════════════════╗
║ Looks like Playwright was just installed or updated.       ║
║ Please run the following command to download new browsers: ║
║                                                            ║
║     playwright install                                     ║
║                                                            ║
║ <3 Playwright Team                                         ║
╚════════════════════════════════════════════════════════════╝
2026-05-01 12:46:07,826 - INFO - [INFO] Starting step: Execute social media search
2026-05-01 12:46:07,826 - INFO - [DEBUG] Output path received: /Users/pamu/Downloads/All_Scripts/Social_MediaV2/output
2026-05-01 12:46:07,826 - INFO - [DEBUG] Output path type: <class 'str'>
2026-05-01 12:55:11,097 - INFO - [OK] Step completed: Execute social media search
2026-05-01 12:55:11,098 - INFO - [SUCCESS] Search process completed!
2026-05-01 12:55:11,098 - INFO - [SUMMARY] Search Summary:
2026-05-01 12:55:11,098 - INFO -    Query keyword: Anoop.pamu
2026-05-01 12:55:11,098 - INFO -    Search platforms: 9 platforms
2026-05-01 12:55:11,098 - INFO -    Total results: 0
2026-05-01 12:55:11,098 - INFO -    FACEBOOK: 0 results
2026-05-01 12:55:11,098 - INFO -    TWITTER: 0 results
2026-05-01 12:55:11,098 - INFO -    INSTAGRAM: 0 results
2026-05-01 12:55:11,098 - INFO -    LINKEDIN: 0 results
2026-05-01 12:55:11,098 - INFO -    TIKTOK: 0 results
2026-05-01 12:55:11,098 - INFO -    PINTEREST: 0 results
2026-05-01 12:55:11,098 - INFO -    YOUTUBE: 0 results
2026-05-01 12:55:11,098 - INFO -    REDDIT: 0 results
2026-05-01 12:55:11,098 - INFO -    SNAPCHAT: 0 results
2026-05-01 12:55:11,099 - INFO - Log saved to: logs/search_log.json
2026-05-01 12:55:11,099 - INFO - [SHUTDOWN] Stopping and removing all containers...
2026-05-01 12:55:11,099 - INFO - [SHUTDOWN] Using docker-compose down from /Users/pamu/Downloads/All_Scripts/Social_MediaV2
2026-05-01 12:55:11,142 - INFO - [SHUTDOWN] docker-compose down completed successfully
