2025-10-21 17:02:59,795 - INFO - [START] Starting social media search process - Query: '"Three Ireland"'
2025-10-21 17:02:59,796 - INFO - [INFO] Starting step: Get all platform CSE parameters
2025-10-21 17:03:21,046 - INFO - Added date sorting for FACEBOOK
2025-10-21 17:03:21,046 - INFO - Added date sorting for TWITTER
2025-10-21 17:03:21,046 - INFO - Added date sorting for INSTAGRAM
2025-10-21 17:03:21,046 - INFO - Added date sorting for LINKEDIN
2025-10-21 17:03:21,046 - INFO - [OK] Step completed: Get all platform CSE parameters
2025-10-21 17:03:21,046 - INFO - [INFO] Starting step: Save parameters
2025-10-21 17:03:21,047 - INFO - [OK] Step completed: Save parameters
2025-10-21 17:03:21,047 - INFO - [INFO] Starting step: Execute social media search
2025-10-21 17:03:23,572 - INFO - SocksPort=9150 status=200 url=https://cse.google.com/cse/element/v1?rsz=filtered_cse&num=10&hl=en&source=gcsc&cselibv=6467658b9628de43&cx=294a079ba2d4267d5&safe=active&cse_tok=AEXjvhI8WL0vVwH04x1SuIosFZqR%3A1761037381825&sort=date&exp=cc%2Capo&rurl=https%3A%2F%2Fwww.social-searcher.com%2Ffacebookcse.html%3Fq%3Dtest%26sort%3Ddate&q=%22Three+Ireland%22&start=0&callback=google.search.cse.api0
2025-10-21 17:03:26,083 - INFO - SocksPort=9150 status=200 url=https://cse.google.com/cse/element/v1?rsz=filtered_cse&num=10&hl=en&source=gcsc&cselibv=6467658b9628de43&cx=294a079ba2d4267d5&safe=active&cse_tok=AEXjvhI8WL0vVwH04x1SuIosFZqR%3A1761037381825&sort=date&exp=cc%2Capo&rurl=https%3A%2F%2Fwww.social-searcher.com%2Ffacebookcse.html%3Fq%3Dtest%26sort%3Ddate&q=%22Three+Ireland%22&start=10&callback=google.search.cse.api10
2025-10-21 17:03:29,609 - INFO - SocksPort=9150 status=200 url=https://cse.google.com/cse/element/v1?rsz=filtered_cse&num=10&hl=en&source=gcsc&cselibv=6467658b9628de43&cx=294a079ba2d4267d5&safe=active&cse_tok=AEXjvhI8WL0vVwH04x1SuIosFZqR%3A1761037381825&sort=date&exp=cc%2Capo&rurl=https%3A%2F%2Fwww.social-searcher.com%2Ffacebookcse.html%3Fq%3Dtest%26sort%3Ddate&q=%22Three+Ireland%22&start=20&callback=google.search.cse.api20
2025-10-21 17:03:33,456 - INFO - SocksPort=9150 status=200 url=https://cse.google.com/cse/element/v1?rsz=filtered_cse&num=10&hl=en&source=gcsc&cselibv=6467658b9628de43&cx=294a079ba2d4267d5&safe=active&cse_tok=AEXjvhI8WL0vVwH04x1SuIosFZqR%3A1761037381825&sort=date&exp=cc%2Capo&rurl=https%3A%2F%2Fwww.social-searcher.com%2Ffacebookcse.html%3Fq%3Dtest%26sort%3Ddate&q=%22Three+Ireland%22&start=30&callback=google.search.cse.api30
2025-10-21 17:03:36,526 - INFO - SocksPort=9150 status=200 url=https://cse.google.com/cse/element/v1?rsz=filtered_cse&num=10&hl=en&source=gcsc&cselibv=6467658b9628de43&cx=294a079ba2d4267d5&safe=active&cse_tok=AEXjvhI8WL0vVwH04x1SuIosFZqR%3A1761037381825&sort=date&exp=cc%2Capo&rurl=https%3A%2F%2Fwww.social-searcher.com%2Ffacebookcse.html%3Fq%3Dtest%26sort%3Ddate&q=%22Three+Ireland%22&start=40&callback=google.search.cse.api40
2025-10-21 17:03:36,540 - DEBUG - GETCONF __owningcontrollerprocess (runtime: 0.0002)
2025-10-21 17:03:36,552 - INFO - TOR cport auth: True. TOR NEW IDENTITY. Sleep 3 sec.
2025-10-21 17:03:39,558 - INFO - Error while receiving a control message (SocketClosed): received exception "read of closed file"
2025-10-21 17:03:42,038 - INFO - SocksPort=9150 status=200 url=https://cse.google.com/cse/element/v1?rsz=filtered_cse&num=10&hl=en&source=gcsc&cselibv=6467658b9628de43&cx=294a079ba2d4267d5&safe=active&cse_tok=AEXjvhI8WL0vVwH04x1SuIosFZqR%3A1761037381825&sort=date&exp=cc%2Capo&rurl=https%3A%2F%2Fwww.social-searcher.com%2Ffacebookcse.html%3Fq%3Dtest%26sort%3Ddate&q=%22Three+Ireland%22&start=50&callback=google.search.cse.api50
2025-10-21 17:03:44,806 - INFO - SocksPort=9150 status=200 url=https://cse.google.com/cse/element/v1?rsz=filtered_cse&num=10&hl=en&source=gcsc&cselibv=6467658b9628de43&cx=294a079ba2d4267d5&safe=active&cse_tok=AEXjvhI8WL0vVwH04x1SuIosFZqR%3A1761037381825&sort=date&exp=cc%2Capo&rurl=https%3A%2F%2Fwww.social-searcher.com%2Ffacebookcse.html%3Fq%3Dtest%26sort%3Ddate&q=%22Three+Ireland%22&start=60&callback=google.search.cse.api60
2025-10-21 17:03:47,262 - INFO - SocksPort=9150 status=200 url=https://cse.google.com/cse/element/v1?rsz=filtered_cse&num=10&hl=en&source=gcsc&cselibv=6467658b9628de43&cx=294a079ba2d4267d5&safe=active&cse_tok=AEXjvhI8WL0vVwH04x1SuIosFZqR%3A1761037381825&sort=date&exp=cc%2Capo&rurl=https%3A%2F%2Fwww.social-searcher.com%2Ffacebookcse.html%3Fq%3Dtest%26sort%3Ddate&q=%22Three+Ireland%22&start=70&callback=google.search.cse.api70
2025-10-21 17:03:53,719 - INFO - SocksPort=9150 status=200 url=https://cse.google.com/cse/element/v1?rsz=filtered_cse&num=10&hl=en&source=gcsc&cselibv=6467658b9628de43&cx=294a079ba2d4267d5&safe=active&cse_tok=AEXjvhI8WL0vVwH04x1SuIosFZqR%3A1761037381825&sort=date&exp=cc%2Capo&rurl=https%3A%2F%2Fwww.social-searcher.com%2Ffacebookcse.html%3Fq%3Dtest%26sort%3Ddate&q=%22Three+Ireland%22&start=80&callback=google.search.cse.api80
2025-10-21 17:03:56,489 - INFO - SocksPort=9150 status=200 url=https://cse.google.com/cse/element/v1?rsz=filtered_cse&num=10&hl=en&source=gcsc&cselibv=6467658b9628de43&cx=294a079ba2d4267d5&safe=active&cse_tok=AEXjvhI8WL0vVwH04x1SuIosFZqR%3A1761037381825&sort=date&exp=cc%2Capo&rurl=https%3A%2F%2Fwww.social-searcher.com%2Ffacebookcse.html%3Fq%3Dtest%26sort%3Ddate&q=%22Three+Ireland%22&start=90&callback=google.search.cse.api90
2025-10-21 17:03:56,495 - DEBUG - GETCONF __owningcontrollerprocess (runtime: 0.0003)
2025-10-21 17:03:56,513 - INFO - TOR cport auth: True. TOR NEW IDENTITY. Sleep 3 sec.
2025-10-21 17:03:59,518 - INFO - Error while receiving a control message (SocketClosed): received exception "read of closed file"
2025-10-21 17:04:02,027 - INFO - SocksPort=9150 status=200 url=https://cse.google.com/cse/element/v1?rsz=filtered_cse&num=10&hl=en&source=gcsc&cselibv=6467658b9628de43&cx=a72fbbffee86cd2d2&safe=active&cse_tok=AEXjvhK3aKU4Q0dUtoOM-GBB0MTW%3A1761037386521&sort=date&exp=cc%2Capo&rurl=https%3A%2F%2Fwww.social-searcher.com%2Ftwittercse.html%3Fq%3Dtest%26sort%3Ddate&q=%22Three+Ireland%22&start=0&callback=google.search.cse.api0
2025-10-21 17:04:05,099 - INFO - SocksPort=9150 status=200 url=https://cse.google.com/cse/element/v1?rsz=filtered_cse&num=10&hl=en&source=gcsc&cselibv=6467658b9628de43&cx=a72fbbffee86cd2d2&safe=active&cse_tok=AEXjvhK3aKU4Q0dUtoOM-GBB0MTW%3A1761037386521&sort=date&exp=cc%2Capo&rurl=https%3A%2F%2Fwww.social-searcher.com%2Ftwittercse.html%3Fq%3Dtest%26sort%3Ddate&q=%22Three+Ireland%22&start=10&callback=google.search.cse.api10
2025-10-21 17:04:08,170 - INFO - SocksPort=9150 status=200 url=https://cse.google.com/cse/element/v1?rsz=filtered_cse&num=10&hl=en&source=gcsc&cselibv=6467658b9628de43&cx=a72fbbffee86cd2d2&safe=active&cse_tok=AEXjvhK3aKU4Q0dUtoOM-GBB0MTW%3A1761037386521&sort=date&exp=cc%2Capo&rurl=https%3A%2F%2Fwww.social-searcher.com%2Ftwittercse.html%3Fq%3Dtest%26sort%3Ddate&q=%22Three+Ireland%22&start=20&callback=google.search.cse.api20
2025-10-21 17:04:11,545 - INFO - SocksPort=9150 status=200 url=https://cse.google.com/cse/element/v1?rsz=filtered_cse&num=10&hl=en&source=gcsc&cselibv=6467658b9628de43&cx=a72fbbffee86cd2d2&safe=active&cse_tok=AEXjvhK3aKU4Q0dUtoOM-GBB0MTW%3A1761037386521&sort=date&exp=cc%2Capo&rurl=https%3A%2F%2Fwww.social-searcher.com%2Ftwittercse.html%3Fq%3Dtest%26sort%3Ddate&q=%22Three+Ireland%22&start=30&callback=google.search.cse.api30
2025-10-21 17:04:14,235 - INFO - SocksPort=9150 status=200 url=https://cse.google.com/cse/element/v1?rsz=filtered_cse&num=10&hl=en&source=gcsc&cselibv=6467658b9628de43&cx=a72fbbffee86cd2d2&safe=active&cse_tok=AEXjvhK3aKU4Q0dUtoOM-GBB0MTW%3A1761037386521&sort=date&exp=cc%2Capo&rurl=https%3A%2F%2Fwww.social-searcher.com%2Ftwittercse.html%3Fq%3Dtest%26sort%3Ddate&q=%22Three+Ireland%22&start=40&callback=google.search.cse.api40
2025-10-21 17:04:14,240 - DEBUG - GETCONF __owningcontrollerprocess (runtime: 0.0003)
2025-10-21 17:04:14,259 - INFO - TOR cport auth: True. TOR NEW IDENTITY. Sleep 3 sec.
2025-10-21 17:04:17,265 - INFO - Error while receiving a control message (SocketClosed): received exception "read of closed file"
2025-10-21 17:04:18,878 - INFO - SocksPort=9150 status=200 url=https://cse.google.com/cse/element/v1?rsz=filtered_cse&num=10&hl=en&source=gcsc&cselibv=6467658b9628de43&cx=a72fbbffee86cd2d2&safe=active&cse_tok=AEXjvhK3aKU4Q0dUtoOM-GBB0MTW%3A1761037386521&sort=date&exp=cc%2Capo&rurl=https%3A%2F%2Fwww.social-searcher.com%2Ftwittercse.html%3Fq%3Dtest%26sort%3Ddate&q=%22Three+Ireland%22&start=50&callback=google.search.cse.api50
2025-10-21 17:04:18,886 - DEBUG - GETCONF __owningcontrollerprocess (runtime: 0.0005)
2025-10-21 17:04:18,886 - INFO - TOR cport auth: True. TOR NEW IDENTITY. Sleep 3 sec.
2025-10-21 17:04:21,892 - INFO - Error while receiving a control message (SocketClosed): received exception "read of closed file"
2025-10-21 17:04:55,784 - INFO - SocksPort=9150 status=200 url=https://cse.google.com/cse/element/v1?rsz=filtered_cse&num=10&hl=en&source=gcsc&cselibv=6467658b9628de43&cx=a72fbbffee86cd2d2&safe=active&cse_tok=AEXjvhI4iWS4BwL9XsucQZzGj7N1%3A1761037470169&sort=&exp=cc%2Capo&rurl=https%3A%2F%2Fwww.social-searcher.com%2Ftwittercse.html%3Fq%3Dtest%26sort%3Ddate&q=%22Three+Ireland%22&start=50&callback=google.search.cse.api50
2025-10-21 17:04:59,778 - INFO - SocksPort=9150 status=200 url=https://cse.google.com/cse/element/v1?rsz=filtered_cse&num=10&hl=en&source=gcsc&cselibv=6467658b9628de43&cx=a72fbbffee86cd2d2&safe=active&cse_tok=AEXjvhI4iWS4BwL9XsucQZzGj7N1%3A1761037470169&sort=&exp=cc%2Capo&rurl=https%3A%2F%2Fwww.social-searcher.com%2Ftwittercse.html%3Fq%3Dtest%26sort%3Ddate&q=%22Three+Ireland%22&start=60&callback=google.search.cse.api60
2025-10-21 17:05:02,590 - INFO - SocksPort=9150 status=200 url=https://cse.google.com/cse/element/v1?rsz=filtered_cse&num=10&hl=en&source=gcsc&cselibv=6467658b9628de43&cx=a72fbbffee86cd2d2&safe=active&cse_tok=AEXjvhI4iWS4BwL9XsucQZzGj7N1%3A1761037470169&sort=&exp=cc%2Capo&rurl=https%3A%2F%2Fwww.social-searcher.com%2Ftwittercse.html%3Fq%3Dtest%26sort%3Ddate&q=%22Three+Ireland%22&start=70&callback=google.search.cse.api70
2025-10-21 17:05:07,458 - INFO - SocksPort=9150 status=200 url=https://cse.google.com/cse/element/v1?rsz=filtered_cse&num=10&hl=en&source=gcsc&cselibv=6467658b9628de43&cx=a72fbbffee86cd2d2&safe=active&cse_tok=AEXjvhI4iWS4BwL9XsucQZzGj7N1%3A1761037470169&sort=&exp=cc%2Capo&rurl=https%3A%2F%2Fwww.social-searcher.com%2Ftwittercse.html%3Fq%3Dtest%26sort%3Ddate&q=%22Three+Ireland%22&start=80&callback=google.search.cse.api80
2025-10-21 17:05:07,464 - DEBUG - GETCONF __owningcontrollerprocess (runtime: 0.0003)
2025-10-21 17:05:07,479 - INFO - TOR cport auth: True. TOR NEW IDENTITY. Sleep 3 sec.
2025-10-21 17:05:10,485 - INFO - Error while receiving a control message (SocketClosed): received exception "read of closed file"
2025-10-21 17:05:13,271 - INFO - SocksPort=9150 status=200 url=https://cse.google.com/cse/element/v1?rsz=filtered_cse&num=10&hl=en&source=gcsc&cselibv=6467658b9628de43&cx=a72fbbffee86cd2d2&safe=active&cse_tok=AEXjvhI4iWS4BwL9XsucQZzGj7N1%3A1761037470169&sort=&exp=cc%2Capo&rurl=https%3A%2F%2Fwww.social-searcher.com%2Ftwittercse.html%3Fq%3Dtest%26sort%3Ddate&q=%22Three+Ireland%22&start=90&callback=google.search.cse.api90
2025-10-21 17:05:16,063 - INFO - SocksPort=9150 status=200 url=https://cse.google.com/cse/element/v1?rsz=filtered_cse&num=10&hl=en&source=gcsc&cselibv=6467658b9628de43&cx=c4b97eed1414fcb14&safe=active&cse_tok=AEXjvhLSfXR5-JHLFAraodaCi-HC%3A1761037391045&sort=date&exp=cc%2Capo&rurl=https%3A%2F%2Fwww.social-searcher.com%2Finstagramcse.html%3Fq%3Dtest%26sort%3Ddate&q=%22Three+Ireland%22&start=0&callback=google.search.cse.api0
2025-10-21 17:05:18,824 - INFO - SocksPort=9150 status=200 url=https://cse.google.com/cse/element/v1?rsz=filtered_cse&num=10&hl=en&source=gcsc&cselibv=6467658b9628de43&cx=c4b97eed1414fcb14&safe=active&cse_tok=AEXjvhLSfXR5-JHLFAraodaCi-HC%3A1761037391045&sort=date&exp=cc%2Capo&rurl=https%3A%2F%2Fwww.social-searcher.com%2Finstagramcse.html%3Fq%3Dtest%26sort%3Ddate&q=%22Three+Ireland%22&start=10&callback=google.search.cse.api10
2025-10-21 17:05:22,201 - INFO - SocksPort=9150 status=200 url=https://cse.google.com/cse/element/v1?rsz=filtered_cse&num=10&hl=en&source=gcsc&cselibv=6467658b9628de43&cx=c4b97eed1414fcb14&safe=active&cse_tok=AEXjvhLSfXR5-JHLFAraodaCi-HC%3A1761037391045&sort=date&exp=cc%2Capo&rurl=https%3A%2F%2Fwww.social-searcher.com%2Finstagramcse.html%3Fq%3Dtest%26sort%3Ddate&q=%22Three+Ireland%22&start=20&callback=google.search.cse.api20
2025-10-21 17:05:28,338 - INFO - SocksPort=9150 status=200 url=https://cse.google.com/cse/element/v1?rsz=filtered_cse&num=10&hl=en&source=gcsc&cselibv=6467658b9628de43&cx=c4b97eed1414fcb14&safe=active&cse_tok=AEXjvhLSfXR5-JHLFAraodaCi-HC%3A1761037391045&sort=date&exp=cc%2Capo&rurl=https%3A%2F%2Fwww.social-searcher.com%2Finstagramcse.html%3Fq%3Dtest%26sort%3Ddate&q=%22Three+Ireland%22&start=30&callback=google.search.cse.api30
2025-10-21 17:05:28,348 - DEBUG - GETCONF __owningcontrollerprocess (runtime: 0.0003)
2025-10-21 17:05:28,362 - INFO - TOR cport auth: True. TOR NEW IDENTITY. Sleep 3 sec.
2025-10-21 17:05:31,367 - INFO - Error while receiving a control message (SocketClosed): received exception "read of closed file"
2025-10-21 17:05:33,562 - INFO - SocksPort=9150 status=200 url=https://cse.google.com/cse/element/v1?rsz=filtered_cse&num=10&hl=en&source=gcsc&cselibv=6467658b9628de43&cx=c4b97eed1414fcb14&safe=active&cse_tok=AEXjvhLSfXR5-JHLFAraodaCi-HC%3A1761037391045&sort=date&exp=cc%2Capo&rurl=https%3A%2F%2Fwww.social-searcher.com%2Finstagramcse.html%3Fq%3Dtest%26sort%3Ddate&q=%22Three+Ireland%22&start=40&callback=google.search.cse.api40
2025-10-21 17:05:36,641 - INFO - SocksPort=9150 status=200 url=https://cse.google.com/cse/element/v1?rsz=filtered_cse&num=10&hl=en&source=gcsc&cselibv=6467658b9628de43&cx=c4b97eed1414fcb14&safe=active&cse_tok=AEXjvhLSfXR5-JHLFAraodaCi-HC%3A1761037391045&sort=date&exp=cc%2Capo&rurl=https%3A%2F%2Fwww.social-searcher.com%2Finstagramcse.html%3Fq%3Dtest%26sort%3Ddate&q=%22Three+Ireland%22&start=50&callback=google.search.cse.api50
2025-10-21 17:05:39,696 - INFO - SocksPort=9150 status=200 url=https://cse.google.com/cse/element/v1?rsz=filtered_cse&num=10&hl=en&source=gcsc&cselibv=6467658b9628de43&cx=c4b97eed1414fcb14&safe=active&cse_tok=AEXjvhLSfXR5-JHLFAraodaCi-HC%3A1761037391045&sort=date&exp=cc%2Capo&rurl=https%3A%2F%2Fwww.social-searcher.com%2Finstagramcse.html%3Fq%3Dtest%26sort%3Ddate&q=%22Three+Ireland%22&start=60&callback=google.search.cse.api60
2025-10-21 17:05:42,479 - INFO - SocksPort=9150 status=200 url=https://cse.google.com/cse/element/v1?rsz=filtered_cse&num=10&hl=en&source=gcsc&cselibv=6467658b9628de43&cx=c4b97eed1414fcb14&safe=active&cse_tok=AEXjvhLSfXR5-JHLFAraodaCi-HC%3A1761037391045&sort=date&exp=cc%2Capo&rurl=https%3A%2F%2Fwww.social-searcher.com%2Finstagramcse.html%3Fq%3Dtest%26sort%3Ddate&q=%22Three+Ireland%22&start=70&callback=google.search.cse.api70
2025-10-21 17:05:44,916 - INFO - SocksPort=9150 status=200 url=https://cse.google.com/cse/element/v1?rsz=filtered_cse&num=10&hl=en&source=gcsc&cselibv=6467658b9628de43&cx=c4b97eed1414fcb14&safe=active&cse_tok=AEXjvhLSfXR5-JHLFAraodaCi-HC%3A1761037391045&sort=date&exp=cc%2Capo&rurl=https%3A%2F%2Fwww.social-searcher.com%2Finstagramcse.html%3Fq%3Dtest%26sort%3Ddate&q=%22Three+Ireland%22&start=80&callback=google.search.cse.api80
2025-10-21 17:05:44,922 - DEBUG - GETCONF __owningcontrollerprocess (runtime: 0.0004)
2025-10-21 17:05:44,937 - INFO - TOR cport auth: True. TOR NEW IDENTITY. Sleep 3 sec.
2025-10-21 17:05:47,942 - INFO - Error while receiving a control message (SocketClosed): received exception "read of closed file"
2025-10-21 17:05:53,828 - INFO - SocksPort=9150 status=200 url=https://cse.google.com/cse/element/v1?rsz=filtered_cse&num=10&hl=en&source=gcsc&cselibv=6467658b9628de43&cx=c4b97eed1414fcb14&safe=active&cse_tok=AEXjvhLSfXR5-JHLFAraodaCi-HC%3A1761037391045&sort=date&exp=cc%2Capo&rurl=https%3A%2F%2Fwww.social-searcher.com%2Finstagramcse.html%3Fq%3Dtest%26sort%3Ddate&q=%22Three+Ireland%22&start=90&callback=google.search.cse.api90
2025-10-21 17:05:59,698 - INFO - SocksPort=9150 status=200 url=https://cse.google.com/cse/element/v1?rsz=filtered_cse&num=10&hl=en&source=gcsc&cselibv=6467658b9628de43&cx=3fb7efb248d74e652&safe=active&cse_tok=AEXjvhKZfCcjtHv4HK_cLsxPVq7v%3A1761037398461&sort=date&exp=cc%2Capo&rurl=https%3A%2F%2Fwww.social-searcher.com%2Flinkedincse.html%3Fq%3Dtest%26sort%3Ddate&q=%22Three+Ireland%22&start=0&callback=google.search.cse.api0
2025-10-21 17:06:02,445 - INFO - SocksPort=9150 status=200 url=https://cse.google.com/cse/element/v1?rsz=filtered_cse&num=10&hl=en&source=gcsc&cselibv=6467658b9628de43&cx=3fb7efb248d74e652&safe=active&cse_tok=AEXjvhKZfCcjtHv4HK_cLsxPVq7v%3A1761037398461&sort=date&exp=cc%2Capo&rurl=https%3A%2F%2Fwww.social-searcher.com%2Flinkedincse.html%3Fq%3Dtest%26sort%3Ddate&q=%22Three+Ireland%22&start=10&callback=google.search.cse.api10
2025-10-21 17:06:05,259 - INFO - SocksPort=9150 status=200 url=https://cse.google.com/cse/element/v1?rsz=filtered_cse&num=10&hl=en&source=gcsc&cselibv=6467658b9628de43&cx=3fb7efb248d74e652&safe=active&cse_tok=AEXjvhKZfCcjtHv4HK_cLsxPVq7v%3A1761037398461&sort=date&exp=cc%2Capo&rurl=https%3A%2F%2Fwww.social-searcher.com%2Flinkedincse.html%3Fq%3Dtest%26sort%3Ddate&q=%22Three+Ireland%22&start=20&callback=google.search.cse.api20
2025-10-21 17:06:08,308 - INFO - SocksPort=9150 status=200 url=https://cse.google.com/cse/element/v1?rsz=filtered_cse&num=10&hl=en&source=gcsc&cselibv=6467658b9628de43&cx=3fb7efb248d74e652&safe=active&cse_tok=AEXjvhKZfCcjtHv4HK_cLsxPVq7v%3A1761037398461&sort=date&exp=cc%2Capo&rurl=https%3A%2F%2Fwww.social-searcher.com%2Flinkedincse.html%3Fq%3Dtest%26sort%3Ddate&q=%22Three+Ireland%22&start=30&callback=google.search.cse.api30
2025-10-21 17:06:08,314 - DEBUG - GETCONF __owningcontrollerprocess (runtime: 0.0003)
2025-10-21 17:06:08,329 - INFO - TOR cport auth: True. TOR NEW IDENTITY. Sleep 3 sec.
2025-10-21 17:06:11,335 - INFO - Error while receiving a control message (SocketClosed): received exception "read of closed file"
2025-10-21 17:06:13,013 - INFO - SocksPort=9150 status=200 url=https://cse.google.com/cse/element/v1?rsz=filtered_cse&num=10&hl=en&source=gcsc&cselibv=6467658b9628de43&cx=3fb7efb248d74e652&safe=active&cse_tok=AEXjvhKZfCcjtHv4HK_cLsxPVq7v%3A1761037398461&sort=date&exp=cc%2Capo&rurl=https%3A%2F%2Fwww.social-searcher.com%2Flinkedincse.html%3Fq%3Dtest%26sort%3Ddate&q=%22Three+Ireland%22&start=40&callback=google.search.cse.api40
2025-10-21 17:06:15,348 - INFO - SocksPort=9150 status=200 url=https://cse.google.com/cse/element/v1?rsz=filtered_cse&num=10&hl=en&source=gcsc&cselibv=6467658b9628de43&cx=3fb7efb248d74e652&safe=active&cse_tok=AEXjvhKZfCcjtHv4HK_cLsxPVq7v%3A1761037398461&sort=date&exp=cc%2Capo&rurl=https%3A%2F%2Fwww.social-searcher.com%2Flinkedincse.html%3Fq%3Dtest%26sort%3Ddate&q=%22Three+Ireland%22&start=50&callback=google.search.cse.api50
2025-10-21 17:06:17,720 - INFO - SocksPort=9150 status=200 url=https://cse.google.com/cse/element/v1?rsz=filtered_cse&num=10&hl=en&source=gcsc&cselibv=6467658b9628de43&cx=3fb7efb248d74e652&safe=active&cse_tok=AEXjvhKZfCcjtHv4HK_cLsxPVq7v%3A1761037398461&sort=date&exp=cc%2Capo&rurl=https%3A%2F%2Fwww.social-searcher.com%2Flinkedincse.html%3Fq%3Dtest%26sort%3Ddate&q=%22Three+Ireland%22&start=60&callback=google.search.cse.api60
2025-10-21 17:06:17,728 - DEBUG - GETCONF __owningcontrollerprocess (runtime: 0.0003)
2025-10-21 17:06:17,728 - INFO - TOR cport auth: True. TOR NEW IDENTITY. Sleep 3 sec.
2025-10-21 17:06:20,734 - INFO - Error while receiving a control message (SocketClosed): received exception "read of closed file"
2025-10-21 17:06:39,519 - INFO - SocksPort=9150 status=200 url=https://cse.google.com/cse/element/v1?rsz=filtered_cse&num=10&hl=en&source=gcsc&cselibv=6467658b9628de43&cx=3fb7efb248d74e652&safe=active&cse_tok=AEXjvhLDLghVVHUWZgM_wfoHUULy%3A1761037588915&sort=&exp=cc%2Capo&rurl=https%3A%2F%2Fwww.social-searcher.com%2Flinkedincse.html%3Fq%3Dtest%26sort%3Ddate&q=%22Three+Ireland%22&start=60&callback=google.search.cse.api60
2025-10-21 17:06:42,688 - INFO - SocksPort=9150 status=200 url=https://cse.google.com/cse/element/v1?rsz=filtered_cse&num=10&hl=en&source=gcsc&cselibv=6467658b9628de43&cx=3fb7efb248d74e652&safe=active&cse_tok=AEXjvhLDLghVVHUWZgM_wfoHUULy%3A1761037588915&sort=&exp=cc%2Capo&rurl=https%3A%2F%2Fwww.social-searcher.com%2Flinkedincse.html%3Fq%3Dtest%26sort%3Ddate&q=%22Three+Ireland%22&start=70&callback=google.search.cse.api70
2025-10-21 17:06:42,694 - DEBUG - GETCONF __owningcontrollerprocess (runtime: 0.0003)
2025-10-21 17:06:42,710 - INFO - TOR cport auth: True. TOR NEW IDENTITY. Sleep 3 sec.
2025-10-21 17:06:45,715 - INFO - Error while receiving a control message (SocketClosed): received exception "read of closed file"
2025-10-21 17:06:48,888 - INFO - SocksPort=9150 status=200 url=https://cse.google.com/cse/element/v1?rsz=filtered_cse&num=10&hl=en&source=gcsc&cselibv=6467658b9628de43&cx=3fb7efb248d74e652&safe=active&cse_tok=AEXjvhLDLghVVHUWZgM_wfoHUULy%3A1761037588915&sort=&exp=cc%2Capo&rurl=https%3A%2F%2Fwww.social-searcher.com%2Flinkedincse.html%3Fq%3Dtest%26sort%3Ddate&q=%22Three+Ireland%22&start=80&callback=google.search.cse.api80
2025-10-21 17:06:51,905 - INFO - SocksPort=9150 status=200 url=https://cse.google.com/cse/element/v1?rsz=filtered_cse&num=10&hl=en&source=gcsc&cselibv=6467658b9628de43&cx=3fb7efb248d74e652&safe=active&cse_tok=AEXjvhLDLghVVHUWZgM_wfoHUULy%3A1761037588915&sort=&exp=cc%2Capo&rurl=https%3A%2F%2Fwww.social-searcher.com%2Flinkedincse.html%3Fq%3Dtest%26sort%3Ddate&q=%22Three+Ireland%22&start=90&callback=google.search.cse.api90
2025-10-21 17:06:51,919 - INFO - [OK] Step completed: Execute social media search
2025-10-21 17:06:51,919 - INFO - [SUCCESS] Search process completed!
2025-10-21 17:06:51,919 - INFO - [SUMMARY] Search Summary:
2025-10-21 17:06:51,920 - INFO -    Query keyword: "Three Ireland"
2025-10-21 17:06:51,920 - INFO -    Search platforms: 4 platforms
2025-10-21 17:06:51,920 - INFO -    Total results: 400
2025-10-21 17:06:51,920 - INFO -    FACEBOOK: 100 results
2025-10-21 17:06:51,920 - INFO -    TWITTER: 100 results
2025-10-21 17:06:51,920 - INFO -    INSTAGRAM: 100 results
2025-10-21 17:06:51,920 - INFO -    LINKEDIN: 100 results
2025-10-21 17:06:51,921 - INFO - Log saved to: logs/search_log.json
