2025-11-09 17:19:24,152 - INFO - [START] Starting social media search process - Query: 'Test'
2025-11-09 17:19:24,153 - INFO - [OUTPUT] Output path: '/app/output'
2025-11-09 17:19:24,153 - INFO - [INFO] Starting step: Get all platform CSE parameters
2025-11-09 17:19:45,500 - INFO - Added date sorting for FACEBOOK
2025-11-09 17:19:45,500 - INFO - Added date sorting for TWITTER
2025-11-09 17:19:45,501 - INFO - Added date sorting for INSTAGRAM
2025-11-09 17:19:45,501 - INFO - Added date sorting for LINKEDIN
2025-11-09 17:19:45,502 - INFO - Added date sorting for TIKTOK
2025-11-09 17:19:45,503 - INFO - Added date sorting for PINTEREST
2025-11-09 17:19:45,503 - INFO - [OK] Step completed: Get all platform CSE parameters
2025-11-09 17:19:45,503 - INFO - [INFO] Starting step: Save parameters
2025-11-09 17:19:45,503 - INFO - [OK] Step completed: Save parameters
2025-11-09 17:19:45,504 - INFO - [INFO] Starting step: Execute social media search
2025-11-09 17:19:47,648 - INFO - SocksPort=9050 status=200 url=https://cse.google.com/cse/element/v1?rsz=filtered_cse&num=10&hl=en&source=gcsc&cselibv=db2c7696979b2a96&cx=294a079ba2d4267d5&safe=active&cse_tok=AEXjvhJfFrp5UlNmXH_SKbalKHs3%3A1762708765068&sort=date&exp=cc%2Capo&rurl=https%3A%2F%2Fwww.social-searcher.com%2Ffacebookcse.html%3Fq%3Dtest%26sort%3Ddate&q=Test&start=0&callback=google.search.cse.api0
2025-11-09 17:19:51,553 - INFO - SocksPort=9050 status=200 url=https://cse.google.com/cse/element/v1?rsz=filtered_cse&num=10&hl=en&source=gcsc&cselibv=db2c7696979b2a96&cx=294a079ba2d4267d5&safe=active&cse_tok=AEXjvhJfFrp5UlNmXH_SKbalKHs3%3A1762708765068&sort=date&exp=cc%2Capo&rurl=https%3A%2F%2Fwww.social-searcher.com%2Ffacebookcse.html%3Fq%3Dtest%26sort%3Ddate&q=Test&start=10&callback=google.search.cse.api10
2025-11-09 17:19:55,434 - INFO - SocksPort=9050 status=200 url=https://cse.google.com/cse/element/v1?rsz=filtered_cse&num=10&hl=en&source=gcsc&cselibv=db2c7696979b2a96&cx=294a079ba2d4267d5&safe=active&cse_tok=AEXjvhJfFrp5UlNmXH_SKbalKHs3%3A1762708765068&sort=date&exp=cc%2Capo&rurl=https%3A%2F%2Fwww.social-searcher.com%2Ffacebookcse.html%3Fq%3Dtest%26sort%3Ddate&q=Test&start=20&callback=google.search.cse.api20
2025-11-09 17:19:59,243 - INFO - SocksPort=9050 status=200 url=https://cse.google.com/cse/element/v1?rsz=filtered_cse&num=10&hl=en&source=gcsc&cselibv=db2c7696979b2a96&cx=294a079ba2d4267d5&safe=active&cse_tok=AEXjvhJfFrp5UlNmXH_SKbalKHs3%3A1762708765068&sort=date&exp=cc%2Capo&rurl=https%3A%2F%2Fwww.social-searcher.com%2Ffacebookcse.html%3Fq%3Dtest%26sort%3Ddate&q=Test&start=30&callback=google.search.cse.api30
2025-11-09 17:20:03,162 - INFO - SocksPort=9050 status=200 url=https://cse.google.com/cse/element/v1?rsz=filtered_cse&num=10&hl=en&source=gcsc&cselibv=db2c7696979b2a96&cx=294a079ba2d4267d5&safe=active&cse_tok=AEXjvhJfFrp5UlNmXH_SKbalKHs3%3A1762708765068&sort=date&exp=cc%2Capo&rurl=https%3A%2F%2Fwww.social-searcher.com%2Ffacebookcse.html%3Fq%3Dtest%26sort%3Ddate&q=Test&start=40&callback=google.search.cse.api40
2025-11-09 17:20:07,052 - INFO - SocksPort=9050 status=200 url=https://cse.google.com/cse/element/v1?rsz=filtered_cse&num=10&hl=en&source=gcsc&cselibv=db2c7696979b2a96&cx=294a079ba2d4267d5&safe=active&cse_tok=AEXjvhJfFrp5UlNmXH_SKbalKHs3%3A1762708765068&sort=date&exp=cc%2Capo&rurl=https%3A%2F%2Fwww.social-searcher.com%2Ffacebookcse.html%3Fq%3Dtest%26sort%3Ddate&q=Test&start=50&callback=google.search.cse.api50
2025-11-09 17:20:10,968 - INFO - SocksPort=9050 status=200 url=https://cse.google.com/cse/element/v1?rsz=filtered_cse&num=10&hl=en&source=gcsc&cselibv=db2c7696979b2a96&cx=294a079ba2d4267d5&safe=active&cse_tok=AEXjvhJfFrp5UlNmXH_SKbalKHs3%3A1762708765068&sort=date&exp=cc%2Capo&rurl=https%3A%2F%2Fwww.social-searcher.com%2Ffacebookcse.html%3Fq%3Dtest%26sort%3Ddate&q=Test&start=60&callback=google.search.cse.api60
2025-11-09 17:20:14,915 - INFO - SocksPort=9050 status=200 url=https://cse.google.com/cse/element/v1?rsz=filtered_cse&num=10&hl=en&source=gcsc&cselibv=db2c7696979b2a96&cx=294a079ba2d4267d5&safe=active&cse_tok=AEXjvhJfFrp5UlNmXH_SKbalKHs3%3A1762708765068&sort=date&exp=cc%2Capo&rurl=https%3A%2F%2Fwww.social-searcher.com%2Ffacebookcse.html%3Fq%3Dtest%26sort%3Ddate&q=Test&start=70&callback=google.search.cse.api70
2025-11-09 17:20:18,868 - INFO - SocksPort=9050 status=200 url=https://cse.google.com/cse/element/v1?rsz=filtered_cse&num=10&hl=en&source=gcsc&cselibv=db2c7696979b2a96&cx=294a079ba2d4267d5&safe=active&cse_tok=AEXjvhJfFrp5UlNmXH_SKbalKHs3%3A1762708765068&sort=date&exp=cc%2Capo&rurl=https%3A%2F%2Fwww.social-searcher.com%2Ffacebookcse.html%3Fq%3Dtest%26sort%3Ddate&q=Test&start=80&callback=google.search.cse.api80
2025-11-09 17:20:22,556 - INFO - SocksPort=9050 status=200 url=https://cse.google.com/cse/element/v1?rsz=filtered_cse&num=10&hl=en&source=gcsc&cselibv=db2c7696979b2a96&cx=294a079ba2d4267d5&safe=active&cse_tok=AEXjvhJfFrp5UlNmXH_SKbalKHs3%3A1762708765068&sort=date&exp=cc%2Capo&rurl=https%3A%2F%2Fwww.social-searcher.com%2Ffacebookcse.html%3Fq%3Dtest%26sort%3Ddate&q=Test&start=90&callback=google.search.cse.api90
