2025-10-10 14:37:12,734 - INFO - [START] Starting social media search process - Query: 'hsbc'
2025-10-10 14:37:12,734 - INFO - [INFO] Starting step: Get all platform CSE parameters
2025-10-10 14:37:28,349 - INFO - [OK] Step completed: Get all platform CSE parameters
2025-10-10 14:37:28,349 - INFO - [INFO] Starting step: Save parameters
2025-10-10 14:37:28,350 - INFO - [OK] Step completed: Save parameters
2025-10-10 14:37:28,350 - INFO - [INFO] Starting step: Execute social media search
2025-10-10 14:37:30,022 - INFO - SocksPort=9150 status=200 url=https://cse.google.com/cse/element/v1?rsz=filtered_cse&num=10&hl=en&source=gcsc&cselibv=6467658b9628de43&cx=294a079ba2d4267d5&safe=active&cse_tok=AEXjvhLp75E6PpOQUmMtKWYcID1B%3A1760078235333&sort=&exp=cc%2Capo&rurl=https%3A%2F%2Fwww.social-searcher.com%2Ffacebookcse.html%3Fq%3Dtest%26sort%3Ddate&q=hsbc&start=0&callback=google.search.cse.api0
2025-10-10 14:37:30,065 - DEBUG - GETCONF __owningcontrollerprocess (runtime: 0.0006)
2025-10-10 14:37:30,075 - INFO - TOR cport auth: True. TOR NEW IDENTITY. Sleep 3 sec.
2025-10-10 14:37:33,080 - INFO - Error while receiving a control message (SocketClosed): received exception "read of closed file"
2025-10-10 14:37:51,689 - INFO - SocksPort=9150 status=200 url=https://cse.google.com/cse/element/v1?rsz=filtered_cse&num=10&hl=en&source=gcsc&cselibv=6467658b9628de43&cx=294a079ba2d4267d5&safe=active&cse_tok=AEXjvhIjmOZYj5oAQ0rDazGvwFtl%3A1760078259916&sort=&exp=cc%2Capo&rurl=https%3A%2F%2Fwww.social-searcher.com%2Ffacebookcse.html%3Fq%3Dtest%26sort%3Ddate&q=hsbc&start=10&callback=google.search.cse.api10
2025-10-10 14:37:54,134 - INFO - SocksPort=9150 status=200 url=https://cse.google.com/cse/element/v1?rsz=filtered_cse&num=10&hl=en&source=gcsc&cselibv=6467658b9628de43&cx=294a079ba2d4267d5&safe=active&cse_tok=AEXjvhIjmOZYj5oAQ0rDazGvwFtl%3A1760078259916&sort=&exp=cc%2Capo&rurl=https%3A%2F%2Fwww.social-searcher.com%2Ffacebookcse.html%3Fq%3Dtest%26sort%3Ddate&q=hsbc&start=20&callback=google.search.cse.api20
2025-10-10 14:37:56,774 - INFO - SocksPort=9150 status=200 url=https://cse.google.com/cse/element/v1?rsz=filtered_cse&num=10&hl=en&source=gcsc&cselibv=6467658b9628de43&cx=294a079ba2d4267d5&safe=active&cse_tok=AEXjvhIjmOZYj5oAQ0rDazGvwFtl%3A1760078259916&sort=&exp=cc%2Capo&rurl=https%3A%2F%2Fwww.social-searcher.com%2Ffacebookcse.html%3Fq%3Dtest%26sort%3Ddate&q=hsbc&start=30&callback=google.search.cse.api30
2025-10-10 14:37:59,204 - INFO - SocksPort=9150 status=200 url=https://cse.google.com/cse/element/v1?rsz=filtered_cse&num=10&hl=en&source=gcsc&cselibv=6467658b9628de43&cx=294a079ba2d4267d5&safe=active&cse_tok=AEXjvhIjmOZYj5oAQ0rDazGvwFtl%3A1760078259916&sort=&exp=cc%2Capo&rurl=https%3A%2F%2Fwww.social-searcher.com%2Ffacebookcse.html%3Fq%3Dtest%26sort%3Ddate&q=hsbc&start=40&callback=google.search.cse.api40
2025-10-10 14:37:59,213 - DEBUG - GETCONF __owningcontrollerprocess (runtime: 0.0003)
2025-10-10 14:37:59,227 - INFO - TOR cport auth: True. TOR NEW IDENTITY. Sleep 3 sec.
2025-10-10 14:38:02,232 - INFO - Error while receiving a control message (SocketClosed): received exception "read of closed file"
2025-10-10 14:38:04,599 - INFO - SocksPort=9150 status=200 url=https://cse.google.com/cse/element/v1?rsz=filtered_cse&num=10&hl=en&source=gcsc&cselibv=6467658b9628de43&cx=294a079ba2d4267d5&safe=active&cse_tok=AEXjvhIjmOZYj5oAQ0rDazGvwFtl%3A1760078259916&sort=&exp=cc%2Capo&rurl=https%3A%2F%2Fwww.social-searcher.com%2Ffacebookcse.html%3Fq%3Dtest%26sort%3Ddate&q=hsbc&start=50&callback=google.search.cse.api50
2025-10-10 14:38:06,918 - INFO - SocksPort=9150 status=200 url=https://cse.google.com/cse/element/v1?rsz=filtered_cse&num=10&hl=en&source=gcsc&cselibv=6467658b9628de43&cx=294a079ba2d4267d5&safe=active&cse_tok=AEXjvhIjmOZYj5oAQ0rDazGvwFtl%3A1760078259916&sort=&exp=cc%2Capo&rurl=https%3A%2F%2Fwww.social-searcher.com%2Ffacebookcse.html%3Fq%3Dtest%26sort%3Ddate&q=hsbc&start=60&callback=google.search.cse.api60
2025-10-10 14:38:09,087 - INFO - SocksPort=9150 status=200 url=https://cse.google.com/cse/element/v1?rsz=filtered_cse&num=10&hl=en&source=gcsc&cselibv=6467658b9628de43&cx=294a079ba2d4267d5&safe=active&cse_tok=AEXjvhIjmOZYj5oAQ0rDazGvwFtl%3A1760078259916&sort=&exp=cc%2Capo&rurl=https%3A%2F%2Fwww.social-searcher.com%2Ffacebookcse.html%3Fq%3Dtest%26sort%3Ddate&q=hsbc&start=70&callback=google.search.cse.api70
2025-10-10 14:38:11,724 - INFO - SocksPort=9150 status=200 url=https://cse.google.com/cse/element/v1?rsz=filtered_cse&num=10&hl=en&source=gcsc&cselibv=6467658b9628de43&cx=294a079ba2d4267d5&safe=active&cse_tok=AEXjvhIjmOZYj5oAQ0rDazGvwFtl%3A1760078259916&sort=&exp=cc%2Capo&rurl=https%3A%2F%2Fwww.social-searcher.com%2Ffacebookcse.html%3Fq%3Dtest%26sort%3Ddate&q=hsbc&start=80&callback=google.search.cse.api80
2025-10-10 14:38:13,937 - INFO - SocksPort=9150 status=200 url=https://cse.google.com/cse/element/v1?rsz=filtered_cse&num=10&hl=en&source=gcsc&cselibv=6467658b9628de43&cx=294a079ba2d4267d5&safe=active&cse_tok=AEXjvhIjmOZYj5oAQ0rDazGvwFtl%3A1760078259916&sort=&exp=cc%2Capo&rurl=https%3A%2F%2Fwww.social-searcher.com%2Ffacebookcse.html%3Fq%3Dtest%26sort%3Ddate&q=hsbc&start=90&callback=google.search.cse.api90
2025-10-10 14:38:13,942 - DEBUG - GETCONF __owningcontrollerprocess (runtime: 0.0003)
2025-10-10 14:38:13,959 - INFO - TOR cport auth: True. TOR NEW IDENTITY. Sleep 3 sec.
2025-10-10 14:38:16,964 - INFO - Error while receiving a control message (SocketClosed): received exception "read of closed file"
2025-10-10 14:38:19,199 - INFO - SocksPort=9150 status=200 url=https://cse.google.com/cse/element/v1?rsz=filtered_cse&num=10&hl=en&source=gcsc&cselibv=6467658b9628de43&cx=a72fbbffee86cd2d2&safe=active&cse_tok=AEXjvhJVA015T8r_42oqP8vxlq6g%3A1760078238764&sort=&exp=cc%2Capo&rurl=https%3A%2F%2Fwww.social-searcher.com%2Ftwittercse.html%3Fq%3Dtest%26sort%3Ddate&q=hsbc&start=0&callback=google.search.cse.api0
2025-10-10 14:38:24,424 - INFO - SocksPort=9150 status=200 url=https://cse.google.com/cse/element/v1?rsz=filtered_cse&num=10&hl=en&source=gcsc&cselibv=6467658b9628de43&cx=a72fbbffee86cd2d2&safe=active&cse_tok=AEXjvhJVA015T8r_42oqP8vxlq6g%3A1760078238764&sort=&exp=cc%2Capo&rurl=https%3A%2F%2Fwww.social-searcher.com%2Ftwittercse.html%3Fq%3Dtest%26sort%3Ddate&q=hsbc&start=10&callback=google.search.cse.api10
2025-10-10 14:38:26,952 - INFO - SocksPort=9150 status=200 url=https://cse.google.com/cse/element/v1?rsz=filtered_cse&num=10&hl=en&source=gcsc&cselibv=6467658b9628de43&cx=a72fbbffee86cd2d2&safe=active&cse_tok=AEXjvhJVA015T8r_42oqP8vxlq6g%3A1760078238764&sort=&exp=cc%2Capo&rurl=https%3A%2F%2Fwww.social-searcher.com%2Ftwittercse.html%3Fq%3Dtest%26sort%3Ddate&q=hsbc&start=20&callback=google.search.cse.api20
2025-10-10 14:38:29,441 - INFO - SocksPort=9150 status=200 url=https://cse.google.com/cse/element/v1?rsz=filtered_cse&num=10&hl=en&source=gcsc&cselibv=6467658b9628de43&cx=a72fbbffee86cd2d2&safe=active&cse_tok=AEXjvhJVA015T8r_42oqP8vxlq6g%3A1760078238764&sort=&exp=cc%2Capo&rurl=https%3A%2F%2Fwww.social-searcher.com%2Ftwittercse.html%3Fq%3Dtest%26sort%3Ddate&q=hsbc&start=30&callback=google.search.cse.api30
2025-10-10 14:38:31,969 - INFO - SocksPort=9150 status=200 url=https://cse.google.com/cse/element/v1?rsz=filtered_cse&num=10&hl=en&source=gcsc&cselibv=6467658b9628de43&cx=a72fbbffee86cd2d2&safe=active&cse_tok=AEXjvhJVA015T8r_42oqP8vxlq6g%3A1760078238764&sort=&exp=cc%2Capo&rurl=https%3A%2F%2Fwww.social-searcher.com%2Ftwittercse.html%3Fq%3Dtest%26sort%3Ddate&q=hsbc&start=40&callback=google.search.cse.api40
2025-10-10 14:38:31,974 - DEBUG - GETCONF __owningcontrollerprocess (runtime: 0.0004)
2025-10-10 14:38:31,991 - INFO - TOR cport auth: True. TOR NEW IDENTITY. Sleep 3 sec.
2025-10-10 14:38:34,997 - INFO - Error while receiving a control message (SocketClosed): received exception "read of closed file"
2025-10-10 14:38:37,395 - INFO - SocksPort=9150 status=200 url=https://cse.google.com/cse/element/v1?rsz=filtered_cse&num=10&hl=en&source=gcsc&cselibv=6467658b9628de43&cx=a72fbbffee86cd2d2&safe=active&cse_tok=AEXjvhJVA015T8r_42oqP8vxlq6g%3A1760078238764&sort=&exp=cc%2Capo&rurl=https%3A%2F%2Fwww.social-searcher.com%2Ftwittercse.html%3Fq%3Dtest%26sort%3Ddate&q=hsbc&start=50&callback=google.search.cse.api50
2025-10-10 14:38:39,487 - INFO - SocksPort=9150 status=200 url=https://cse.google.com/cse/element/v1?rsz=filtered_cse&num=10&hl=en&source=gcsc&cselibv=6467658b9628de43&cx=a72fbbffee86cd2d2&safe=active&cse_tok=AEXjvhJVA015T8r_42oqP8vxlq6g%3A1760078238764&sort=&exp=cc%2Capo&rurl=https%3A%2F%2Fwww.social-searcher.com%2Ftwittercse.html%3Fq%3Dtest%26sort%3Ddate&q=hsbc&start=60&callback=google.search.cse.api60
2025-10-10 14:38:43,078 - INFO - SocksPort=9150 status=200 url=https://cse.google.com/cse/element/v1?rsz=filtered_cse&num=10&hl=en&source=gcsc&cselibv=6467658b9628de43&cx=a72fbbffee86cd2d2&safe=active&cse_tok=AEXjvhJVA015T8r_42oqP8vxlq6g%3A1760078238764&sort=&exp=cc%2Capo&rurl=https%3A%2F%2Fwww.social-searcher.com%2Ftwittercse.html%3Fq%3Dtest%26sort%3Ddate&q=hsbc&start=70&callback=google.search.cse.api70
2025-10-10 14:38:46,385 - INFO - SocksPort=9150 status=200 url=https://cse.google.com/cse/element/v1?rsz=filtered_cse&num=10&hl=en&source=gcsc&cselibv=6467658b9628de43&cx=a72fbbffee86cd2d2&safe=active&cse_tok=AEXjvhJVA015T8r_42oqP8vxlq6g%3A1760078238764&sort=&exp=cc%2Capo&rurl=https%3A%2F%2Fwww.social-searcher.com%2Ftwittercse.html%3Fq%3Dtest%26sort%3Ddate&q=hsbc&start=80&callback=google.search.cse.api80
2025-10-10 14:38:48,653 - INFO - SocksPort=9150 status=200 url=https://cse.google.com/cse/element/v1?rsz=filtered_cse&num=10&hl=en&source=gcsc&cselibv=6467658b9628de43&cx=a72fbbffee86cd2d2&safe=active&cse_tok=AEXjvhJVA015T8r_42oqP8vxlq6g%3A1760078238764&sort=&exp=cc%2Capo&rurl=https%3A%2F%2Fwww.social-searcher.com%2Ftwittercse.html%3Fq%3Dtest%26sort%3Ddate&q=hsbc&start=90&callback=google.search.cse.api90
2025-10-10 14:38:48,659 - DEBUG - GETCONF __owningcontrollerprocess (runtime: 0.0003)
2025-10-10 14:38:48,673 - INFO - TOR cport auth: True. TOR NEW IDENTITY. Sleep 3 sec.
2025-10-10 14:38:51,679 - INFO - Error while receiving a control message (SocketClosed): received exception "read of closed file"
2025-10-10 14:38:54,689 - INFO - SocksPort=9150 status=200 url=https://cse.google.com/cse/element/v1?rsz=filtered_cse&num=10&hl=en&source=gcsc&cselibv=6467658b9628de43&cx=c4b97eed1414fcb14&safe=active&cse_tok=AEXjvhLKY_-D0ueI-yKE3tgR1C7w%3A1760078242366&sort=&exp=cc%2Capo&rurl=https%3A%2F%2Fwww.social-searcher.com%2Finstagramcse.html%3Fq%3Dtest%26sort%3Ddate&q=hsbc&start=0&callback=google.search.cse.api0
2025-10-10 14:38:56,736 - INFO - SocksPort=9150 status=200 url=https://cse.google.com/cse/element/v1?rsz=filtered_cse&num=10&hl=en&source=gcsc&cselibv=6467658b9628de43&cx=c4b97eed1414fcb14&safe=active&cse_tok=AEXjvhLKY_-D0ueI-yKE3tgR1C7w%3A1760078242366&sort=&exp=cc%2Capo&rurl=https%3A%2F%2Fwww.social-searcher.com%2Finstagramcse.html%3Fq%3Dtest%26sort%3Ddate&q=hsbc&start=10&callback=google.search.cse.api10
2025-10-10 14:38:59,360 - INFO - SocksPort=9150 status=200 url=https://cse.google.com/cse/element/v1?rsz=filtered_cse&num=10&hl=en&source=gcsc&cselibv=6467658b9628de43&cx=c4b97eed1414fcb14&safe=active&cse_tok=AEXjvhLKY_-D0ueI-yKE3tgR1C7w%3A1760078242366&sort=&exp=cc%2Capo&rurl=https%3A%2F%2Fwww.social-searcher.com%2Finstagramcse.html%3Fq%3Dtest%26sort%3Ddate&q=hsbc&start=20&callback=google.search.cse.api20
2025-10-10 14:39:01,505 - INFO - SocksPort=9150 status=200 url=https://cse.google.com/cse/element/v1?rsz=filtered_cse&num=10&hl=en&source=gcsc&cselibv=6467658b9628de43&cx=c4b97eed1414fcb14&safe=active&cse_tok=AEXjvhLKY_-D0ueI-yKE3tgR1C7w%3A1760078242366&sort=&exp=cc%2Capo&rurl=https%3A%2F%2Fwww.social-searcher.com%2Finstagramcse.html%3Fq%3Dtest%26sort%3Ddate&q=hsbc&start=30&callback=google.search.cse.api30
2025-10-10 14:39:03,682 - INFO - SocksPort=9150 status=200 url=https://cse.google.com/cse/element/v1?rsz=filtered_cse&num=10&hl=en&source=gcsc&cselibv=6467658b9628de43&cx=c4b97eed1414fcb14&safe=active&cse_tok=AEXjvhLKY_-D0ueI-yKE3tgR1C7w%3A1760078242366&sort=&exp=cc%2Capo&rurl=https%3A%2F%2Fwww.social-searcher.com%2Finstagramcse.html%3Fq%3Dtest%26sort%3Ddate&q=hsbc&start=40&callback=google.search.cse.api40
2025-10-10 14:39:03,687 - DEBUG - GETCONF __owningcontrollerprocess (runtime: 0.0004)
2025-10-10 14:39:03,703 - INFO - TOR cport auth: True. TOR NEW IDENTITY. Sleep 3 sec.
2025-10-10 14:39:06,709 - INFO - Error while receiving a control message (SocketClosed): received exception "read of closed file"
2025-10-10 14:39:08,825 - INFO - SocksPort=9150 status=200 url=https://cse.google.com/cse/element/v1?rsz=filtered_cse&num=10&hl=en&source=gcsc&cselibv=6467658b9628de43&cx=c4b97eed1414fcb14&safe=active&cse_tok=AEXjvhLKY_-D0ueI-yKE3tgR1C7w%3A1760078242366&sort=&exp=cc%2Capo&rurl=https%3A%2F%2Fwww.social-searcher.com%2Finstagramcse.html%3Fq%3Dtest%26sort%3Ddate&q=hsbc&start=50&callback=google.search.cse.api50
2025-10-10 14:39:11,267 - INFO - SocksPort=9150 status=200 url=https://cse.google.com/cse/element/v1?rsz=filtered_cse&num=10&hl=en&source=gcsc&cselibv=6467658b9628de43&cx=c4b97eed1414fcb14&safe=active&cse_tok=AEXjvhLKY_-D0ueI-yKE3tgR1C7w%3A1760078242366&sort=&exp=cc%2Capo&rurl=https%3A%2F%2Fwww.social-searcher.com%2Finstagramcse.html%3Fq%3Dtest%26sort%3Ddate&q=hsbc&start=60&callback=google.search.cse.api60
2025-10-10 14:39:13,548 - INFO - SocksPort=9150 status=200 url=https://cse.google.com/cse/element/v1?rsz=filtered_cse&num=10&hl=en&source=gcsc&cselibv=6467658b9628de43&cx=c4b97eed1414fcb14&safe=active&cse_tok=AEXjvhLKY_-D0ueI-yKE3tgR1C7w%3A1760078242366&sort=&exp=cc%2Capo&rurl=https%3A%2F%2Fwww.social-searcher.com%2Finstagramcse.html%3Fq%3Dtest%26sort%3Ddate&q=hsbc&start=70&callback=google.search.cse.api70
2025-10-10 14:39:16,406 - INFO - SocksPort=9150 status=200 url=https://cse.google.com/cse/element/v1?rsz=filtered_cse&num=10&hl=en&source=gcsc&cselibv=6467658b9628de43&cx=c4b97eed1414fcb14&safe=active&cse_tok=AEXjvhLKY_-D0ueI-yKE3tgR1C7w%3A1760078242366&sort=&exp=cc%2Capo&rurl=https%3A%2F%2Fwww.social-searcher.com%2Finstagramcse.html%3Fq%3Dtest%26sort%3Ddate&q=hsbc&start=80&callback=google.search.cse.api80
2025-10-10 14:39:18,561 - INFO - SocksPort=9150 status=200 url=https://cse.google.com/cse/element/v1?rsz=filtered_cse&num=10&hl=en&source=gcsc&cselibv=6467658b9628de43&cx=c4b97eed1414fcb14&safe=active&cse_tok=AEXjvhLKY_-D0ueI-yKE3tgR1C7w%3A1760078242366&sort=&exp=cc%2Capo&rurl=https%3A%2F%2Fwww.social-searcher.com%2Finstagramcse.html%3Fq%3Dtest%26sort%3Ddate&q=hsbc&start=90&callback=google.search.cse.api90
2025-10-10 14:39:18,566 - DEBUG - GETCONF __owningcontrollerprocess (runtime: 0.0003)
2025-10-10 14:39:18,583 - INFO - TOR cport auth: True. TOR NEW IDENTITY. Sleep 3 sec.
2025-10-10 14:39:21,588 - INFO - Error while receiving a control message (SocketClosed): received exception "read of closed file"
2025-10-10 14:39:26,137 - INFO - SocksPort=9150 status=200 url=https://cse.google.com/cse/element/v1?rsz=filtered_cse&num=10&hl=en&source=gcsc&cselibv=6467658b9628de43&cx=3fb7efb248d74e652&safe=active&cse_tok=AEXjvhJlZbnSLgrN1obedkQGtT6V%3A1760078245737&sort=&exp=cc%2Capo&rurl=https%3A%2F%2Fwww.social-searcher.com%2Flinkedincse.html%3Fq%3Dtest%26sort%3Ddate&q=hsbc&start=0&callback=google.search.cse.api0
2025-10-10 14:39:28,902 - INFO - SocksPort=9150 status=200 url=https://cse.google.com/cse/element/v1?rsz=filtered_cse&num=10&hl=en&source=gcsc&cselibv=6467658b9628de43&cx=3fb7efb248d74e652&safe=active&cse_tok=AEXjvhJlZbnSLgrN1obedkQGtT6V%3A1760078245737&sort=&exp=cc%2Capo&rurl=https%3A%2F%2Fwww.social-searcher.com%2Flinkedincse.html%3Fq%3Dtest%26sort%3Ddate&q=hsbc&start=10&callback=google.search.cse.api10
2025-10-10 14:39:31,599 - INFO - SocksPort=9150 status=200 url=https://cse.google.com/cse/element/v1?rsz=filtered_cse&num=10&hl=en&source=gcsc&cselibv=6467658b9628de43&cx=3fb7efb248d74e652&safe=active&cse_tok=AEXjvhJlZbnSLgrN1obedkQGtT6V%3A1760078245737&sort=&exp=cc%2Capo&rurl=https%3A%2F%2Fwww.social-searcher.com%2Flinkedincse.html%3Fq%3Dtest%26sort%3Ddate&q=hsbc&start=20&callback=google.search.cse.api20
2025-10-10 14:39:33,848 - INFO - SocksPort=9150 status=200 url=https://cse.google.com/cse/element/v1?rsz=filtered_cse&num=10&hl=en&source=gcsc&cselibv=6467658b9628de43&cx=3fb7efb248d74e652&safe=active&cse_tok=AEXjvhJlZbnSLgrN1obedkQGtT6V%3A1760078245737&sort=&exp=cc%2Capo&rurl=https%3A%2F%2Fwww.social-searcher.com%2Flinkedincse.html%3Fq%3Dtest%26sort%3Ddate&q=hsbc&start=30&callback=google.search.cse.api30
2025-10-10 14:39:36,408 - INFO - SocksPort=9150 status=200 url=https://cse.google.com/cse/element/v1?rsz=filtered_cse&num=10&hl=en&source=gcsc&cselibv=6467658b9628de43&cx=3fb7efb248d74e652&safe=active&cse_tok=AEXjvhJlZbnSLgrN1obedkQGtT6V%3A1760078245737&sort=&exp=cc%2Capo&rurl=https%3A%2F%2Fwww.social-searcher.com%2Flinkedincse.html%3Fq%3Dtest%26sort%3Ddate&q=hsbc&start=40&callback=google.search.cse.api40
2025-10-10 14:39:36,414 - DEBUG - GETCONF __owningcontrollerprocess (runtime: 0.0005)
2025-10-10 14:39:36,432 - INFO - TOR cport auth: True. TOR NEW IDENTITY. Sleep 3 sec.
2025-10-10 14:39:39,437 - INFO - Error while receiving a control message (SocketClosed): received exception "read of closed file"
2025-10-10 14:39:41,805 - INFO - SocksPort=9150 status=200 url=https://cse.google.com/cse/element/v1?rsz=filtered_cse&num=10&hl=en&source=gcsc&cselibv=6467658b9628de43&cx=3fb7efb248d74e652&safe=active&cse_tok=AEXjvhJlZbnSLgrN1obedkQGtT6V%3A1760078245737&sort=&exp=cc%2Capo&rurl=https%3A%2F%2Fwww.social-searcher.com%2Flinkedincse.html%3Fq%3Dtest%26sort%3Ddate&q=hsbc&start=50&callback=google.search.cse.api50
2025-10-10 14:39:44,088 - INFO - SocksPort=9150 status=200 url=https://cse.google.com/cse/element/v1?rsz=filtered_cse&num=10&hl=en&source=gcsc&cselibv=6467658b9628de43&cx=3fb7efb248d74e652&safe=active&cse_tok=AEXjvhJlZbnSLgrN1obedkQGtT6V%3A1760078245737&sort=&exp=cc%2Capo&rurl=https%3A%2F%2Fwww.social-searcher.com%2Flinkedincse.html%3Fq%3Dtest%26sort%3Ddate&q=hsbc&start=60&callback=google.search.cse.api60
2025-10-10 14:39:44,093 - DEBUG - GETCONF __owningcontrollerprocess (runtime: 0.0004)
2025-10-10 14:39:44,093 - INFO - TOR cport auth: True. TOR NEW IDENTITY. Sleep 3 sec.
2025-10-10 14:39:47,099 - INFO - Error while receiving a control message (SocketClosed): received exception "read of closed file"
2025-10-10 14:40:15,524 - INFO - SocksPort=9150 status=200 url=https://cse.google.com/cse/element/v1?rsz=filtered_cse&num=10&hl=en&source=gcsc&cselibv=6467658b9628de43&cx=3fb7efb248d74e652&safe=active&cse_tok=AEXjvhJiuUGYY0MiMLNap9Xfxdgn%3A1760078398917&sort=&exp=cc%2Capo&rurl=https%3A%2F%2Fwww.social-searcher.com%2Flinkedincse.html%3Fq%3Dtest%26sort%3Ddate&q=hsbc&start=70&callback=google.search.cse.api70
2025-10-10 14:40:18,187 - INFO - SocksPort=9150 status=200 url=https://cse.google.com/cse/element/v1?rsz=filtered_cse&num=10&hl=en&source=gcsc&cselibv=6467658b9628de43&cx=3fb7efb248d74e652&safe=active&cse_tok=AEXjvhJiuUGYY0MiMLNap9Xfxdgn%3A1760078398917&sort=&exp=cc%2Capo&rurl=https%3A%2F%2Fwww.social-searcher.com%2Flinkedincse.html%3Fq%3Dtest%26sort%3Ddate&q=hsbc&start=80&callback=google.search.cse.api80
2025-10-10 14:40:20,746 - INFO - SocksPort=9150 status=200 url=https://cse.google.com/cse/element/v1?rsz=filtered_cse&num=10&hl=en&source=gcsc&cselibv=6467658b9628de43&cx=3fb7efb248d74e652&safe=active&cse_tok=AEXjvhJiuUGYY0MiMLNap9Xfxdgn%3A1760078398917&sort=&exp=cc%2Capo&rurl=https%3A%2F%2Fwww.social-searcher.com%2Flinkedincse.html%3Fq%3Dtest%26sort%3Ddate&q=hsbc&start=90&callback=google.search.cse.api90
2025-10-10 14:40:20,750 - DEBUG - GETCONF __owningcontrollerprocess (runtime: 0.0003)
2025-10-10 14:40:20,764 - INFO - TOR cport auth: True. TOR NEW IDENTITY. Sleep 3 sec.
2025-10-10 14:40:23,770 - INFO - Error while receiving a control message (SocketClosed): received exception "read of closed file"
2025-10-10 14:40:23,776 - INFO - [OK] Step completed: Execute social media search
2025-10-10 14:40:23,776 - INFO - [SUCCESS] Search process completed!
2025-10-10 14:40:23,776 - INFO - [SUMMARY] Search Summary:
2025-10-10 14:40:23,777 - INFO -    Query keyword: hsbc
2025-10-10 14:40:23,777 - INFO -    Search platforms: 4 platforms
2025-10-10 14:40:23,777 - INFO -    Total results: 380
2025-10-10 14:40:23,777 - INFO -    FACEBOOK: 90 results
2025-10-10 14:40:23,777 - INFO -    TWITTER: 100 results
2025-10-10 14:40:23,777 - INFO -    INSTAGRAM: 100 results
2025-10-10 14:40:23,777 - INFO -    LINKEDIN: 90 results
2025-10-10 14:40:23,778 - INFO - Log saved to: logs/search_log.json
