2025-10-21 15:45:19,874 - INFO - [START] Starting social media search process - Query: 'Three Ireland'
2025-10-21 15:45:19,874 - INFO - [INFO] Starting step: Get all platform CSE parameters
2025-10-21 15:45:40,252 - INFO - Added date sorting for FACEBOOK
2025-10-21 15:45:40,253 - INFO - Added date sorting for TWITTER
2025-10-21 15:45:40,253 - INFO - Added date sorting for INSTAGRAM
2025-10-21 15:45:40,253 - INFO - Added date sorting for LINKEDIN
2025-10-21 15:45:40,253 - INFO - [OK] Step completed: Get all platform CSE parameters
2025-10-21 15:45:40,253 - INFO - [INFO] Starting step: Save parameters
2025-10-21 15:45:40,254 - INFO - [OK] Step completed: Save parameters
2025-10-21 15:45:40,254 - INFO - [INFO] Starting step: Execute social media search
2025-10-21 15:45:42,503 - INFO - SocksPort=9150 status=200 url=https://cse.google.com/cse/element/v1?rsz=filtered_cse&num=10&hl=en&source=gcsc&cselibv=6467658b9628de43&cx=294a079ba2d4267d5&safe=active&cse_tok=AEXjvhIUXrPQ0ZYaaO5Mcevon5fN%3A1761032722340&sort=date&exp=cc%2Capo&rurl=https%3A%2F%2Fwww.social-searcher.com%2Ffacebookcse.html%3Fq%3Dtest%26sort%3Ddate&q=Three+Ireland&start=0&callback=google.search.cse.api0
2025-10-21 15:45:44,975 - INFO - SocksPort=9150 status=200 url=https://cse.google.com/cse/element/v1?rsz=filtered_cse&num=10&hl=en&source=gcsc&cselibv=6467658b9628de43&cx=294a079ba2d4267d5&safe=active&cse_tok=AEXjvhIUXrPQ0ZYaaO5Mcevon5fN%3A1761032722340&sort=date&exp=cc%2Capo&rurl=https%3A%2F%2Fwww.social-searcher.com%2Ffacebookcse.html%3Fq%3Dtest%26sort%3Ddate&q=Three+Ireland&start=10&callback=google.search.cse.api10
2025-10-21 15:45:49,894 - INFO - SocksPort=9150 status=200 url=https://cse.google.com/cse/element/v1?rsz=filtered_cse&num=10&hl=en&source=gcsc&cselibv=6467658b9628de43&cx=294a079ba2d4267d5&safe=active&cse_tok=AEXjvhIUXrPQ0ZYaaO5Mcevon5fN%3A1761032722340&sort=date&exp=cc%2Capo&rurl=https%3A%2F%2Fwww.social-searcher.com%2Ffacebookcse.html%3Fq%3Dtest%26sort%3Ddate&q=Three+Ireland&start=20&callback=google.search.cse.api20
2025-10-21 15:45:54,809 - INFO - SocksPort=9150 status=200 url=https://cse.google.com/cse/element/v1?rsz=filtered_cse&num=10&hl=en&source=gcsc&cselibv=6467658b9628de43&cx=294a079ba2d4267d5&safe=active&cse_tok=AEXjvhIUXrPQ0ZYaaO5Mcevon5fN%3A1761032722340&sort=date&exp=cc%2Capo&rurl=https%3A%2F%2Fwww.social-searcher.com%2Ffacebookcse.html%3Fq%3Dtest%26sort%3Ddate&q=Three+Ireland&start=30&callback=google.search.cse.api30
2025-10-21 15:45:59,109 - INFO - SocksPort=9150 status=200 url=https://cse.google.com/cse/element/v1?rsz=filtered_cse&num=10&hl=en&source=gcsc&cselibv=6467658b9628de43&cx=294a079ba2d4267d5&safe=active&cse_tok=AEXjvhIUXrPQ0ZYaaO5Mcevon5fN%3A1761032722340&sort=date&exp=cc%2Capo&rurl=https%3A%2F%2Fwww.social-searcher.com%2Ffacebookcse.html%3Fq%3Dtest%26sort%3Ddate&q=Three+Ireland&start=40&callback=google.search.cse.api40
2025-10-21 15:45:59,124 - DEBUG - GETCONF __owningcontrollerprocess (runtime: 0.0003)
2025-10-21 15:45:59,141 - INFO - TOR cport auth: True. TOR NEW IDENTITY. Sleep 3 sec.
2025-10-21 15:46:02,147 - INFO - Error while receiving a control message (SocketClosed): received exception "read of closed file"
2025-10-21 15:46:03,961 - INFO - SocksPort=9150 status=200 url=https://cse.google.com/cse/element/v1?rsz=filtered_cse&num=10&hl=en&source=gcsc&cselibv=6467658b9628de43&cx=294a079ba2d4267d5&safe=active&cse_tok=AEXjvhIUXrPQ0ZYaaO5Mcevon5fN%3A1761032722340&sort=date&exp=cc%2Capo&rurl=https%3A%2F%2Fwww.social-searcher.com%2Ffacebookcse.html%3Fq%3Dtest%26sort%3Ddate&q=Three+Ireland&start=50&callback=google.search.cse.api50
2025-10-21 15:46:03,968 - DEBUG - GETCONF __owningcontrollerprocess (runtime: 0.0003)
2025-10-21 15:46:03,969 - INFO - TOR cport auth: True. TOR NEW IDENTITY. Sleep 3 sec.
2025-10-21 15:46:06,974 - INFO - Error while receiving a control message (SocketClosed): received exception "read of closed file"
2025-10-21 15:46:44,683 - INFO - SocksPort=9150 status=200 url=https://cse.google.com/cse/element/v1?rsz=filtered_cse&num=10&hl=en&source=gcsc&cselibv=6467658b9628de43&cx=294a079ba2d4267d5&safe=active&cse_tok=AEXjvhLm9_GT-DKCIeFGvZgAJnCh%3A1761032784019&sort=&exp=cc%2Capo&rurl=https%3A%2F%2Fwww.social-searcher.com%2Ffacebookcse.html%3Fq%3Dtest%26sort%3Ddate&q=Three+Ireland&start=50&callback=google.search.cse.api50
2025-10-21 15:46:47,183 - INFO - SocksPort=9150 status=200 url=https://cse.google.com/cse/element/v1?rsz=filtered_cse&num=10&hl=en&source=gcsc&cselibv=6467658b9628de43&cx=294a079ba2d4267d5&safe=active&cse_tok=AEXjvhLm9_GT-DKCIeFGvZgAJnCh%3A1761032784019&sort=&exp=cc%2Capo&rurl=https%3A%2F%2Fwww.social-searcher.com%2Ffacebookcse.html%3Fq%3Dtest%26sort%3Ddate&q=Three+Ireland&start=60&callback=google.search.cse.api60
2025-10-21 15:46:47,189 - DEBUG - GETCONF __owningcontrollerprocess (runtime: 0.0003)
2025-10-21 15:46:47,206 - INFO - TOR cport auth: True. TOR NEW IDENTITY. Sleep 3 sec.
2025-10-21 15:46:50,212 - INFO - Error while receiving a control message (SocketClosed): received exception "read of closed file"
2025-10-21 15:47:25,873 - INFO - SocksPort=9150 status=200 url=https://cse.google.com/cse/element/v1?rsz=filtered_cse&num=10&hl=en&source=gcsc&cselibv=6467658b9628de43&cx=294a079ba2d4267d5&safe=active&cse_tok=AEXjvhKo2JJDeSPsdYiueq1ryT1k%3A1761032819643&sort=&exp=cc%2Capo&rurl=https%3A%2F%2Fwww.social-searcher.com%2Ffacebookcse.html%3Fq%3Dtest%26sort%3Ddate&q=Three+Ireland&start=60&callback=google.search.cse.api60
2025-10-21 15:47:28,504 - INFO - SocksPort=9150 status=200 url=https://cse.google.com/cse/element/v1?rsz=filtered_cse&num=10&hl=en&source=gcsc&cselibv=6467658b9628de43&cx=294a079ba2d4267d5&safe=active&cse_tok=AEXjvhKo2JJDeSPsdYiueq1ryT1k%3A1761032819643&sort=&exp=cc%2Capo&rurl=https%3A%2F%2Fwww.social-searcher.com%2Ffacebookcse.html%3Fq%3Dtest%26sort%3Ddate&q=Three+Ireland&start=70&callback=google.search.cse.api70
2025-10-21 15:47:28,510 - DEBUG - GETCONF __owningcontrollerprocess (runtime: 0.0004)
2025-10-21 15:47:28,526 - INFO - TOR cport auth: True. TOR NEW IDENTITY. Sleep 3 sec.
2025-10-21 15:47:31,532 - INFO - Error while receiving a control message (SocketClosed): received exception "read of closed file"
2025-10-21 15:47:33,870 - INFO - SocksPort=9150 status=200 url=https://cse.google.com/cse/element/v1?rsz=filtered_cse&num=10&hl=en&source=gcsc&cselibv=6467658b9628de43&cx=294a079ba2d4267d5&safe=active&cse_tok=AEXjvhKo2JJDeSPsdYiueq1ryT1k%3A1761032819643&sort=&exp=cc%2Capo&rurl=https%3A%2F%2Fwww.social-searcher.com%2Ffacebookcse.html%3Fq%3Dtest%26sort%3Ddate&q=Three+Ireland&start=80&callback=google.search.cse.api80
2025-10-21 15:47:36,491 - INFO - SocksPort=9150 status=200 url=https://cse.google.com/cse/element/v1?rsz=filtered_cse&num=10&hl=en&source=gcsc&cselibv=6467658b9628de43&cx=294a079ba2d4267d5&safe=active&cse_tok=AEXjvhKo2JJDeSPsdYiueq1ryT1k%3A1761032819643&sort=&exp=cc%2Capo&rurl=https%3A%2F%2Fwww.social-searcher.com%2Ffacebookcse.html%3Fq%3Dtest%26sort%3Ddate&q=Three+Ireland&start=90&callback=google.search.cse.api90
2025-10-21 15:47:40,162 - INFO - SocksPort=9150 status=200 url=https://cse.google.com/cse/element/v1?rsz=filtered_cse&num=10&hl=en&source=gcsc&cselibv=6467658b9628de43&cx=a72fbbffee86cd2d2&safe=active&cse_tok=AEXjvhLpOc_GYtGhbPNdh9bnf4Dv%3A1761032726636&sort=date&exp=cc%2Capo&rurl=https%3A%2F%2Fwww.social-searcher.com%2Ftwittercse.html%3Fq%3Dtest%26sort%3Ddate&q=Three+Ireland&start=0&callback=google.search.cse.api0
2025-10-21 15:47:45,204 - INFO - SocksPort=9150 status=200 url=https://cse.google.com/cse/element/v1?rsz=filtered_cse&num=10&hl=en&source=gcsc&cselibv=6467658b9628de43&cx=a72fbbffee86cd2d2&safe=active&cse_tok=AEXjvhLpOc_GYtGhbPNdh9bnf4Dv%3A1761032726636&sort=date&exp=cc%2Capo&rurl=https%3A%2F%2Fwww.social-searcher.com%2Ftwittercse.html%3Fq%3Dtest%26sort%3Ddate&q=Three+Ireland&start=10&callback=google.search.cse.api10
2025-10-21 15:47:49,857 - INFO - SocksPort=9150 status=200 url=https://cse.google.com/cse/element/v1?rsz=filtered_cse&num=10&hl=en&source=gcsc&cselibv=6467658b9628de43&cx=a72fbbffee86cd2d2&safe=active&cse_tok=AEXjvhLpOc_GYtGhbPNdh9bnf4Dv%3A1761032726636&sort=date&exp=cc%2Capo&rurl=https%3A%2F%2Fwww.social-searcher.com%2Ftwittercse.html%3Fq%3Dtest%26sort%3Ddate&q=Three+Ireland&start=20&callback=google.search.cse.api20
2025-10-21 15:47:49,860 - DEBUG - GETCONF __owningcontrollerprocess (runtime: 0.0003)
2025-10-21 15:47:49,878 - INFO - TOR cport auth: True. TOR NEW IDENTITY. Sleep 3 sec.
2025-10-21 15:47:52,884 - INFO - Error while receiving a control message (SocketClosed): received exception "read of closed file"
2025-10-21 15:47:59,414 - INFO - SocksPort=9150 status=200 url=https://cse.google.com/cse/element/v1?rsz=filtered_cse&num=10&hl=en&source=gcsc&cselibv=6467658b9628de43&cx=a72fbbffee86cd2d2&safe=active&cse_tok=AEXjvhLpOc_GYtGhbPNdh9bnf4Dv%3A1761032726636&sort=date&exp=cc%2Capo&rurl=https%3A%2F%2Fwww.social-searcher.com%2Ftwittercse.html%3Fq%3Dtest%26sort%3Ddate&q=Three+Ireland&start=30&callback=google.search.cse.api30
2025-10-21 15:48:04,761 - INFO - SocksPort=9150 status=200 url=https://cse.google.com/cse/element/v1?rsz=filtered_cse&num=10&hl=en&source=gcsc&cselibv=6467658b9628de43&cx=a72fbbffee86cd2d2&safe=active&cse_tok=AEXjvhLpOc_GYtGhbPNdh9bnf4Dv%3A1761032726636&sort=date&exp=cc%2Capo&rurl=https%3A%2F%2Fwww.social-searcher.com%2Ftwittercse.html%3Fq%3Dtest%26sort%3Ddate&q=Three+Ireland&start=40&callback=google.search.cse.api40
2025-10-21 15:48:08,196 - INFO - SocksPort=9150 status=200 url=https://cse.google.com/cse/element/v1?rsz=filtered_cse&num=10&hl=en&source=gcsc&cselibv=6467658b9628de43&cx=a72fbbffee86cd2d2&safe=active&cse_tok=AEXjvhLpOc_GYtGhbPNdh9bnf4Dv%3A1761032726636&sort=date&exp=cc%2Capo&rurl=https%3A%2F%2Fwww.social-searcher.com%2Ftwittercse.html%3Fq%3Dtest%26sort%3Ddate&q=Three+Ireland&start=50&callback=google.search.cse.api50
2025-10-21 15:48:10,597 - INFO - SocksPort=9150 status=200 url=https://cse.google.com/cse/element/v1?rsz=filtered_cse&num=10&hl=en&source=gcsc&cselibv=6467658b9628de43&cx=a72fbbffee86cd2d2&safe=active&cse_tok=AEXjvhLpOc_GYtGhbPNdh9bnf4Dv%3A1761032726636&sort=date&exp=cc%2Capo&rurl=https%3A%2F%2Fwww.social-searcher.com%2Ftwittercse.html%3Fq%3Dtest%26sort%3Ddate&q=Three+Ireland&start=60&callback=google.search.cse.api60
2025-10-21 15:48:17,041 - INFO - SocksPort=9150 status=200 url=https://cse.google.com/cse/element/v1?rsz=filtered_cse&num=10&hl=en&source=gcsc&cselibv=6467658b9628de43&cx=a72fbbffee86cd2d2&safe=active&cse_tok=AEXjvhLpOc_GYtGhbPNdh9bnf4Dv%3A1761032726636&sort=date&exp=cc%2Capo&rurl=https%3A%2F%2Fwww.social-searcher.com%2Ftwittercse.html%3Fq%3Dtest%26sort%3Ddate&q=Three+Ireland&start=70&callback=google.search.cse.api70
2025-10-21 15:48:17,048 - DEBUG - GETCONF __owningcontrollerprocess (runtime: 0.0004)
2025-10-21 15:48:17,062 - INFO - TOR cport auth: True. TOR NEW IDENTITY. Sleep 3 sec.
2025-10-21 15:48:20,067 - INFO - Error while receiving a control message (SocketClosed): received exception "read of closed file"
2025-10-21 15:48:25,145 - INFO - SocksPort=9150 status=200 url=https://cse.google.com/cse/element/v1?rsz=filtered_cse&num=10&hl=en&source=gcsc&cselibv=6467658b9628de43&cx=a72fbbffee86cd2d2&safe=active&cse_tok=AEXjvhLpOc_GYtGhbPNdh9bnf4Dv%3A1761032726636&sort=date&exp=cc%2Capo&rurl=https%3A%2F%2Fwww.social-searcher.com%2Ftwittercse.html%3Fq%3Dtest%26sort%3Ddate&q=Three+Ireland&start=80&callback=google.search.cse.api80
2025-10-21 15:48:32,403 - INFO - SocksPort=9150 status=200 url=https://cse.google.com/cse/element/v1?rsz=filtered_cse&num=10&hl=en&source=gcsc&cselibv=6467658b9628de43&cx=a72fbbffee86cd2d2&safe=active&cse_tok=AEXjvhLpOc_GYtGhbPNdh9bnf4Dv%3A1761032726636&sort=date&exp=cc%2Capo&rurl=https%3A%2F%2Fwww.social-searcher.com%2Ftwittercse.html%3Fq%3Dtest%26sort%3Ddate&q=Three+Ireland&start=90&callback=google.search.cse.api90
2025-10-21 15:48:37,009 - INFO - SocksPort=9150 status=200 url=https://cse.google.com/cse/element/v1?rsz=filtered_cse&num=10&hl=en&source=gcsc&cselibv=6467658b9628de43&cx=c4b97eed1414fcb14&safe=active&cse_tok=AEXjvhICiUWaN2Q2BP7HzF5e128p%3A1761032731888&sort=date&exp=cc%2Capo&rurl=https%3A%2F%2Fwww.social-searcher.com%2Finstagramcse.html%3Fq%3Dtest%26sort%3Ddate&q=Three+Ireland&start=0&callback=google.search.cse.api0
2025-10-21 15:48:41,310 - INFO - SocksPort=9150 status=200 url=https://cse.google.com/cse/element/v1?rsz=filtered_cse&num=10&hl=en&source=gcsc&cselibv=6467658b9628de43&cx=c4b97eed1414fcb14&safe=active&cse_tok=AEXjvhICiUWaN2Q2BP7HzF5e128p%3A1761032731888&sort=date&exp=cc%2Capo&rurl=https%3A%2F%2Fwww.social-searcher.com%2Finstagramcse.html%3Fq%3Dtest%26sort%3Ddate&q=Three+Ireland&start=10&callback=google.search.cse.api10
2025-10-21 15:48:45,326 - INFO - SocksPort=9150 status=200 url=https://cse.google.com/cse/element/v1?rsz=filtered_cse&num=10&hl=en&source=gcsc&cselibv=6467658b9628de43&cx=c4b97eed1414fcb14&safe=active&cse_tok=AEXjvhICiUWaN2Q2BP7HzF5e128p%3A1761032731888&sort=date&exp=cc%2Capo&rurl=https%3A%2F%2Fwww.social-searcher.com%2Finstagramcse.html%3Fq%3Dtest%26sort%3Ddate&q=Three+Ireland&start=20&callback=google.search.cse.api20
2025-10-21 15:48:45,333 - DEBUG - GETCONF __owningcontrollerprocess (runtime: 0.0005)
2025-10-21 15:48:45,348 - INFO - TOR cport auth: True. TOR NEW IDENTITY. Sleep 3 sec.
2025-10-21 15:48:48,353 - INFO - Error while receiving a control message (SocketClosed): received exception "read of closed file"
2025-10-21 15:48:52,988 - INFO - SocksPort=9150 status=200 url=https://cse.google.com/cse/element/v1?rsz=filtered_cse&num=10&hl=en&source=gcsc&cselibv=6467658b9628de43&cx=c4b97eed1414fcb14&safe=active&cse_tok=AEXjvhICiUWaN2Q2BP7HzF5e128p%3A1761032731888&sort=date&exp=cc%2Capo&rurl=https%3A%2F%2Fwww.social-searcher.com%2Finstagramcse.html%3Fq%3Dtest%26sort%3Ddate&q=Three+Ireland&start=30&callback=google.search.cse.api30
2025-10-21 15:48:59,454 - INFO - SocksPort=9150 status=200 url=https://cse.google.com/cse/element/v1?rsz=filtered_cse&num=10&hl=en&source=gcsc&cselibv=6467658b9628de43&cx=c4b97eed1414fcb14&safe=active&cse_tok=AEXjvhICiUWaN2Q2BP7HzF5e128p%3A1761032731888&sort=date&exp=cc%2Capo&rurl=https%3A%2F%2Fwww.social-searcher.com%2Finstagramcse.html%3Fq%3Dtest%26sort%3Ddate&q=Three+Ireland&start=40&callback=google.search.cse.api40
2025-10-21 15:49:01,583 - INFO - SocksPort=9150 status=200 url=https://cse.google.com/cse/element/v1?rsz=filtered_cse&num=10&hl=en&source=gcsc&cselibv=6467658b9628de43&cx=c4b97eed1414fcb14&safe=active&cse_tok=AEXjvhICiUWaN2Q2BP7HzF5e128p%3A1761032731888&sort=date&exp=cc%2Capo&rurl=https%3A%2F%2Fwww.social-searcher.com%2Finstagramcse.html%3Fq%3Dtest%26sort%3Ddate&q=Three+Ireland&start=50&callback=google.search.cse.api50
2025-10-21 15:49:04,656 - INFO - SocksPort=9150 status=200 url=https://cse.google.com/cse/element/v1?rsz=filtered_cse&num=10&hl=en&source=gcsc&cselibv=6467658b9628de43&cx=c4b97eed1414fcb14&safe=active&cse_tok=AEXjvhICiUWaN2Q2BP7HzF5e128p%3A1761032731888&sort=date&exp=cc%2Capo&rurl=https%3A%2F%2Fwww.social-searcher.com%2Finstagramcse.html%3Fq%3Dtest%26sort%3Ddate&q=Three+Ireland&start=60&callback=google.search.cse.api60
2025-10-21 15:49:09,572 - INFO - SocksPort=9150 status=200 url=https://cse.google.com/cse/element/v1?rsz=filtered_cse&num=10&hl=en&source=gcsc&cselibv=6467658b9628de43&cx=c4b97eed1414fcb14&safe=active&cse_tok=AEXjvhICiUWaN2Q2BP7HzF5e128p%3A1761032731888&sort=date&exp=cc%2Capo&rurl=https%3A%2F%2Fwww.social-searcher.com%2Finstagramcse.html%3Fq%3Dtest%26sort%3Ddate&q=Three+Ireland&start=70&callback=google.search.cse.api70
2025-10-21 15:49:09,577 - DEBUG - GETCONF __owningcontrollerprocess (runtime: 0.0003)
2025-10-21 15:49:09,592 - INFO - TOR cport auth: True. TOR NEW IDENTITY. Sleep 3 sec.
2025-10-21 15:49:12,597 - INFO - Error while receiving a control message (SocketClosed): received exception "read of closed file"
2025-10-21 15:49:15,102 - INFO - SocksPort=9150 status=200 url=https://cse.google.com/cse/element/v1?rsz=filtered_cse&num=10&hl=en&source=gcsc&cselibv=6467658b9628de43&cx=c4b97eed1414fcb14&safe=active&cse_tok=AEXjvhICiUWaN2Q2BP7HzF5e128p%3A1761032731888&sort=date&exp=cc%2Capo&rurl=https%3A%2F%2Fwww.social-searcher.com%2Finstagramcse.html%3Fq%3Dtest%26sort%3Ddate&q=Three+Ireland&start=80&callback=google.search.cse.api80
2025-10-21 15:49:17,559 - INFO - SocksPort=9150 status=200 url=https://cse.google.com/cse/element/v1?rsz=filtered_cse&num=10&hl=en&source=gcsc&cselibv=6467658b9628de43&cx=c4b97eed1414fcb14&safe=active&cse_tok=AEXjvhICiUWaN2Q2BP7HzF5e128p%3A1761032731888&sort=date&exp=cc%2Capo&rurl=https%3A%2F%2Fwww.social-searcher.com%2Finstagramcse.html%3Fq%3Dtest%26sort%3Ddate&q=Three+Ireland&start=90&callback=google.search.cse.api90
2025-10-21 15:49:20,355 - INFO - SocksPort=9150 status=200 url=https://cse.google.com/cse/element/v1?rsz=filtered_cse&num=10&hl=en&source=gcsc&cselibv=6467658b9628de43&cx=3fb7efb248d74e652&safe=active&cse_tok=AEXjvhJaznHs0pEXWhL3gz8yhrkn%3A1761032737021&sort=date&exp=cc%2Capo&rurl=https%3A%2F%2Fwww.social-searcher.com%2Flinkedincse.html%3Fq%3Dtest%26sort%3Ddate&q=Three+Ireland&start=0&callback=google.search.cse.api0
2025-10-21 15:49:22,492 - INFO - SocksPort=9150 status=200 url=https://cse.google.com/cse/element/v1?rsz=filtered_cse&num=10&hl=en&source=gcsc&cselibv=6467658b9628de43&cx=3fb7efb248d74e652&safe=active&cse_tok=AEXjvhJaznHs0pEXWhL3gz8yhrkn%3A1761032737021&sort=date&exp=cc%2Capo&rurl=https%3A%2F%2Fwww.social-searcher.com%2Flinkedincse.html%3Fq%3Dtest%26sort%3Ddate&q=Three+Ireland&start=10&callback=google.search.cse.api10
2025-10-21 15:49:25,994 - INFO - SocksPort=9150 status=200 url=https://cse.google.com/cse/element/v1?rsz=filtered_cse&num=10&hl=en&source=gcsc&cselibv=6467658b9628de43&cx=3fb7efb248d74e652&safe=active&cse_tok=AEXjvhJaznHs0pEXWhL3gz8yhrkn%3A1761032737021&sort=date&exp=cc%2Capo&rurl=https%3A%2F%2Fwww.social-searcher.com%2Flinkedincse.html%3Fq%3Dtest%26sort%3Ddate&q=Three+Ireland&start=20&callback=google.search.cse.api20
2025-10-21 15:49:26,001 - DEBUG - GETCONF __owningcontrollerprocess (runtime: 0.0004)
2025-10-21 15:49:26,016 - INFO - TOR cport auth: True. TOR NEW IDENTITY. Sleep 3 sec.
2025-10-21 15:49:29,022 - INFO - Error while receiving a control message (SocketClosed): received exception "read of closed file"
2025-10-21 15:49:31,258 - INFO - SocksPort=9150 status=200 url=https://cse.google.com/cse/element/v1?rsz=filtered_cse&num=10&hl=en&source=gcsc&cselibv=6467658b9628de43&cx=3fb7efb248d74e652&safe=active&cse_tok=AEXjvhJaznHs0pEXWhL3gz8yhrkn%3A1761032737021&sort=date&exp=cc%2Capo&rurl=https%3A%2F%2Fwww.social-searcher.com%2Flinkedincse.html%3Fq%3Dtest%26sort%3Ddate&q=Three+Ireland&start=30&callback=google.search.cse.api30
2025-10-21 15:49:36,917 - INFO - SocksPort=9150 status=200 url=https://cse.google.com/cse/element/v1?rsz=filtered_cse&num=10&hl=en&source=gcsc&cselibv=6467658b9628de43&cx=3fb7efb248d74e652&safe=active&cse_tok=AEXjvhJaznHs0pEXWhL3gz8yhrkn%3A1761032737021&sort=date&exp=cc%2Capo&rurl=https%3A%2F%2Fwww.social-searcher.com%2Flinkedincse.html%3Fq%3Dtest%26sort%3Ddate&q=Three+Ireland&start=40&callback=google.search.cse.api40
2025-10-21 15:49:39,681 - INFO - SocksPort=9150 status=200 url=https://cse.google.com/cse/element/v1?rsz=filtered_cse&num=10&hl=en&source=gcsc&cselibv=6467658b9628de43&cx=3fb7efb248d74e652&safe=active&cse_tok=AEXjvhJaznHs0pEXWhL3gz8yhrkn%3A1761032737021&sort=date&exp=cc%2Capo&rurl=https%3A%2F%2Fwww.social-searcher.com%2Flinkedincse.html%3Fq%3Dtest%26sort%3Ddate&q=Three+Ireland&start=50&callback=google.search.cse.api50
2025-10-21 15:49:43,987 - INFO - SocksPort=9150 status=200 url=https://cse.google.com/cse/element/v1?rsz=filtered_cse&num=10&hl=en&source=gcsc&cselibv=6467658b9628de43&cx=3fb7efb248d74e652&safe=active&cse_tok=AEXjvhJaznHs0pEXWhL3gz8yhrkn%3A1761032737021&sort=date&exp=cc%2Capo&rurl=https%3A%2F%2Fwww.social-searcher.com%2Flinkedincse.html%3Fq%3Dtest%26sort%3Ddate&q=Three+Ireland&start=60&callback=google.search.cse.api60
2025-10-21 15:49:46,787 - INFO - SocksPort=9150 status=200 url=https://cse.google.com/cse/element/v1?rsz=filtered_cse&num=10&hl=en&source=gcsc&cselibv=6467658b9628de43&cx=3fb7efb248d74e652&safe=active&cse_tok=AEXjvhJaznHs0pEXWhL3gz8yhrkn%3A1761032737021&sort=date&exp=cc%2Capo&rurl=https%3A%2F%2Fwww.social-searcher.com%2Flinkedincse.html%3Fq%3Dtest%26sort%3Ddate&q=Three+Ireland&start=70&callback=google.search.cse.api70
2025-10-21 15:49:46,801 - DEBUG - GETCONF __owningcontrollerprocess (runtime: 0.0003)
2025-10-21 15:49:46,815 - INFO - TOR cport auth: True. TOR NEW IDENTITY. Sleep 3 sec.
2025-10-21 15:49:49,819 - INFO - Error while receiving a control message (SocketClosed): received exception "read of closed file"
2025-10-21 15:49:52,273 - INFO - SocksPort=9150 status=200 url=https://cse.google.com/cse/element/v1?rsz=filtered_cse&num=10&hl=en&source=gcsc&cselibv=6467658b9628de43&cx=3fb7efb248d74e652&safe=active&cse_tok=AEXjvhJaznHs0pEXWhL3gz8yhrkn%3A1761032737021&sort=date&exp=cc%2Capo&rurl=https%3A%2F%2Fwww.social-searcher.com%2Flinkedincse.html%3Fq%3Dtest%26sort%3Ddate&q=Three+Ireland&start=80&callback=google.search.cse.api80
2025-10-21 15:49:55,037 - INFO - SocksPort=9150 status=200 url=https://cse.google.com/cse/element/v1?rsz=filtered_cse&num=10&hl=en&source=gcsc&cselibv=6467658b9628de43&cx=3fb7efb248d74e652&safe=active&cse_tok=AEXjvhJaznHs0pEXWhL3gz8yhrkn%3A1761032737021&sort=date&exp=cc%2Capo&rurl=https%3A%2F%2Fwww.social-searcher.com%2Flinkedincse.html%3Fq%3Dtest%26sort%3Ddate&q=Three+Ireland&start=90&callback=google.search.cse.api90
2025-10-21 15:49:55,054 - INFO - [OK] Step completed: Execute social media search
2025-10-21 15:49:55,054 - INFO - [SUCCESS] Search process completed!
2025-10-21 15:49:55,054 - INFO - [SUMMARY] Search Summary:
2025-10-21 15:49:55,054 - INFO -    Query keyword: Three Ireland
2025-10-21 15:49:55,054 - INFO -    Search platforms: 4 platforms
2025-10-21 15:49:55,054 - INFO -    Total results: 390
2025-10-21 15:49:55,054 - INFO -    FACEBOOK: 90 results
2025-10-21 15:49:55,054 - INFO -    TWITTER: 100 results
2025-10-21 15:49:55,054 - INFO -    INSTAGRAM: 100 results
2025-10-21 15:49:55,054 - INFO -    LINKEDIN: 100 results
2025-10-21 15:49:55,055 - INFO - Log saved to: logs/search_log.json
