2025-11-09 11:45:47,303 - INFO - [START] Starting social media search process - Query: 'Yaris'
2025-11-09 11:45:47,303 - INFO - [INFO] Starting step: Get all platform CSE parameters
2025-11-09 11:46:10,452 - INFO - Added date sorting for FACEBOOK
2025-11-09 11:46:10,453 - INFO - Added date sorting for TWITTER
2025-11-09 11:46:10,454 - INFO - Added date sorting for INSTAGRAM
2025-11-09 11:46:10,454 - INFO - Added date sorting for LINKEDIN
2025-11-09 11:46:10,454 - INFO - Added date sorting for TIKTOK
2025-11-09 11:46:10,454 - INFO - Added date sorting for PINTEREST
2025-11-09 11:46:10,454 - INFO - [OK] Step completed: Get all platform CSE parameters
2025-11-09 11:46:10,454 - INFO - [INFO] Starting step: Save parameters
2025-11-09 11:46:10,455 - INFO - [OK] Step completed: Save parameters
2025-11-09 11:46:10,455 - INFO - [INFO] Starting step: Execute social media search
2025-11-09 11:46:12,329 - INFO - SocksPort=9050 status=200 url=https://cse.google.com/cse/element/v1?rsz=filtered_cse&num=10&hl=en&source=gcsc&cselibv=6467658b9628de43&cx=294a079ba2d4267d5&safe=active&cse_tok=AEXjvhKClumJGX9CJqYRuN3ZVur_%3A1762659949015&sort=date&exp=cc%2Capo&rurl=https%3A%2F%2Fwww.social-searcher.com%2Ffacebookcse.html%3Fq%3Dtest%26sort%3Ddate&q=Yaris&start=0&callback=google.search.cse.api0
2025-11-09 11:46:15,090 - INFO - SocksPort=9050 status=200 url=https://cse.google.com/cse/element/v1?rsz=filtered_cse&num=10&hl=en&source=gcsc&cselibv=6467658b9628de43&cx=a72fbbffee86cd2d2&safe=active&cse_tok=AEXjvhKI8wg6-ezWy-A89kr_mei4%3A1762659952704&sort=date&exp=cc%2Capo&rurl=https%3A%2F%2Fwww.social-searcher.com%2Ftwittercse.html%3Fq%3Dtest%26sort%3Ddate&q=Yaris&start=0&callback=google.search.cse.api0
2025-11-09 11:46:17,342 - INFO - SocksPort=9050 status=200 url=https://cse.google.com/cse/element/v1?rsz=filtered_cse&num=10&hl=en&source=gcsc&cselibv=db2c7696979b2a96&cx=c4b97eed1414fcb14&safe=active&cse_tok=AEXjvhK2Ioxp1NJQohFbSAVC8OcB%3A1762659956846&sort=date&exp=cc%2Capo&rurl=https%3A%2F%2Fwww.social-searcher.com%2Finstagramcse.html%3Fq%3Dtest%26sort%3Ddate&q=Yaris&start=0&callback=google.search.cse.api0
2025-11-09 11:46:19,289 - INFO - SocksPort=9050 status=200 url=https://cse.google.com/cse/element/v1?rsz=filtered_cse&num=10&hl=en&source=gcsc&cselibv=db2c7696979b2a96&cx=3fb7efb248d74e652&safe=active&cse_tok=AEXjvhITzxFDKaENMUWBZFRJDNfI%3A1762659960510&sort=date&exp=cc%2Capo&rurl=https%3A%2F%2Fwww.social-searcher.com%2Flinkedincse.html%3Fq%3Dtest%26sort%3Ddate&q=Yaris&start=0&callback=google.search.cse.api0
2025-11-09 11:46:21,234 - INFO - SocksPort=9050 status=200 url=https://cse.google.com/cse/element/v1?rsz=filtered_cse&num=10&hl=en&source=gcsc&cselibv=db2c7696979b2a96&cx=c0311d8946a51b053&safe=active&cse_tok=AEXjvhKLo4wROB23U9UMIt546DWj%3A1762659963994&sort=date&exp=cc%2Capo&rurl=https%3A%2F%2Fwww.social-searcher.com%2Ftiktokcse.html%3Fq%3Dtest%26sort%3Ddate&q=Yaris&start=0&callback=google.search.cse.api0
2025-11-09 11:46:23,039 - INFO - SocksPort=9050 status=200 url=https://cse.google.com/cse/element/v1?rsz=filtered_cse&num=10&hl=en&source=gcsc&cselibv=6467658b9628de43&cx=cee97518dc742cf1e&safe=active&cse_tok=AEXjvhJT0ghMUrzNMZVKTe4TQ5-S%3A1762659967835&sort=date&exp=cc%2Capo&rurl=https%3A%2F%2Fwww.social-searcher.com%2Fpinterestcse.html%3Fq%3Dtest%26sort%3Ddate&q=Yaris&start=0&callback=google.search.cse.api0
2025-11-09 11:46:23,046 - INFO - [OK] Step completed: Execute social media search
2025-11-09 11:46:23,046 - INFO - [SUCCESS] Search process completed!
2025-11-09 11:46:23,047 - INFO - [SUMMARY] Search Summary:
2025-11-09 11:46:23,047 - INFO -    Query keyword: Yaris
2025-11-09 11:46:23,047 - INFO -    Search platforms: 6 platforms
2025-11-09 11:46:23,047 - INFO -    Total results: 60
2025-11-09 11:46:23,047 - INFO -    FACEBOOK: 10 results
2025-11-09 11:46:23,047 - INFO -    TWITTER: 10 results
2025-11-09 11:46:23,047 - INFO -    INSTAGRAM: 10 results
2025-11-09 11:46:23,047 - INFO -    LINKEDIN: 10 results
2025-11-09 11:46:23,047 - INFO -    TIKTOK: 10 results
2025-11-09 11:46:23,047 - INFO -    PINTEREST: 10 results
2025-11-09 11:46:23,049 - INFO - Log saved to: logs/search_log.json
