2025-10-21 13:53:13,990 - INFO - [START] Starting social media search process - Query: 'Robinsons'
2025-10-21 13:53:13,991 - INFO - [INFO] Starting step: Get all platform CSE parameters
2025-10-21 13:53:34,497 - INFO - Added date sorting for FACEBOOK
2025-10-21 13:53:34,497 - INFO - Added date sorting for TWITTER
2025-10-21 13:53:34,497 - INFO - Added date sorting for INSTAGRAM
2025-10-21 13:53:34,497 - INFO - Added date sorting for LINKEDIN
2025-10-21 13:53:34,497 - INFO - [OK] Step completed: Get all platform CSE parameters
2025-10-21 13:53:34,497 - INFO - [INFO] Starting step: Save parameters
2025-10-21 13:53:34,498 - INFO - [OK] Step completed: Save parameters
2025-10-21 13:53:34,498 - INFO - [INFO] Starting step: Execute social media search
2025-10-21 13:53:37,968 - INFO - SocksPort=9150 status=200 url=https://cse.google.com/cse/element/v1?rsz=filtered_cse&num=10&hl=en&source=gcsc&cselibv=6467658b9628de43&cx=294a079ba2d4267d5&safe=active&cse_tok=AEXjvhLq74cr1l7pe-BrUAunmPK7%3A1761025996403&sort=date&exp=cc%2Capo&rurl=https%3A%2F%2Fwww.social-searcher.com%2Ffacebookcse.html%3Fq%3Dtest%26sort%3Ddate&q=Robinsons&start=0&callback=google.search.cse.api0
2025-10-21 13:53:41,011 - INFO - SocksPort=9150 status=200 url=https://cse.google.com/cse/element/v1?rsz=filtered_cse&num=10&hl=en&source=gcsc&cselibv=6467658b9628de43&cx=294a079ba2d4267d5&safe=active&cse_tok=AEXjvhLq74cr1l7pe-BrUAunmPK7%3A1761025996403&sort=date&exp=cc%2Capo&rurl=https%3A%2F%2Fwww.social-searcher.com%2Ffacebookcse.html%3Fq%3Dtest%26sort%3Ddate&q=Robinsons&start=10&callback=google.search.cse.api10
2025-10-21 13:53:47,155 - INFO - SocksPort=9150 status=200 url=https://cse.google.com/cse/element/v1?rsz=filtered_cse&num=10&hl=en&source=gcsc&cselibv=6467658b9628de43&cx=294a079ba2d4267d5&safe=active&cse_tok=AEXjvhLq74cr1l7pe-BrUAunmPK7%3A1761025996403&sort=date&exp=cc%2Capo&rurl=https%3A%2F%2Fwww.social-searcher.com%2Ffacebookcse.html%3Fq%3Dtest%26sort%3Ddate&q=Robinsons&start=20&callback=google.search.cse.api20
2025-10-21 13:53:49,920 - INFO - SocksPort=9150 status=200 url=https://cse.google.com/cse/element/v1?rsz=filtered_cse&num=10&hl=en&source=gcsc&cselibv=6467658b9628de43&cx=294a079ba2d4267d5&safe=active&cse_tok=AEXjvhLq74cr1l7pe-BrUAunmPK7%3A1761025996403&sort=date&exp=cc%2Capo&rurl=https%3A%2F%2Fwww.social-searcher.com%2Ffacebookcse.html%3Fq%3Dtest%26sort%3Ddate&q=Robinsons&start=30&callback=google.search.cse.api30
2025-10-21 13:53:55,451 - INFO - SocksPort=9150 status=200 url=https://cse.google.com/cse/element/v1?rsz=filtered_cse&num=10&hl=en&source=gcsc&cselibv=6467658b9628de43&cx=294a079ba2d4267d5&safe=active&cse_tok=AEXjvhLq74cr1l7pe-BrUAunmPK7%3A1761025996403&sort=date&exp=cc%2Capo&rurl=https%3A%2F%2Fwww.social-searcher.com%2Ffacebookcse.html%3Fq%3Dtest%26sort%3Ddate&q=Robinsons&start=40&callback=google.search.cse.api40
2025-10-21 13:53:55,465 - DEBUG - GETCONF __owningcontrollerprocess (runtime: 0.0002)
2025-10-21 13:53:55,482 - INFO - TOR cport auth: True. TOR NEW IDENTITY. Sleep 3 sec.
2025-10-21 13:53:58,487 - INFO - Error while receiving a control message (SocketClosed): received exception "read of closed file"
2025-10-21 13:54:02,819 - INFO - SocksPort=9150 status=200 url=https://cse.google.com/cse/element/v1?rsz=filtered_cse&num=10&hl=en&source=gcsc&cselibv=6467658b9628de43&cx=294a079ba2d4267d5&safe=active&cse_tok=AEXjvhLq74cr1l7pe-BrUAunmPK7%3A1761025996403&sort=date&exp=cc%2Capo&rurl=https%3A%2F%2Fwww.social-searcher.com%2Ffacebookcse.html%3Fq%3Dtest%26sort%3Ddate&q=Robinsons&start=50&callback=google.search.cse.api50
2025-10-21 13:54:06,404 - INFO - SocksPort=9150 status=200 url=https://cse.google.com/cse/element/v1?rsz=filtered_cse&num=10&hl=en&source=gcsc&cselibv=6467658b9628de43&cx=294a079ba2d4267d5&safe=active&cse_tok=AEXjvhLq74cr1l7pe-BrUAunmPK7%3A1761025996403&sort=date&exp=cc%2Capo&rurl=https%3A%2F%2Fwww.social-searcher.com%2Ffacebookcse.html%3Fq%3Dtest%26sort%3Ddate&q=Robinsons&start=60&callback=google.search.cse.api60
2025-10-21 13:54:11,117 - INFO - SocksPort=9150 status=200 url=https://cse.google.com/cse/element/v1?rsz=filtered_cse&num=10&hl=en&source=gcsc&cselibv=6467658b9628de43&cx=294a079ba2d4267d5&safe=active&cse_tok=AEXjvhLq74cr1l7pe-BrUAunmPK7%3A1761025996403&sort=date&exp=cc%2Capo&rurl=https%3A%2F%2Fwww.social-searcher.com%2Ffacebookcse.html%3Fq%3Dtest%26sort%3Ddate&q=Robinsons&start=70&callback=google.search.cse.api70
2025-10-21 13:54:19,423 - INFO - SocksPort=9150 status=200 url=https://cse.google.com/cse/element/v1?rsz=filtered_cse&num=10&hl=en&source=gcsc&cselibv=6467658b9628de43&cx=294a079ba2d4267d5&safe=active&cse_tok=AEXjvhLq74cr1l7pe-BrUAunmPK7%3A1761025996403&sort=date&exp=cc%2Capo&rurl=https%3A%2F%2Fwww.social-searcher.com%2Ffacebookcse.html%3Fq%3Dtest%26sort%3Ddate&q=Robinsons&start=80&callback=google.search.cse.api80
2025-10-21 13:54:24,084 - INFO - SocksPort=9150 status=200 url=https://cse.google.com/cse/element/v1?rsz=filtered_cse&num=10&hl=en&source=gcsc&cselibv=6467658b9628de43&cx=294a079ba2d4267d5&safe=active&cse_tok=AEXjvhLq74cr1l7pe-BrUAunmPK7%3A1761025996403&sort=date&exp=cc%2Capo&rurl=https%3A%2F%2Fwww.social-searcher.com%2Ffacebookcse.html%3Fq%3Dtest%26sort%3Ddate&q=Robinsons&start=90&callback=google.search.cse.api90
2025-10-21 13:54:24,090 - DEBUG - GETCONF __owningcontrollerprocess (runtime: 0.0004)
2025-10-21 13:54:24,106 - INFO - TOR cport auth: True. TOR NEW IDENTITY. Sleep 3 sec.
2025-10-21 13:54:27,112 - INFO - Error while receiving a control message (SocketClosed): received exception "[Errno 9] Bad file descriptor"
2025-10-21 13:54:29,553 - INFO - SocksPort=9150 status=200 url=https://cse.google.com/cse/element/v1?rsz=filtered_cse&num=10&hl=en&source=gcsc&cselibv=6467658b9628de43&cx=a72fbbffee86cd2d2&safe=active&cse_tok=AEXjvhKt0mJVhG0O8WYtiD7PYezn%3A1761026001076&sort=date&exp=cc%2Capo&rurl=https%3A%2F%2Fwww.social-searcher.com%2Ftwittercse.html%3Fq%3Dtest%26sort%3Ddate&q=Robinsons&start=0&callback=google.search.cse.api0
2025-10-21 13:54:33,853 - INFO - SocksPort=9150 status=200 url=https://cse.google.com/cse/element/v1?rsz=filtered_cse&num=10&hl=en&source=gcsc&cselibv=6467658b9628de43&cx=a72fbbffee86cd2d2&safe=active&cse_tok=AEXjvhKt0mJVhG0O8WYtiD7PYezn%3A1761026001076&sort=date&exp=cc%2Capo&rurl=https%3A%2F%2Fwww.social-searcher.com%2Ftwittercse.html%3Fq%3Dtest%26sort%3Ddate&q=Robinsons&start=10&callback=google.search.cse.api10
2025-10-21 13:54:38,153 - INFO - SocksPort=9150 status=200 url=https://cse.google.com/cse/element/v1?rsz=filtered_cse&num=10&hl=en&source=gcsc&cselibv=6467658b9628de43&cx=a72fbbffee86cd2d2&safe=active&cse_tok=AEXjvhKt0mJVhG0O8WYtiD7PYezn%3A1761026001076&sort=date&exp=cc%2Capo&rurl=https%3A%2F%2Fwww.social-searcher.com%2Ftwittercse.html%3Fq%3Dtest%26sort%3Ddate&q=Robinsons&start=20&callback=google.search.cse.api20
2025-10-21 13:54:43,199 - INFO - SocksPort=9150 status=200 url=https://cse.google.com/cse/element/v1?rsz=filtered_cse&num=10&hl=en&source=gcsc&cselibv=6467658b9628de43&cx=a72fbbffee86cd2d2&safe=active&cse_tok=AEXjvhKt0mJVhG0O8WYtiD7PYezn%3A1761026001076&sort=date&exp=cc%2Capo&rurl=https%3A%2F%2Fwww.social-searcher.com%2Ftwittercse.html%3Fq%3Dtest%26sort%3Ddate&q=Robinsons&start=30&callback=google.search.cse.api30
2025-10-21 13:54:48,595 - INFO - SocksPort=9150 status=200 url=https://cse.google.com/cse/element/v1?rsz=filtered_cse&num=10&hl=en&source=gcsc&cselibv=6467658b9628de43&cx=a72fbbffee86cd2d2&safe=active&cse_tok=AEXjvhKt0mJVhG0O8WYtiD7PYezn%3A1761026001076&sort=date&exp=cc%2Capo&rurl=https%3A%2F%2Fwww.social-searcher.com%2Ftwittercse.html%3Fq%3Dtest%26sort%3Ddate&q=Robinsons&start=40&callback=google.search.cse.api40
2025-10-21 13:54:48,604 - DEBUG - GETCONF __owningcontrollerprocess (runtime: 0.0003)
2025-10-21 13:54:48,619 - INFO - TOR cport auth: True. TOR NEW IDENTITY. Sleep 3 sec.
2025-10-21 13:54:51,624 - INFO - Error while receiving a control message (SocketClosed): received exception "read of closed file"
2025-10-21 13:54:56,660 - INFO - SocksPort=9150 status=200 url=https://cse.google.com/cse/element/v1?rsz=filtered_cse&num=10&hl=en&source=gcsc&cselibv=6467658b9628de43&cx=a72fbbffee86cd2d2&safe=active&cse_tok=AEXjvhKt0mJVhG0O8WYtiD7PYezn%3A1761026001076&sort=date&exp=cc%2Capo&rurl=https%3A%2F%2Fwww.social-searcher.com%2Ftwittercse.html%3Fq%3Dtest%26sort%3Ddate&q=Robinsons&start=50&callback=google.search.cse.api50
2025-10-21 13:55:00,266 - INFO - SocksPort=9150 status=200 url=https://cse.google.com/cse/element/v1?rsz=filtered_cse&num=10&hl=en&source=gcsc&cselibv=6467658b9628de43&cx=a72fbbffee86cd2d2&safe=active&cse_tok=AEXjvhKt0mJVhG0O8WYtiD7PYezn%3A1761026001076&sort=date&exp=cc%2Capo&rurl=https%3A%2F%2Fwww.social-searcher.com%2Ftwittercse.html%3Fq%3Dtest%26sort%3Ddate&q=Robinsons&start=60&callback=google.search.cse.api60
2025-10-21 13:55:02,468 - INFO - SocksPort=9150 status=200 url=https://cse.google.com/cse/element/v1?rsz=filtered_cse&num=10&hl=en&source=gcsc&cselibv=6467658b9628de43&cx=a72fbbffee86cd2d2&safe=active&cse_tok=AEXjvhKt0mJVhG0O8WYtiD7PYezn%3A1761026001076&sort=date&exp=cc%2Capo&rurl=https%3A%2F%2Fwww.social-searcher.com%2Ftwittercse.html%3Fq%3Dtest%26sort%3Ddate&q=Robinsons&start=70&callback=google.search.cse.api70
2025-10-21 13:55:06,106 - INFO - SocksPort=9150 status=200 url=https://cse.google.com/cse/element/v1?rsz=filtered_cse&num=10&hl=en&source=gcsc&cselibv=6467658b9628de43&cx=a72fbbffee86cd2d2&safe=active&cse_tok=AEXjvhKt0mJVhG0O8WYtiD7PYezn%3A1761026001076&sort=date&exp=cc%2Capo&rurl=https%3A%2F%2Fwww.social-searcher.com%2Ftwittercse.html%3Fq%3Dtest%26sort%3Ddate&q=Robinsons&start=80&callback=google.search.cse.api80
2025-10-21 13:55:09,574 - INFO - SocksPort=9150 status=200 url=https://cse.google.com/cse/element/v1?rsz=filtered_cse&num=10&hl=en&source=gcsc&cselibv=6467658b9628de43&cx=a72fbbffee86cd2d2&safe=active&cse_tok=AEXjvhKt0mJVhG0O8WYtiD7PYezn%3A1761026001076&sort=date&exp=cc%2Capo&rurl=https%3A%2F%2Fwww.social-searcher.com%2Ftwittercse.html%3Fq%3Dtest%26sort%3Ddate&q=Robinsons&start=90&callback=google.search.cse.api90
2025-10-21 13:55:09,579 - DEBUG - GETCONF __owningcontrollerprocess (runtime: 0.0003)
2025-10-21 13:55:09,594 - INFO - TOR cport auth: True. TOR NEW IDENTITY. Sleep 3 sec.
2025-10-21 13:55:12,600 - INFO - Error while receiving a control message (SocketClosed): received exception "read of closed file"
2025-10-21 13:55:15,937 - INFO - SocksPort=9150 status=200 url=https://cse.google.com/cse/element/v1?rsz=filtered_cse&num=10&hl=en&source=gcsc&cselibv=6467658b9628de43&cx=c4b97eed1414fcb14&safe=active&cse_tok=AEXjvhLneS_P7hQ_sv8BtPIdw9K4%3A1761026005108&sort=date&exp=cc%2Capo&rurl=https%3A%2F%2Fwww.social-searcher.com%2Finstagramcse.html%3Fq%3Dtest%26sort%3Ddate&q=Robinsons&start=0&callback=google.search.cse.api0
2025-10-21 13:55:20,108 - INFO - SocksPort=9150 status=200 url=https://cse.google.com/cse/element/v1?rsz=filtered_cse&num=10&hl=en&source=gcsc&cselibv=6467658b9628de43&cx=c4b97eed1414fcb14&safe=active&cse_tok=AEXjvhLneS_P7hQ_sv8BtPIdw9K4%3A1761026005108&sort=date&exp=cc%2Capo&rurl=https%3A%2F%2Fwww.social-searcher.com%2Finstagramcse.html%3Fq%3Dtest%26sort%3Ddate&q=Robinsons&start=10&callback=google.search.cse.api10
2025-10-21 13:55:22,695 - INFO - SocksPort=9150 status=200 url=https://cse.google.com/cse/element/v1?rsz=filtered_cse&num=10&hl=en&source=gcsc&cselibv=6467658b9628de43&cx=c4b97eed1414fcb14&safe=active&cse_tok=AEXjvhLneS_P7hQ_sv8BtPIdw9K4%3A1761026005108&sort=date&exp=cc%2Capo&rurl=https%3A%2F%2Fwww.social-searcher.com%2Finstagramcse.html%3Fq%3Dtest%26sort%3Ddate&q=Robinsons&start=20&callback=google.search.cse.api20
2025-10-21 13:55:26,097 - INFO - SocksPort=9150 status=200 url=https://cse.google.com/cse/element/v1?rsz=filtered_cse&num=10&hl=en&source=gcsc&cselibv=6467658b9628de43&cx=c4b97eed1414fcb14&safe=active&cse_tok=AEXjvhLneS_P7hQ_sv8BtPIdw9K4%3A1761026005108&sort=date&exp=cc%2Capo&rurl=https%3A%2F%2Fwww.social-searcher.com%2Finstagramcse.html%3Fq%3Dtest%26sort%3Ddate&q=Robinsons&start=30&callback=google.search.cse.api30
2025-10-21 13:55:28,117 - INFO - SocksPort=9150 status=200 url=https://cse.google.com/cse/element/v1?rsz=filtered_cse&num=10&hl=en&source=gcsc&cselibv=6467658b9628de43&cx=c4b97eed1414fcb14&safe=active&cse_tok=AEXjvhLneS_P7hQ_sv8BtPIdw9K4%3A1761026005108&sort=date&exp=cc%2Capo&rurl=https%3A%2F%2Fwww.social-searcher.com%2Finstagramcse.html%3Fq%3Dtest%26sort%3Ddate&q=Robinsons&start=40&callback=google.search.cse.api40
2025-10-21 13:55:28,122 - DEBUG - GETCONF __owningcontrollerprocess (runtime: 0.0003)
2025-10-21 13:55:28,137 - INFO - TOR cport auth: True. TOR NEW IDENTITY. Sleep 3 sec.
2025-10-21 13:55:31,143 - INFO - Error while receiving a control message (SocketClosed): received exception "read of closed file"
2025-10-21 13:55:45,769 - INFO - SocksPort=9150 status=200 url=https://cse.google.com/cse/element/v1?rsz=filtered_cse&num=10&hl=en&source=gcsc&cselibv=6467658b9628de43&cx=c4b97eed1414fcb14&safe=active&cse_tok=AEXjvhLneS_P7hQ_sv8BtPIdw9K4%3A1761026005108&sort=date&exp=cc%2Capo&rurl=https%3A%2F%2Fwww.social-searcher.com%2Finstagramcse.html%3Fq%3Dtest%26sort%3Ddate&q=Robinsons&start=50&callback=google.search.cse.api50
2025-10-21 13:55:54,189 - INFO - SocksPort=9150 status=200 url=https://cse.google.com/cse/element/v1?rsz=filtered_cse&num=10&hl=en&source=gcsc&cselibv=6467658b9628de43&cx=c4b97eed1414fcb14&safe=active&cse_tok=AEXjvhLneS_P7hQ_sv8BtPIdw9K4%3A1761026005108&sort=date&exp=cc%2Capo&rurl=https%3A%2F%2Fwww.social-searcher.com%2Finstagramcse.html%3Fq%3Dtest%26sort%3Ddate&q=Robinsons&start=60&callback=google.search.cse.api60
2025-10-21 13:55:54,195 - DEBUG - GETCONF __owningcontrollerprocess (runtime: 0.0004)
2025-10-21 13:55:54,210 - INFO - TOR cport auth: True. TOR NEW IDENTITY. Sleep 3 sec.
2025-10-21 13:55:57,216 - INFO - Error while receiving a control message (SocketClosed): received exception "read of closed file"
2025-10-21 13:56:21,999 - INFO - SocksPort=9150 status=200 url=https://cse.google.com/cse/element/v1?rsz=filtered_cse&num=10&hl=en&source=gcsc&cselibv=6467658b9628de43&cx=c4b97eed1414fcb14&safe=active&cse_tok=AEXjvhIrG7gJtWZLyCrJYWDWsCLI%3A1761026166515&sort=&exp=cc%2Capo&rurl=https%3A%2F%2Fwww.social-searcher.com%2Finstagramcse.html%3Fq%3Dtest%26sort%3Ddate&q=Robinsons&start=60&callback=google.search.cse.api60
2025-10-21 13:56:26,539 - INFO - SocksPort=9150 status=200 url=https://cse.google.com/cse/element/v1?rsz=filtered_cse&num=10&hl=en&source=gcsc&cselibv=6467658b9628de43&cx=c4b97eed1414fcb14&safe=active&cse_tok=AEXjvhIrG7gJtWZLyCrJYWDWsCLI%3A1761026166515&sort=&exp=cc%2Capo&rurl=https%3A%2F%2Fwww.social-searcher.com%2Finstagramcse.html%3Fq%3Dtest%26sort%3Ddate&q=Robinsons&start=70&callback=google.search.cse.api70
2025-10-21 13:56:31,178 - INFO - SocksPort=9150 status=200 url=https://cse.google.com/cse/element/v1?rsz=filtered_cse&num=10&hl=en&source=gcsc&cselibv=6467658b9628de43&cx=c4b97eed1414fcb14&safe=active&cse_tok=AEXjvhIrG7gJtWZLyCrJYWDWsCLI%3A1761026166515&sort=&exp=cc%2Capo&rurl=https%3A%2F%2Fwww.social-searcher.com%2Finstagramcse.html%3Fq%3Dtest%26sort%3Ddate&q=Robinsons&start=80&callback=google.search.cse.api80
2025-10-21 13:56:31,187 - DEBUG - GETCONF __owningcontrollerprocess (runtime: 0.0003)
2025-10-21 13:56:31,200 - INFO - TOR cport auth: True. TOR NEW IDENTITY. Sleep 3 sec.
2025-10-21 13:56:34,205 - INFO - Error while receiving a control message (SocketClosed): received exception "read of closed file"
2025-10-21 13:56:36,415 - INFO - SocksPort=9150 status=200 url=https://cse.google.com/cse/element/v1?rsz=filtered_cse&num=10&hl=en&source=gcsc&cselibv=6467658b9628de43&cx=c4b97eed1414fcb14&safe=active&cse_tok=AEXjvhIrG7gJtWZLyCrJYWDWsCLI%3A1761026166515&sort=&exp=cc%2Capo&rurl=https%3A%2F%2Fwww.social-searcher.com%2Finstagramcse.html%3Fq%3Dtest%26sort%3Ddate&q=Robinsons&start=90&callback=google.search.cse.api90
2025-10-21 13:56:39,024 - INFO - SocksPort=9150 status=200 url=https://cse.google.com/cse/element/v1?rsz=filtered_cse&num=10&hl=en&source=gcsc&cselibv=6467658b9628de43&cx=3fb7efb248d74e652&safe=active&cse_tok=AEXjvhK-aRSlW1-eyEO4K9GvZpk5%3A1761026011757&sort=date&exp=cc%2Capo&rurl=https%3A%2F%2Fwww.social-searcher.com%2Flinkedincse.html%3Fq%3Dtest%26sort%3Ddate&q=Robinsons&start=0&callback=google.search.cse.api0
2025-10-21 13:56:42,273 - INFO - SocksPort=9150 status=200 url=https://cse.google.com/cse/element/v1?rsz=filtered_cse&num=10&hl=en&source=gcsc&cselibv=6467658b9628de43&cx=3fb7efb248d74e652&safe=active&cse_tok=AEXjvhK-aRSlW1-eyEO4K9GvZpk5%3A1761026011757&sort=date&exp=cc%2Capo&rurl=https%3A%2F%2Fwww.social-searcher.com%2Flinkedincse.html%3Fq%3Dtest%26sort%3Ddate&q=Robinsons&start=10&callback=google.search.cse.api10
2025-10-21 13:56:46,560 - INFO - SocksPort=9150 status=200 url=https://cse.google.com/cse/element/v1?rsz=filtered_cse&num=10&hl=en&source=gcsc&cselibv=6467658b9628de43&cx=3fb7efb248d74e652&safe=active&cse_tok=AEXjvhK-aRSlW1-eyEO4K9GvZpk5%3A1761026011757&sort=date&exp=cc%2Capo&rurl=https%3A%2F%2Fwww.social-searcher.com%2Flinkedincse.html%3Fq%3Dtest%26sort%3Ddate&q=Robinsons&start=20&callback=google.search.cse.api20
2025-10-21 13:56:52,080 - INFO - SocksPort=9150 status=200 url=https://cse.google.com/cse/element/v1?rsz=filtered_cse&num=10&hl=en&source=gcsc&cselibv=6467658b9628de43&cx=3fb7efb248d74e652&safe=active&cse_tok=AEXjvhK-aRSlW1-eyEO4K9GvZpk5%3A1761026011757&sort=date&exp=cc%2Capo&rurl=https%3A%2F%2Fwww.social-searcher.com%2Flinkedincse.html%3Fq%3Dtest%26sort%3Ddate&q=Robinsons&start=30&callback=google.search.cse.api30
2025-10-21 13:56:52,086 - DEBUG - GETCONF __owningcontrollerprocess (runtime: 0.0004)
2025-10-21 13:56:52,102 - INFO - TOR cport auth: True. TOR NEW IDENTITY. Sleep 3 sec.
2025-10-21 13:56:55,108 - INFO - Error while receiving a control message (SocketClosed): received exception "read of closed file"
2025-10-21 13:56:57,621 - INFO - SocksPort=9150 status=200 url=https://cse.google.com/cse/element/v1?rsz=filtered_cse&num=10&hl=en&source=gcsc&cselibv=6467658b9628de43&cx=3fb7efb248d74e652&safe=active&cse_tok=AEXjvhK-aRSlW1-eyEO4K9GvZpk5%3A1761026011757&sort=date&exp=cc%2Capo&rurl=https%3A%2F%2Fwww.social-searcher.com%2Flinkedincse.html%3Fq%3Dtest%26sort%3Ddate&q=Robinsons&start=40&callback=google.search.cse.api40
2025-10-21 13:57:00,767 - INFO - SocksPort=9150 status=200 url=https://cse.google.com/cse/element/v1?rsz=filtered_cse&num=10&hl=en&source=gcsc&cselibv=6467658b9628de43&cx=3fb7efb248d74e652&safe=active&cse_tok=AEXjvhK-aRSlW1-eyEO4K9GvZpk5%3A1761026011757&sort=date&exp=cc%2Capo&rurl=https%3A%2F%2Fwww.social-searcher.com%2Flinkedincse.html%3Fq%3Dtest%26sort%3Ddate&q=Robinsons&start=50&callback=google.search.cse.api50
2025-10-21 13:57:03,762 - INFO - SocksPort=9150 status=200 url=https://cse.google.com/cse/element/v1?rsz=filtered_cse&num=10&hl=en&source=gcsc&cselibv=6467658b9628de43&cx=3fb7efb248d74e652&safe=active&cse_tok=AEXjvhK-aRSlW1-eyEO4K9GvZpk5%3A1761026011757&sort=date&exp=cc%2Capo&rurl=https%3A%2F%2Fwww.social-searcher.com%2Flinkedincse.html%3Fq%3Dtest%26sort%3Ddate&q=Robinsons&start=60&callback=google.search.cse.api60
2025-10-21 13:57:06,175 - INFO - SocksPort=9150 status=200 url=https://cse.google.com/cse/element/v1?rsz=filtered_cse&num=10&hl=en&source=gcsc&cselibv=6467658b9628de43&cx=3fb7efb248d74e652&safe=active&cse_tok=AEXjvhK-aRSlW1-eyEO4K9GvZpk5%3A1761026011757&sort=date&exp=cc%2Capo&rurl=https%3A%2F%2Fwww.social-searcher.com%2Flinkedincse.html%3Fq%3Dtest%26sort%3Ddate&q=Robinsons&start=70&callback=google.search.cse.api70
2025-10-21 13:57:10,215 - INFO - SocksPort=9150 status=200 url=https://cse.google.com/cse/element/v1?rsz=filtered_cse&num=10&hl=en&source=gcsc&cselibv=6467658b9628de43&cx=3fb7efb248d74e652&safe=active&cse_tok=AEXjvhK-aRSlW1-eyEO4K9GvZpk5%3A1761026011757&sort=date&exp=cc%2Capo&rurl=https%3A%2F%2Fwww.social-searcher.com%2Flinkedincse.html%3Fq%3Dtest%26sort%3Ddate&q=Robinsons&start=80&callback=google.search.cse.api80
2025-10-21 13:57:10,221 - DEBUG - GETCONF __owningcontrollerprocess (runtime: 0.0004)
2025-10-21 13:57:10,238 - INFO - TOR cport auth: True. TOR NEW IDENTITY. Sleep 3 sec.
2025-10-21 13:57:13,244 - INFO - Error while receiving a control message (SocketClosed): received exception "read of closed file"
2025-10-21 13:57:16,722 - INFO - SocksPort=9150 status=200 url=https://cse.google.com/cse/element/v1?rsz=filtered_cse&num=10&hl=en&source=gcsc&cselibv=6467658b9628de43&cx=3fb7efb248d74e652&safe=active&cse_tok=AEXjvhK-aRSlW1-eyEO4K9GvZpk5%3A1761026011757&sort=date&exp=cc%2Capo&rurl=https%3A%2F%2Fwww.social-searcher.com%2Flinkedincse.html%3Fq%3Dtest%26sort%3Ddate&q=Robinsons&start=90&callback=google.search.cse.api90
2025-10-21 13:57:16,747 - INFO - [OK] Step completed: Execute social media search
2025-10-21 13:57:16,747 - INFO - [SUCCESS] Search process completed!
2025-10-21 13:57:16,747 - INFO - [SUMMARY] Search Summary:
2025-10-21 13:57:16,747 - INFO -    Query keyword: Robinsons
2025-10-21 13:57:16,747 - INFO -    Search platforms: 4 platforms
2025-10-21 13:57:16,747 - INFO -    Total results: 400
2025-10-21 13:57:16,747 - INFO -    FACEBOOK: 100 results
2025-10-21 13:57:16,747 - INFO -    TWITTER: 100 results
2025-10-21 13:57:16,747 - INFO -    INSTAGRAM: 100 results
2025-10-21 13:57:16,748 - INFO -    LINKEDIN: 100 results
2025-10-21 13:57:16,748 - INFO - Log saved to: logs/search_log.json
