2025-10-21 12:23:39,864 - INFO - [START] Starting social media search process - Query: 'Robinsons'
2025-10-21 12:23:39,865 - INFO - [INFO] Starting step: Get all platform CSE parameters
2025-10-21 12:23:59,647 - INFO - Added date sorting for FACEBOOK
2025-10-21 12:23:59,647 - INFO - Added date sorting for TWITTER
2025-10-21 12:23:59,647 - INFO - Added date sorting for INSTAGRAM
2025-10-21 12:23:59,647 - INFO - Added date sorting for LINKEDIN
2025-10-21 12:23:59,647 - INFO - [OK] Step completed: Get all platform CSE parameters
2025-10-21 12:23:59,647 - INFO - [INFO] Starting step: Save parameters
2025-10-21 12:23:59,648 - INFO - [OK] Step completed: Save parameters
2025-10-21 12:23:59,648 - INFO - [INFO] Starting step: Execute social media search
2025-10-21 12:24:04,995 - INFO - SocksPort=9150 status=200 url=https://cse.google.com/cse/element/v1?rsz=filtered_cse&num=10&hl=en&source=gcsc&cselibv=6467658b9628de43&cx=294a079ba2d4267d5&safe=active&cse_tok=AEXjvhLAKC39qpgWrefg6X2QxTlI%3A1761020622109&sort=date&exp=cc%2Capo&rurl=https%3A%2F%2Fwww.social-searcher.com%2Ffacebookcse.html%3Fq%3Dtest%26sort%3Ddate&q=Robinsons&start=0&callback=google.search.cse.api0
2025-10-21 12:24:09,110 - INFO - SocksPort=9150 status=200 url=https://cse.google.com/cse/element/v1?rsz=filtered_cse&num=10&hl=en&source=gcsc&cselibv=6467658b9628de43&cx=294a079ba2d4267d5&safe=active&cse_tok=AEXjvhLAKC39qpgWrefg6X2QxTlI%3A1761020622109&sort=date&exp=cc%2Capo&rurl=https%3A%2F%2Fwww.social-searcher.com%2Ffacebookcse.html%3Fq%3Dtest%26sort%3Ddate&q=Robinsons&start=10&callback=google.search.cse.api10
2025-10-21 12:24:13,677 - INFO - SocksPort=9150 status=200 url=https://cse.google.com/cse/element/v1?rsz=filtered_cse&num=10&hl=en&source=gcsc&cselibv=6467658b9628de43&cx=294a079ba2d4267d5&safe=active&cse_tok=AEXjvhLAKC39qpgWrefg6X2QxTlI%3A1761020622109&sort=date&exp=cc%2Capo&rurl=https%3A%2F%2Fwww.social-searcher.com%2Ffacebookcse.html%3Fq%3Dtest%26sort%3Ddate&q=Robinsons&start=20&callback=google.search.cse.api20
2025-10-21 12:24:18,206 - INFO - SocksPort=9150 status=200 url=https://cse.google.com/cse/element/v1?rsz=filtered_cse&num=10&hl=en&source=gcsc&cselibv=6467658b9628de43&cx=294a079ba2d4267d5&safe=active&cse_tok=AEXjvhLAKC39qpgWrefg6X2QxTlI%3A1761020622109&sort=date&exp=cc%2Capo&rurl=https%3A%2F%2Fwww.social-searcher.com%2Ffacebookcse.html%3Fq%3Dtest%26sort%3Ddate&q=Robinsons&start=30&callback=google.search.cse.api30
2025-10-21 12:24:25,885 - INFO - SocksPort=9150 status=200 url=https://cse.google.com/cse/element/v1?rsz=filtered_cse&num=10&hl=en&source=gcsc&cselibv=6467658b9628de43&cx=294a079ba2d4267d5&safe=active&cse_tok=AEXjvhLAKC39qpgWrefg6X2QxTlI%3A1761020622109&sort=date&exp=cc%2Capo&rurl=https%3A%2F%2Fwww.social-searcher.com%2Ffacebookcse.html%3Fq%3Dtest%26sort%3Ddate&q=Robinsons&start=40&callback=google.search.cse.api40
2025-10-21 12:24:25,909 - DEBUG - GETCONF __owningcontrollerprocess (runtime: 0.0009)
2025-10-21 12:24:25,963 - INFO - TOR cport auth: True. TOR NEW IDENTITY. Sleep 3 sec.
2025-10-21 12:24:28,969 - INFO - Error while receiving a control message (SocketClosed): received exception "read of closed file"
2025-10-21 12:24:31,111 - INFO - SocksPort=9150 status=200 url=https://cse.google.com/cse/element/v1?rsz=filtered_cse&num=10&hl=en&source=gcsc&cselibv=6467658b9628de43&cx=294a079ba2d4267d5&safe=active&cse_tok=AEXjvhLAKC39qpgWrefg6X2QxTlI%3A1761020622109&sort=date&exp=cc%2Capo&rurl=https%3A%2F%2Fwww.social-searcher.com%2Ffacebookcse.html%3Fq%3Dtest%26sort%3Ddate&q=Robinsons&start=50&callback=google.search.cse.api50
2025-10-21 12:24:36,023 - INFO - SocksPort=9150 status=200 url=https://cse.google.com/cse/element/v1?rsz=filtered_cse&num=10&hl=en&source=gcsc&cselibv=6467658b9628de43&cx=294a079ba2d4267d5&safe=active&cse_tok=AEXjvhLAKC39qpgWrefg6X2QxTlI%3A1761020622109&sort=date&exp=cc%2Capo&rurl=https%3A%2F%2Fwww.social-searcher.com%2Ffacebookcse.html%3Fq%3Dtest%26sort%3Ddate&q=Robinsons&start=60&callback=google.search.cse.api60
2025-10-21 12:24:37,850 - INFO - SocksPort=9150 status=200 url=https://cse.google.com/cse/element/v1?rsz=filtered_cse&num=10&hl=en&source=gcsc&cselibv=6467658b9628de43&cx=294a079ba2d4267d5&safe=active&cse_tok=AEXjvhLAKC39qpgWrefg6X2QxTlI%3A1761020622109&sort=date&exp=cc%2Capo&rurl=https%3A%2F%2Fwww.social-searcher.com%2Ffacebookcse.html%3Fq%3Dtest%26sort%3Ddate&q=Robinsons&start=70&callback=google.search.cse.api70
2025-10-21 12:24:40,013 - INFO - SocksPort=9150 status=200 url=https://cse.google.com/cse/element/v1?rsz=filtered_cse&num=10&hl=en&source=gcsc&cselibv=6467658b9628de43&cx=294a079ba2d4267d5&safe=active&cse_tok=AEXjvhLAKC39qpgWrefg6X2QxTlI%3A1761020622109&sort=date&exp=cc%2Capo&rurl=https%3A%2F%2Fwww.social-searcher.com%2Ffacebookcse.html%3Fq%3Dtest%26sort%3Ddate&q=Robinsons&start=80&callback=google.search.cse.api80
2025-10-21 12:24:42,536 - INFO - SocksPort=9150 status=200 url=https://cse.google.com/cse/element/v1?rsz=filtered_cse&num=10&hl=en&source=gcsc&cselibv=6467658b9628de43&cx=294a079ba2d4267d5&safe=active&cse_tok=AEXjvhLAKC39qpgWrefg6X2QxTlI%3A1761020622109&sort=date&exp=cc%2Capo&rurl=https%3A%2F%2Fwww.social-searcher.com%2Ffacebookcse.html%3Fq%3Dtest%26sort%3Ddate&q=Robinsons&start=90&callback=google.search.cse.api90
2025-10-21 12:24:42,543 - DEBUG - GETCONF __owningcontrollerprocess (runtime: 0.0005)
2025-10-21 12:24:42,559 - INFO - TOR cport auth: True. TOR NEW IDENTITY. Sleep 3 sec.
2025-10-21 12:24:45,564 - INFO - Error while receiving a control message (SocketClosed): received exception "read of closed file"
2025-10-21 12:24:53,841 - INFO - SocksPort=9150 status=200 url=https://cse.google.com/cse/element/v1?rsz=filtered_cse&num=10&hl=en&source=gcsc&cselibv=6467658b9628de43&cx=a72fbbffee86cd2d2&safe=active&cse_tok=AEXjvhLZy4Wrk3r8JihbFQvnu8nO%3A1761020627450&sort=date&exp=cc%2Capo&rurl=https%3A%2F%2Fwww.social-searcher.com%2Ftwittercse.html%3Fq%3Dtest%26sort%3Ddate&q=Robinsons&start=0&callback=google.search.cse.api0
2025-10-21 12:24:56,916 - INFO - SocksPort=9150 status=200 url=https://cse.google.com/cse/element/v1?rsz=filtered_cse&num=10&hl=en&source=gcsc&cselibv=6467658b9628de43&cx=a72fbbffee86cd2d2&safe=active&cse_tok=AEXjvhLZy4Wrk3r8JihbFQvnu8nO%3A1761020627450&sort=date&exp=cc%2Capo&rurl=https%3A%2F%2Fwww.social-searcher.com%2Ftwittercse.html%3Fq%3Dtest%26sort%3Ddate&q=Robinsons&start=10&callback=google.search.cse.api10
2025-10-21 12:25:02,138 - INFO - SocksPort=9150 status=200 url=https://cse.google.com/cse/element/v1?rsz=filtered_cse&num=10&hl=en&source=gcsc&cselibv=6467658b9628de43&cx=a72fbbffee86cd2d2&safe=active&cse_tok=AEXjvhLZy4Wrk3r8JihbFQvnu8nO%3A1761020627450&sort=date&exp=cc%2Capo&rurl=https%3A%2F%2Fwww.social-searcher.com%2Ftwittercse.html%3Fq%3Dtest%26sort%3Ddate&q=Robinsons&start=20&callback=google.search.cse.api20
2025-10-21 12:25:07,048 - INFO - SocksPort=9150 status=200 url=https://cse.google.com/cse/element/v1?rsz=filtered_cse&num=10&hl=en&source=gcsc&cselibv=6467658b9628de43&cx=a72fbbffee86cd2d2&safe=active&cse_tok=AEXjvhLZy4Wrk3r8JihbFQvnu8nO%3A1761020627450&sort=date&exp=cc%2Capo&rurl=https%3A%2F%2Fwww.social-searcher.com%2Ftwittercse.html%3Fq%3Dtest%26sort%3Ddate&q=Robinsons&start=30&callback=google.search.cse.api30
2025-10-21 12:25:11,965 - INFO - SocksPort=9150 status=200 url=https://cse.google.com/cse/element/v1?rsz=filtered_cse&num=10&hl=en&source=gcsc&cselibv=6467658b9628de43&cx=a72fbbffee86cd2d2&safe=active&cse_tok=AEXjvhLZy4Wrk3r8JihbFQvnu8nO%3A1761020627450&sort=date&exp=cc%2Capo&rurl=https%3A%2F%2Fwww.social-searcher.com%2Ftwittercse.html%3Fq%3Dtest%26sort%3Ddate&q=Robinsons&start=40&callback=google.search.cse.api40
2025-10-21 12:25:11,972 - DEBUG - GETCONF __owningcontrollerprocess (runtime: 0.0003)
2025-10-21 12:25:11,985 - INFO - TOR cport auth: True. TOR NEW IDENTITY. Sleep 3 sec.
2025-10-21 12:25:14,990 - INFO - Error while receiving a control message (SocketClosed): received exception "read of closed file"
2025-10-21 12:25:18,684 - INFO - SocksPort=9150 status=200 url=https://cse.google.com/cse/element/v1?rsz=filtered_cse&num=10&hl=en&source=gcsc&cselibv=6467658b9628de43&cx=a72fbbffee86cd2d2&safe=active&cse_tok=AEXjvhLZy4Wrk3r8JihbFQvnu8nO%3A1761020627450&sort=date&exp=cc%2Capo&rurl=https%3A%2F%2Fwww.social-searcher.com%2Ftwittercse.html%3Fq%3Dtest%26sort%3Ddate&q=Robinsons&start=50&callback=google.search.cse.api50
2025-10-21 12:25:27,022 - INFO - SocksPort=9150 status=200 url=https://cse.google.com/cse/element/v1?rsz=filtered_cse&num=10&hl=en&source=gcsc&cselibv=6467658b9628de43&cx=a72fbbffee86cd2d2&safe=active&cse_tok=AEXjvhLZy4Wrk3r8JihbFQvnu8nO%3A1761020627450&sort=date&exp=cc%2Capo&rurl=https%3A%2F%2Fwww.social-searcher.com%2Ftwittercse.html%3Fq%3Dtest%26sort%3Ddate&q=Robinsons&start=60&callback=google.search.cse.api60
2025-10-21 12:25:30,070 - INFO - SocksPort=9150 status=200 url=https://cse.google.com/cse/element/v1?rsz=filtered_cse&num=10&hl=en&source=gcsc&cselibv=6467658b9628de43&cx=a72fbbffee86cd2d2&safe=active&cse_tok=AEXjvhLZy4Wrk3r8JihbFQvnu8nO%3A1761020627450&sort=date&exp=cc%2Capo&rurl=https%3A%2F%2Fwww.social-searcher.com%2Ftwittercse.html%3Fq%3Dtest%26sort%3Ddate&q=Robinsons&start=70&callback=google.search.cse.api70
2025-10-21 12:25:34,091 - INFO - SocksPort=9150 status=200 url=https://cse.google.com/cse/element/v1?rsz=filtered_cse&num=10&hl=en&source=gcsc&cselibv=6467658b9628de43&cx=a72fbbffee86cd2d2&safe=active&cse_tok=AEXjvhLZy4Wrk3r8JihbFQvnu8nO%3A1761020627450&sort=date&exp=cc%2Capo&rurl=https%3A%2F%2Fwww.social-searcher.com%2Ftwittercse.html%3Fq%3Dtest%26sort%3Ddate&q=Robinsons&start=80&callback=google.search.cse.api80
2025-10-21 12:25:37,754 - INFO - SocksPort=9150 status=200 url=https://cse.google.com/cse/element/v1?rsz=filtered_cse&num=10&hl=en&source=gcsc&cselibv=6467658b9628de43&cx=a72fbbffee86cd2d2&safe=active&cse_tok=AEXjvhLZy4Wrk3r8JihbFQvnu8nO%3A1761020627450&sort=date&exp=cc%2Capo&rurl=https%3A%2F%2Fwww.social-searcher.com%2Ftwittercse.html%3Fq%3Dtest%26sort%3Ddate&q=Robinsons&start=90&callback=google.search.cse.api90
2025-10-21 12:25:37,760 - DEBUG - GETCONF __owningcontrollerprocess (runtime: 0.0004)
2025-10-21 12:25:37,778 - INFO - TOR cport auth: True. TOR NEW IDENTITY. Sleep 3 sec.
2025-10-21 12:25:40,784 - INFO - Error while receiving a control message (SocketClosed): received exception "read of closed file"
2025-10-21 12:25:44,837 - INFO - SocksPort=9150 status=200 url=https://cse.google.com/cse/element/v1?rsz=filtered_cse&num=10&hl=en&source=gcsc&cselibv=6467658b9628de43&cx=c4b97eed1414fcb14&safe=active&cse_tok=AEXjvhL6QrHjS6FyBwdx9cmfsQ5G%3A1761020631442&sort=date&exp=cc%2Capo&rurl=https%3A%2F%2Fwww.social-searcher.com%2Finstagramcse.html%3Fq%3Dtest%26sort%3Ddate&q=Robinsons&start=0&callback=google.search.cse.api0
2025-10-21 12:25:48,233 - INFO - SocksPort=9150 status=200 url=https://cse.google.com/cse/element/v1?rsz=filtered_cse&num=10&hl=en&source=gcsc&cselibv=6467658b9628de43&cx=c4b97eed1414fcb14&safe=active&cse_tok=AEXjvhL6QrHjS6FyBwdx9cmfsQ5G%3A1761020631442&sort=date&exp=cc%2Capo&rurl=https%3A%2F%2Fwww.social-searcher.com%2Finstagramcse.html%3Fq%3Dtest%26sort%3Ddate&q=Robinsons&start=10&callback=google.search.cse.api10
2025-10-21 12:25:51,901 - INFO - SocksPort=9150 status=200 url=https://cse.google.com/cse/element/v1?rsz=filtered_cse&num=10&hl=en&source=gcsc&cselibv=6467658b9628de43&cx=c4b97eed1414fcb14&safe=active&cse_tok=AEXjvhL6QrHjS6FyBwdx9cmfsQ5G%3A1761020631442&sort=date&exp=cc%2Capo&rurl=https%3A%2F%2Fwww.social-searcher.com%2Finstagramcse.html%3Fq%3Dtest%26sort%3Ddate&q=Robinsons&start=20&callback=google.search.cse.api20
2025-10-21 12:25:56,203 - INFO - SocksPort=9150 status=200 url=https://cse.google.com/cse/element/v1?rsz=filtered_cse&num=10&hl=en&source=gcsc&cselibv=6467658b9628de43&cx=c4b97eed1414fcb14&safe=active&cse_tok=AEXjvhL6QrHjS6FyBwdx9cmfsQ5G%3A1761020631442&sort=date&exp=cc%2Capo&rurl=https%3A%2F%2Fwww.social-searcher.com%2Finstagramcse.html%3Fq%3Dtest%26sort%3Ddate&q=Robinsons&start=30&callback=google.search.cse.api30
2025-10-21 12:26:00,504 - INFO - SocksPort=9150 status=200 url=https://cse.google.com/cse/element/v1?rsz=filtered_cse&num=10&hl=en&source=gcsc&cselibv=6467658b9628de43&cx=c4b97eed1414fcb14&safe=active&cse_tok=AEXjvhL6QrHjS6FyBwdx9cmfsQ5G%3A1761020631442&sort=date&exp=cc%2Capo&rurl=https%3A%2F%2Fwww.social-searcher.com%2Finstagramcse.html%3Fq%3Dtest%26sort%3Ddate&q=Robinsons&start=40&callback=google.search.cse.api40
2025-10-21 12:26:00,510 - DEBUG - GETCONF __owningcontrollerprocess (runtime: 0.0004)
2025-10-21 12:26:00,531 - INFO - TOR cport auth: True. TOR NEW IDENTITY. Sleep 3 sec.
2025-10-21 12:26:03,536 - INFO - Error while receiving a control message (SocketClosed): received exception "read of closed file"
2025-10-21 12:26:05,578 - INFO - SocksPort=9150 status=200 url=https://cse.google.com/cse/element/v1?rsz=filtered_cse&num=10&hl=en&source=gcsc&cselibv=6467658b9628de43&cx=c4b97eed1414fcb14&safe=active&cse_tok=AEXjvhL6QrHjS6FyBwdx9cmfsQ5G%3A1761020631442&sort=date&exp=cc%2Capo&rurl=https%3A%2F%2Fwww.social-searcher.com%2Finstagramcse.html%3Fq%3Dtest%26sort%3Ddate&q=Robinsons&start=50&callback=google.search.cse.api50
2025-10-21 12:26:10,152 - INFO - SocksPort=9150 status=200 url=https://cse.google.com/cse/element/v1?rsz=filtered_cse&num=10&hl=en&source=gcsc&cselibv=6467658b9628de43&cx=c4b97eed1414fcb14&safe=active&cse_tok=AEXjvhL6QrHjS6FyBwdx9cmfsQ5G%3A1761020631442&sort=date&exp=cc%2Capo&rurl=https%3A%2F%2Fwww.social-searcher.com%2Finstagramcse.html%3Fq%3Dtest%26sort%3Ddate&q=Robinsons&start=60&callback=google.search.cse.api60
2025-10-21 12:26:12,790 - INFO - SocksPort=9150 status=200 url=https://cse.google.com/cse/element/v1?rsz=filtered_cse&num=10&hl=en&source=gcsc&cselibv=6467658b9628de43&cx=c4b97eed1414fcb14&safe=active&cse_tok=AEXjvhL6QrHjS6FyBwdx9cmfsQ5G%3A1761020631442&sort=date&exp=cc%2Capo&rurl=https%3A%2F%2Fwww.social-searcher.com%2Finstagramcse.html%3Fq%3Dtest%26sort%3Ddate&q=Robinsons&start=70&callback=google.search.cse.api70
2025-10-21 12:26:16,193 - INFO - SocksPort=9150 status=200 url=https://cse.google.com/cse/element/v1?rsz=filtered_cse&num=10&hl=en&source=gcsc&cselibv=6467658b9628de43&cx=c4b97eed1414fcb14&safe=active&cse_tok=AEXjvhL6QrHjS6FyBwdx9cmfsQ5G%3A1761020631442&sort=date&exp=cc%2Capo&rurl=https%3A%2F%2Fwww.social-searcher.com%2Finstagramcse.html%3Fq%3Dtest%26sort%3Ddate&q=Robinsons&start=80&callback=google.search.cse.api80
2025-10-21 12:26:19,858 - INFO - SocksPort=9150 status=200 url=https://cse.google.com/cse/element/v1?rsz=filtered_cse&num=10&hl=en&source=gcsc&cselibv=6467658b9628de43&cx=c4b97eed1414fcb14&safe=active&cse_tok=AEXjvhL6QrHjS6FyBwdx9cmfsQ5G%3A1761020631442&sort=date&exp=cc%2Capo&rurl=https%3A%2F%2Fwww.social-searcher.com%2Finstagramcse.html%3Fq%3Dtest%26sort%3Ddate&q=Robinsons&start=90&callback=google.search.cse.api90
2025-10-21 12:26:19,864 - DEBUG - GETCONF __owningcontrollerprocess (runtime: 0.0003)
2025-10-21 12:26:19,880 - INFO - TOR cport auth: True. TOR NEW IDENTITY. Sleep 3 sec.
2025-10-21 12:26:22,885 - INFO - Error while receiving a control message (SocketClosed): received exception "read of closed file"
2025-10-21 12:26:28,455 - INFO - SocksPort=9150 status=200 url=https://cse.google.com/cse/element/v1?rsz=filtered_cse&num=10&hl=en&source=gcsc&cselibv=6467658b9628de43&cx=3fb7efb248d74e652&safe=active&cse_tok=AEXjvhJWES_JUwiapijqvzHwYbhs%3A1761020636696&sort=date&exp=cc%2Capo&rurl=https%3A%2F%2Fwww.social-searcher.com%2Flinkedincse.html%3Fq%3Dtest%26sort%3Ddate&q=Robinsons&start=0&callback=google.search.cse.api0
2025-10-21 12:26:32,713 - INFO - SocksPort=9150 status=200 url=https://cse.google.com/cse/element/v1?rsz=filtered_cse&num=10&hl=en&source=gcsc&cselibv=6467658b9628de43&cx=3fb7efb248d74e652&safe=active&cse_tok=AEXjvhJWES_JUwiapijqvzHwYbhs%3A1761020636696&sort=date&exp=cc%2Capo&rurl=https%3A%2F%2Fwww.social-searcher.com%2Flinkedincse.html%3Fq%3Dtest%26sort%3Ddate&q=Robinsons&start=10&callback=google.search.cse.api10
2025-10-21 12:26:34,912 - INFO - SocksPort=9150 status=200 url=https://cse.google.com/cse/element/v1?rsz=filtered_cse&num=10&hl=en&source=gcsc&cselibv=6467658b9628de43&cx=3fb7efb248d74e652&safe=active&cse_tok=AEXjvhJWES_JUwiapijqvzHwYbhs%3A1761020636696&sort=date&exp=cc%2Capo&rurl=https%3A%2F%2Fwww.social-searcher.com%2Flinkedincse.html%3Fq%3Dtest%26sort%3Ddate&q=Robinsons&start=20&callback=google.search.cse.api20
2025-10-21 12:26:39,421 - INFO - SocksPort=9150 status=200 url=https://cse.google.com/cse/element/v1?rsz=filtered_cse&num=10&hl=en&source=gcsc&cselibv=6467658b9628de43&cx=3fb7efb248d74e652&safe=active&cse_tok=AEXjvhJWES_JUwiapijqvzHwYbhs%3A1761020636696&sort=date&exp=cc%2Capo&rurl=https%3A%2F%2Fwww.social-searcher.com%2Flinkedincse.html%3Fq%3Dtest%26sort%3Ddate&q=Robinsons&start=30&callback=google.search.cse.api30
2025-10-21 12:26:43,511 - INFO - SocksPort=9150 status=200 url=https://cse.google.com/cse/element/v1?rsz=filtered_cse&num=10&hl=en&source=gcsc&cselibv=6467658b9628de43&cx=3fb7efb248d74e652&safe=active&cse_tok=AEXjvhJWES_JUwiapijqvzHwYbhs%3A1761020636696&sort=date&exp=cc%2Capo&rurl=https%3A%2F%2Fwww.social-searcher.com%2Flinkedincse.html%3Fq%3Dtest%26sort%3Ddate&q=Robinsons&start=40&callback=google.search.cse.api40
2025-10-21 12:26:43,517 - DEBUG - GETCONF __owningcontrollerprocess (runtime: 0.0003)
2025-10-21 12:26:43,533 - INFO - TOR cport auth: True. TOR NEW IDENTITY. Sleep 3 sec.
2025-10-21 12:26:46,539 - INFO - Error while receiving a control message (SocketClosed): received exception "read of closed file"
2025-10-21 12:26:49,774 - INFO - SocksPort=9150 status=200 url=https://cse.google.com/cse/element/v1?rsz=filtered_cse&num=10&hl=en&source=gcsc&cselibv=6467658b9628de43&cx=3fb7efb248d74e652&safe=active&cse_tok=AEXjvhJWES_JUwiapijqvzHwYbhs%3A1761020636696&sort=date&exp=cc%2Capo&rurl=https%3A%2F%2Fwww.social-searcher.com%2Flinkedincse.html%3Fq%3Dtest%26sort%3Ddate&q=Robinsons&start=50&callback=google.search.cse.api50
2025-10-21 12:26:52,454 - INFO - SocksPort=9150 status=200 url=https://cse.google.com/cse/element/v1?rsz=filtered_cse&num=10&hl=en&source=gcsc&cselibv=6467658b9628de43&cx=3fb7efb248d74e652&safe=active&cse_tok=AEXjvhJWES_JUwiapijqvzHwYbhs%3A1761020636696&sort=date&exp=cc%2Capo&rurl=https%3A%2F%2Fwww.social-searcher.com%2Flinkedincse.html%3Fq%3Dtest%26sort%3Ddate&q=Robinsons&start=60&callback=google.search.cse.api60
2025-10-21 12:26:57,643 - INFO - SocksPort=9150 status=200 url=https://cse.google.com/cse/element/v1?rsz=filtered_cse&num=10&hl=en&source=gcsc&cselibv=6467658b9628de43&cx=3fb7efb248d74e652&safe=active&cse_tok=AEXjvhJWES_JUwiapijqvzHwYbhs%3A1761020636696&sort=date&exp=cc%2Capo&rurl=https%3A%2F%2Fwww.social-searcher.com%2Flinkedincse.html%3Fq%3Dtest%26sort%3Ddate&q=Robinsons&start=70&callback=google.search.cse.api70
2025-10-21 12:27:01,944 - INFO - SocksPort=9150 status=200 url=https://cse.google.com/cse/element/v1?rsz=filtered_cse&num=10&hl=en&source=gcsc&cselibv=6467658b9628de43&cx=3fb7efb248d74e652&safe=active&cse_tok=AEXjvhJWES_JUwiapijqvzHwYbhs%3A1761020636696&sort=date&exp=cc%2Capo&rurl=https%3A%2F%2Fwww.social-searcher.com%2Flinkedincse.html%3Fq%3Dtest%26sort%3Ddate&q=Robinsons&start=80&callback=google.search.cse.api80
2025-10-21 12:27:07,166 - INFO - SocksPort=9150 status=200 url=https://cse.google.com/cse/element/v1?rsz=filtered_cse&num=10&hl=en&source=gcsc&cselibv=6467658b9628de43&cx=3fb7efb248d74e652&safe=active&cse_tok=AEXjvhJWES_JUwiapijqvzHwYbhs%3A1761020636696&sort=date&exp=cc%2Capo&rurl=https%3A%2F%2Fwww.social-searcher.com%2Flinkedincse.html%3Fq%3Dtest%26sort%3Ddate&q=Robinsons&start=90&callback=google.search.cse.api90
2025-10-21 12:27:07,173 - DEBUG - GETCONF __owningcontrollerprocess (runtime: 0.0003)
2025-10-21 12:27:07,187 - INFO - TOR cport auth: True. TOR NEW IDENTITY. Sleep 3 sec.
2025-10-21 12:27:10,193 - INFO - Error while receiving a control message (SocketClosed): received exception "[Errno 9] Bad file descriptor"
2025-10-21 12:27:10,208 - INFO - [OK] Step completed: Execute social media search
2025-10-21 12:27:10,208 - INFO - [SUCCESS] Search process completed!
2025-10-21 12:27:10,208 - INFO - [SUMMARY] Search Summary:
2025-10-21 12:27:10,208 - INFO -    Query keyword: Robinsons
2025-10-21 12:27:10,209 - INFO -    Search platforms: 4 platforms
2025-10-21 12:27:10,209 - INFO -    Total results: 400
2025-10-21 12:27:10,209 - INFO -    FACEBOOK: 100 results
2025-10-21 12:27:10,209 - INFO -    TWITTER: 100 results
2025-10-21 12:27:10,209 - INFO -    INSTAGRAM: 100 results
2025-10-21 12:27:10,209 - INFO -    LINKEDIN: 100 results
2025-10-21 12:27:10,210 - INFO - Log saved to: logs/search_log.json
