2025-10-21 15:03:48,489 - INFO - [START] Starting social media search process - Query: 'Robinsons'
2025-10-21 15:03:48,489 - INFO - [INFO] Starting step: Get all platform CSE parameters
2025-10-21 15:04:09,421 - INFO - Added date sorting for FACEBOOK
2025-10-21 15:04:09,421 - INFO - Added date sorting for TWITTER
2025-10-21 15:04:09,421 - INFO - Added date sorting for INSTAGRAM
2025-10-21 15:04:09,421 - INFO - Added date sorting for LINKEDIN
2025-10-21 15:04:09,421 - INFO - [OK] Step completed: Get all platform CSE parameters
2025-10-21 15:04:09,421 - INFO - [INFO] Starting step: Save parameters
2025-10-21 15:04:09,422 - INFO - [OK] Step completed: Save parameters
2025-10-21 15:04:09,422 - INFO - [INFO] Starting step: Execute social media search
2025-10-21 15:04:12,375 - INFO - SocksPort=9150 status=200 url=https://cse.google.com/cse/element/v1?rsz=filtered_cse&num=10&hl=en&source=gcsc&cselibv=6467658b9628de43&cx=294a079ba2d4267d5&safe=active&cse_tok=AEXjvhItwNFAsfyhVBGRYQdTr37y%3A1761030231064&sort=date&exp=cc%2Capo&rurl=https%3A%2F%2Fwww.social-searcher.com%2Ffacebookcse.html%3Fq%3Dtest%26sort%3Ddate&q=Robinsons&start=0&callback=google.search.cse.api0
2025-10-21 15:04:17,812 - INFO - SocksPort=9150 status=200 url=https://cse.google.com/cse/element/v1?rsz=filtered_cse&num=10&hl=en&source=gcsc&cselibv=6467658b9628de43&cx=294a079ba2d4267d5&safe=active&cse_tok=AEXjvhItwNFAsfyhVBGRYQdTr37y%3A1761030231064&sort=date&exp=cc%2Capo&rurl=https%3A%2F%2Fwww.social-searcher.com%2Ffacebookcse.html%3Fq%3Dtest%26sort%3Ddate&q=Robinsons&start=10&callback=google.search.cse.api10
2025-10-21 15:04:21,262 - INFO - SocksPort=9150 status=200 url=https://cse.google.com/cse/element/v1?rsz=filtered_cse&num=10&hl=en&source=gcsc&cselibv=6467658b9628de43&cx=294a079ba2d4267d5&safe=active&cse_tok=AEXjvhItwNFAsfyhVBGRYQdTr37y%3A1761030231064&sort=date&exp=cc%2Capo&rurl=https%3A%2F%2Fwww.social-searcher.com%2Ffacebookcse.html%3Fq%3Dtest%26sort%3Ddate&q=Robinsons&start=20&callback=google.search.cse.api20
2025-10-21 15:04:23,767 - INFO - SocksPort=9150 status=200 url=https://cse.google.com/cse/element/v1?rsz=filtered_cse&num=10&hl=en&source=gcsc&cselibv=6467658b9628de43&cx=294a079ba2d4267d5&safe=active&cse_tok=AEXjvhItwNFAsfyhVBGRYQdTr37y%3A1761030231064&sort=date&exp=cc%2Capo&rurl=https%3A%2F%2Fwww.social-searcher.com%2Ffacebookcse.html%3Fq%3Dtest%26sort%3Ddate&q=Robinsons&start=30&callback=google.search.cse.api30
2025-10-21 15:04:28,372 - INFO - SocksPort=9150 status=200 url=https://cse.google.com/cse/element/v1?rsz=filtered_cse&num=10&hl=en&source=gcsc&cselibv=6467658b9628de43&cx=294a079ba2d4267d5&safe=active&cse_tok=AEXjvhItwNFAsfyhVBGRYQdTr37y%3A1761030231064&sort=date&exp=cc%2Capo&rurl=https%3A%2F%2Fwww.social-searcher.com%2Ffacebookcse.html%3Fq%3Dtest%26sort%3Ddate&q=Robinsons&start=40&callback=google.search.cse.api40
2025-10-21 15:04:28,389 - DEBUG - GETCONF __owningcontrollerprocess (runtime: 0.0007)
2025-10-21 15:04:28,410 - INFO - TOR cport auth: True. TOR NEW IDENTITY. Sleep 3 sec.
2025-10-21 15:04:31,415 - INFO - Error while receiving a control message (SocketClosed): received exception "read of closed file"
2025-10-21 15:04:34,464 - INFO - SocksPort=9150 status=200 url=https://cse.google.com/cse/element/v1?rsz=filtered_cse&num=10&hl=en&source=gcsc&cselibv=6467658b9628de43&cx=294a079ba2d4267d5&safe=active&cse_tok=AEXjvhItwNFAsfyhVBGRYQdTr37y%3A1761030231064&sort=date&exp=cc%2Capo&rurl=https%3A%2F%2Fwww.social-searcher.com%2Ffacebookcse.html%3Fq%3Dtest%26sort%3Ddate&q=Robinsons&start=50&callback=google.search.cse.api50
2025-10-21 15:04:37,282 - INFO - SocksPort=9150 status=200 url=https://cse.google.com/cse/element/v1?rsz=filtered_cse&num=10&hl=en&source=gcsc&cselibv=6467658b9628de43&cx=294a079ba2d4267d5&safe=active&cse_tok=AEXjvhItwNFAsfyhVBGRYQdTr37y%3A1761030231064&sort=date&exp=cc%2Capo&rurl=https%3A%2F%2Fwww.social-searcher.com%2Ffacebookcse.html%3Fq%3Dtest%26sort%3Ddate&q=Robinsons&start=60&callback=google.search.cse.api60
2025-10-21 15:04:42,389 - INFO - SocksPort=9150 status=200 url=https://cse.google.com/cse/element/v1?rsz=filtered_cse&num=10&hl=en&source=gcsc&cselibv=6467658b9628de43&cx=294a079ba2d4267d5&safe=active&cse_tok=AEXjvhItwNFAsfyhVBGRYQdTr37y%3A1761030231064&sort=date&exp=cc%2Capo&rurl=https%3A%2F%2Fwww.social-searcher.com%2Ffacebookcse.html%3Fq%3Dtest%26sort%3Ddate&q=Robinsons&start=70&callback=google.search.cse.api70
2025-10-21 15:04:46,850 - INFO - SocksPort=9150 status=200 url=https://cse.google.com/cse/element/v1?rsz=filtered_cse&num=10&hl=en&source=gcsc&cselibv=6467658b9628de43&cx=294a079ba2d4267d5&safe=active&cse_tok=AEXjvhItwNFAsfyhVBGRYQdTr37y%3A1761030231064&sort=date&exp=cc%2Capo&rurl=https%3A%2F%2Fwww.social-searcher.com%2Ffacebookcse.html%3Fq%3Dtest%26sort%3Ddate&q=Robinsons&start=80&callback=google.search.cse.api80
2025-10-21 15:04:51,082 - INFO - SocksPort=9150 status=200 url=https://cse.google.com/cse/element/v1?rsz=filtered_cse&num=10&hl=en&source=gcsc&cselibv=6467658b9628de43&cx=294a079ba2d4267d5&safe=active&cse_tok=AEXjvhItwNFAsfyhVBGRYQdTr37y%3A1761030231064&sort=date&exp=cc%2Capo&rurl=https%3A%2F%2Fwww.social-searcher.com%2Ffacebookcse.html%3Fq%3Dtest%26sort%3Ddate&q=Robinsons&start=90&callback=google.search.cse.api90
2025-10-21 15:04:51,088 - DEBUG - GETCONF __owningcontrollerprocess (runtime: 0.0005)
2025-10-21 15:04:51,103 - INFO - TOR cport auth: True. TOR NEW IDENTITY. Sleep 3 sec.
2025-10-21 15:04:54,109 - INFO - Error while receiving a control message (SocketClosed): received exception "read of closed file"
2025-10-21 15:04:56,393 - INFO - SocksPort=9150 status=200 url=https://cse.google.com/cse/element/v1?rsz=filtered_cse&num=10&hl=en&source=gcsc&cselibv=6467658b9628de43&cx=a72fbbffee86cd2d2&safe=active&cse_tok=AEXjvhK8FfYg1zJ5KxkKf8dg2OMS%3A1761030235896&sort=date&exp=cc%2Capo&rurl=https%3A%2F%2Fwww.social-searcher.com%2Ftwittercse.html%3Fq%3Dtest%26sort%3Ddate&q=Robinsons&start=0&callback=google.search.cse.api0
2025-10-21 15:05:00,362 - INFO - SocksPort=9150 status=200 url=https://cse.google.com/cse/element/v1?rsz=filtered_cse&num=10&hl=en&source=gcsc&cselibv=6467658b9628de43&cx=a72fbbffee86cd2d2&safe=active&cse_tok=AEXjvhK8FfYg1zJ5KxkKf8dg2OMS%3A1761030235896&sort=date&exp=cc%2Capo&rurl=https%3A%2F%2Fwww.social-searcher.com%2Ftwittercse.html%3Fq%3Dtest%26sort%3Ddate&q=Robinsons&start=10&callback=google.search.cse.api10
2025-10-21 15:05:05,330 - INFO - SocksPort=9150 status=200 url=https://cse.google.com/cse/element/v1?rsz=filtered_cse&num=10&hl=en&source=gcsc&cselibv=6467658b9628de43&cx=a72fbbffee86cd2d2&safe=active&cse_tok=AEXjvhK8FfYg1zJ5KxkKf8dg2OMS%3A1761030235896&sort=date&exp=cc%2Capo&rurl=https%3A%2F%2Fwww.social-searcher.com%2Ftwittercse.html%3Fq%3Dtest%26sort%3Ddate&q=Robinsons&start=20&callback=google.search.cse.api20
2025-10-21 15:05:11,197 - INFO - SocksPort=9150 status=200 url=https://cse.google.com/cse/element/v1?rsz=filtered_cse&num=10&hl=en&source=gcsc&cselibv=6467658b9628de43&cx=a72fbbffee86cd2d2&safe=active&cse_tok=AEXjvhK8FfYg1zJ5KxkKf8dg2OMS%3A1761030235896&sort=date&exp=cc%2Capo&rurl=https%3A%2F%2Fwww.social-searcher.com%2Ftwittercse.html%3Fq%3Dtest%26sort%3Ddate&q=Robinsons&start=30&callback=google.search.cse.api30
2025-10-21 15:05:15,717 - INFO - SocksPort=9150 status=200 url=https://cse.google.com/cse/element/v1?rsz=filtered_cse&num=10&hl=en&source=gcsc&cselibv=6467658b9628de43&cx=a72fbbffee86cd2d2&safe=active&cse_tok=AEXjvhK8FfYg1zJ5KxkKf8dg2OMS%3A1761030235896&sort=date&exp=cc%2Capo&rurl=https%3A%2F%2Fwww.social-searcher.com%2Ftwittercse.html%3Fq%3Dtest%26sort%3Ddate&q=Robinsons&start=40&callback=google.search.cse.api40
2025-10-21 15:05:15,724 - DEBUG - GETCONF __owningcontrollerprocess (runtime: 0.0003)
2025-10-21 15:05:15,739 - INFO - TOR cport auth: True. TOR NEW IDENTITY. Sleep 3 sec.
2025-10-21 15:05:18,745 - INFO - Error while receiving a control message (SocketClosed): received exception "read of closed file"
2025-10-21 15:05:24,333 - INFO - SocksPort=9150 status=200 url=https://cse.google.com/cse/element/v1?rsz=filtered_cse&num=10&hl=en&source=gcsc&cselibv=6467658b9628de43&cx=a72fbbffee86cd2d2&safe=active&cse_tok=AEXjvhK8FfYg1zJ5KxkKf8dg2OMS%3A1761030235896&sort=date&exp=cc%2Capo&rurl=https%3A%2F%2Fwww.social-searcher.com%2Ftwittercse.html%3Fq%3Dtest%26sort%3Ddate&q=Robinsons&start=50&callback=google.search.cse.api50
2025-10-21 15:05:28,191 - INFO - SocksPort=9150 status=200 url=https://cse.google.com/cse/element/v1?rsz=filtered_cse&num=10&hl=en&source=gcsc&cselibv=6467658b9628de43&cx=a72fbbffee86cd2d2&safe=active&cse_tok=AEXjvhK8FfYg1zJ5KxkKf8dg2OMS%3A1761030235896&sort=date&exp=cc%2Capo&rurl=https%3A%2F%2Fwww.social-searcher.com%2Ftwittercse.html%3Fq%3Dtest%26sort%3Ddate&q=Robinsons&start=60&callback=google.search.cse.api60
2025-10-21 15:05:33,447 - INFO - SocksPort=9150 status=200 url=https://cse.google.com/cse/element/v1?rsz=filtered_cse&num=10&hl=en&source=gcsc&cselibv=6467658b9628de43&cx=a72fbbffee86cd2d2&safe=active&cse_tok=AEXjvhK8FfYg1zJ5KxkKf8dg2OMS%3A1761030235896&sort=date&exp=cc%2Capo&rurl=https%3A%2F%2Fwww.social-searcher.com%2Ftwittercse.html%3Fq%3Dtest%26sort%3Ddate&q=Robinsons&start=70&callback=google.search.cse.api70
2025-10-21 15:05:36,826 - INFO - SocksPort=9150 status=200 url=https://cse.google.com/cse/element/v1?rsz=filtered_cse&num=10&hl=en&source=gcsc&cselibv=6467658b9628de43&cx=a72fbbffee86cd2d2&safe=active&cse_tok=AEXjvhK8FfYg1zJ5KxkKf8dg2OMS%3A1761030235896&sort=date&exp=cc%2Capo&rurl=https%3A%2F%2Fwww.social-searcher.com%2Ftwittercse.html%3Fq%3Dtest%26sort%3Ddate&q=Robinsons&start=80&callback=google.search.cse.api80
2025-10-21 15:05:39,758 - INFO - SocksPort=9150 status=200 url=https://cse.google.com/cse/element/v1?rsz=filtered_cse&num=10&hl=en&source=gcsc&cselibv=6467658b9628de43&cx=a72fbbffee86cd2d2&safe=active&cse_tok=AEXjvhK8FfYg1zJ5KxkKf8dg2OMS%3A1761030235896&sort=date&exp=cc%2Capo&rurl=https%3A%2F%2Fwww.social-searcher.com%2Ftwittercse.html%3Fq%3Dtest%26sort%3Ddate&q=Robinsons&start=90&callback=google.search.cse.api90
2025-10-21 15:05:39,764 - DEBUG - GETCONF __owningcontrollerprocess (runtime: 0.0003)
2025-10-21 15:05:39,781 - INFO - TOR cport auth: True. TOR NEW IDENTITY. Sleep 3 sec.
2025-10-21 15:05:42,786 - INFO - Error while receiving a control message (SocketClosed): received exception "read of closed file"
2025-10-21 15:05:45,774 - INFO - SocksPort=9150 status=200 url=https://cse.google.com/cse/element/v1?rsz=filtered_cse&num=10&hl=en&source=gcsc&cselibv=6467658b9628de43&cx=c4b97eed1414fcb14&safe=active&cse_tok=AEXjvhLVu8iKPAnRiIcZ5jMirzMq%3A1761030240685&sort=date&exp=cc%2Capo&rurl=https%3A%2F%2Fwww.social-searcher.com%2Finstagramcse.html%3Fq%3Dtest%26sort%3Ddate&q=Robinsons&start=0&callback=google.search.cse.api0
2025-10-21 15:05:49,474 - INFO - SocksPort=9150 status=200 url=https://cse.google.com/cse/element/v1?rsz=filtered_cse&num=10&hl=en&source=gcsc&cselibv=6467658b9628de43&cx=c4b97eed1414fcb14&safe=active&cse_tok=AEXjvhLVu8iKPAnRiIcZ5jMirzMq%3A1761030240685&sort=date&exp=cc%2Capo&rurl=https%3A%2F%2Fwww.social-searcher.com%2Finstagramcse.html%3Fq%3Dtest%26sort%3Ddate&q=Robinsons&start=10&callback=google.search.cse.api10
2025-10-21 15:05:51,336 - INFO - SocksPort=9150 status=200 url=https://cse.google.com/cse/element/v1?rsz=filtered_cse&num=10&hl=en&source=gcsc&cselibv=6467658b9628de43&cx=c4b97eed1414fcb14&safe=active&cse_tok=AEXjvhLVu8iKPAnRiIcZ5jMirzMq%3A1761030240685&sort=date&exp=cc%2Capo&rurl=https%3A%2F%2Fwww.social-searcher.com%2Finstagramcse.html%3Fq%3Dtest%26sort%3Ddate&q=Robinsons&start=20&callback=google.search.cse.api20
2025-10-21 15:05:53,775 - INFO - SocksPort=9150 status=200 url=https://cse.google.com/cse/element/v1?rsz=filtered_cse&num=10&hl=en&source=gcsc&cselibv=6467658b9628de43&cx=c4b97eed1414fcb14&safe=active&cse_tok=AEXjvhLVu8iKPAnRiIcZ5jMirzMq%3A1761030240685&sort=date&exp=cc%2Capo&rurl=https%3A%2F%2Fwww.social-searcher.com%2Finstagramcse.html%3Fq%3Dtest%26sort%3Ddate&q=Robinsons&start=30&callback=google.search.cse.api30
2025-10-21 15:05:59,305 - INFO - SocksPort=9150 status=200 url=https://cse.google.com/cse/element/v1?rsz=filtered_cse&num=10&hl=en&source=gcsc&cselibv=6467658b9628de43&cx=c4b97eed1414fcb14&safe=active&cse_tok=AEXjvhLVu8iKPAnRiIcZ5jMirzMq%3A1761030240685&sort=date&exp=cc%2Capo&rurl=https%3A%2F%2Fwww.social-searcher.com%2Finstagramcse.html%3Fq%3Dtest%26sort%3Ddate&q=Robinsons&start=40&callback=google.search.cse.api40
2025-10-21 15:05:59,313 - DEBUG - GETCONF __owningcontrollerprocess (runtime: 0.0003)
2025-10-21 15:05:59,326 - INFO - TOR cport auth: True. TOR NEW IDENTITY. Sleep 3 sec.
2025-10-21 15:06:02,332 - INFO - Error while receiving a control message (SocketClosed): received exception "read of closed file"
2025-10-21 15:06:07,130 - INFO - SocksPort=9150 status=200 url=https://cse.google.com/cse/element/v1?rsz=filtered_cse&num=10&hl=en&source=gcsc&cselibv=6467658b9628de43&cx=c4b97eed1414fcb14&safe=active&cse_tok=AEXjvhLVu8iKPAnRiIcZ5jMirzMq%3A1761030240685&sort=date&exp=cc%2Capo&rurl=https%3A%2F%2Fwww.social-searcher.com%2Finstagramcse.html%3Fq%3Dtest%26sort%3Ddate&q=Robinsons&start=50&callback=google.search.cse.api50
2025-10-21 15:06:07,138 - DEBUG - GETCONF __owningcontrollerprocess (runtime: 0.0002)
2025-10-21 15:06:07,139 - INFO - TOR cport auth: True. TOR NEW IDENTITY. Sleep 3 sec.
2025-10-21 15:06:10,144 - INFO - Error while receiving a control message (SocketClosed): received exception "read of closed file"
2025-10-21 15:06:32,174 - INFO - SocksPort=9150 status=200 url=https://cse.google.com/cse/element/v1?rsz=filtered_cse&num=10&hl=en&source=gcsc&cselibv=6467658b9628de43&cx=c4b97eed1414fcb14&safe=active&cse_tok=AEXjvhLts0PNv--1m41fcZduUY8n%3A1761030378981&sort=&exp=cc%2Capo&rurl=https%3A%2F%2Fwww.social-searcher.com%2Finstagramcse.html%3Fq%3Dtest%26sort%3Ddate&q=Robinsons&start=50&callback=google.search.cse.api50
2025-10-21 15:06:40,143 - INFO - SocksPort=9150 status=200 url=https://cse.google.com/cse/element/v1?rsz=filtered_cse&num=10&hl=en&source=gcsc&cselibv=6467658b9628de43&cx=c4b97eed1414fcb14&safe=active&cse_tok=AEXjvhLts0PNv--1m41fcZduUY8n%3A1761030378981&sort=&exp=cc%2Capo&rurl=https%3A%2F%2Fwww.social-searcher.com%2Finstagramcse.html%3Fq%3Dtest%26sort%3Ddate&q=Robinsons&start=60&callback=google.search.cse.api60
2025-10-21 15:06:44,770 - INFO - SocksPort=9150 status=200 url=https://cse.google.com/cse/element/v1?rsz=filtered_cse&num=10&hl=en&source=gcsc&cselibv=6467658b9628de43&cx=c4b97eed1414fcb14&safe=active&cse_tok=AEXjvhLts0PNv--1m41fcZduUY8n%3A1761030378981&sort=&exp=cc%2Capo&rurl=https%3A%2F%2Fwww.social-searcher.com%2Finstagramcse.html%3Fq%3Dtest%26sort%3Ddate&q=Robinsons&start=70&callback=google.search.cse.api70
2025-10-21 15:06:47,514 - INFO - SocksPort=9150 status=200 url=https://cse.google.com/cse/element/v1?rsz=filtered_cse&num=10&hl=en&source=gcsc&cselibv=6467658b9628de43&cx=c4b97eed1414fcb14&safe=active&cse_tok=AEXjvhLts0PNv--1m41fcZduUY8n%3A1761030378981&sort=&exp=cc%2Capo&rurl=https%3A%2F%2Fwww.social-searcher.com%2Finstagramcse.html%3Fq%3Dtest%26sort%3Ddate&q=Robinsons&start=80&callback=google.search.cse.api80
2025-10-21 15:06:47,521 - DEBUG - GETCONF __owningcontrollerprocess (runtime: 0.0004)
2025-10-21 15:06:47,537 - INFO - TOR cport auth: True. TOR NEW IDENTITY. Sleep 3 sec.
2025-10-21 15:06:50,542 - INFO - Error while receiving a control message (SocketClosed): received exception "read of closed file"
2025-10-21 15:06:53,280 - INFO - SocksPort=9150 status=200 url=https://cse.google.com/cse/element/v1?rsz=filtered_cse&num=10&hl=en&source=gcsc&cselibv=6467658b9628de43&cx=c4b97eed1414fcb14&safe=active&cse_tok=AEXjvhLts0PNv--1m41fcZduUY8n%3A1761030378981&sort=&exp=cc%2Capo&rurl=https%3A%2F%2Fwww.social-searcher.com%2Finstagramcse.html%3Fq%3Dtest%26sort%3Ddate&q=Robinsons&start=90&callback=google.search.cse.api90
2025-10-21 15:06:55,523 - INFO - SocksPort=9150 status=200 url=https://cse.google.com/cse/element/v1?rsz=filtered_cse&num=10&hl=en&source=gcsc&cselibv=6467658b9628de43&cx=3fb7efb248d74e652&safe=active&cse_tok=AEXjvhK_P21_YPI5ekhds-qL-ras%3A1761030246161&sort=date&exp=cc%2Capo&rurl=https%3A%2F%2Fwww.social-searcher.com%2Flinkedincse.html%3Fq%3Dtest%26sort%3Ddate&q=Robinsons&start=0&callback=google.search.cse.api0
2025-10-21 15:07:01,055 - INFO - SocksPort=9150 status=200 url=https://cse.google.com/cse/element/v1?rsz=filtered_cse&num=10&hl=en&source=gcsc&cselibv=6467658b9628de43&cx=3fb7efb248d74e652&safe=active&cse_tok=AEXjvhK_P21_YPI5ekhds-qL-ras%3A1761030246161&sort=date&exp=cc%2Capo&rurl=https%3A%2F%2Fwww.social-searcher.com%2Flinkedincse.html%3Fq%3Dtest%26sort%3Ddate&q=Robinsons&start=10&callback=google.search.cse.api10
2025-10-21 15:07:04,432 - INFO - SocksPort=9150 status=200 url=https://cse.google.com/cse/element/v1?rsz=filtered_cse&num=10&hl=en&source=gcsc&cselibv=6467658b9628de43&cx=3fb7efb248d74e652&safe=active&cse_tok=AEXjvhK_P21_YPI5ekhds-qL-ras%3A1761030246161&sort=date&exp=cc%2Capo&rurl=https%3A%2F%2Fwww.social-searcher.com%2Flinkedincse.html%3Fq%3Dtest%26sort%3Ddate&q=Robinsons&start=20&callback=google.search.cse.api20
2025-10-21 15:07:11,190 - INFO - SocksPort=9150 status=200 url=https://cse.google.com/cse/element/v1?rsz=filtered_cse&num=10&hl=en&source=gcsc&cselibv=6467658b9628de43&cx=3fb7efb248d74e652&safe=active&cse_tok=AEXjvhK_P21_YPI5ekhds-qL-ras%3A1761030246161&sort=date&exp=cc%2Capo&rurl=https%3A%2F%2Fwww.social-searcher.com%2Flinkedincse.html%3Fq%3Dtest%26sort%3Ddate&q=Robinsons&start=30&callback=google.search.cse.api30
2025-10-21 15:07:11,195 - DEBUG - GETCONF __owningcontrollerprocess (runtime: 0.0004)
2025-10-21 15:07:11,215 - INFO - TOR cport auth: True. TOR NEW IDENTITY. Sleep 3 sec.
2025-10-21 15:07:14,221 - INFO - Error while receiving a control message (SocketClosed): received exception "read of closed file"
2025-10-21 15:07:18,451 - INFO - SocksPort=9150 status=200 url=https://cse.google.com/cse/element/v1?rsz=filtered_cse&num=10&hl=en&source=gcsc&cselibv=6467658b9628de43&cx=3fb7efb248d74e652&safe=active&cse_tok=AEXjvhK_P21_YPI5ekhds-qL-ras%3A1761030246161&sort=date&exp=cc%2Capo&rurl=https%3A%2F%2Fwww.social-searcher.com%2Flinkedincse.html%3Fq%3Dtest%26sort%3Ddate&q=Robinsons&start=40&callback=google.search.cse.api40
2025-10-21 15:07:21,924 - INFO - SocksPort=9150 status=200 url=https://cse.google.com/cse/element/v1?rsz=filtered_cse&num=10&hl=en&source=gcsc&cselibv=6467658b9628de43&cx=3fb7efb248d74e652&safe=active&cse_tok=AEXjvhK_P21_YPI5ekhds-qL-ras%3A1761030246161&sort=date&exp=cc%2Capo&rurl=https%3A%2F%2Fwww.social-searcher.com%2Flinkedincse.html%3Fq%3Dtest%26sort%3Ddate&q=Robinsons&start=50&callback=google.search.cse.api50
2025-10-21 15:07:25,402 - INFO - SocksPort=9150 status=200 url=https://cse.google.com/cse/element/v1?rsz=filtered_cse&num=10&hl=en&source=gcsc&cselibv=6467658b9628de43&cx=3fb7efb248d74e652&safe=active&cse_tok=AEXjvhK_P21_YPI5ekhds-qL-ras%3A1761030246161&sort=date&exp=cc%2Capo&rurl=https%3A%2F%2Fwww.social-searcher.com%2Flinkedincse.html%3Fq%3Dtest%26sort%3Ddate&q=Robinsons&start=60&callback=google.search.cse.api60
2025-10-21 15:07:29,929 - INFO - SocksPort=9150 status=200 url=https://cse.google.com/cse/element/v1?rsz=filtered_cse&num=10&hl=en&source=gcsc&cselibv=6467658b9628de43&cx=3fb7efb248d74e652&safe=active&cse_tok=AEXjvhK_P21_YPI5ekhds-qL-ras%3A1761030246161&sort=date&exp=cc%2Capo&rurl=https%3A%2F%2Fwww.social-searcher.com%2Flinkedincse.html%3Fq%3Dtest%26sort%3Ddate&q=Robinsons&start=70&callback=google.search.cse.api70
2025-10-21 15:07:34,845 - INFO - SocksPort=9150 status=200 url=https://cse.google.com/cse/element/v1?rsz=filtered_cse&num=10&hl=en&source=gcsc&cselibv=6467658b9628de43&cx=3fb7efb248d74e652&safe=active&cse_tok=AEXjvhK_P21_YPI5ekhds-qL-ras%3A1761030246161&sort=date&exp=cc%2Capo&rurl=https%3A%2F%2Fwww.social-searcher.com%2Flinkedincse.html%3Fq%3Dtest%26sort%3Ddate&q=Robinsons&start=80&callback=google.search.cse.api80
2025-10-21 15:07:34,850 - DEBUG - GETCONF __owningcontrollerprocess (runtime: 0.0004)
2025-10-21 15:07:34,866 - INFO - TOR cport auth: True. TOR NEW IDENTITY. Sleep 3 sec.
2025-10-21 15:07:37,872 - INFO - Error while receiving a control message (SocketClosed): received exception "read of closed file"
2025-10-21 15:07:41,425 - INFO - SocksPort=9150 status=200 url=https://cse.google.com/cse/element/v1?rsz=filtered_cse&num=10&hl=en&source=gcsc&cselibv=6467658b9628de43&cx=3fb7efb248d74e652&safe=active&cse_tok=AEXjvhK_P21_YPI5ekhds-qL-ras%3A1761030246161&sort=date&exp=cc%2Capo&rurl=https%3A%2F%2Fwww.social-searcher.com%2Flinkedincse.html%3Fq%3Dtest%26sort%3Ddate&q=Robinsons&start=90&callback=google.search.cse.api90
2025-10-21 15:07:41,439 - INFO - [OK] Step completed: Execute social media search
2025-10-21 15:07:41,439 - INFO - [SUCCESS] Search process completed!
2025-10-21 15:07:41,439 - INFO - [SUMMARY] Search Summary:
2025-10-21 15:07:41,439 - INFO -    Query keyword: Robinsons
2025-10-21 15:07:41,439 - INFO -    Search platforms: 4 platforms
2025-10-21 15:07:41,440 - INFO -    Total results: 400
2025-10-21 15:07:41,440 - INFO -    FACEBOOK: 100 results
2025-10-21 15:07:41,440 - INFO -    TWITTER: 100 results
2025-10-21 15:07:41,440 - INFO -    INSTAGRAM: 100 results
2025-10-21 15:07:41,440 - INFO -    LINKEDIN: 100 results
2025-10-21 15:07:41,441 - INFO - Log saved to: logs/search_log.json
