2025-10-20 21:22:36,173 - INFO - [START] Starting social media search process - Query: 'Test'
2025-10-20 21:22:36,174 - INFO - [INFO] Starting step: Get all platform CSE parameters
2025-10-20 21:22:51,806 - INFO - Added date sorting for FACEBOOK
2025-10-20 21:22:51,806 - INFO - Added date sorting for TWITTER
2025-10-20 21:22:51,806 - INFO - Added date sorting for INSTAGRAM
2025-10-20 21:22:51,806 - INFO - Added date sorting for LINKEDIN
2025-10-20 21:22:51,806 - INFO - [OK] Step completed: Get all platform CSE parameters
2025-10-20 21:22:51,806 - INFO - [INFO] Starting step: Save parameters
2025-10-20 21:22:51,807 - INFO - [OK] Step completed: Save parameters
2025-10-20 21:22:51,807 - INFO - [INFO] Starting step: Execute social media search
2025-10-20 21:22:53,887 - INFO - SocksPort=9150 status=200 url=https://cse.google.com/cse/element/v1?rsz=filtered_cse&num=10&hl=en&source=gcsc&cselibv=6467658b9628de43&cx=294a079ba2d4267d5&safe=active&cse_tok=AEXjvhK2wMgNVdJ44PZVV6w-j4qO%3A1760966558415&sort=date&exp=cc%2Capo&rurl=https%3A%2F%2Fwww.social-searcher.com%2Ffacebookcse.html%3Fq%3Dtest%26sort%3Ddate&q=Test&start=0&callback=google.search.cse.api0
2025-10-20 21:22:57,059 - INFO - SocksPort=9150 status=200 url=https://cse.google.com/cse/element/v1?rsz=filtered_cse&num=10&hl=en&source=gcsc&cselibv=6467658b9628de43&cx=a72fbbffee86cd2d2&safe=active&cse_tok=AEXjvhL7tlg1_SMjD9dNwpbwE3Kq%3A1760966562140&sort=date&exp=cc%2Capo&rurl=https%3A%2F%2Fwww.social-searcher.com%2Ftwittercse.html%3Fq%3Dtest%26sort%3Ddate&q=Test&start=0&callback=google.search.cse.api0
2025-10-20 21:22:58,954 - INFO - SocksPort=9150 status=200 url=https://cse.google.com/cse/element/v1?rsz=filtered_cse&num=10&hl=en&source=gcsc&cselibv=6467658b9628de43&cx=c4b97eed1414fcb14&safe=active&cse_tok=AEXjvhLiSsS4QRF-FBfpkj-ys2i0%3A1760966565772&sort=date&exp=cc%2Capo&rurl=https%3A%2F%2Fwww.social-searcher.com%2Finstagramcse.html%3Fq%3Dtest%26sort%3Ddate&q=Test&start=0&callback=google.search.cse.api0
2025-10-20 21:23:01,333 - INFO - SocksPort=9150 status=200 url=https://cse.google.com/cse/element/v1?rsz=filtered_cse&num=10&hl=en&source=gcsc&cselibv=6467658b9628de43&cx=3fb7efb248d74e652&safe=active&cse_tok=AEXjvhJEd_YdUqG0SxyejAvwQZuX%3A1760966569311&sort=date&exp=cc%2Capo&rurl=https%3A%2F%2Fwww.social-searcher.com%2Flinkedincse.html%3Fq%3Dtest%26sort%3Ddate&q=Test&start=0&callback=google.search.cse.api0
2025-10-20 21:23:01,336 - INFO - [OK] Step completed: Execute social media search
2025-10-20 21:23:01,336 - INFO - [SUCCESS] Search process completed!
2025-10-20 21:23:01,336 - INFO - [SUMMARY] Search Summary:
2025-10-20 21:23:01,337 - INFO -    Query keyword: Test
2025-10-20 21:23:01,337 - INFO -    Search platforms: 4 platforms
2025-10-20 21:23:01,337 - INFO -    Total results: 40
2025-10-20 21:23:01,337 - INFO -    FACEBOOK: 10 results
2025-10-20 21:23:01,337 - INFO -    TWITTER: 10 results
2025-10-20 21:23:01,337 - INFO -    INSTAGRAM: 10 results
2025-10-20 21:23:01,337 - INFO -    LINKEDIN: 10 results
2025-10-20 21:23:01,337 - INFO - Log saved to: logs/search_log.json
