2025-11-09 17:28:51,332 - INFO - [START] Starting social media search process - Query: 'Test'
2025-11-09 17:28:51,332 - INFO - [OUTPUT] Output path: '/app/output'
2025-11-09 17:28:51,332 - INFO - [INFO] Starting step: Get all platform CSE parameters
2025-11-09 17:29:14,247 - INFO - Added date sorting for FACEBOOK
2025-11-09 17:29:14,247 - INFO - Added date sorting for TWITTER
2025-11-09 17:29:14,247 - INFO - Added date sorting for INSTAGRAM
2025-11-09 17:29:14,247 - INFO - Added date sorting for LINKEDIN
2025-11-09 17:29:14,248 - INFO - Added date sorting for TIKTOK
2025-11-09 17:29:14,248 - INFO - Added date sorting for PINTEREST
2025-11-09 17:29:14,248 - INFO - [OK] Step completed: Get all platform CSE parameters
2025-11-09 17:29:14,248 - INFO - [INFO] Starting step: Save parameters
2025-11-09 17:29:14,249 - INFO - [OK] Step completed: Save parameters
2025-11-09 17:29:14,249 - INFO - [INFO] Starting step: Execute social media search
2025-11-09 17:29:16,091 - INFO - SocksPort=9050 status=200 url=https://cse.google.com/cse/element/v1?rsz=filtered_cse&num=10&hl=en&source=gcsc&cselibv=db2c7696979b2a96&cx=294a079ba2d4267d5&safe=active&cse_tok=AEXjvhIGGxPmGkOBCxZWp5w016kO%3A1762709332516&sort=date&exp=cc%2Capo&rurl=https%3A%2F%2Fwww.social-searcher.com%2Ffacebookcse.html%3Fq%3Dtest%26sort%3Ddate&q=Test&start=0&callback=google.search.cse.api0
2025-11-09 17:29:19,856 - INFO - SocksPort=9050 status=200 url=https://cse.google.com/cse/element/v1?rsz=filtered_cse&num=10&hl=en&source=gcsc&cselibv=db2c7696979b2a96&cx=294a079ba2d4267d5&safe=active&cse_tok=AEXjvhIGGxPmGkOBCxZWp5w016kO%3A1762709332516&sort=date&exp=cc%2Capo&rurl=https%3A%2F%2Fwww.social-searcher.com%2Ffacebookcse.html%3Fq%3Dtest%26sort%3Ddate&q=Test&start=10&callback=google.search.cse.api10
2025-11-09 17:29:23,544 - INFO - SocksPort=9050 status=200 url=https://cse.google.com/cse/element/v1?rsz=filtered_cse&num=10&hl=en&source=gcsc&cselibv=db2c7696979b2a96&cx=294a079ba2d4267d5&safe=active&cse_tok=AEXjvhIGGxPmGkOBCxZWp5w016kO%3A1762709332516&sort=date&exp=cc%2Capo&rurl=https%3A%2F%2Fwww.social-searcher.com%2Ffacebookcse.html%3Fq%3Dtest%26sort%3Ddate&q=Test&start=20&callback=google.search.cse.api20
2025-11-09 17:29:27,353 - INFO - SocksPort=9050 status=200 url=https://cse.google.com/cse/element/v1?rsz=filtered_cse&num=10&hl=en&source=gcsc&cselibv=db2c7696979b2a96&cx=294a079ba2d4267d5&safe=active&cse_tok=AEXjvhIGGxPmGkOBCxZWp5w016kO%3A1762709332516&sort=date&exp=cc%2Capo&rurl=https%3A%2F%2Fwww.social-searcher.com%2Ffacebookcse.html%3Fq%3Dtest%26sort%3Ddate&q=Test&start=30&callback=google.search.cse.api30
2025-11-09 17:29:31,040 - INFO - SocksPort=9050 status=200 url=https://cse.google.com/cse/element/v1?rsz=filtered_cse&num=10&hl=en&source=gcsc&cselibv=db2c7696979b2a96&cx=294a079ba2d4267d5&safe=active&cse_tok=AEXjvhIGGxPmGkOBCxZWp5w016kO%3A1762709332516&sort=date&exp=cc%2Capo&rurl=https%3A%2F%2Fwww.social-searcher.com%2Ffacebookcse.html%3Fq%3Dtest%26sort%3Ddate&q=Test&start=40&callback=google.search.cse.api40
2025-11-09 17:29:35,108 - INFO - SocksPort=9050 status=200 url=https://cse.google.com/cse/element/v1?rsz=filtered_cse&num=10&hl=en&source=gcsc&cselibv=db2c7696979b2a96&cx=294a079ba2d4267d5&safe=active&cse_tok=AEXjvhIGGxPmGkOBCxZWp5w016kO%3A1762709332516&sort=date&exp=cc%2Capo&rurl=https%3A%2F%2Fwww.social-searcher.com%2Ffacebookcse.html%3Fq%3Dtest%26sort%3Ddate&q=Test&start=50&callback=google.search.cse.api50
2025-11-09 17:29:38,950 - INFO - SocksPort=9050 status=200 url=https://cse.google.com/cse/element/v1?rsz=filtered_cse&num=10&hl=en&source=gcsc&cselibv=db2c7696979b2a96&cx=294a079ba2d4267d5&safe=active&cse_tok=AEXjvhIGGxPmGkOBCxZWp5w016kO%3A1762709332516&sort=date&exp=cc%2Capo&rurl=https%3A%2F%2Fwww.social-searcher.com%2Ffacebookcse.html%3Fq%3Dtest%26sort%3Ddate&q=Test&start=60&callback=google.search.cse.api60
2025-11-09 17:29:42,737 - INFO - SocksPort=9050 status=200 url=https://cse.google.com/cse/element/v1?rsz=filtered_cse&num=10&hl=en&source=gcsc&cselibv=db2c7696979b2a96&cx=294a079ba2d4267d5&safe=active&cse_tok=AEXjvhIGGxPmGkOBCxZWp5w016kO%3A1762709332516&sort=date&exp=cc%2Capo&rurl=https%3A%2F%2Fwww.social-searcher.com%2Ffacebookcse.html%3Fq%3Dtest%26sort%3Ddate&q=Test&start=70&callback=google.search.cse.api70
2025-11-09 17:29:46,194 - INFO - SocksPort=9050 status=200 url=https://cse.google.com/cse/element/v1?rsz=filtered_cse&num=10&hl=en&source=gcsc&cselibv=db2c7696979b2a96&cx=294a079ba2d4267d5&safe=active&cse_tok=AEXjvhIGGxPmGkOBCxZWp5w016kO%3A1762709332516&sort=date&exp=cc%2Capo&rurl=https%3A%2F%2Fwww.social-searcher.com%2Ffacebookcse.html%3Fq%3Dtest%26sort%3Ddate&q=Test&start=80&callback=google.search.cse.api80
