2025-10-10 14:50:51,131 - INFO - [START] Starting social media search process - Query: 'David'
2025-10-10 14:50:51,131 - INFO - [INFO] Starting step: Get all platform CSE parameters
2025-10-10 14:51:05,675 - INFO - [OK] Step completed: Get all platform CSE parameters
2025-10-10 14:51:05,675 - INFO - [INFO] Starting step: Save parameters
2025-10-10 14:51:05,676 - INFO - [OK] Step completed: Save parameters
2025-10-10 14:51:05,676 - INFO - [INFO] Starting step: Execute social media search
2025-10-10 14:51:07,525 - INFO - SocksPort=9150 status=200 url=https://cse.google.com/cse/element/v1?rsz=filtered_cse&num=10&hl=en&source=gcsc&cselibv=6467658b9628de43&cx=294a079ba2d4267d5&safe=active&cse_tok=AEXjvhLZBcBV6ZTQglZAyRJjvpCJ%3A1760079052690&sort=&exp=cc%2Capo&rurl=https%3A%2F%2Fwww.social-searcher.com%2Ffacebookcse.html%3Fq%3Dtest%26sort%3Ddate&q=David&start=0&callback=google.search.cse.api0
2025-10-10 14:51:10,130 - INFO - SocksPort=9150 status=200 url=https://cse.google.com/cse/element/v1?rsz=filtered_cse&num=10&hl=en&source=gcsc&cselibv=6467658b9628de43&cx=294a079ba2d4267d5&safe=active&cse_tok=AEXjvhLZBcBV6ZTQglZAyRJjvpCJ%3A1760079052690&sort=&exp=cc%2Capo&rurl=https%3A%2F%2Fwww.social-searcher.com%2Ffacebookcse.html%3Fq%3Dtest%26sort%3Ddate&q=David&start=10&callback=google.search.cse.api10
2025-10-10 14:51:12,523 - INFO - SocksPort=9150 status=200 url=https://cse.google.com/cse/element/v1?rsz=filtered_cse&num=10&hl=en&source=gcsc&cselibv=6467658b9628de43&cx=294a079ba2d4267d5&safe=active&cse_tok=AEXjvhLZBcBV6ZTQglZAyRJjvpCJ%3A1760079052690&sort=&exp=cc%2Capo&rurl=https%3A%2F%2Fwww.social-searcher.com%2Ffacebookcse.html%3Fq%3Dtest%26sort%3Ddate&q=David&start=20&callback=google.search.cse.api20
2025-10-10 14:51:14,847 - INFO - SocksPort=9150 status=200 url=https://cse.google.com/cse/element/v1?rsz=filtered_cse&num=10&hl=en&source=gcsc&cselibv=6467658b9628de43&cx=294a079ba2d4267d5&safe=active&cse_tok=AEXjvhLZBcBV6ZTQglZAyRJjvpCJ%3A1760079052690&sort=&exp=cc%2Capo&rurl=https%3A%2F%2Fwww.social-searcher.com%2Ffacebookcse.html%3Fq%3Dtest%26sort%3Ddate&q=David&start=30&callback=google.search.cse.api30
2025-10-10 14:51:20,911 - INFO - SocksPort=9150 status=200 url=https://cse.google.com/cse/element/v1?rsz=filtered_cse&num=10&hl=en&source=gcsc&cselibv=6467658b9628de43&cx=294a079ba2d4267d5&safe=active&cse_tok=AEXjvhLZBcBV6ZTQglZAyRJjvpCJ%3A1760079052690&sort=&exp=cc%2Capo&rurl=https%3A%2F%2Fwww.social-searcher.com%2Ffacebookcse.html%3Fq%3Dtest%26sort%3Ddate&q=David&start=40&callback=google.search.cse.api40
2025-10-10 14:51:20,932 - DEBUG - GETCONF __owningcontrollerprocess (runtime: 0.0003)
2025-10-10 14:51:20,950 - INFO - TOR cport auth: True. TOR NEW IDENTITY. Sleep 3 sec.
2025-10-10 14:51:23,955 - INFO - Error while receiving a control message (SocketClosed): received exception "read of closed file"
2025-10-10 14:51:28,489 - INFO - SocksPort=9150 status=200 url=https://cse.google.com/cse/element/v1?rsz=filtered_cse&num=10&hl=en&source=gcsc&cselibv=6467658b9628de43&cx=294a079ba2d4267d5&safe=active&cse_tok=AEXjvhLZBcBV6ZTQglZAyRJjvpCJ%3A1760079052690&sort=&exp=cc%2Capo&rurl=https%3A%2F%2Fwww.social-searcher.com%2Ffacebookcse.html%3Fq%3Dtest%26sort%3Ddate&q=David&start=50&callback=google.search.cse.api50
2025-10-10 14:51:31,254 - INFO - SocksPort=9150 status=200 url=https://cse.google.com/cse/element/v1?rsz=filtered_cse&num=10&hl=en&source=gcsc&cselibv=6467658b9628de43&cx=294a079ba2d4267d5&safe=active&cse_tok=AEXjvhLZBcBV6ZTQglZAyRJjvpCJ%3A1760079052690&sort=&exp=cc%2Capo&rurl=https%3A%2F%2Fwww.social-searcher.com%2Ffacebookcse.html%3Fq%3Dtest%26sort%3Ddate&q=David&start=60&callback=google.search.cse.api60
2025-10-10 14:51:33,682 - INFO - SocksPort=9150 status=200 url=https://cse.google.com/cse/element/v1?rsz=filtered_cse&num=10&hl=en&source=gcsc&cselibv=6467658b9628de43&cx=294a079ba2d4267d5&safe=active&cse_tok=AEXjvhLZBcBV6ZTQglZAyRJjvpCJ%3A1760079052690&sort=&exp=cc%2Capo&rurl=https%3A%2F%2Fwww.social-searcher.com%2Ffacebookcse.html%3Fq%3Dtest%26sort%3Ddate&q=David&start=70&callback=google.search.cse.api70
2025-10-10 14:51:36,272 - INFO - SocksPort=9150 status=200 url=https://cse.google.com/cse/element/v1?rsz=filtered_cse&num=10&hl=en&source=gcsc&cselibv=6467658b9628de43&cx=294a079ba2d4267d5&safe=active&cse_tok=AEXjvhLZBcBV6ZTQglZAyRJjvpCJ%3A1760079052690&sort=&exp=cc%2Capo&rurl=https%3A%2F%2Fwww.social-searcher.com%2Ffacebookcse.html%3Fq%3Dtest%26sort%3Ddate&q=David&start=80&callback=google.search.cse.api80
2025-10-10 14:51:38,626 - INFO - SocksPort=9150 status=200 url=https://cse.google.com/cse/element/v1?rsz=filtered_cse&num=10&hl=en&source=gcsc&cselibv=6467658b9628de43&cx=294a079ba2d4267d5&safe=active&cse_tok=AEXjvhLZBcBV6ZTQglZAyRJjvpCJ%3A1760079052690&sort=&exp=cc%2Capo&rurl=https%3A%2F%2Fwww.social-searcher.com%2Ffacebookcse.html%3Fq%3Dtest%26sort%3Ddate&q=David&start=90&callback=google.search.cse.api90
2025-10-10 14:51:38,631 - DEBUG - GETCONF __owningcontrollerprocess (runtime: 0.0004)
2025-10-10 14:51:38,651 - INFO - TOR cport auth: True. TOR NEW IDENTITY. Sleep 3 sec.
2025-10-10 14:51:41,656 - INFO - Error while receiving a control message (SocketClosed): received exception "read of closed file"
2025-10-10 14:51:44,966 - INFO - SocksPort=9150 status=200 url=https://cse.google.com/cse/element/v1?rsz=filtered_cse&num=10&hl=en&source=gcsc&cselibv=6467658b9628de43&cx=a72fbbffee86cd2d2&safe=active&cse_tok=AEXjvhLQaGs145y6eAvCHw2o8TRr%3A1760079056042&sort=&exp=cc%2Capo&rurl=https%3A%2F%2Fwww.social-searcher.com%2Ftwittercse.html%3Fq%3Dtest%26sort%3Ddate&q=David&start=0&callback=google.search.cse.api0
2025-10-10 14:51:50,914 - INFO - SocksPort=9150 status=200 url=https://cse.google.com/cse/element/v1?rsz=filtered_cse&num=10&hl=en&source=gcsc&cselibv=6467658b9628de43&cx=a72fbbffee86cd2d2&safe=active&cse_tok=AEXjvhLQaGs145y6eAvCHw2o8TRr%3A1760079056042&sort=&exp=cc%2Capo&rurl=https%3A%2F%2Fwww.social-searcher.com%2Ftwittercse.html%3Fq%3Dtest%26sort%3Ddate&q=David&start=10&callback=google.search.cse.api10
2025-10-10 14:51:53,925 - INFO - SocksPort=9150 status=200 url=https://cse.google.com/cse/element/v1?rsz=filtered_cse&num=10&hl=en&source=gcsc&cselibv=6467658b9628de43&cx=a72fbbffee86cd2d2&safe=active&cse_tok=AEXjvhLQaGs145y6eAvCHw2o8TRr%3A1760079056042&sort=&exp=cc%2Capo&rurl=https%3A%2F%2Fwww.social-searcher.com%2Ftwittercse.html%3Fq%3Dtest%26sort%3Ddate&q=David&start=20&callback=google.search.cse.api20
2025-10-10 14:52:04,605 - INFO - SocksPort=9150 status=200 url=https://cse.google.com/cse/element/v1?rsz=filtered_cse&num=10&hl=en&source=gcsc&cselibv=6467658b9628de43&cx=a72fbbffee86cd2d2&safe=active&cse_tok=AEXjvhLQaGs145y6eAvCHw2o8TRr%3A1760079056042&sort=&exp=cc%2Capo&rurl=https%3A%2F%2Fwww.social-searcher.com%2Ftwittercse.html%3Fq%3Dtest%26sort%3Ddate&q=David&start=30&callback=google.search.cse.api30
2025-10-10 14:52:16,421 - INFO - SocksPort=9150 status=200 url=https://cse.google.com/cse/element/v1?rsz=filtered_cse&num=10&hl=en&source=gcsc&cselibv=6467658b9628de43&cx=a72fbbffee86cd2d2&safe=active&cse_tok=AEXjvhLQaGs145y6eAvCHw2o8TRr%3A1760079056042&sort=&exp=cc%2Capo&rurl=https%3A%2F%2Fwww.social-searcher.com%2Ftwittercse.html%3Fq%3Dtest%26sort%3Ddate&q=David&start=40&callback=google.search.cse.api40
2025-10-10 14:52:16,426 - DEBUG - GETCONF __owningcontrollerprocess (runtime: 0.0003)
2025-10-10 14:52:16,442 - INFO - TOR cport auth: True. TOR NEW IDENTITY. Sleep 3 sec.
2025-10-10 14:52:19,448 - INFO - Error while receiving a control message (SocketClosed): received exception "read of closed file"
2025-10-10 14:52:22,454 - INFO - SocksPort=9150 status=200 url=https://cse.google.com/cse/element/v1?rsz=filtered_cse&num=10&hl=en&source=gcsc&cselibv=6467658b9628de43&cx=a72fbbffee86cd2d2&safe=active&cse_tok=AEXjvhLQaGs145y6eAvCHw2o8TRr%3A1760079056042&sort=&exp=cc%2Capo&rurl=https%3A%2F%2Fwww.social-searcher.com%2Ftwittercse.html%3Fq%3Dtest%26sort%3Ddate&q=David&start=50&callback=google.search.cse.api50
2025-10-10 14:52:25,700 - INFO - SocksPort=9150 status=200 url=https://cse.google.com/cse/element/v1?rsz=filtered_cse&num=10&hl=en&source=gcsc&cselibv=6467658b9628de43&cx=a72fbbffee86cd2d2&safe=active&cse_tok=AEXjvhLQaGs145y6eAvCHw2o8TRr%3A1760079056042&sort=&exp=cc%2Capo&rurl=https%3A%2F%2Fwww.social-searcher.com%2Ftwittercse.html%3Fq%3Dtest%26sort%3Ddate&q=David&start=60&callback=google.search.cse.api60
2025-10-10 14:52:28,704 - INFO - SocksPort=9150 status=200 url=https://cse.google.com/cse/element/v1?rsz=filtered_cse&num=10&hl=en&source=gcsc&cselibv=6467658b9628de43&cx=a72fbbffee86cd2d2&safe=active&cse_tok=AEXjvhLQaGs145y6eAvCHw2o8TRr%3A1760079056042&sort=&exp=cc%2Capo&rurl=https%3A%2F%2Fwww.social-searcher.com%2Ftwittercse.html%3Fq%3Dtest%26sort%3Ddate&q=David&start=70&callback=google.search.cse.api70
2025-10-10 14:52:30,955 - INFO - SocksPort=9150 status=200 url=https://cse.google.com/cse/element/v1?rsz=filtered_cse&num=10&hl=en&source=gcsc&cselibv=6467658b9628de43&cx=a72fbbffee86cd2d2&safe=active&cse_tok=AEXjvhLQaGs145y6eAvCHw2o8TRr%3A1760079056042&sort=&exp=cc%2Capo&rurl=https%3A%2F%2Fwww.social-searcher.com%2Ftwittercse.html%3Fq%3Dtest%26sort%3Ddate&q=David&start=80&callback=google.search.cse.api80
2025-10-10 14:52:33,615 - INFO - SocksPort=9150 status=200 url=https://cse.google.com/cse/element/v1?rsz=filtered_cse&num=10&hl=en&source=gcsc&cselibv=6467658b9628de43&cx=a72fbbffee86cd2d2&safe=active&cse_tok=AEXjvhLQaGs145y6eAvCHw2o8TRr%3A1760079056042&sort=&exp=cc%2Capo&rurl=https%3A%2F%2Fwww.social-searcher.com%2Ftwittercse.html%3Fq%3Dtest%26sort%3Ddate&q=David&start=90&callback=google.search.cse.api90
2025-10-10 14:52:33,621 - DEBUG - GETCONF __owningcontrollerprocess (runtime: 0.0005)
2025-10-10 14:52:33,637 - INFO - TOR cport auth: True. TOR NEW IDENTITY. Sleep 3 sec.
2025-10-10 14:52:36,643 - INFO - Error while receiving a control message (SocketClosed): received exception "read of closed file"
2025-10-10 14:52:39,246 - INFO - SocksPort=9150 status=200 url=https://cse.google.com/cse/element/v1?rsz=filtered_cse&num=10&hl=en&source=gcsc&cselibv=6467658b9628de43&cx=c4b97eed1414fcb14&safe=active&cse_tok=AEXjvhJxhjwniW-aDT7EGmWuVbAb%3A1760079059609&sort=&exp=cc%2Capo&rurl=https%3A%2F%2Fwww.social-searcher.com%2Finstagramcse.html%3Fq%3Dtest%26sort%3Ddate&q=David&start=0&callback=google.search.cse.api0
2025-10-10 14:52:41,581 - INFO - SocksPort=9150 status=200 url=https://cse.google.com/cse/element/v1?rsz=filtered_cse&num=10&hl=en&source=gcsc&cselibv=6467658b9628de43&cx=c4b97eed1414fcb14&safe=active&cse_tok=AEXjvhJxhjwniW-aDT7EGmWuVbAb%3A1760079059609&sort=&exp=cc%2Capo&rurl=https%3A%2F%2Fwww.social-searcher.com%2Finstagramcse.html%3Fq%3Dtest%26sort%3Ddate&q=David&start=10&callback=google.search.cse.api10
2025-10-10 14:52:44,028 - INFO - SocksPort=9150 status=200 url=https://cse.google.com/cse/element/v1?rsz=filtered_cse&num=10&hl=en&source=gcsc&cselibv=6467658b9628de43&cx=c4b97eed1414fcb14&safe=active&cse_tok=AEXjvhJxhjwniW-aDT7EGmWuVbAb%3A1760079059609&sort=&exp=cc%2Capo&rurl=https%3A%2F%2Fwww.social-searcher.com%2Finstagramcse.html%3Fq%3Dtest%26sort%3Ddate&q=David&start=20&callback=google.search.cse.api20
2025-10-10 14:52:46,454 - INFO - SocksPort=9150 status=200 url=https://cse.google.com/cse/element/v1?rsz=filtered_cse&num=10&hl=en&source=gcsc&cselibv=6467658b9628de43&cx=c4b97eed1414fcb14&safe=active&cse_tok=AEXjvhJxhjwniW-aDT7EGmWuVbAb%3A1760079059609&sort=&exp=cc%2Capo&rurl=https%3A%2F%2Fwww.social-searcher.com%2Finstagramcse.html%3Fq%3Dtest%26sort%3Ddate&q=David&start=30&callback=google.search.cse.api30
2025-10-10 14:52:51,702 - INFO - SocksPort=9150 status=200 url=https://cse.google.com/cse/element/v1?rsz=filtered_cse&num=10&hl=en&source=gcsc&cselibv=6467658b9628de43&cx=c4b97eed1414fcb14&safe=active&cse_tok=AEXjvhJxhjwniW-aDT7EGmWuVbAb%3A1760079059609&sort=&exp=cc%2Capo&rurl=https%3A%2F%2Fwww.social-searcher.com%2Finstagramcse.html%3Fq%3Dtest%26sort%3Ddate&q=David&start=40&callback=google.search.cse.api40
2025-10-10 14:52:51,707 - DEBUG - GETCONF __owningcontrollerprocess (runtime: 0.0003)
2025-10-10 14:52:51,722 - INFO - TOR cport auth: True. TOR NEW IDENTITY. Sleep 3 sec.
2025-10-10 14:52:54,728 - INFO - Error while receiving a control message (SocketClosed): received exception "read of closed file"
2025-10-10 14:52:57,272 - INFO - SocksPort=9150 status=200 url=https://cse.google.com/cse/element/v1?rsz=filtered_cse&num=10&hl=en&source=gcsc&cselibv=6467658b9628de43&cx=c4b97eed1414fcb14&safe=active&cse_tok=AEXjvhJxhjwniW-aDT7EGmWuVbAb%3A1760079059609&sort=&exp=cc%2Capo&rurl=https%3A%2F%2Fwww.social-searcher.com%2Finstagramcse.html%3Fq%3Dtest%26sort%3Ddate&q=David&start=50&callback=google.search.cse.api50
2025-10-10 14:52:59,635 - INFO - SocksPort=9150 status=200 url=https://cse.google.com/cse/element/v1?rsz=filtered_cse&num=10&hl=en&source=gcsc&cselibv=6467658b9628de43&cx=c4b97eed1414fcb14&safe=active&cse_tok=AEXjvhJxhjwniW-aDT7EGmWuVbAb%3A1760079059609&sort=&exp=cc%2Capo&rurl=https%3A%2F%2Fwww.social-searcher.com%2Finstagramcse.html%3Fq%3Dtest%26sort%3Ddate&q=David&start=60&callback=google.search.cse.api60
2025-10-10 14:53:01,885 - INFO - SocksPort=9150 status=200 url=https://cse.google.com/cse/element/v1?rsz=filtered_cse&num=10&hl=en&source=gcsc&cselibv=6467658b9628de43&cx=c4b97eed1414fcb14&safe=active&cse_tok=AEXjvhJxhjwniW-aDT7EGmWuVbAb%3A1760079059609&sort=&exp=cc%2Capo&rurl=https%3A%2F%2Fwww.social-searcher.com%2Finstagramcse.html%3Fq%3Dtest%26sort%3Ddate&q=David&start=70&callback=google.search.cse.api70
2025-10-10 14:53:04,447 - INFO - SocksPort=9150 status=200 url=https://cse.google.com/cse/element/v1?rsz=filtered_cse&num=10&hl=en&source=gcsc&cselibv=6467658b9628de43&cx=c4b97eed1414fcb14&safe=active&cse_tok=AEXjvhJxhjwniW-aDT7EGmWuVbAb%3A1760079059609&sort=&exp=cc%2Capo&rurl=https%3A%2F%2Fwww.social-searcher.com%2Finstagramcse.html%3Fq%3Dtest%26sort%3Ddate&q=David&start=80&callback=google.search.cse.api80
2025-10-10 14:53:06,808 - INFO - SocksPort=9150 status=200 url=https://cse.google.com/cse/element/v1?rsz=filtered_cse&num=10&hl=en&source=gcsc&cselibv=6467658b9628de43&cx=c4b97eed1414fcb14&safe=active&cse_tok=AEXjvhJxhjwniW-aDT7EGmWuVbAb%3A1760079059609&sort=&exp=cc%2Capo&rurl=https%3A%2F%2Fwww.social-searcher.com%2Finstagramcse.html%3Fq%3Dtest%26sort%3Ddate&q=David&start=90&callback=google.search.cse.api90
2025-10-10 14:53:06,814 - DEBUG - GETCONF __owningcontrollerprocess (runtime: 0.0004)
2025-10-10 14:53:06,830 - INFO - TOR cport auth: True. TOR NEW IDENTITY. Sleep 3 sec.
2025-10-10 14:53:09,839 - INFO - Error while receiving a control message (SocketClosed): received exception "read of closed file"
2025-10-10 14:53:12,001 - INFO - SocksPort=9150 status=200 url=https://cse.google.com/cse/element/v1?rsz=filtered_cse&num=10&hl=en&source=gcsc&cselibv=6467658b9628de43&cx=3fb7efb248d74e652&safe=active&cse_tok=AEXjvhI58jRfdei5wgbE9WobrzYN%3A1760079063134&sort=&exp=cc%2Capo&rurl=https%3A%2F%2Fwww.social-searcher.com%2Flinkedincse.html%3Fq%3Dtest%26sort%3Ddate&q=David&start=0&callback=google.search.cse.api0
2025-10-10 14:53:14,871 - INFO - SocksPort=9150 status=200 url=https://cse.google.com/cse/element/v1?rsz=filtered_cse&num=10&hl=en&source=gcsc&cselibv=6467658b9628de43&cx=3fb7efb248d74e652&safe=active&cse_tok=AEXjvhI58jRfdei5wgbE9WobrzYN%3A1760079063134&sort=&exp=cc%2Capo&rurl=https%3A%2F%2Fwww.social-searcher.com%2Flinkedincse.html%3Fq%3Dtest%26sort%3Ddate&q=David&start=10&callback=google.search.cse.api10
2025-10-10 14:53:17,433 - INFO - SocksPort=9150 status=200 url=https://cse.google.com/cse/element/v1?rsz=filtered_cse&num=10&hl=en&source=gcsc&cselibv=6467658b9628de43&cx=3fb7efb248d74e652&safe=active&cse_tok=AEXjvhI58jRfdei5wgbE9WobrzYN%3A1760079063134&sort=&exp=cc%2Capo&rurl=https%3A%2F%2Fwww.social-searcher.com%2Flinkedincse.html%3Fq%3Dtest%26sort%3Ddate&q=David&start=20&callback=google.search.cse.api20
2025-10-10 14:53:22,760 - INFO - SocksPort=9150 status=200 url=https://cse.google.com/cse/element/v1?rsz=filtered_cse&num=10&hl=en&source=gcsc&cselibv=6467658b9628de43&cx=3fb7efb248d74e652&safe=active&cse_tok=AEXjvhI58jRfdei5wgbE9WobrzYN%3A1760079063134&sort=&exp=cc%2Capo&rurl=https%3A%2F%2Fwww.social-searcher.com%2Flinkedincse.html%3Fq%3Dtest%26sort%3Ddate&q=David&start=30&callback=google.search.cse.api30
2025-10-10 14:53:25,455 - INFO - SocksPort=9150 status=200 url=https://cse.google.com/cse/element/v1?rsz=filtered_cse&num=10&hl=en&source=gcsc&cselibv=6467658b9628de43&cx=3fb7efb248d74e652&safe=active&cse_tok=AEXjvhI58jRfdei5wgbE9WobrzYN%3A1760079063134&sort=&exp=cc%2Capo&rurl=https%3A%2F%2Fwww.social-searcher.com%2Flinkedincse.html%3Fq%3Dtest%26sort%3Ddate&q=David&start=40&callback=google.search.cse.api40
2025-10-10 14:53:25,460 - DEBUG - GETCONF __owningcontrollerprocess (runtime: 0.0005)
2025-10-10 14:53:25,478 - INFO - TOR cport auth: True. TOR NEW IDENTITY. Sleep 3 sec.
2025-10-10 14:53:28,485 - INFO - Error while receiving a control message (SocketClosed): received exception "read of closed file"
2025-10-10 14:53:31,951 - INFO - SocksPort=9150 status=200 url=https://cse.google.com/cse/element/v1?rsz=filtered_cse&num=10&hl=en&source=gcsc&cselibv=6467658b9628de43&cx=3fb7efb248d74e652&safe=active&cse_tok=AEXjvhI58jRfdei5wgbE9WobrzYN%3A1760079063134&sort=&exp=cc%2Capo&rurl=https%3A%2F%2Fwww.social-searcher.com%2Flinkedincse.html%3Fq%3Dtest%26sort%3Ddate&q=David&start=50&callback=google.search.cse.api50
2025-10-10 14:53:35,493 - INFO - SocksPort=9150 status=200 url=https://cse.google.com/cse/element/v1?rsz=filtered_cse&num=10&hl=en&source=gcsc&cselibv=6467658b9628de43&cx=3fb7efb248d74e652&safe=active&cse_tok=AEXjvhI58jRfdei5wgbE9WobrzYN%3A1760079063134&sort=&exp=cc%2Capo&rurl=https%3A%2F%2Fwww.social-searcher.com%2Flinkedincse.html%3Fq%3Dtest%26sort%3Ddate&q=David&start=60&callback=google.search.cse.api60
2025-10-10 14:53:39,048 - INFO - SocksPort=9150 status=200 url=https://cse.google.com/cse/element/v1?rsz=filtered_cse&num=10&hl=en&source=gcsc&cselibv=6467658b9628de43&cx=3fb7efb248d74e652&safe=active&cse_tok=AEXjvhI58jRfdei5wgbE9WobrzYN%3A1760079063134&sort=&exp=cc%2Capo&rurl=https%3A%2F%2Fwww.social-searcher.com%2Flinkedincse.html%3Fq%3Dtest%26sort%3Ddate&q=David&start=70&callback=google.search.cse.api70
2025-10-10 14:53:42,218 - INFO - SocksPort=9150 status=200 url=https://cse.google.com/cse/element/v1?rsz=filtered_cse&num=10&hl=en&source=gcsc&cselibv=6467658b9628de43&cx=3fb7efb248d74e652&safe=active&cse_tok=AEXjvhI58jRfdei5wgbE9WobrzYN%3A1760079063134&sort=&exp=cc%2Capo&rurl=https%3A%2F%2Fwww.social-searcher.com%2Flinkedincse.html%3Fq%3Dtest%26sort%3Ddate&q=David&start=80&callback=google.search.cse.api80
2025-10-10 14:53:45,634 - INFO - SocksPort=9150 status=200 url=https://cse.google.com/cse/element/v1?rsz=filtered_cse&num=10&hl=en&source=gcsc&cselibv=6467658b9628de43&cx=3fb7efb248d74e652&safe=active&cse_tok=AEXjvhI58jRfdei5wgbE9WobrzYN%3A1760079063134&sort=&exp=cc%2Capo&rurl=https%3A%2F%2Fwww.social-searcher.com%2Flinkedincse.html%3Fq%3Dtest%26sort%3Ddate&q=David&start=90&callback=google.search.cse.api90
2025-10-10 14:53:45,640 - DEBUG - GETCONF __owningcontrollerprocess (runtime: 0.0003)
2025-10-10 14:53:45,655 - INFO - TOR cport auth: True. TOR NEW IDENTITY. Sleep 3 sec.
2025-10-10 14:53:48,660 - INFO - Error while receiving a control message (SocketClosed): received exception "read of closed file"
2025-10-10 14:53:48,669 - INFO - [OK] Step completed: Execute social media search
2025-10-10 14:53:48,670 - INFO - [SUCCESS] Search process completed!
2025-10-10 14:53:48,670 - INFO - [SUMMARY] Search Summary:
2025-10-10 14:53:48,670 - INFO -    Query keyword: David
2025-10-10 14:53:48,670 - INFO -    Search platforms: 4 platforms
2025-10-10 14:53:48,670 - INFO -    Total results: 400
2025-10-10 14:53:48,670 - INFO -    FACEBOOK: 100 results
2025-10-10 14:53:48,670 - INFO -    TWITTER: 100 results
2025-10-10 14:53:48,670 - INFO -    INSTAGRAM: 100 results
2025-10-10 14:53:48,670 - INFO -    LINKEDIN: 100 results
2025-10-10 14:53:48,671 - INFO - Log saved to: logs/search_log.json
