2025-10-21 16:09:24,159 - INFO - [START] Starting social media search process - Query: 'Three Care'
2025-10-21 16:09:24,159 - INFO - [INFO] Starting step: Get all platform CSE parameters
2025-10-21 16:09:43,800 - INFO - Added date sorting for FACEBOOK
2025-10-21 16:09:43,800 - INFO - Added date sorting for TWITTER
2025-10-21 16:09:43,801 - INFO - Added date sorting for INSTAGRAM
2025-10-21 16:09:43,801 - INFO - Added date sorting for LINKEDIN
2025-10-21 16:09:43,801 - INFO - [OK] Step completed: Get all platform CSE parameters
2025-10-21 16:09:43,801 - INFO - [INFO] Starting step: Save parameters
2025-10-21 16:09:43,801 - INFO - [OK] Step completed: Save parameters
2025-10-21 16:09:43,801 - INFO - [INFO] Starting step: Execute social media search
2025-10-21 16:09:46,963 - INFO - SocksPort=9150 status=200 url=https://cse.google.com/cse/element/v1?rsz=filtered_cse&num=10&hl=en&source=gcsc&cselibv=6467658b9628de43&cx=294a079ba2d4267d5&safe=active&cse_tok=AEXjvhJiAJiDt3VgBBlMicZff_VQ%3A1761034167297&sort=date&exp=cc%2Capo&rurl=https%3A%2F%2Fwww.social-searcher.com%2Ffacebookcse.html%3Fq%3Dtest%26sort%3Ddate&q=Three+Care&start=0&callback=google.search.cse.api0
2025-10-21 16:09:52,800 - INFO - SocksPort=9150 status=200 url=https://cse.google.com/cse/element/v1?rsz=filtered_cse&num=10&hl=en&source=gcsc&cselibv=6467658b9628de43&cx=294a079ba2d4267d5&safe=active&cse_tok=AEXjvhJiAJiDt3VgBBlMicZff_VQ%3A1761034167297&sort=date&exp=cc%2Capo&rurl=https%3A%2F%2Fwww.social-searcher.com%2Ffacebookcse.html%3Fq%3Dtest%26sort%3Ddate&q=Three+Care&start=10&callback=google.search.cse.api10
2025-10-21 16:09:57,407 - INFO - SocksPort=9150 status=200 url=https://cse.google.com/cse/element/v1?rsz=filtered_cse&num=10&hl=en&source=gcsc&cselibv=6467658b9628de43&cx=294a079ba2d4267d5&safe=active&cse_tok=AEXjvhJiAJiDt3VgBBlMicZff_VQ%3A1761034167297&sort=date&exp=cc%2Capo&rurl=https%3A%2F%2Fwww.social-searcher.com%2Ffacebookcse.html%3Fq%3Dtest%26sort%3Ddate&q=Three+Care&start=20&callback=google.search.cse.api20
2025-10-21 16:10:01,710 - INFO - SocksPort=9150 status=200 url=https://cse.google.com/cse/element/v1?rsz=filtered_cse&num=10&hl=en&source=gcsc&cselibv=6467658b9628de43&cx=294a079ba2d4267d5&safe=active&cse_tok=AEXjvhJiAJiDt3VgBBlMicZff_VQ%3A1761034167297&sort=date&exp=cc%2Capo&rurl=https%3A%2F%2Fwww.social-searcher.com%2Ffacebookcse.html%3Fq%3Dtest%26sort%3Ddate&q=Three+Care&start=30&callback=google.search.cse.api30
2025-10-21 16:10:09,699 - INFO - SocksPort=9150 status=200 url=https://cse.google.com/cse/element/v1?rsz=filtered_cse&num=10&hl=en&source=gcsc&cselibv=6467658b9628de43&cx=294a079ba2d4267d5&safe=active&cse_tok=AEXjvhJiAJiDt3VgBBlMicZff_VQ%3A1761034167297&sort=date&exp=cc%2Capo&rurl=https%3A%2F%2Fwww.social-searcher.com%2Ffacebookcse.html%3Fq%3Dtest%26sort%3Ddate&q=Three+Care&start=40&callback=google.search.cse.api40
2025-10-21 16:10:09,715 - DEBUG - GETCONF __owningcontrollerprocess (runtime: 0.0003)
2025-10-21 16:10:09,737 - INFO - TOR cport auth: True. TOR NEW IDENTITY. Sleep 3 sec.
2025-10-21 16:10:12,743 - INFO - Error while receiving a control message (SocketClosed): received exception "read of closed file"
2025-10-21 16:10:15,228 - INFO - SocksPort=9150 status=200 url=https://cse.google.com/cse/element/v1?rsz=filtered_cse&num=10&hl=en&source=gcsc&cselibv=6467658b9628de43&cx=294a079ba2d4267d5&safe=active&cse_tok=AEXjvhJiAJiDt3VgBBlMicZff_VQ%3A1761034167297&sort=date&exp=cc%2Capo&rurl=https%3A%2F%2Fwww.social-searcher.com%2Ffacebookcse.html%3Fq%3Dtest%26sort%3Ddate&q=Three+Care&start=50&callback=google.search.cse.api50
2025-10-21 16:10:18,913 - INFO - SocksPort=9150 status=200 url=https://cse.google.com/cse/element/v1?rsz=filtered_cse&num=10&hl=en&source=gcsc&cselibv=6467658b9628de43&cx=294a079ba2d4267d5&safe=active&cse_tok=AEXjvhJiAJiDt3VgBBlMicZff_VQ%3A1761034167297&sort=date&exp=cc%2Capo&rurl=https%3A%2F%2Fwww.social-searcher.com%2Ffacebookcse.html%3Fq%3Dtest%26sort%3Ddate&q=Three+Care&start=60&callback=google.search.cse.api60
2025-10-21 16:10:21,795 - INFO - SocksPort=9150 status=200 url=https://cse.google.com/cse/element/v1?rsz=filtered_cse&num=10&hl=en&source=gcsc&cselibv=6467658b9628de43&cx=294a079ba2d4267d5&safe=active&cse_tok=AEXjvhJiAJiDt3VgBBlMicZff_VQ%3A1761034167297&sort=date&exp=cc%2Capo&rurl=https%3A%2F%2Fwww.social-searcher.com%2Ffacebookcse.html%3Fq%3Dtest%26sort%3Ddate&q=Three+Care&start=70&callback=google.search.cse.api70
2025-10-21 16:10:21,800 - DEBUG - GETCONF __owningcontrollerprocess (runtime: 0.0002)
2025-10-21 16:10:21,813 - INFO - TOR cport auth: True. TOR NEW IDENTITY. Sleep 3 sec.
2025-10-21 16:10:24,819 - INFO - Error while receiving a control message (SocketClosed): received exception "read of closed file"
2025-10-21 16:10:57,619 - INFO - SocksPort=9150 status=200 url=https://cse.google.com/cse/element/v1?rsz=filtered_cse&num=10&hl=en&source=gcsc&cselibv=6467658b9628de43&cx=294a079ba2d4267d5&safe=active&cse_tok=AEXjvhIbTPClyVc6fuo6UmmLYUuh%3A1761034233367&sort=&exp=cc%2Capo&rurl=https%3A%2F%2Fwww.social-searcher.com%2Ffacebookcse.html%3Fq%3Dtest%26sort%3Ddate&q=Three+Care&start=70&callback=google.search.cse.api70
2025-10-21 16:11:00,388 - INFO - SocksPort=9150 status=200 url=https://cse.google.com/cse/element/v1?rsz=filtered_cse&num=10&hl=en&source=gcsc&cselibv=6467658b9628de43&cx=294a079ba2d4267d5&safe=active&cse_tok=AEXjvhIbTPClyVc6fuo6UmmLYUuh%3A1761034233367&sort=&exp=cc%2Capo&rurl=https%3A%2F%2Fwww.social-searcher.com%2Ffacebookcse.html%3Fq%3Dtest%26sort%3Ddate&q=Three+Care&start=80&callback=google.search.cse.api80
2025-10-21 16:11:00,394 - DEBUG - GETCONF __owningcontrollerprocess (runtime: 0.0003)
2025-10-21 16:11:00,409 - INFO - TOR cport auth: True. TOR NEW IDENTITY. Sleep 3 sec.
2025-10-21 16:11:03,414 - INFO - Error while receiving a control message (SocketClosed): received exception "read of closed file"
2025-10-21 16:11:07,016 - INFO - SocksPort=9150 status=200 url=https://cse.google.com/cse/element/v1?rsz=filtered_cse&num=10&hl=en&source=gcsc&cselibv=6467658b9628de43&cx=294a079ba2d4267d5&safe=active&cse_tok=AEXjvhIbTPClyVc6fuo6UmmLYUuh%3A1761034233367&sort=&exp=cc%2Capo&rurl=https%3A%2F%2Fwww.social-searcher.com%2Ffacebookcse.html%3Fq%3Dtest%26sort%3Ddate&q=Three+Care&start=90&callback=google.search.cse.api90
2025-10-21 16:11:07,026 - DEBUG - GETCONF __owningcontrollerprocess (runtime: 0.0003)
2025-10-21 16:11:07,027 - INFO - TOR cport auth: True. TOR NEW IDENTITY. Sleep 3 sec.
2025-10-21 16:11:10,028 - INFO - Error while receiving a control message (SocketClosed): received exception "read of closed file"
2025-10-21 16:11:32,028 - INFO - SocksPort=9150 status=200 url=https://cse.google.com/cse/element/v1?rsz=filtered_cse&num=10&hl=en&source=gcsc&cselibv=6467658b9628de43&cx=294a079ba2d4267d5&safe=active&cse_tok=AEXjvhK3iBGNVpyRk9mITz966a0g%3A1761034279819&sort=&exp=cc%2Capo&rurl=https%3A%2F%2Fwww.social-searcher.com%2Ffacebookcse.html%3Fq%3Dtest%26sort%3Ddate&q=Three+Care&start=90&callback=google.search.cse.api90
2025-10-21 16:11:36,392 - INFO - SocksPort=9150 status=200 url=https://cse.google.com/cse/element/v1?rsz=filtered_cse&num=10&hl=en&source=gcsc&cselibv=6467658b9628de43&cx=a72fbbffee86cd2d2&safe=active&cse_tok=AEXjvhL5u67kvCKHcI6lihZK8HpX%3A1761034171964&sort=date&exp=cc%2Capo&rurl=https%3A%2F%2Fwww.social-searcher.com%2Ftwittercse.html%3Fq%3Dtest%26sort%3Ddate&q=Three+Care&start=0&callback=google.search.cse.api0
2025-10-21 16:11:40,321 - INFO - SocksPort=9150 status=200 url=https://cse.google.com/cse/element/v1?rsz=filtered_cse&num=10&hl=en&source=gcsc&cselibv=6467658b9628de43&cx=a72fbbffee86cd2d2&safe=active&cse_tok=AEXjvhL5u67kvCKHcI6lihZK8HpX%3A1761034171964&sort=date&exp=cc%2Capo&rurl=https%3A%2F%2Fwww.social-searcher.com%2Ftwittercse.html%3Fq%3Dtest%26sort%3Ddate&q=Three+Care&start=10&callback=google.search.cse.api10
2025-10-21 16:11:45,542 - INFO - SocksPort=9150 status=200 url=https://cse.google.com/cse/element/v1?rsz=filtered_cse&num=10&hl=en&source=gcsc&cselibv=6467658b9628de43&cx=a72fbbffee86cd2d2&safe=active&cse_tok=AEXjvhL5u67kvCKHcI6lihZK8HpX%3A1761034171964&sort=date&exp=cc%2Capo&rurl=https%3A%2F%2Fwww.social-searcher.com%2Ftwittercse.html%3Fq%3Dtest%26sort%3Ddate&q=Three+Care&start=20&callback=google.search.cse.api20
2025-10-21 16:11:45,545 - DEBUG - GETCONF __owningcontrollerprocess (runtime: 0.0002)
2025-10-21 16:11:45,559 - INFO - TOR cport auth: True. TOR NEW IDENTITY. Sleep 3 sec.
2025-10-21 16:11:48,564 - INFO - Error while receiving a control message (SocketClosed): received exception "read of closed file"
2025-10-21 16:11:48,574 - DEBUG - GETCONF __owningcontrollerprocess (runtime: 0.0003)
2025-10-21 16:11:48,574 - INFO - TOR cport auth: True. TOR NEW IDENTITY. Sleep 3 sec.
2025-10-21 16:11:51,580 - INFO - Error while receiving a control message (SocketClosed): received exception "read of closed file"
2025-10-21 16:12:24,842 - INFO - SocksPort=9150 status=200 url=https://cse.google.com/cse/element/v1?rsz=filtered_cse&num=10&hl=en&source=gcsc&cselibv=6467658b9628de43&cx=a72fbbffee86cd2d2&safe=active&cse_tok=AEXjvhKi18Th-CfyW6zlDgK3u9tj%3A1761034321829&sort=&exp=cc%2Capo&rurl=https%3A%2F%2Fwww.social-searcher.com%2Ftwittercse.html%3Fq%3Dtest%26sort%3Ddate&q=Three+Care&start=20&callback=google.search.cse.api20
2025-10-21 16:12:28,931 - INFO - SocksPort=9150 status=200 url=https://cse.google.com/cse/element/v1?rsz=filtered_cse&num=10&hl=en&source=gcsc&cselibv=6467658b9628de43&cx=a72fbbffee86cd2d2&safe=active&cse_tok=AEXjvhKi18Th-CfyW6zlDgK3u9tj%3A1761034321829&sort=&exp=cc%2Capo&rurl=https%3A%2F%2Fwww.social-searcher.com%2Ftwittercse.html%3Fq%3Dtest%26sort%3Ddate&q=Three+Care&start=30&callback=google.search.cse.api30
2025-10-21 16:12:28,942 - DEBUG - GETCONF __owningcontrollerprocess (runtime: 0.0004)
2025-10-21 16:12:28,957 - INFO - TOR cport auth: True. TOR NEW IDENTITY. Sleep 3 sec.
2025-10-21 16:12:31,963 - INFO - Error while receiving a control message (SocketClosed): received exception "read of closed file"
2025-10-21 16:12:56,201 - INFO - SocksPort=9150 status=200 url=https://cse.google.com/cse/element/v1?rsz=filtered_cse&num=10&hl=en&source=gcsc&cselibv=6467658b9628de43&cx=a72fbbffee86cd2d2&safe=active&cse_tok=AEXjvhL9H9it856q6EKRtj8VrIYA%3A1761034361730&sort=&exp=cc%2Capo&rurl=https%3A%2F%2Fwww.social-searcher.com%2Ftwittercse.html%3Fq%3Dtest%26sort%3Ddate&q=Three+Care&start=30&callback=google.search.cse.api30
2025-10-21 16:13:03,514 - INFO - SocksPort=9150 status=200 url=https://cse.google.com/cse/element/v1?rsz=filtered_cse&num=10&hl=en&source=gcsc&cselibv=6467658b9628de43&cx=a72fbbffee86cd2d2&safe=active&cse_tok=AEXjvhL9H9it856q6EKRtj8VrIYA%3A1761034361730&sort=&exp=cc%2Capo&rurl=https%3A%2F%2Fwww.social-searcher.com%2Ftwittercse.html%3Fq%3Dtest%26sort%3Ddate&q=Three+Care&start=40&callback=google.search.cse.api40
2025-10-21 16:13:07,295 - INFO - SocksPort=9150 status=200 url=https://cse.google.com/cse/element/v1?rsz=filtered_cse&num=10&hl=en&source=gcsc&cselibv=6467658b9628de43&cx=a72fbbffee86cd2d2&safe=active&cse_tok=AEXjvhL9H9it856q6EKRtj8VrIYA%3A1761034361730&sort=&exp=cc%2Capo&rurl=https%3A%2F%2Fwww.social-searcher.com%2Ftwittercse.html%3Fq%3Dtest%26sort%3Ddate&q=Three+Care&start=50&callback=google.search.cse.api50
2025-10-21 16:13:07,301 - DEBUG - GETCONF __owningcontrollerprocess (runtime: 0.0003)
2025-10-21 16:13:07,314 - INFO - TOR cport auth: True. TOR NEW IDENTITY. Sleep 3 sec.
2025-10-21 16:13:10,320 - INFO - Error while receiving a control message (SocketClosed): received exception "read of closed file"
2025-10-21 16:13:13,930 - INFO - SocksPort=9150 status=200 url=https://cse.google.com/cse/element/v1?rsz=filtered_cse&num=10&hl=en&source=gcsc&cselibv=6467658b9628de43&cx=a72fbbffee86cd2d2&safe=active&cse_tok=AEXjvhL9H9it856q6EKRtj8VrIYA%3A1761034361730&sort=&exp=cc%2Capo&rurl=https%3A%2F%2Fwww.social-searcher.com%2Ftwittercse.html%3Fq%3Dtest%26sort%3Ddate&q=Three+Care&start=60&callback=google.search.cse.api60
2025-10-21 16:13:17,877 - INFO - SocksPort=9150 status=200 url=https://cse.google.com/cse/element/v1?rsz=filtered_cse&num=10&hl=en&source=gcsc&cselibv=6467658b9628de43&cx=a72fbbffee86cd2d2&safe=active&cse_tok=AEXjvhL9H9it856q6EKRtj8VrIYA%3A1761034361730&sort=&exp=cc%2Capo&rurl=https%3A%2F%2Fwww.social-searcher.com%2Ftwittercse.html%3Fq%3Dtest%26sort%3Ddate&q=Three+Care&start=70&callback=google.search.cse.api70
2025-10-21 16:13:23,847 - INFO - SocksPort=9150 status=200 url=https://cse.google.com/cse/element/v1?rsz=filtered_cse&num=10&hl=en&source=gcsc&cselibv=6467658b9628de43&cx=a72fbbffee86cd2d2&safe=active&cse_tok=AEXjvhL9H9it856q6EKRtj8VrIYA%3A1761034361730&sort=&exp=cc%2Capo&rurl=https%3A%2F%2Fwww.social-searcher.com%2Ftwittercse.html%3Fq%3Dtest%26sort%3Ddate&q=Three+Care&start=80&callback=google.search.cse.api80
2025-10-21 16:13:29,070 - INFO - SocksPort=9150 status=200 url=https://cse.google.com/cse/element/v1?rsz=filtered_cse&num=10&hl=en&source=gcsc&cselibv=6467658b9628de43&cx=a72fbbffee86cd2d2&safe=active&cse_tok=AEXjvhL9H9it856q6EKRtj8VrIYA%3A1761034361730&sort=&exp=cc%2Capo&rurl=https%3A%2F%2Fwww.social-searcher.com%2Ftwittercse.html%3Fq%3Dtest%26sort%3Ddate&q=Three+Care&start=90&callback=google.search.cse.api90
2025-10-21 16:13:34,292 - INFO - SocksPort=9150 status=200 url=https://cse.google.com/cse/element/v1?rsz=filtered_cse&num=10&hl=en&source=gcsc&cselibv=6467658b9628de43&cx=c4b97eed1414fcb14&safe=active&cse_tok=AEXjvhKoF2TITRoYC_TuLOeTZXmO%3A1761034176595&sort=date&exp=cc%2Capo&rurl=https%3A%2F%2Fwww.social-searcher.com%2Finstagramcse.html%3Fq%3Dtest%26sort%3Ddate&q=Three+Care&start=0&callback=google.search.cse.api0
2025-10-21 16:13:34,297 - DEBUG - GETCONF __owningcontrollerprocess (runtime: 0.0003)
2025-10-21 16:13:34,310 - INFO - TOR cport auth: True. TOR NEW IDENTITY. Sleep 3 sec.
2025-10-21 16:13:37,316 - INFO - Error while receiving a control message (SocketClosed): received exception "read of closed file"
2025-10-21 16:13:42,202 - INFO - SocksPort=9150 status=200 url=https://cse.google.com/cse/element/v1?rsz=filtered_cse&num=10&hl=en&source=gcsc&cselibv=6467658b9628de43&cx=c4b97eed1414fcb14&safe=active&cse_tok=AEXjvhKoF2TITRoYC_TuLOeTZXmO%3A1761034176595&sort=date&exp=cc%2Capo&rurl=https%3A%2F%2Fwww.social-searcher.com%2Finstagramcse.html%3Fq%3Dtest%26sort%3Ddate&q=Three+Care&start=10&callback=google.search.cse.api10
2025-10-21 16:13:46,275 - INFO - SocksPort=9150 status=200 url=https://cse.google.com/cse/element/v1?rsz=filtered_cse&num=10&hl=en&source=gcsc&cselibv=6467658b9628de43&cx=c4b97eed1414fcb14&safe=active&cse_tok=AEXjvhKoF2TITRoYC_TuLOeTZXmO%3A1761034176595&sort=date&exp=cc%2Capo&rurl=https%3A%2F%2Fwww.social-searcher.com%2Finstagramcse.html%3Fq%3Dtest%26sort%3Ddate&q=Three+Care&start=20&callback=google.search.cse.api20
2025-10-21 16:13:50,255 - INFO - SocksPort=9150 status=200 url=https://cse.google.com/cse/element/v1?rsz=filtered_cse&num=10&hl=en&source=gcsc&cselibv=6467658b9628de43&cx=c4b97eed1414fcb14&safe=active&cse_tok=AEXjvhKoF2TITRoYC_TuLOeTZXmO%3A1761034176595&sort=date&exp=cc%2Capo&rurl=https%3A%2F%2Fwww.social-searcher.com%2Finstagramcse.html%3Fq%3Dtest%26sort%3Ddate&q=Three+Care&start=30&callback=google.search.cse.api30
2025-10-21 16:13:53,942 - INFO - SocksPort=9150 status=200 url=https://cse.google.com/cse/element/v1?rsz=filtered_cse&num=10&hl=en&source=gcsc&cselibv=6467658b9628de43&cx=c4b97eed1414fcb14&safe=active&cse_tok=AEXjvhKoF2TITRoYC_TuLOeTZXmO%3A1761034176595&sort=date&exp=cc%2Capo&rurl=https%3A%2F%2Fwww.social-searcher.com%2Finstagramcse.html%3Fq%3Dtest%26sort%3Ddate&q=Three+Care&start=40&callback=google.search.cse.api40
2025-10-21 16:14:05,300 - INFO - SocksPort=9150 status=200 url=https://cse.google.com/cse/element/v1?rsz=filtered_cse&num=10&hl=en&source=gcsc&cselibv=6467658b9628de43&cx=c4b97eed1414fcb14&safe=active&cse_tok=AEXjvhKoF2TITRoYC_TuLOeTZXmO%3A1761034176595&sort=date&exp=cc%2Capo&rurl=https%3A%2F%2Fwww.social-searcher.com%2Finstagramcse.html%3Fq%3Dtest%26sort%3Ddate&q=Three+Care&start=50&callback=google.search.cse.api50
2025-10-21 16:14:05,308 - DEBUG - GETCONF __owningcontrollerprocess (runtime: 0.0003)
2025-10-21 16:14:05,323 - INFO - TOR cport auth: True. TOR NEW IDENTITY. Sleep 3 sec.
2025-10-21 16:14:08,328 - INFO - Error while receiving a control message (SocketClosed): received exception "read of closed file"
2025-10-21 16:14:13,310 - INFO - SocksPort=9150 status=200 url=https://cse.google.com/cse/element/v1?rsz=filtered_cse&num=10&hl=en&source=gcsc&cselibv=6467658b9628de43&cx=c4b97eed1414fcb14&safe=active&cse_tok=AEXjvhKoF2TITRoYC_TuLOeTZXmO%3A1761034176595&sort=date&exp=cc%2Capo&rurl=https%3A%2F%2Fwww.social-searcher.com%2Finstagramcse.html%3Fq%3Dtest%26sort%3Ddate&q=Three+Care&start=60&callback=google.search.cse.api60
2025-10-21 16:14:18,434 - INFO - SocksPort=9150 status=200 url=https://cse.google.com/cse/element/v1?rsz=filtered_cse&num=10&hl=en&source=gcsc&cselibv=6467658b9628de43&cx=c4b97eed1414fcb14&safe=active&cse_tok=AEXjvhKoF2TITRoYC_TuLOeTZXmO%3A1761034176595&sort=date&exp=cc%2Capo&rurl=https%3A%2F%2Fwww.social-searcher.com%2Finstagramcse.html%3Fq%3Dtest%26sort%3Ddate&q=Three+Care&start=70&callback=google.search.cse.api70
2025-10-21 16:14:22,227 - INFO - SocksPort=9150 status=200 url=https://cse.google.com/cse/element/v1?rsz=filtered_cse&num=10&hl=en&source=gcsc&cselibv=6467658b9628de43&cx=c4b97eed1414fcb14&safe=active&cse_tok=AEXjvhKoF2TITRoYC_TuLOeTZXmO%3A1761034176595&sort=date&exp=cc%2Capo&rurl=https%3A%2F%2Fwww.social-searcher.com%2Finstagramcse.html%3Fq%3Dtest%26sort%3Ddate&q=Three+Care&start=80&callback=google.search.cse.api80
2025-10-21 16:14:27,129 - INFO - SocksPort=9150 status=200 url=https://cse.google.com/cse/element/v1?rsz=filtered_cse&num=10&hl=en&source=gcsc&cselibv=6467658b9628de43&cx=c4b97eed1414fcb14&safe=active&cse_tok=AEXjvhKoF2TITRoYC_TuLOeTZXmO%3A1761034176595&sort=date&exp=cc%2Capo&rurl=https%3A%2F%2Fwww.social-searcher.com%2Finstagramcse.html%3Fq%3Dtest%26sort%3Ddate&q=Three+Care&start=90&callback=google.search.cse.api90
2025-10-21 16:14:32,352 - INFO - SocksPort=9150 status=200 url=https://cse.google.com/cse/element/v1?rsz=filtered_cse&num=10&hl=en&source=gcsc&cselibv=6467658b9628de43&cx=3fb7efb248d74e652&safe=active&cse_tok=AEXjvhIHAIqfgqiV6k5UJdp_CT3D%3A1761034181157&sort=date&exp=cc%2Capo&rurl=https%3A%2F%2Fwww.social-searcher.com%2Flinkedincse.html%3Fq%3Dtest%26sort%3Ddate&q=Three+Care&start=0&callback=google.search.cse.api0
2025-10-21 16:14:32,355 - DEBUG - GETCONF __owningcontrollerprocess (runtime: 0.0002)
2025-10-21 16:14:32,378 - INFO - TOR cport auth: True. TOR NEW IDENTITY. Sleep 3 sec.
2025-10-21 16:14:35,383 - INFO - Error while receiving a control message (SocketClosed): received exception "read of closed file"
2025-10-21 16:14:39,418 - INFO - SocksPort=9150 status=200 url=https://cse.google.com/cse/element/v1?rsz=filtered_cse&num=10&hl=en&source=gcsc&cselibv=6467658b9628de43&cx=3fb7efb248d74e652&safe=active&cse_tok=AEXjvhIHAIqfgqiV6k5UJdp_CT3D%3A1761034181157&sort=date&exp=cc%2Capo&rurl=https%3A%2F%2Fwww.social-searcher.com%2Flinkedincse.html%3Fq%3Dtest%26sort%3Ddate&q=Three+Care&start=10&callback=google.search.cse.api10
2025-10-21 16:14:42,165 - INFO - SocksPort=9150 status=200 url=https://cse.google.com/cse/element/v1?rsz=filtered_cse&num=10&hl=en&source=gcsc&cselibv=6467658b9628de43&cx=3fb7efb248d74e652&safe=active&cse_tok=AEXjvhIHAIqfgqiV6k5UJdp_CT3D%3A1761034181157&sort=date&exp=cc%2Capo&rurl=https%3A%2F%2Fwww.social-searcher.com%2Flinkedincse.html%3Fq%3Dtest%26sort%3Ddate&q=Three+Care&start=20&callback=google.search.cse.api20
2025-10-21 16:14:44,946 - INFO - SocksPort=9150 status=200 url=https://cse.google.com/cse/element/v1?rsz=filtered_cse&num=10&hl=en&source=gcsc&cselibv=6467658b9628de43&cx=3fb7efb248d74e652&safe=active&cse_tok=AEXjvhIHAIqfgqiV6k5UJdp_CT3D%3A1761034181157&sort=date&exp=cc%2Capo&rurl=https%3A%2F%2Fwww.social-searcher.com%2Flinkedincse.html%3Fq%3Dtest%26sort%3Ddate&q=Three+Care&start=30&callback=google.search.cse.api30
2025-10-21 16:14:48,444 - INFO - SocksPort=9150 status=200 url=https://cse.google.com/cse/element/v1?rsz=filtered_cse&num=10&hl=en&source=gcsc&cselibv=6467658b9628de43&cx=3fb7efb248d74e652&safe=active&cse_tok=AEXjvhIHAIqfgqiV6k5UJdp_CT3D%3A1761034181157&sort=date&exp=cc%2Capo&rurl=https%3A%2F%2Fwww.social-searcher.com%2Flinkedincse.html%3Fq%3Dtest%26sort%3Ddate&q=Three+Care&start=40&callback=google.search.cse.api40
2025-10-21 16:14:51,088 - INFO - SocksPort=9150 status=200 url=https://cse.google.com/cse/element/v1?rsz=filtered_cse&num=10&hl=en&source=gcsc&cselibv=6467658b9628de43&cx=3fb7efb248d74e652&safe=active&cse_tok=AEXjvhIHAIqfgqiV6k5UJdp_CT3D%3A1761034181157&sort=date&exp=cc%2Capo&rurl=https%3A%2F%2Fwww.social-searcher.com%2Flinkedincse.html%3Fq%3Dtest%26sort%3Ddate&q=Three+Care&start=50&callback=google.search.cse.api50
2025-10-21 16:14:51,093 - DEBUG - GETCONF __owningcontrollerprocess (runtime: 0.0003)
2025-10-21 16:14:51,110 - INFO - TOR cport auth: True. TOR NEW IDENTITY. Sleep 3 sec.
2025-10-21 16:14:54,112 - INFO - Error while receiving a control message (SocketClosed): received exception "read of closed file"
2025-10-21 16:14:56,198 - INFO - SocksPort=9150 status=200 url=https://cse.google.com/cse/element/v1?rsz=filtered_cse&num=10&hl=en&source=gcsc&cselibv=6467658b9628de43&cx=3fb7efb248d74e652&safe=active&cse_tok=AEXjvhIHAIqfgqiV6k5UJdp_CT3D%3A1761034181157&sort=date&exp=cc%2Capo&rurl=https%3A%2F%2Fwww.social-searcher.com%2Flinkedincse.html%3Fq%3Dtest%26sort%3Ddate&q=Three+Care&start=60&callback=google.search.cse.api60
2025-10-21 16:14:56,204 - DEBUG - GETCONF __owningcontrollerprocess (runtime: 0.0002)
2025-10-21 16:14:56,204 - INFO - TOR cport auth: True. TOR NEW IDENTITY. Sleep 3 sec.
2025-10-21 16:14:59,210 - INFO - Error while receiving a control message (SocketClosed): received exception "[Errno 9] Bad file descriptor"
2025-10-21 16:15:30,410 - INFO - SocksPort=9150 status=200 url=https://cse.google.com/cse/element/v1?rsz=filtered_cse&num=10&hl=en&source=gcsc&cselibv=6467658b9628de43&cx=3fb7efb248d74e652&safe=active&cse_tok=AEXjvhKFhkaXVaxsc7v_IsfokjH6%3A1761034508614&sort=&exp=cc%2Capo&rurl=https%3A%2F%2Fwww.social-searcher.com%2Flinkedincse.html%3Fq%3Dtest%26sort%3Ddate&q=Three+Care&start=60&callback=google.search.cse.api60
2025-10-21 16:15:32,657 - INFO - SocksPort=9150 status=200 url=https://cse.google.com/cse/element/v1?rsz=filtered_cse&num=10&hl=en&source=gcsc&cselibv=6467658b9628de43&cx=3fb7efb248d74e652&safe=active&cse_tok=AEXjvhKFhkaXVaxsc7v_IsfokjH6%3A1761034508614&sort=&exp=cc%2Capo&rurl=https%3A%2F%2Fwww.social-searcher.com%2Flinkedincse.html%3Fq%3Dtest%26sort%3Ddate&q=Three+Care&start=70&callback=google.search.cse.api70
2025-10-21 16:15:32,668 - DEBUG - GETCONF __owningcontrollerprocess (runtime: 0.0003)
2025-10-21 16:15:32,687 - INFO - TOR cport auth: True. TOR NEW IDENTITY. Sleep 3 sec.
2025-10-21 16:15:35,693 - INFO - Error while receiving a control message (SocketClosed): received exception "[Errno 9] Bad file descriptor"
2025-10-21 16:16:09,118 - INFO - SocksPort=9150 status=200 url=https://cse.google.com/cse/element/v1?rsz=filtered_cse&num=10&hl=en&source=gcsc&cselibv=6467658b9628de43&cx=3fb7efb248d74e652&safe=active&cse_tok=AEXjvhIescJnz1_vVIo291odwj4x%3A1761034543990&sort=&exp=cc%2Capo&rurl=https%3A%2F%2Fwww.social-searcher.com%2Flinkedincse.html%3Fq%3Dtest%26sort%3Ddate&q=Three+Care&start=70&callback=google.search.cse.api70
2025-10-21 16:16:12,272 - INFO - SocksPort=9150 status=200 url=https://cse.google.com/cse/element/v1?rsz=filtered_cse&num=10&hl=en&source=gcsc&cselibv=6467658b9628de43&cx=3fb7efb248d74e652&safe=active&cse_tok=AEXjvhIescJnz1_vVIo291odwj4x%3A1761034543990&sort=&exp=cc%2Capo&rurl=https%3A%2F%2Fwww.social-searcher.com%2Flinkedincse.html%3Fq%3Dtest%26sort%3Ddate&q=Three+Care&start=80&callback=google.search.cse.api80
2025-10-21 16:16:12,279 - DEBUG - GETCONF __owningcontrollerprocess (runtime: 0.0003)
2025-10-21 16:16:12,308 - INFO - TOR cport auth: True. TOR NEW IDENTITY. Sleep 3 sec.
2025-10-21 16:16:15,313 - INFO - Error while receiving a control message (SocketClosed): received exception "read of closed file"
2025-10-21 16:16:21,718 - INFO - SocksPort=9150 status=200 url=https://cse.google.com/cse/element/v1?rsz=filtered_cse&num=10&hl=en&source=gcsc&cselibv=6467658b9628de43&cx=3fb7efb248d74e652&safe=active&cse_tok=AEXjvhIescJnz1_vVIo291odwj4x%3A1761034543990&sort=&exp=cc%2Capo&rurl=https%3A%2F%2Fwww.social-searcher.com%2Flinkedincse.html%3Fq%3Dtest%26sort%3Ddate&q=Three+Care&start=90&callback=google.search.cse.api90
2025-10-21 16:16:21,733 - INFO - [OK] Step completed: Execute social media search
2025-10-21 16:16:21,733 - INFO - [SUCCESS] Search process completed!
2025-10-21 16:16:21,733 - INFO - [SUMMARY] Search Summary:
2025-10-21 16:16:21,733 - INFO -    Query keyword: Three Care
2025-10-21 16:16:21,733 - INFO -    Search platforms: 4 platforms
2025-10-21 16:16:21,733 - INFO -    Total results: 380
2025-10-21 16:16:21,733 - INFO -    FACEBOOK: 90 results
2025-10-21 16:16:21,733 - INFO -    TWITTER: 100 results
2025-10-21 16:16:21,733 - INFO -    INSTAGRAM: 100 results
2025-10-21 16:16:21,734 - INFO -    LINKEDIN: 90 results
2025-10-21 16:16:21,735 - INFO - Log saved to: logs/search_log.json
