2025-11-07 22:59:34,307 - INFO - [START] Starting social media search process - Query: 'Tina'
2025-11-07 22:59:34,307 - INFO - [INFO] Starting step: Get all platform CSE parameters
2025-11-07 22:59:52,935 - INFO - Added date sorting for FACEBOOK
2025-11-07 22:59:52,935 - INFO - Added date sorting for TWITTER
2025-11-07 22:59:52,935 - INFO - Added date sorting for INSTAGRAM
2025-11-07 22:59:52,935 - INFO - Added date sorting for LINKEDIN
2025-11-07 22:59:52,935 - INFO - [OK] Step completed: Get all platform CSE parameters
2025-11-07 22:59:52,936 - INFO - [INFO] Starting step: Save parameters
2025-11-07 22:59:52,936 - INFO - [OK] Step completed: Save parameters
2025-11-07 22:59:52,936 - INFO - [INFO] Starting step: Execute social media search
2025-11-07 22:59:54,433 - INFO - SocksPort=9050 status=200 url=https://cse.google.com/cse/element/v1?rsz=filtered_cse&num=10&hl=en&source=gcsc&cselibv=db2c7696979b2a96&cx=294a079ba2d4267d5&safe=active&cse_tok=AEXjvhLnnuLArZXL2aCYkVTgvA3h%3A1762527576880&sort=date&exp=cc%2Capo&rurl=https%3A%2F%2Fwww.social-searcher.com%2Ffacebookcse.html%3Fq%3Dtest%26sort%3Ddate&q=Tina&start=0&callback=google.search.cse.api0
2025-11-07 23:00:09,280 - INFO - SocksPort=9050 status=200 url=https://cse.google.com/cse/element/v1?rsz=filtered_cse&num=10&hl=en&source=gcsc&cselibv=db2c7696979b2a96&cx=294a079ba2d4267d5&safe=active&cse_tok=AEXjvhLnnuLArZXL2aCYkVTgvA3h%3A1762527576880&sort=date&exp=cc%2Capo&rurl=https%3A%2F%2Fwww.social-searcher.com%2Ffacebookcse.html%3Fq%3Dtest%26sort%3Ddate&q=Tina&start=0&callback=google.search.cse.api0
2025-11-07 23:00:12,412 - INFO - SocksPort=9050 status=200 url=https://cse.google.com/cse/element/v1?rsz=filtered_cse&num=10&hl=en&source=gcsc&cselibv=db2c7696979b2a96&cx=a72fbbffee86cd2d2&safe=active&cse_tok=AEXjvhL4Yr8z8nGaPTWyYGrY-_4w%3A1762527581537&sort=date&exp=cc%2Capo&rurl=https%3A%2F%2Fwww.social-searcher.com%2Ftwittercse.html%3Fq%3Dtest%26sort%3Ddate&q=Tina&start=0&callback=google.search.cse.api0
2025-11-07 23:00:15,476 - INFO - SocksPort=9050 status=200 url=https://cse.google.com/cse/element/v1?rsz=filtered_cse&num=10&hl=en&source=gcsc&cselibv=6467658b9628de43&cx=c4b97eed1414fcb14&safe=active&cse_tok=AEXjvhLcPKaZpmE95TIMy83rQWP6%3A1762527586359&sort=date&exp=cc%2Capo&rurl=https%3A%2F%2Fwww.social-searcher.com%2Finstagramcse.html%3Fq%3Dtest%26sort%3Ddate&q=Tina&start=0&callback=google.search.cse.api0
2025-11-07 23:00:18,401 - INFO - SocksPort=9050 status=200 url=https://cse.google.com/cse/element/v1?rsz=filtered_cse&num=10&hl=en&source=gcsc&cselibv=db2c7696979b2a96&cx=3fb7efb248d74e652&safe=active&cse_tok=AEXjvhI1cjhqjKaaCG-Tc-l6MgMe%3A1762527590262&sort=date&exp=cc%2Capo&rurl=https%3A%2F%2Fwww.social-searcher.com%2Flinkedincse.html%3Fq%3Dtest%26sort%3Ddate&q=Tina&start=0&callback=google.search.cse.api0
2025-11-07 23:00:19,811 - INFO - SocksPort=9050 status=200 url=https://cse.google.com/cse/element/v1?rsz=filtered_cse&num=10&hl=en&source=gcsc&cselibv=6467658b9628de43&cx=c0311d8946a51b053&safe=active&cse_tok=AEXjvhK6VooxikQmV6BOKeaRMqnA%3A1759893387560&sort=date&exp=cc%2Capo&rurl=https%3A%2F%2Fwww.social-searcher.com%2Ftiktokcse.html%3Fq%3Dtest&q=Tina&start=0&callback=google.search.cse.api0
2025-11-07 23:00:34,185 - INFO - SocksPort=9050 status=200 url=https://cse.google.com/cse/element/v1?rsz=filtered_cse&num=10&hl=en&source=gcsc&cselibv=6467658b9628de43&cx=c0311d8946a51b053&safe=active&cse_tok=AEXjvhK6VooxikQmV6BOKeaRMqnA%3A1759893387560&sort=date&exp=cc%2Capo&rurl=https%3A%2F%2Fwww.social-searcher.com%2Ftiktokcse.html%3Fq%3Dtest&q=Tina&start=0&callback=google.search.cse.api0
2025-11-07 23:00:52,341 - INFO - SocksPort=9050 status=200 url=https://cse.google.com/cse/element/v1?rsz=filtered_cse&num=10&hl=en&source=gcsc&cselibv=6467658b9628de43&cx=c0311d8946a51b053&safe=active&cse_tok=AEXjvhK6VooxikQmV6BOKeaRMqnA%3A1759893387560&sort=date&exp=cc%2Capo&rurl=https%3A%2F%2Fwww.social-searcher.com%2Ftiktokcse.html%3Fq%3Dtest&q=Tina&start=0&callback=google.search.cse.api0
2025-11-07 23:01:06,473 - INFO - SocksPort=9050 status=200 url=https://cse.google.com/cse/element/v1?rsz=filtered_cse&num=10&hl=en&source=gcsc&cselibv=6467658b9628de43&cx=c0311d8946a51b053&safe=active&cse_tok=AEXjvhK6VooxikQmV6BOKeaRMqnA%3A1759893387560&sort=date&exp=cc%2Capo&rurl=https%3A%2F%2Fwww.social-searcher.com%2Ftiktokcse.html%3Fq%3Dtest&q=Tina&start=0&callback=google.search.cse.api0
2025-11-07 23:01:23,887 - INFO - SocksPort=9050 status=200 url=https://cse.google.com/cse/element/v1?rsz=filtered_cse&num=10&hl=en&source=gcsc&cselibv=6467658b9628de43&cx=c0311d8946a51b053&safe=active&cse_tok=AEXjvhK6VooxikQmV6BOKeaRMqnA%3A1759893387560&sort=date&exp=cc%2Capo&rurl=https%3A%2F%2Fwww.social-searcher.com%2Ftiktokcse.html%3Fq%3Dtest&q=Tina&start=0&callback=google.search.cse.api0
2025-11-07 23:01:38,121 - INFO - SocksPort=9050 status=200 url=https://cse.google.com/cse/element/v1?rsz=filtered_cse&num=10&hl=en&source=gcsc&cselibv=6467658b9628de43&cx=c0311d8946a51b053&safe=active&cse_tok=AEXjvhK6VooxikQmV6BOKeaRMqnA%3A1759893387560&sort=date&exp=cc%2Capo&rurl=https%3A%2F%2Fwww.social-searcher.com%2Ftiktokcse.html%3Fq%3Dtest&q=Tina&start=0&callback=google.search.cse.api0
2025-11-07 23:02:00,075 - INFO - SocksPort=9050 status=200 url=https://cse.google.com/cse/element/v1?rsz=filtered_cse&num=10&hl=en&source=gcsc&cselibv=6467658b9628de43&cx=c0311d8946a51b053&safe=active&cse_tok=AEXjvhK6VooxikQmV6BOKeaRMqnA%3A1759893387560&sort=date&exp=cc%2Capo&rurl=https%3A%2F%2Fwww.social-searcher.com%2Ftiktokcse.html%3Fq%3Dtest&q=Tina&start=0&callback=google.search.cse.api0
2025-11-07 23:02:13,409 - INFO - SocksPort=9050 status=200 url=https://cse.google.com/cse/element/v1?rsz=filtered_cse&num=10&hl=en&source=gcsc&cselibv=6467658b9628de43&cx=c0311d8946a51b053&safe=active&cse_tok=AEXjvhK6VooxikQmV6BOKeaRMqnA%3A1759893387560&sort=date&exp=cc%2Capo&rurl=https%3A%2F%2Fwww.social-searcher.com%2Ftiktokcse.html%3Fq%3Dtest&q=Tina&start=0&callback=google.search.cse.api0
2025-11-07 23:02:14,957 - INFO - SocksPort=9050 status=200 url=https://cse.google.com/cse/element/v1?rsz=filtered_cse&num=10&hl=en&source=gcsc&cselibv=6467658b9628de43&cx=c0311d8946a51b053&safe=active&cse_tok=AEXjvhLFP4UgU1zmN8iMZ6zrjpsM%3A1759893401389&sort=date&exp=cc%2Capo&rurl=https%3A%2F%2Fwww.social-searcher.com%2Fpinterestcse.html%3Fq%3Dtest&q=Tina&start=0&callback=google.search.cse.api0
2025-11-07 23:02:28,883 - INFO - SocksPort=9050 status=200 url=https://cse.google.com/cse/element/v1?rsz=filtered_cse&num=10&hl=en&source=gcsc&cselibv=6467658b9628de43&cx=c0311d8946a51b053&safe=active&cse_tok=AEXjvhLFP4UgU1zmN8iMZ6zrjpsM%3A1759893401389&sort=date&exp=cc%2Capo&rurl=https%3A%2F%2Fwww.social-searcher.com%2Fpinterestcse.html%3Fq%3Dtest&q=Tina&start=0&callback=google.search.cse.api0
2025-11-07 23:02:46,622 - INFO - SocksPort=9050 status=200 url=https://cse.google.com/cse/element/v1?rsz=filtered_cse&num=10&hl=en&source=gcsc&cselibv=6467658b9628de43&cx=c0311d8946a51b053&safe=active&cse_tok=AEXjvhLFP4UgU1zmN8iMZ6zrjpsM%3A1759893401389&sort=date&exp=cc%2Capo&rurl=https%3A%2F%2Fwww.social-searcher.com%2Fpinterestcse.html%3Fq%3Dtest&q=Tina&start=0&callback=google.search.cse.api0
2025-11-07 23:03:00,846 - INFO - SocksPort=9050 status=200 url=https://cse.google.com/cse/element/v1?rsz=filtered_cse&num=10&hl=en&source=gcsc&cselibv=6467658b9628de43&cx=c0311d8946a51b053&safe=active&cse_tok=AEXjvhLFP4UgU1zmN8iMZ6zrjpsM%3A1759893401389&sort=date&exp=cc%2Capo&rurl=https%3A%2F%2Fwww.social-searcher.com%2Fpinterestcse.html%3Fq%3Dtest&q=Tina&start=0&callback=google.search.cse.api0
2025-11-07 23:03:19,491 - INFO - SocksPort=9050 status=200 url=https://cse.google.com/cse/element/v1?rsz=filtered_cse&num=10&hl=en&source=gcsc&cselibv=6467658b9628de43&cx=c0311d8946a51b053&safe=active&cse_tok=AEXjvhLFP4UgU1zmN8iMZ6zrjpsM%3A1759893401389&sort=date&exp=cc%2Capo&rurl=https%3A%2F%2Fwww.social-searcher.com%2Fpinterestcse.html%3Fq%3Dtest&q=Tina&start=0&callback=google.search.cse.api0
2025-11-07 23:03:33,774 - INFO - SocksPort=9050 status=200 url=https://cse.google.com/cse/element/v1?rsz=filtered_cse&num=10&hl=en&source=gcsc&cselibv=6467658b9628de43&cx=c0311d8946a51b053&safe=active&cse_tok=AEXjvhLFP4UgU1zmN8iMZ6zrjpsM%3A1759893401389&sort=date&exp=cc%2Capo&rurl=https%3A%2F%2Fwww.social-searcher.com%2Fpinterestcse.html%3Fq%3Dtest&q=Tina&start=0&callback=google.search.cse.api0
2025-11-07 23:03:51,834 - INFO - SocksPort=9050 status=200 url=https://cse.google.com/cse/element/v1?rsz=filtered_cse&num=10&hl=en&source=gcsc&cselibv=6467658b9628de43&cx=c0311d8946a51b053&safe=active&cse_tok=AEXjvhLFP4UgU1zmN8iMZ6zrjpsM%3A1759893401389&sort=date&exp=cc%2Capo&rurl=https%3A%2F%2Fwww.social-searcher.com%2Fpinterestcse.html%3Fq%3Dtest&q=Tina&start=0&callback=google.search.cse.api0
2025-11-07 23:04:05,569 - INFO - SocksPort=9050 status=200 url=https://cse.google.com/cse/element/v1?rsz=filtered_cse&num=10&hl=en&source=gcsc&cselibv=6467658b9628de43&cx=c0311d8946a51b053&safe=active&cse_tok=AEXjvhLFP4UgU1zmN8iMZ6zrjpsM%3A1759893401389&sort=date&exp=cc%2Capo&rurl=https%3A%2F%2Fwww.social-searcher.com%2Fpinterestcse.html%3Fq%3Dtest&q=Tina&start=0&callback=google.search.cse.api0
2025-11-07 23:04:05,581 - INFO - [OK] Step completed: Execute social media search
2025-11-07 23:04:05,581 - INFO - [SUCCESS] Search process completed!
2025-11-07 23:04:05,581 - INFO - [SUMMARY] Search Summary:
2025-11-07 23:04:05,581 - INFO -    Query keyword: Tina
2025-11-07 23:04:05,581 - INFO -    Search platforms: 6 platforms
2025-11-07 23:04:05,581 - INFO -    Total results: 40
2025-11-07 23:04:05,581 - INFO -    FACEBOOK: 10 results
2025-11-07 23:04:05,581 - INFO -    TWITTER: 10 results
2025-11-07 23:04:05,581 - INFO -    INSTAGRAM: 10 results
2025-11-07 23:04:05,581 - INFO -    LINKEDIN: 10 results
2025-11-07 23:04:05,581 - INFO -    TIKTOK: 0 results
2025-11-07 23:04:05,581 - INFO -    PINTEREST: 0 results
2025-11-07 23:04:05,582 - INFO - Log saved to: logs/search_log.json
