2025-10-10 14:59:28,785 - INFO - [START] Starting social media search process - Query: 'Wayne'
2025-10-10 14:59:28,787 - INFO - [INFO] Starting step: Get all platform CSE parameters
2025-10-10 14:59:44,442 - INFO - [OK] Step completed: Get all platform CSE parameters
2025-10-10 14:59:44,442 - INFO - [INFO] Starting step: Save parameters
2025-10-10 14:59:44,443 - INFO - [OK] Step completed: Save parameters
2025-10-10 14:59:44,443 - INFO - [INFO] Starting step: Execute social media search
2025-10-10 14:59:46,089 - INFO - SocksPort=9150 status=200 url=https://cse.google.com/cse/element/v1?rsz=filtered_cse&num=10&hl=en&source=gcsc&cselibv=6467658b9628de43&cx=294a079ba2d4267d5&safe=active&cse_tok=AEXjvhLIUJUkH1TsH6sitfy3fGdE%3A1760079570252&sort=&exp=cc%2Capo&rurl=https%3A%2F%2Fwww.social-searcher.com%2Ffacebookcse.html%3Fq%3Dtest%26sort%3Ddate&q=Wayne&start=0&callback=google.search.cse.api0
2025-10-10 14:59:47,884 - INFO - SocksPort=9150 status=200 url=https://cse.google.com/cse/element/v1?rsz=filtered_cse&num=10&hl=en&source=gcsc&cselibv=6467658b9628de43&cx=294a079ba2d4267d5&safe=active&cse_tok=AEXjvhLIUJUkH1TsH6sitfy3fGdE%3A1760079570252&sort=&exp=cc%2Capo&rurl=https%3A%2F%2Fwww.social-searcher.com%2Ffacebookcse.html%3Fq%3Dtest%26sort%3Ddate&q=Wayne&start=10&callback=google.search.cse.api10
2025-10-10 14:59:49,734 - INFO - SocksPort=9150 status=200 url=https://cse.google.com/cse/element/v1?rsz=filtered_cse&num=10&hl=en&source=gcsc&cselibv=6467658b9628de43&cx=294a079ba2d4267d5&safe=active&cse_tok=AEXjvhLIUJUkH1TsH6sitfy3fGdE%3A1760079570252&sort=&exp=cc%2Capo&rurl=https%3A%2F%2Fwww.social-searcher.com%2Ffacebookcse.html%3Fq%3Dtest%26sort%3Ddate&q=Wayne&start=20&callback=google.search.cse.api20
2025-10-10 14:59:51,547 - INFO - SocksPort=9150 status=200 url=https://cse.google.com/cse/element/v1?rsz=filtered_cse&num=10&hl=en&source=gcsc&cselibv=6467658b9628de43&cx=294a079ba2d4267d5&safe=active&cse_tok=AEXjvhLIUJUkH1TsH6sitfy3fGdE%3A1760079570252&sort=&exp=cc%2Capo&rurl=https%3A%2F%2Fwww.social-searcher.com%2Ffacebookcse.html%3Fq%3Dtest%26sort%3Ddate&q=Wayne&start=30&callback=google.search.cse.api30
2025-10-10 14:59:53,457 - INFO - SocksPort=9150 status=200 url=https://cse.google.com/cse/element/v1?rsz=filtered_cse&num=10&hl=en&source=gcsc&cselibv=6467658b9628de43&cx=294a079ba2d4267d5&safe=active&cse_tok=AEXjvhLIUJUkH1TsH6sitfy3fGdE%3A1760079570252&sort=&exp=cc%2Capo&rurl=https%3A%2F%2Fwww.social-searcher.com%2Ffacebookcse.html%3Fq%3Dtest%26sort%3Ddate&q=Wayne&start=40&callback=google.search.cse.api40
2025-10-10 14:59:53,466 - INFO - Error while receiving a control message (SocketClosed): empty socket content
2025-10-10 14:59:53,467 - INFO - Error while receiving a control message (SocketClosed): empty socket content
2025-10-10 14:59:55,982 - INFO - SocksPort=9150 status=200 url=https://cse.google.com/cse/element/v1?rsz=filtered_cse&num=10&hl=en&source=gcsc&cselibv=6467658b9628de43&cx=a72fbbffee86cd2d2&safe=active&cse_tok=AEXjvhJi3JjfXNxXFfoQ5iCg6HIk%3A1760079573872&sort=&exp=cc%2Capo&rurl=https%3A%2F%2Fwww.social-searcher.com%2Ftwittercse.html%3Fq%3Dtest%26sort%3Ddate&q=Wayne&start=0&callback=google.search.cse.api0
2025-10-10 14:59:57,966 - INFO - SocksPort=9150 status=200 url=https://cse.google.com/cse/element/v1?rsz=filtered_cse&num=10&hl=en&source=gcsc&cselibv=6467658b9628de43&cx=a72fbbffee86cd2d2&safe=active&cse_tok=AEXjvhJi3JjfXNxXFfoQ5iCg6HIk%3A1760079573872&sort=&exp=cc%2Capo&rurl=https%3A%2F%2Fwww.social-searcher.com%2Ftwittercse.html%3Fq%3Dtest%26sort%3Ddate&q=Wayne&start=10&callback=google.search.cse.api10
2025-10-10 14:59:59,909 - INFO - SocksPort=9150 status=200 url=https://cse.google.com/cse/element/v1?rsz=filtered_cse&num=10&hl=en&source=gcsc&cselibv=6467658b9628de43&cx=a72fbbffee86cd2d2&safe=active&cse_tok=AEXjvhJi3JjfXNxXFfoQ5iCg6HIk%3A1760079573872&sort=&exp=cc%2Capo&rurl=https%3A%2F%2Fwww.social-searcher.com%2Ftwittercse.html%3Fq%3Dtest%26sort%3Ddate&q=Wayne&start=20&callback=google.search.cse.api20
2025-10-10 15:00:01,786 - INFO - SocksPort=9150 status=200 url=https://cse.google.com/cse/element/v1?rsz=filtered_cse&num=10&hl=en&source=gcsc&cselibv=6467658b9628de43&cx=a72fbbffee86cd2d2&safe=active&cse_tok=AEXjvhJi3JjfXNxXFfoQ5iCg6HIk%3A1760079573872&sort=&exp=cc%2Capo&rurl=https%3A%2F%2Fwww.social-searcher.com%2Ftwittercse.html%3Fq%3Dtest%26sort%3Ddate&q=Wayne&start=30&callback=google.search.cse.api30
2025-10-10 15:00:03,735 - INFO - SocksPort=9150 status=200 url=https://cse.google.com/cse/element/v1?rsz=filtered_cse&num=10&hl=en&source=gcsc&cselibv=6467658b9628de43&cx=a72fbbffee86cd2d2&safe=active&cse_tok=AEXjvhJi3JjfXNxXFfoQ5iCg6HIk%3A1760079573872&sort=&exp=cc%2Capo&rurl=https%3A%2F%2Fwww.social-searcher.com%2Ftwittercse.html%3Fq%3Dtest%26sort%3Ddate&q=Wayne&start=40&callback=google.search.cse.api40
2025-10-10 15:00:03,737 - INFO - Error while receiving a control message (SocketClosed): received exception "[Errno 54] Connection reset by peer"
2025-10-10 15:00:03,739 - INFO - Error while receiving a control message (SocketClosed): received exception "[Errno 54] Connection reset by peer"
2025-10-10 15:00:05,642 - INFO - SocksPort=9150 status=200 url=https://cse.google.com/cse/element/v1?rsz=filtered_cse&num=10&hl=en&source=gcsc&cselibv=6467658b9628de43&cx=c4b97eed1414fcb14&safe=active&cse_tok=AEXjvhKfBlB_7uHZ3PeY5JTUIrqs%3A1760079578480&sort=&exp=cc%2Capo&rurl=https%3A%2F%2Fwww.social-searcher.com%2Finstagramcse.html%3Fq%3Dtest%26sort%3Ddate&q=Wayne&start=0&callback=google.search.cse.api0
2025-10-10 15:00:07,514 - INFO - SocksPort=9150 status=200 url=https://cse.google.com/cse/element/v1?rsz=filtered_cse&num=10&hl=en&source=gcsc&cselibv=6467658b9628de43&cx=c4b97eed1414fcb14&safe=active&cse_tok=AEXjvhKfBlB_7uHZ3PeY5JTUIrqs%3A1760079578480&sort=&exp=cc%2Capo&rurl=https%3A%2F%2Fwww.social-searcher.com%2Finstagramcse.html%3Fq%3Dtest%26sort%3Ddate&q=Wayne&start=10&callback=google.search.cse.api10
2025-10-10 15:00:09,360 - INFO - SocksPort=9150 status=200 url=https://cse.google.com/cse/element/v1?rsz=filtered_cse&num=10&hl=en&source=gcsc&cselibv=6467658b9628de43&cx=c4b97eed1414fcb14&safe=active&cse_tok=AEXjvhKfBlB_7uHZ3PeY5JTUIrqs%3A1760079578480&sort=&exp=cc%2Capo&rurl=https%3A%2F%2Fwww.social-searcher.com%2Finstagramcse.html%3Fq%3Dtest%26sort%3Ddate&q=Wayne&start=20&callback=google.search.cse.api20
2025-10-10 15:00:11,221 - INFO - SocksPort=9150 status=200 url=https://cse.google.com/cse/element/v1?rsz=filtered_cse&num=10&hl=en&source=gcsc&cselibv=6467658b9628de43&cx=c4b97eed1414fcb14&safe=active&cse_tok=AEXjvhKfBlB_7uHZ3PeY5JTUIrqs%3A1760079578480&sort=&exp=cc%2Capo&rurl=https%3A%2F%2Fwww.social-searcher.com%2Finstagramcse.html%3Fq%3Dtest%26sort%3Ddate&q=Wayne&start=30&callback=google.search.cse.api30
2025-10-10 15:00:13,220 - INFO - SocksPort=9150 status=200 url=https://cse.google.com/cse/element/v1?rsz=filtered_cse&num=10&hl=en&source=gcsc&cselibv=6467658b9628de43&cx=c4b97eed1414fcb14&safe=active&cse_tok=AEXjvhKfBlB_7uHZ3PeY5JTUIrqs%3A1760079578480&sort=&exp=cc%2Capo&rurl=https%3A%2F%2Fwww.social-searcher.com%2Finstagramcse.html%3Fq%3Dtest%26sort%3Ddate&q=Wayne&start=40&callback=google.search.cse.api40
2025-10-10 15:00:13,222 - INFO - Error while receiving a control message (SocketClosed): empty socket content
2025-10-10 15:00:13,223 - INFO - Error while receiving a control message (SocketClosed): received exception "[Errno 54] Connection reset by peer"
2025-10-10 15:00:15,166 - INFO - SocksPort=9150 status=200 url=https://cse.google.com/cse/element/v1?rsz=filtered_cse&num=10&hl=en&source=gcsc&cselibv=6467658b9628de43&cx=3fb7efb248d74e652&safe=active&cse_tok=AEXjvhK7cgSL6kznPzn1QAlWUAZY%3A1760079582069&sort=&exp=cc%2Capo&rurl=https%3A%2F%2Fwww.social-searcher.com%2Flinkedincse.html%3Fq%3Dtest%26sort%3Ddate&q=Wayne&start=0&callback=google.search.cse.api0
2025-10-10 15:00:17,110 - INFO - SocksPort=9150 status=200 url=https://cse.google.com/cse/element/v1?rsz=filtered_cse&num=10&hl=en&source=gcsc&cselibv=6467658b9628de43&cx=3fb7efb248d74e652&safe=active&cse_tok=AEXjvhK7cgSL6kznPzn1QAlWUAZY%3A1760079582069&sort=&exp=cc%2Capo&rurl=https%3A%2F%2Fwww.social-searcher.com%2Flinkedincse.html%3Fq%3Dtest%26sort%3Ddate&q=Wayne&start=10&callback=google.search.cse.api10
2025-10-10 15:00:18,886 - INFO - SocksPort=9150 status=200 url=https://cse.google.com/cse/element/v1?rsz=filtered_cse&num=10&hl=en&source=gcsc&cselibv=6467658b9628de43&cx=3fb7efb248d74e652&safe=active&cse_tok=AEXjvhK7cgSL6kznPzn1QAlWUAZY%3A1760079582069&sort=&exp=cc%2Capo&rurl=https%3A%2F%2Fwww.social-searcher.com%2Flinkedincse.html%3Fq%3Dtest%26sort%3Ddate&q=Wayne&start=20&callback=google.search.cse.api20
2025-10-10 15:00:21,002 - INFO - SocksPort=9150 status=200 url=https://cse.google.com/cse/element/v1?rsz=filtered_cse&num=10&hl=en&source=gcsc&cselibv=6467658b9628de43&cx=3fb7efb248d74e652&safe=active&cse_tok=AEXjvhK7cgSL6kznPzn1QAlWUAZY%3A1760079582069&sort=&exp=cc%2Capo&rurl=https%3A%2F%2Fwww.social-searcher.com%2Flinkedincse.html%3Fq%3Dtest%26sort%3Ddate&q=Wayne&start=30&callback=google.search.cse.api30
2025-10-10 15:00:22,839 - INFO - SocksPort=9150 status=200 url=https://cse.google.com/cse/element/v1?rsz=filtered_cse&num=10&hl=en&source=gcsc&cselibv=6467658b9628de43&cx=3fb7efb248d74e652&safe=active&cse_tok=AEXjvhK7cgSL6kznPzn1QAlWUAZY%3A1760079582069&sort=&exp=cc%2Capo&rurl=https%3A%2F%2Fwww.social-searcher.com%2Flinkedincse.html%3Fq%3Dtest%26sort%3Ddate&q=Wayne&start=40&callback=google.search.cse.api40
2025-10-10 15:00:22,841 - INFO - Error while receiving a control message (SocketClosed): received exception "[Errno 54] Connection reset by peer"
2025-10-10 15:00:22,842 - INFO - Error while receiving a control message (SocketClosed): received exception "[Errno 54] Connection reset by peer"
2025-10-10 15:00:22,842 - INFO - [OK] Step completed: Execute social media search
2025-10-10 15:00:22,842 - INFO - [SUCCESS] Search process completed!
2025-10-10 15:00:22,842 - INFO - [SUMMARY] Search Summary:
2025-10-10 15:00:22,842 - INFO -    Query keyword: Wayne
2025-10-10 15:00:22,842 - INFO -    Search platforms: 4 platforms
2025-10-10 15:00:22,842 - INFO -    Total results: 0
2025-10-10 15:00:22,842 - INFO -    FACEBOOK: 0 results
2025-10-10 15:00:22,842 - INFO -    TWITTER: 0 results
2025-10-10 15:00:22,842 - INFO -    INSTAGRAM: 0 results
2025-10-10 15:00:22,842 - INFO -    LINKEDIN: 0 results
2025-10-10 15:00:22,843 - INFO - Log saved to: logs/search_log.json
