2025-10-21 16:01:04,043 - INFO - [START] Starting social media search process - Query: 'Three+Care'
2025-10-21 16:01:04,043 - INFO - [INFO] Starting step: Get all platform CSE parameters
2025-10-21 16:01:23,099 - INFO - Added date sorting for FACEBOOK
2025-10-21 16:01:23,099 - INFO - Added date sorting for TWITTER
2025-10-21 16:01:23,099 - INFO - Added date sorting for INSTAGRAM
2025-10-21 16:01:23,099 - INFO - Added date sorting for LINKEDIN
2025-10-21 16:01:23,099 - INFO - [OK] Step completed: Get all platform CSE parameters
2025-10-21 16:01:23,099 - INFO - [INFO] Starting step: Save parameters
2025-10-21 16:01:23,100 - INFO - [OK] Step completed: Save parameters
2025-10-21 16:01:23,100 - INFO - [INFO] Starting step: Execute social media search
2025-10-21 16:01:27,555 - INFO - SocksPort=9150 status=200 url=https://cse.google.com/cse/element/v1?rsz=filtered_cse&num=10&hl=en&source=gcsc&cselibv=6467658b9628de43&cx=294a079ba2d4267d5&safe=active&cse_tok=AEXjvhIiNLPUx_oxoTJhLBIsUIr3%3A1761033666309&sort=date&exp=cc%2Capo&rurl=https%3A%2F%2Fwww.social-searcher.com%2Ffacebookcse.html%3Fq%3Dtest%26sort%3Ddate&q=Three%2BCare&start=0&callback=google.search.cse.api0
2025-10-21 16:01:30,222 - INFO - SocksPort=9150 status=200 url=https://cse.google.com/cse/element/v1?rsz=filtered_cse&num=10&hl=en&source=gcsc&cselibv=6467658b9628de43&cx=294a079ba2d4267d5&safe=active&cse_tok=AEXjvhIiNLPUx_oxoTJhLBIsUIr3%3A1761033666309&sort=date&exp=cc%2Capo&rurl=https%3A%2F%2Fwww.social-searcher.com%2Ffacebookcse.html%3Fq%3Dtest%26sort%3Ddate&q=Three%2BCare&start=10&callback=google.search.cse.api10
2025-10-21 16:01:36,062 - INFO - SocksPort=9150 status=200 url=https://cse.google.com/cse/element/v1?rsz=filtered_cse&num=10&hl=en&source=gcsc&cselibv=6467658b9628de43&cx=294a079ba2d4267d5&safe=active&cse_tok=AEXjvhIiNLPUx_oxoTJhLBIsUIr3%3A1761033666309&sort=date&exp=cc%2Capo&rurl=https%3A%2F%2Fwww.social-searcher.com%2Ffacebookcse.html%3Fq%3Dtest%26sort%3Ddate&q=Three%2BCare&start=20&callback=google.search.cse.api20
2025-10-21 16:01:40,976 - INFO - SocksPort=9150 status=200 url=https://cse.google.com/cse/element/v1?rsz=filtered_cse&num=10&hl=en&source=gcsc&cselibv=6467658b9628de43&cx=294a079ba2d4267d5&safe=active&cse_tok=AEXjvhIiNLPUx_oxoTJhLBIsUIr3%3A1761033666309&sort=date&exp=cc%2Capo&rurl=https%3A%2F%2Fwww.social-searcher.com%2Ffacebookcse.html%3Fq%3Dtest%26sort%3Ddate&q=Three%2BCare&start=30&callback=google.search.cse.api30
2025-10-21 16:01:46,058 - INFO - SocksPort=9150 status=200 url=https://cse.google.com/cse/element/v1?rsz=filtered_cse&num=10&hl=en&source=gcsc&cselibv=6467658b9628de43&cx=294a079ba2d4267d5&safe=active&cse_tok=AEXjvhIiNLPUx_oxoTJhLBIsUIr3%3A1761033666309&sort=date&exp=cc%2Capo&rurl=https%3A%2F%2Fwww.social-searcher.com%2Ffacebookcse.html%3Fq%3Dtest%26sort%3Ddate&q=Three%2BCare&start=40&callback=google.search.cse.api40
2025-10-21 16:01:46,074 - DEBUG - GETCONF __owningcontrollerprocess (runtime: 0.0003)
2025-10-21 16:01:46,092 - INFO - TOR cport auth: True. TOR NEW IDENTITY. Sleep 3 sec.
2025-10-21 16:01:49,098 - INFO - Error while receiving a control message (SocketClosed): received exception "read of closed file"
2025-10-21 16:01:54,444 - INFO - SocksPort=9150 status=200 url=https://cse.google.com/cse/element/v1?rsz=filtered_cse&num=10&hl=en&source=gcsc&cselibv=6467658b9628de43&cx=294a079ba2d4267d5&safe=active&cse_tok=AEXjvhIiNLPUx_oxoTJhLBIsUIr3%3A1761033666309&sort=date&exp=cc%2Capo&rurl=https%3A%2F%2Fwww.social-searcher.com%2Ffacebookcse.html%3Fq%3Dtest%26sort%3Ddate&q=Three%2BCare&start=50&callback=google.search.cse.api50
2025-10-21 16:01:54,452 - DEBUG - GETCONF __owningcontrollerprocess (runtime: 0.0004)
2025-10-21 16:01:54,453 - INFO - TOR cport auth: True. TOR NEW IDENTITY. Sleep 3 sec.
2025-10-21 16:01:57,458 - INFO - Error while receiving a control message (SocketClosed): received exception "read of closed file"
2025-10-21 16:02:28,286 - INFO - SocksPort=9150 status=200 url=https://cse.google.com/cse/element/v1?rsz=filtered_cse&num=10&hl=en&source=gcsc&cselibv=6467658b9628de43&cx=294a079ba2d4267d5&safe=active&cse_tok=AEXjvhL6vEvniGe2hGBX5J94ZugJ%3A1761033727181&sort=&exp=cc%2Capo&rurl=https%3A%2F%2Fwww.social-searcher.com%2Ffacebookcse.html%3Fq%3Dtest%26sort%3Ddate&q=Three%2BCare&start=50&callback=google.search.cse.api50
2025-10-21 16:02:31,366 - INFO - SocksPort=9150 status=200 url=https://cse.google.com/cse/element/v1?rsz=filtered_cse&num=10&hl=en&source=gcsc&cselibv=6467658b9628de43&cx=294a079ba2d4267d5&safe=active&cse_tok=AEXjvhL6vEvniGe2hGBX5J94ZugJ%3A1761033727181&sort=&exp=cc%2Capo&rurl=https%3A%2F%2Fwww.social-searcher.com%2Ffacebookcse.html%3Fq%3Dtest%26sort%3Ddate&q=Three%2BCare&start=60&callback=google.search.cse.api60
2025-10-21 16:02:34,718 - INFO - SocksPort=9150 status=200 url=https://cse.google.com/cse/element/v1?rsz=filtered_cse&num=10&hl=en&source=gcsc&cselibv=6467658b9628de43&cx=294a079ba2d4267d5&safe=active&cse_tok=AEXjvhL6vEvniGe2hGBX5J94ZugJ%3A1761033727181&sort=&exp=cc%2Capo&rurl=https%3A%2F%2Fwww.social-searcher.com%2Ffacebookcse.html%3Fq%3Dtest%26sort%3Ddate&q=Three%2BCare&start=70&callback=google.search.cse.api70
2025-10-21 16:02:40,267 - INFO - SocksPort=9150 status=200 url=https://cse.google.com/cse/element/v1?rsz=filtered_cse&num=10&hl=en&source=gcsc&cselibv=6467658b9628de43&cx=294a079ba2d4267d5&safe=active&cse_tok=AEXjvhL6vEvniGe2hGBX5J94ZugJ%3A1761033727181&sort=&exp=cc%2Capo&rurl=https%3A%2F%2Fwww.social-searcher.com%2Ffacebookcse.html%3Fq%3Dtest%26sort%3Ddate&q=Three%2BCare&start=80&callback=google.search.cse.api80
2025-10-21 16:02:40,271 - DEBUG - GETCONF __owningcontrollerprocess (runtime: 0.0003)
2025-10-21 16:02:40,285 - INFO - TOR cport auth: True. TOR NEW IDENTITY. Sleep 3 sec.
2025-10-21 16:02:43,289 - INFO - Error while receiving a control message (SocketClosed): received exception "read of closed file"
2025-10-21 16:02:46,103 - INFO - SocksPort=9150 status=200 url=https://cse.google.com/cse/element/v1?rsz=filtered_cse&num=10&hl=en&source=gcsc&cselibv=6467658b9628de43&cx=294a079ba2d4267d5&safe=active&cse_tok=AEXjvhL6vEvniGe2hGBX5J94ZugJ%3A1761033727181&sort=&exp=cc%2Capo&rurl=https%3A%2F%2Fwww.social-searcher.com%2Ffacebookcse.html%3Fq%3Dtest%26sort%3Ddate&q=Three%2BCare&start=90&callback=google.search.cse.api90
2025-10-21 16:02:51,617 - INFO - SocksPort=9150 status=200 url=https://cse.google.com/cse/element/v1?rsz=filtered_cse&num=10&hl=en&source=gcsc&cselibv=6467658b9628de43&cx=a72fbbffee86cd2d2&safe=active&cse_tok=AEXjvhK4fAgSI9AlRycMTuXrbwXn%3A1761033670904&sort=date&exp=cc%2Capo&rurl=https%3A%2F%2Fwww.social-searcher.com%2Ftwittercse.html%3Fq%3Dtest%26sort%3Ddate&q=Three%2BCare&start=0&callback=google.search.cse.api0
2025-10-21 16:02:53,879 - INFO - SocksPort=9150 status=200 url=https://cse.google.com/cse/element/v1?rsz=filtered_cse&num=10&hl=en&source=gcsc&cselibv=6467658b9628de43&cx=a72fbbffee86cd2d2&safe=active&cse_tok=AEXjvhK4fAgSI9AlRycMTuXrbwXn%3A1761033670904&sort=date&exp=cc%2Capo&rurl=https%3A%2F%2Fwww.social-searcher.com%2Ftwittercse.html%3Fq%3Dtest%26sort%3Ddate&q=Three%2BCare&start=10&callback=google.search.cse.api10
2025-10-21 16:02:53,889 - DEBUG - GETCONF __owningcontrollerprocess (runtime: 0.0004)
2025-10-21 16:02:53,904 - INFO - TOR cport auth: True. TOR NEW IDENTITY. Sleep 3 sec.
2025-10-21 16:02:56,910 - INFO - Error while receiving a control message (SocketClosed): received exception "read of closed file"
2025-10-21 16:03:27,008 - INFO - SocksPort=9150 status=200 url=https://cse.google.com/cse/element/v1?rsz=filtered_cse&num=10&hl=en&source=gcsc&cselibv=6467658b9628de43&cx=a72fbbffee86cd2d2&safe=active&cse_tok=AEXjvhKndPJue_QGUkAcpoOF08G9%3A1761033785114&sort=&exp=cc%2Capo&rurl=https%3A%2F%2Fwww.social-searcher.com%2Ftwittercse.html%3Fq%3Dtest%26sort%3Ddate&q=Three%2BCare&start=10&callback=google.search.cse.api10
2025-10-21 16:03:29,419 - INFO - SocksPort=9150 status=200 url=https://cse.google.com/cse/element/v1?rsz=filtered_cse&num=10&hl=en&source=gcsc&cselibv=6467658b9628de43&cx=a72fbbffee86cd2d2&safe=active&cse_tok=AEXjvhKndPJue_QGUkAcpoOF08G9%3A1761033785114&sort=&exp=cc%2Capo&rurl=https%3A%2F%2Fwww.social-searcher.com%2Ftwittercse.html%3Fq%3Dtest%26sort%3Ddate&q=Three%2BCare&start=20&callback=google.search.cse.api20
2025-10-21 16:03:29,425 - DEBUG - GETCONF __owningcontrollerprocess (runtime: 0.0003)
2025-10-21 16:03:29,439 - INFO - TOR cport auth: True. TOR NEW IDENTITY. Sleep 3 sec.
2025-10-21 16:03:32,445 - INFO - Error while receiving a control message (SocketClosed): received exception "read of closed file"
2025-10-21 16:03:35,277 - INFO - SocksPort=9150 status=200 url=https://cse.google.com/cse/element/v1?rsz=filtered_cse&num=10&hl=en&source=gcsc&cselibv=6467658b9628de43&cx=a72fbbffee86cd2d2&safe=active&cse_tok=AEXjvhKndPJue_QGUkAcpoOF08G9%3A1761033785114&sort=&exp=cc%2Capo&rurl=https%3A%2F%2Fwww.social-searcher.com%2Ftwittercse.html%3Fq%3Dtest%26sort%3Ddate&q=Three%2BCare&start=30&callback=google.search.cse.api30
2025-10-21 16:03:40,344 - INFO - SocksPort=9150 status=200 url=https://cse.google.com/cse/element/v1?rsz=filtered_cse&num=10&hl=en&source=gcsc&cselibv=6467658b9628de43&cx=a72fbbffee86cd2d2&safe=active&cse_tok=AEXjvhKndPJue_QGUkAcpoOF08G9%3A1761033785114&sort=&exp=cc%2Capo&rurl=https%3A%2F%2Fwww.social-searcher.com%2Ftwittercse.html%3Fq%3Dtest%26sort%3Ddate&q=Three%2BCare&start=40&callback=google.search.cse.api40
2025-10-21 16:03:43,856 - INFO - SocksPort=9150 status=200 url=https://cse.google.com/cse/element/v1?rsz=filtered_cse&num=10&hl=en&source=gcsc&cselibv=6467658b9628de43&cx=a72fbbffee86cd2d2&safe=active&cse_tok=AEXjvhKndPJue_QGUkAcpoOF08G9%3A1761033785114&sort=&exp=cc%2Capo&rurl=https%3A%2F%2Fwww.social-searcher.com%2Ftwittercse.html%3Fq%3Dtest%26sort%3Ddate&q=Three%2BCare&start=50&callback=google.search.cse.api50
2025-10-21 16:03:48,476 - INFO - SocksPort=9150 status=200 url=https://cse.google.com/cse/element/v1?rsz=filtered_cse&num=10&hl=en&source=gcsc&cselibv=6467658b9628de43&cx=a72fbbffee86cd2d2&safe=active&cse_tok=AEXjvhKndPJue_QGUkAcpoOF08G9%3A1761033785114&sort=&exp=cc%2Capo&rurl=https%3A%2F%2Fwww.social-searcher.com%2Ftwittercse.html%3Fq%3Dtest%26sort%3Ddate&q=Three%2BCare&start=60&callback=google.search.cse.api60
2025-10-21 16:03:53,690 - INFO - SocksPort=9150 status=200 url=https://cse.google.com/cse/element/v1?rsz=filtered_cse&num=10&hl=en&source=gcsc&cselibv=6467658b9628de43&cx=a72fbbffee86cd2d2&safe=active&cse_tok=AEXjvhKndPJue_QGUkAcpoOF08G9%3A1761033785114&sort=&exp=cc%2Capo&rurl=https%3A%2F%2Fwww.social-searcher.com%2Ftwittercse.html%3Fq%3Dtest%26sort%3Ddate&q=Three%2BCare&start=70&callback=google.search.cse.api70
2025-10-21 16:03:53,695 - DEBUG - GETCONF __owningcontrollerprocess (runtime: 0.0002)
2025-10-21 16:03:53,709 - INFO - TOR cport auth: True. TOR NEW IDENTITY. Sleep 3 sec.
2025-10-21 16:03:56,714 - INFO - Error while receiving a control message (SocketClosed): received exception "read of closed file"
2025-10-21 16:03:59,837 - INFO - SocksPort=9150 status=200 url=https://cse.google.com/cse/element/v1?rsz=filtered_cse&num=10&hl=en&source=gcsc&cselibv=6467658b9628de43&cx=a72fbbffee86cd2d2&safe=active&cse_tok=AEXjvhKndPJue_QGUkAcpoOF08G9%3A1761033785114&sort=&exp=cc%2Capo&rurl=https%3A%2F%2Fwww.social-searcher.com%2Ftwittercse.html%3Fq%3Dtest%26sort%3Ddate&q=Three%2BCare&start=80&callback=google.search.cse.api80
2025-10-21 16:04:03,195 - INFO - SocksPort=9150 status=200 url=https://cse.google.com/cse/element/v1?rsz=filtered_cse&num=10&hl=en&source=gcsc&cselibv=6467658b9628de43&cx=a72fbbffee86cd2d2&safe=active&cse_tok=AEXjvhKndPJue_QGUkAcpoOF08G9%3A1761033785114&sort=&exp=cc%2Capo&rurl=https%3A%2F%2Fwww.social-searcher.com%2Ftwittercse.html%3Fq%3Dtest%26sort%3Ddate&q=Three%2BCare&start=90&callback=google.search.cse.api90
2025-10-21 16:04:07,192 - INFO - SocksPort=9150 status=200 url=https://cse.google.com/cse/element/v1?rsz=filtered_cse&num=10&hl=en&source=gcsc&cselibv=6467658b9628de43&cx=c4b97eed1414fcb14&safe=active&cse_tok=AEXjvhJJ_KpaiRJPZTb6f5n-6FMR%3A1761033675057&sort=date&exp=cc%2Capo&rurl=https%3A%2F%2Fwww.social-searcher.com%2Finstagramcse.html%3Fq%3Dtest%26sort%3Ddate&q=Three%2BCare&start=0&callback=google.search.cse.api0
2025-10-21 16:04:10,850 - INFO - SocksPort=9150 status=200 url=https://cse.google.com/cse/element/v1?rsz=filtered_cse&num=10&hl=en&source=gcsc&cselibv=6467658b9628de43&cx=c4b97eed1414fcb14&safe=active&cse_tok=AEXjvhJJ_KpaiRJPZTb6f5n-6FMR%3A1761033675057&sort=date&exp=cc%2Capo&rurl=https%3A%2F%2Fwww.social-searcher.com%2Finstagramcse.html%3Fq%3Dtest%26sort%3Ddate&q=Three%2BCare&start=10&callback=google.search.cse.api10
2025-10-21 16:04:14,867 - INFO - SocksPort=9150 status=200 url=https://cse.google.com/cse/element/v1?rsz=filtered_cse&num=10&hl=en&source=gcsc&cselibv=6467658b9628de43&cx=c4b97eed1414fcb14&safe=active&cse_tok=AEXjvhJJ_KpaiRJPZTb6f5n-6FMR%3A1761033675057&sort=date&exp=cc%2Capo&rurl=https%3A%2F%2Fwww.social-searcher.com%2Finstagramcse.html%3Fq%3Dtest%26sort%3Ddate&q=Three%2BCare&start=20&callback=google.search.cse.api20
2025-10-21 16:04:14,872 - DEBUG - GETCONF __owningcontrollerprocess (runtime: 0.0003)
2025-10-21 16:04:14,889 - INFO - TOR cport auth: True. TOR NEW IDENTITY. Sleep 3 sec.
2025-10-21 16:04:17,895 - INFO - Error while receiving a control message (SocketClosed): received exception "read of closed file"
2025-10-21 16:04:21,642 - INFO - SocksPort=9150 status=200 url=https://cse.google.com/cse/element/v1?rsz=filtered_cse&num=10&hl=en&source=gcsc&cselibv=6467658b9628de43&cx=c4b97eed1414fcb14&safe=active&cse_tok=AEXjvhJJ_KpaiRJPZTb6f5n-6FMR%3A1761033675057&sort=date&exp=cc%2Capo&rurl=https%3A%2F%2Fwww.social-searcher.com%2Finstagramcse.html%3Fq%3Dtest%26sort%3Ddate&q=Three%2BCare&start=30&callback=google.search.cse.api30
2025-10-21 16:04:30,243 - INFO - SocksPort=9150 status=200 url=https://cse.google.com/cse/element/v1?rsz=filtered_cse&num=10&hl=en&source=gcsc&cselibv=6467658b9628de43&cx=c4b97eed1414fcb14&safe=active&cse_tok=AEXjvhJJ_KpaiRJPZTb6f5n-6FMR%3A1761033675057&sort=date&exp=cc%2Capo&rurl=https%3A%2F%2Fwww.social-searcher.com%2Finstagramcse.html%3Fq%3Dtest%26sort%3Ddate&q=Three%2BCare&start=40&callback=google.search.cse.api40
2025-10-21 16:04:33,319 - INFO - SocksPort=9150 status=200 url=https://cse.google.com/cse/element/v1?rsz=filtered_cse&num=10&hl=en&source=gcsc&cselibv=6467658b9628de43&cx=c4b97eed1414fcb14&safe=active&cse_tok=AEXjvhJJ_KpaiRJPZTb6f5n-6FMR%3A1761033675057&sort=date&exp=cc%2Capo&rurl=https%3A%2F%2Fwww.social-searcher.com%2Finstagramcse.html%3Fq%3Dtest%26sort%3Ddate&q=Three%2BCare&start=50&callback=google.search.cse.api50
2025-10-21 16:04:37,616 - INFO - SocksPort=9150 status=200 url=https://cse.google.com/cse/element/v1?rsz=filtered_cse&num=10&hl=en&source=gcsc&cselibv=6467658b9628de43&cx=c4b97eed1414fcb14&safe=active&cse_tok=AEXjvhJJ_KpaiRJPZTb6f5n-6FMR%3A1761033675057&sort=date&exp=cc%2Capo&rurl=https%3A%2F%2Fwww.social-searcher.com%2Finstagramcse.html%3Fq%3Dtest%26sort%3Ddate&q=Three%2BCare&start=60&callback=google.search.cse.api60
2025-10-21 16:04:43,145 - INFO - SocksPort=9150 status=200 url=https://cse.google.com/cse/element/v1?rsz=filtered_cse&num=10&hl=en&source=gcsc&cselibv=6467658b9628de43&cx=c4b97eed1414fcb14&safe=active&cse_tok=AEXjvhJJ_KpaiRJPZTb6f5n-6FMR%3A1761033675057&sort=date&exp=cc%2Capo&rurl=https%3A%2F%2Fwww.social-searcher.com%2Finstagramcse.html%3Fq%3Dtest%26sort%3Ddate&q=Three%2BCare&start=70&callback=google.search.cse.api70
2025-10-21 16:04:43,151 - DEBUG - GETCONF __owningcontrollerprocess (runtime: 0.0003)
2025-10-21 16:04:43,164 - INFO - TOR cport auth: True. TOR NEW IDENTITY. Sleep 3 sec.
2025-10-21 16:04:46,167 - INFO - Error while receiving a control message (SocketClosed): received exception "read of closed file"
2025-10-21 16:04:48,739 - INFO - SocksPort=9150 status=200 url=https://cse.google.com/cse/element/v1?rsz=filtered_cse&num=10&hl=en&source=gcsc&cselibv=6467658b9628de43&cx=c4b97eed1414fcb14&safe=active&cse_tok=AEXjvhJJ_KpaiRJPZTb6f5n-6FMR%3A1761033675057&sort=date&exp=cc%2Capo&rurl=https%3A%2F%2Fwww.social-searcher.com%2Finstagramcse.html%3Fq%3Dtest%26sort%3Ddate&q=Three%2BCare&start=80&callback=google.search.cse.api80
2025-10-21 16:04:52,054 - INFO - SocksPort=9150 status=200 url=https://cse.google.com/cse/element/v1?rsz=filtered_cse&num=10&hl=en&source=gcsc&cselibv=6467658b9628de43&cx=c4b97eed1414fcb14&safe=active&cse_tok=AEXjvhJJ_KpaiRJPZTb6f5n-6FMR%3A1761033675057&sort=date&exp=cc%2Capo&rurl=https%3A%2F%2Fwww.social-searcher.com%2Finstagramcse.html%3Fq%3Dtest%26sort%3Ddate&q=Three%2BCare&start=90&callback=google.search.cse.api90
2025-10-21 16:04:56,082 - INFO - SocksPort=9150 status=200 url=https://cse.google.com/cse/element/v1?rsz=filtered_cse&num=10&hl=en&source=gcsc&cselibv=6467658b9628de43&cx=3fb7efb248d74e652&safe=active&cse_tok=AEXjvhJnkXvCKNHYa5lL4tTL1fx-%3A1761033680443&sort=date&exp=cc%2Capo&rurl=https%3A%2F%2Fwww.social-searcher.com%2Flinkedincse.html%3Fq%3Dtest%26sort%3Ddate&q=Three%2BCare&start=0&callback=google.search.cse.api0
2025-10-21 16:04:59,236 - INFO - SocksPort=9150 status=200 url=https://cse.google.com/cse/element/v1?rsz=filtered_cse&num=10&hl=en&source=gcsc&cselibv=6467658b9628de43&cx=3fb7efb248d74e652&safe=active&cse_tok=AEXjvhJnkXvCKNHYa5lL4tTL1fx-%3A1761033680443&sort=date&exp=cc%2Capo&rurl=https%3A%2F%2Fwww.social-searcher.com%2Flinkedincse.html%3Fq%3Dtest%26sort%3Ddate&q=Three%2BCare&start=10&callback=google.search.cse.api10
2025-10-21 16:05:02,807 - INFO - SocksPort=9150 status=200 url=https://cse.google.com/cse/element/v1?rsz=filtered_cse&num=10&hl=en&source=gcsc&cselibv=6467658b9628de43&cx=3fb7efb248d74e652&safe=active&cse_tok=AEXjvhJnkXvCKNHYa5lL4tTL1fx-%3A1761033680443&sort=date&exp=cc%2Capo&rurl=https%3A%2F%2Fwww.social-searcher.com%2Flinkedincse.html%3Fq%3Dtest%26sort%3Ddate&q=Three%2BCare&start=20&callback=google.search.cse.api20
2025-10-21 16:05:02,821 - DEBUG - GETCONF __owningcontrollerprocess (runtime: 0.0002)
2025-10-21 16:05:02,836 - INFO - TOR cport auth: True. TOR NEW IDENTITY. Sleep 3 sec.
2025-10-21 16:05:05,842 - INFO - Error while receiving a control message (SocketClosed): received exception "read of closed file"
2025-10-21 16:05:11,534 - INFO - SocksPort=9150 status=200 url=https://cse.google.com/cse/element/v1?rsz=filtered_cse&num=10&hl=en&source=gcsc&cselibv=6467658b9628de43&cx=3fb7efb248d74e652&safe=active&cse_tok=AEXjvhJnkXvCKNHYa5lL4tTL1fx-%3A1761033680443&sort=date&exp=cc%2Capo&rurl=https%3A%2F%2Fwww.social-searcher.com%2Flinkedincse.html%3Fq%3Dtest%26sort%3Ddate&q=Three%2BCare&start=30&callback=google.search.cse.api30
2025-10-21 16:05:15,685 - INFO - SocksPort=9150 status=200 url=https://cse.google.com/cse/element/v1?rsz=filtered_cse&num=10&hl=en&source=gcsc&cselibv=6467658b9628de43&cx=3fb7efb248d74e652&safe=active&cse_tok=AEXjvhJnkXvCKNHYa5lL4tTL1fx-%3A1761033680443&sort=date&exp=cc%2Capo&rurl=https%3A%2F%2Fwww.social-searcher.com%2Flinkedincse.html%3Fq%3Dtest%26sort%3Ddate&q=Three%2BCare&start=40&callback=google.search.cse.api40
2025-10-21 16:05:18,786 - INFO - SocksPort=9150 status=200 url=https://cse.google.com/cse/element/v1?rsz=filtered_cse&num=10&hl=en&source=gcsc&cselibv=6467658b9628de43&cx=3fb7efb248d74e652&safe=active&cse_tok=AEXjvhJnkXvCKNHYa5lL4tTL1fx-%3A1761033680443&sort=date&exp=cc%2Capo&rurl=https%3A%2F%2Fwww.social-searcher.com%2Flinkedincse.html%3Fq%3Dtest%26sort%3Ddate&q=Three%2BCare&start=50&callback=google.search.cse.api50
2025-10-21 16:05:24,003 - INFO - SocksPort=9150 status=200 url=https://cse.google.com/cse/element/v1?rsz=filtered_cse&num=10&hl=en&source=gcsc&cselibv=6467658b9628de43&cx=3fb7efb248d74e652&safe=active&cse_tok=AEXjvhJnkXvCKNHYa5lL4tTL1fx-%3A1761033680443&sort=date&exp=cc%2Capo&rurl=https%3A%2F%2Fwww.social-searcher.com%2Flinkedincse.html%3Fq%3Dtest%26sort%3Ddate&q=Three%2BCare&start=60&callback=google.search.cse.api60
2025-10-21 16:05:30,491 - INFO - SocksPort=9150 status=200 url=https://cse.google.com/cse/element/v1?rsz=filtered_cse&num=10&hl=en&source=gcsc&cselibv=6467658b9628de43&cx=3fb7efb248d74e652&safe=active&cse_tok=AEXjvhJnkXvCKNHYa5lL4tTL1fx-%3A1761033680443&sort=date&exp=cc%2Capo&rurl=https%3A%2F%2Fwww.social-searcher.com%2Flinkedincse.html%3Fq%3Dtest%26sort%3Ddate&q=Three%2BCare&start=70&callback=google.search.cse.api70
2025-10-21 16:05:30,496 - DEBUG - GETCONF __owningcontrollerprocess (runtime: 0.0003)
2025-10-21 16:05:30,512 - INFO - TOR cport auth: True. TOR NEW IDENTITY. Sleep 3 sec.
2025-10-21 16:05:33,517 - INFO - Error while receiving a control message (SocketClosed): received exception "read of closed file"
2025-10-21 16:05:37,862 - INFO - SocksPort=9150 status=200 url=https://cse.google.com/cse/element/v1?rsz=filtered_cse&num=10&hl=en&source=gcsc&cselibv=6467658b9628de43&cx=3fb7efb248d74e652&safe=active&cse_tok=AEXjvhJnkXvCKNHYa5lL4tTL1fx-%3A1761033680443&sort=date&exp=cc%2Capo&rurl=https%3A%2F%2Fwww.social-searcher.com%2Flinkedincse.html%3Fq%3Dtest%26sort%3Ddate&q=Three%2BCare&start=80&callback=google.search.cse.api80
2025-10-21 16:05:43,607 - INFO - SocksPort=9150 status=200 url=https://cse.google.com/cse/element/v1?rsz=filtered_cse&num=10&hl=en&source=gcsc&cselibv=6467658b9628de43&cx=3fb7efb248d74e652&safe=active&cse_tok=AEXjvhJnkXvCKNHYa5lL4tTL1fx-%3A1761033680443&sort=date&exp=cc%2Capo&rurl=https%3A%2F%2Fwww.social-searcher.com%2Flinkedincse.html%3Fq%3Dtest%26sort%3Ddate&q=Three%2BCare&start=90&callback=google.search.cse.api90
2025-10-21 16:05:43,620 - INFO - [OK] Step completed: Execute social media search
2025-10-21 16:05:43,620 - INFO - [SUCCESS] Search process completed!
2025-10-21 16:05:43,620 - INFO - [SUMMARY] Search Summary:
2025-10-21 16:05:43,620 - INFO -    Query keyword: Three+Care
2025-10-21 16:05:43,620 - INFO -    Search platforms: 4 platforms
2025-10-21 16:05:43,620 - INFO -    Total results: 400
2025-10-21 16:05:43,620 - INFO -    FACEBOOK: 100 results
2025-10-21 16:05:43,620 - INFO -    TWITTER: 100 results
2025-10-21 16:05:43,620 - INFO -    INSTAGRAM: 100 results
2025-10-21 16:05:43,620 - INFO -    LINKEDIN: 100 results
2025-10-21 16:05:43,622 - INFO - Log saved to: logs/search_log.json
