2025-10-21 14:51:57,572 - INFO - [START] Starting social media search process - Query: 'Robinsons'
2025-10-21 14:51:57,573 - INFO - [INFO] Starting step: Get all platform CSE parameters
2025-10-21 14:52:19,336 - INFO - Added date sorting for FACEBOOK
2025-10-21 14:52:19,336 - INFO - Added date sorting for TWITTER
2025-10-21 14:52:19,336 - INFO - Added date sorting for INSTAGRAM
2025-10-21 14:52:19,336 - INFO - Added date sorting for LINKEDIN
2025-10-21 14:52:19,336 - INFO - [OK] Step completed: Get all platform CSE parameters
2025-10-21 14:52:19,337 - INFO - [INFO] Starting step: Save parameters
2025-10-21 14:52:19,337 - INFO - [OK] Step completed: Save parameters
2025-10-21 14:52:19,337 - INFO - [INFO] Starting step: Execute social media search
2025-10-21 14:52:20,905 - INFO - SocksPort=9150 status=200 url=https://cse.google.com/cse/element/v1?rsz=filtered_cse&num=10&hl=en&source=gcsc&cselibv=6467658b9628de43&cx=294a079ba2d4267d5&safe=active&cse_tok=AEXjvhLK1a5QaKKRJvWouFbZY3sQ%3A1761029519467&sort=date&exp=cc%2Capo&rurl=https%3A%2F%2Fwww.social-searcher.com%2Ffacebookcse.html%3Fq%3Dtest%26sort%3Ddate&q=Robinsons&start=0&callback=google.search.cse.api0
2025-10-21 14:52:23,068 - INFO - SocksPort=9150 status=200 url=https://cse.google.com/cse/element/v1?rsz=filtered_cse&num=10&hl=en&source=gcsc&cselibv=6467658b9628de43&cx=294a079ba2d4267d5&safe=active&cse_tok=AEXjvhLK1a5QaKKRJvWouFbZY3sQ%3A1761029519467&sort=date&exp=cc%2Capo&rurl=https%3A%2F%2Fwww.social-searcher.com%2Ffacebookcse.html%3Fq%3Dtest%26sort%3Ddate&q=Robinsons&start=10&callback=google.search.cse.api10
2025-10-21 14:52:26,760 - INFO - SocksPort=9150 status=200 url=https://cse.google.com/cse/element/v1?rsz=filtered_cse&num=10&hl=en&source=gcsc&cselibv=6467658b9628de43&cx=294a079ba2d4267d5&safe=active&cse_tok=AEXjvhLK1a5QaKKRJvWouFbZY3sQ%3A1761029519467&sort=date&exp=cc%2Capo&rurl=https%3A%2F%2Fwww.social-searcher.com%2Ffacebookcse.html%3Fq%3Dtest%26sort%3Ddate&q=Robinsons&start=20&callback=google.search.cse.api20
2025-10-21 14:52:31,366 - INFO - SocksPort=9150 status=200 url=https://cse.google.com/cse/element/v1?rsz=filtered_cse&num=10&hl=en&source=gcsc&cselibv=6467658b9628de43&cx=294a079ba2d4267d5&safe=active&cse_tok=AEXjvhLK1a5QaKKRJvWouFbZY3sQ%3A1761029519467&sort=date&exp=cc%2Capo&rurl=https%3A%2F%2Fwww.social-searcher.com%2Ffacebookcse.html%3Fq%3Dtest%26sort%3Ddate&q=Robinsons&start=30&callback=google.search.cse.api30
2025-10-21 14:52:34,438 - INFO - SocksPort=9150 status=200 url=https://cse.google.com/cse/element/v1?rsz=filtered_cse&num=10&hl=en&source=gcsc&cselibv=6467658b9628de43&cx=294a079ba2d4267d5&safe=active&cse_tok=AEXjvhLK1a5QaKKRJvWouFbZY3sQ%3A1761029519467&sort=date&exp=cc%2Capo&rurl=https%3A%2F%2Fwww.social-searcher.com%2Ffacebookcse.html%3Fq%3Dtest%26sort%3Ddate&q=Robinsons&start=40&callback=google.search.cse.api40
2025-10-21 14:52:34,455 - DEBUG - GETCONF __owningcontrollerprocess (runtime: 0.0003)
2025-10-21 14:52:34,473 - INFO - TOR cport auth: True. TOR NEW IDENTITY. Sleep 3 sec.
2025-10-21 14:52:37,478 - INFO - Error while receiving a control message (SocketClosed): received exception "read of closed file"
2025-10-21 14:52:40,023 - INFO - SocksPort=9150 status=200 url=https://cse.google.com/cse/element/v1?rsz=filtered_cse&num=10&hl=en&source=gcsc&cselibv=6467658b9628de43&cx=294a079ba2d4267d5&safe=active&cse_tok=AEXjvhLK1a5QaKKRJvWouFbZY3sQ%3A1761029519467&sort=date&exp=cc%2Capo&rurl=https%3A%2F%2Fwww.social-searcher.com%2Ffacebookcse.html%3Fq%3Dtest%26sort%3Ddate&q=Robinsons&start=50&callback=google.search.cse.api50
2025-10-21 14:52:44,266 - INFO - SocksPort=9150 status=200 url=https://cse.google.com/cse/element/v1?rsz=filtered_cse&num=10&hl=en&source=gcsc&cselibv=6467658b9628de43&cx=294a079ba2d4267d5&safe=active&cse_tok=AEXjvhLK1a5QaKKRJvWouFbZY3sQ%3A1761029519467&sort=date&exp=cc%2Capo&rurl=https%3A%2F%2Fwww.social-searcher.com%2Ffacebookcse.html%3Fq%3Dtest%26sort%3Ddate&q=Robinsons&start=60&callback=google.search.cse.api60
2025-10-21 14:52:46,116 - INFO - SocksPort=9150 status=200 url=https://cse.google.com/cse/element/v1?rsz=filtered_cse&num=10&hl=en&source=gcsc&cselibv=6467658b9628de43&cx=294a079ba2d4267d5&safe=active&cse_tok=AEXjvhLK1a5QaKKRJvWouFbZY3sQ%3A1761029519467&sort=date&exp=cc%2Capo&rurl=https%3A%2F%2Fwww.social-searcher.com%2Ffacebookcse.html%3Fq%3Dtest%26sort%3Ddate&q=Robinsons&start=70&callback=google.search.cse.api70
2025-10-21 14:52:49,493 - INFO - SocksPort=9150 status=200 url=https://cse.google.com/cse/element/v1?rsz=filtered_cse&num=10&hl=en&source=gcsc&cselibv=6467658b9628de43&cx=294a079ba2d4267d5&safe=active&cse_tok=AEXjvhLK1a5QaKKRJvWouFbZY3sQ%3A1761029519467&sort=date&exp=cc%2Capo&rurl=https%3A%2F%2Fwww.social-searcher.com%2Ffacebookcse.html%3Fq%3Dtest%26sort%3Ddate&q=Robinsons&start=80&callback=google.search.cse.api80
2025-10-21 14:52:53,439 - INFO - SocksPort=9150 status=200 url=https://cse.google.com/cse/element/v1?rsz=filtered_cse&num=10&hl=en&source=gcsc&cselibv=6467658b9628de43&cx=294a079ba2d4267d5&safe=active&cse_tok=AEXjvhLK1a5QaKKRJvWouFbZY3sQ%3A1761029519467&sort=date&exp=cc%2Capo&rurl=https%3A%2F%2Fwww.social-searcher.com%2Ffacebookcse.html%3Fq%3Dtest%26sort%3Ddate&q=Robinsons&start=90&callback=google.search.cse.api90
2025-10-21 14:52:53,442 - DEBUG - GETCONF __owningcontrollerprocess (runtime: 0.0003)
2025-10-21 14:52:53,458 - INFO - TOR cport auth: True. TOR NEW IDENTITY. Sleep 3 sec.
2025-10-21 14:52:56,464 - INFO - Error while receiving a control message (SocketClosed): received exception "read of closed file"
2025-10-21 14:52:58,717 - INFO - SocksPort=9150 status=200 url=https://cse.google.com/cse/element/v1?rsz=filtered_cse&num=10&hl=en&source=gcsc&cselibv=6467658b9628de43&cx=a72fbbffee86cd2d2&safe=active&cse_tok=AEXjvhL22sWN7tcNsMBKHT9qYmgM%3A1761029524574&sort=date&exp=cc%2Capo&rurl=https%3A%2F%2Fwww.social-searcher.com%2Ftwittercse.html%3Fq%3Dtest%26sort%3Ddate&q=Robinsons&start=0&callback=google.search.cse.api0
2025-10-21 14:53:02,704 - INFO - SocksPort=9150 status=200 url=https://cse.google.com/cse/element/v1?rsz=filtered_cse&num=10&hl=en&source=gcsc&cselibv=6467658b9628de43&cx=a72fbbffee86cd2d2&safe=active&cse_tok=AEXjvhL22sWN7tcNsMBKHT9qYmgM%3A1761029524574&sort=date&exp=cc%2Capo&rurl=https%3A%2F%2Fwww.social-searcher.com%2Ftwittercse.html%3Fq%3Dtest%26sort%3Ddate&q=Robinsons&start=10&callback=google.search.cse.api10
2025-10-21 14:53:06,414 - INFO - SocksPort=9150 status=200 url=https://cse.google.com/cse/element/v1?rsz=filtered_cse&num=10&hl=en&source=gcsc&cselibv=6467658b9628de43&cx=a72fbbffee86cd2d2&safe=active&cse_tok=AEXjvhL22sWN7tcNsMBKHT9qYmgM%3A1761029524574&sort=date&exp=cc%2Capo&rurl=https%3A%2F%2Fwww.social-searcher.com%2Ftwittercse.html%3Fq%3Dtest%26sort%3Ddate&q=Robinsons&start=20&callback=google.search.cse.api20
2025-10-21 14:53:14,378 - INFO - SocksPort=9150 status=200 url=https://cse.google.com/cse/element/v1?rsz=filtered_cse&num=10&hl=en&source=gcsc&cselibv=6467658b9628de43&cx=a72fbbffee86cd2d2&safe=active&cse_tok=AEXjvhL22sWN7tcNsMBKHT9qYmgM%3A1761029524574&sort=date&exp=cc%2Capo&rurl=https%3A%2F%2Fwww.social-searcher.com%2Ftwittercse.html%3Fq%3Dtest%26sort%3Ddate&q=Robinsons&start=30&callback=google.search.cse.api30
2025-10-21 14:53:19,290 - INFO - SocksPort=9150 status=200 url=https://cse.google.com/cse/element/v1?rsz=filtered_cse&num=10&hl=en&source=gcsc&cselibv=6467658b9628de43&cx=a72fbbffee86cd2d2&safe=active&cse_tok=AEXjvhL22sWN7tcNsMBKHT9qYmgM%3A1761029524574&sort=date&exp=cc%2Capo&rurl=https%3A%2F%2Fwww.social-searcher.com%2Ftwittercse.html%3Fq%3Dtest%26sort%3Ddate&q=Robinsons&start=40&callback=google.search.cse.api40
2025-10-21 14:53:19,295 - DEBUG - GETCONF __owningcontrollerprocess (runtime: 0.0005)
2025-10-21 14:53:19,311 - INFO - TOR cport auth: True. TOR NEW IDENTITY. Sleep 3 sec.
2025-10-21 14:53:22,317 - INFO - Error while receiving a control message (SocketClosed): received exception "read of closed file"
2025-10-21 14:53:25,324 - INFO - SocksPort=9150 status=200 url=https://cse.google.com/cse/element/v1?rsz=filtered_cse&num=10&hl=en&source=gcsc&cselibv=6467658b9628de43&cx=a72fbbffee86cd2d2&safe=active&cse_tok=AEXjvhL22sWN7tcNsMBKHT9qYmgM%3A1761029524574&sort=date&exp=cc%2Capo&rurl=https%3A%2F%2Fwww.social-searcher.com%2Ftwittercse.html%3Fq%3Dtest%26sort%3Ddate&q=Robinsons&start=50&callback=google.search.cse.api50
2025-10-21 14:53:31,275 - INFO - SocksPort=9150 status=200 url=https://cse.google.com/cse/element/v1?rsz=filtered_cse&num=10&hl=en&source=gcsc&cselibv=6467658b9628de43&cx=a72fbbffee86cd2d2&safe=active&cse_tok=AEXjvhL22sWN7tcNsMBKHT9qYmgM%3A1761029524574&sort=date&exp=cc%2Capo&rurl=https%3A%2F%2Fwww.social-searcher.com%2Ftwittercse.html%3Fq%3Dtest%26sort%3Ddate&q=Robinsons&start=60&callback=google.search.cse.api60
2025-10-21 14:53:33,524 - INFO - SocksPort=9150 status=200 url=https://cse.google.com/cse/element/v1?rsz=filtered_cse&num=10&hl=en&source=gcsc&cselibv=6467658b9628de43&cx=a72fbbffee86cd2d2&safe=active&cse_tok=AEXjvhL22sWN7tcNsMBKHT9qYmgM%3A1761029524574&sort=date&exp=cc%2Capo&rurl=https%3A%2F%2Fwww.social-searcher.com%2Ftwittercse.html%3Fq%3Dtest%26sort%3Ddate&q=Robinsons&start=70&callback=google.search.cse.api70
2025-10-21 14:53:33,533 - DEBUG - GETCONF __owningcontrollerprocess (runtime: 0.0002)
2025-10-21 14:53:33,546 - INFO - TOR cport auth: True. TOR NEW IDENTITY. Sleep 3 sec.
2025-10-21 14:53:36,552 - INFO - Error while receiving a control message (SocketClosed): received exception "read of closed file"
2025-10-21 14:53:58,148 - INFO - SocksPort=9150 status=200 url=https://cse.google.com/cse/element/v1?rsz=filtered_cse&num=10&hl=en&source=gcsc&cselibv=6467658b9628de43&cx=a72fbbffee86cd2d2&safe=active&cse_tok=AEXjvhJua2KK5HvNfq0Q12ydnD4N%3A1761029627649&sort=&exp=cc%2Capo&rurl=https%3A%2F%2Fwww.social-searcher.com%2Ftwittercse.html%3Fq%3Dtest%26sort%3Ddate&q=Robinsons&start=70&callback=google.search.cse.api70
2025-10-21 14:54:01,378 - INFO - SocksPort=9150 status=200 url=https://cse.google.com/cse/element/v1?rsz=filtered_cse&num=10&hl=en&source=gcsc&cselibv=6467658b9628de43&cx=a72fbbffee86cd2d2&safe=active&cse_tok=AEXjvhJua2KK5HvNfq0Q12ydnD4N%3A1761029627649&sort=&exp=cc%2Capo&rurl=https%3A%2F%2Fwww.social-searcher.com%2Ftwittercse.html%3Fq%3Dtest%26sort%3Ddate&q=Robinsons&start=80&callback=google.search.cse.api80
2025-10-21 14:54:01,384 - DEBUG - GETCONF __owningcontrollerprocess (runtime: 0.0004)
2025-10-21 14:54:01,400 - INFO - TOR cport auth: True. TOR NEW IDENTITY. Sleep 3 sec.
2025-10-21 14:54:04,405 - INFO - Error while receiving a control message (SocketClosed): received exception "read of closed file"
2025-10-21 14:54:08,139 - INFO - SocksPort=9150 status=200 url=https://cse.google.com/cse/element/v1?rsz=filtered_cse&num=10&hl=en&source=gcsc&cselibv=6467658b9628de43&cx=a72fbbffee86cd2d2&safe=active&cse_tok=AEXjvhJua2KK5HvNfq0Q12ydnD4N%3A1761029627649&sort=&exp=cc%2Capo&rurl=https%3A%2F%2Fwww.social-searcher.com%2Ftwittercse.html%3Fq%3Dtest%26sort%3Ddate&q=Robinsons&start=90&callback=google.search.cse.api90
2025-10-21 14:54:13,357 - INFO - SocksPort=9150 status=200 url=https://cse.google.com/cse/element/v1?rsz=filtered_cse&num=10&hl=en&source=gcsc&cselibv=6467658b9628de43&cx=c4b97eed1414fcb14&safe=active&cse_tok=AEXjvhIxuRihtiYy7syZwMJ11R0_%3A1761029530590&sort=date&exp=cc%2Capo&rurl=https%3A%2F%2Fwww.social-searcher.com%2Finstagramcse.html%3Fq%3Dtest%26sort%3Ddate&q=Robinsons&start=0&callback=google.search.cse.api0
2025-10-21 14:54:15,816 - INFO - SocksPort=9150 status=200 url=https://cse.google.com/cse/element/v1?rsz=filtered_cse&num=10&hl=en&source=gcsc&cselibv=6467658b9628de43&cx=c4b97eed1414fcb14&safe=active&cse_tok=AEXjvhIxuRihtiYy7syZwMJ11R0_%3A1761029530590&sort=date&exp=cc%2Capo&rurl=https%3A%2F%2Fwww.social-searcher.com%2Finstagramcse.html%3Fq%3Dtest%26sort%3Ddate&q=Robinsons&start=10&callback=google.search.cse.api10
2025-10-21 14:54:21,334 - INFO - SocksPort=9150 status=200 url=https://cse.google.com/cse/element/v1?rsz=filtered_cse&num=10&hl=en&source=gcsc&cselibv=6467658b9628de43&cx=c4b97eed1414fcb14&safe=active&cse_tok=AEXjvhIxuRihtiYy7syZwMJ11R0_%3A1761029530590&sort=date&exp=cc%2Capo&rurl=https%3A%2F%2Fwww.social-searcher.com%2Finstagramcse.html%3Fq%3Dtest%26sort%3Ddate&q=Robinsons&start=20&callback=google.search.cse.api20
2025-10-21 14:54:23,467 - INFO - SocksPort=9150 status=200 url=https://cse.google.com/cse/element/v1?rsz=filtered_cse&num=10&hl=en&source=gcsc&cselibv=6467658b9628de43&cx=c4b97eed1414fcb14&safe=active&cse_tok=AEXjvhIxuRihtiYy7syZwMJ11R0_%3A1761029530590&sort=date&exp=cc%2Capo&rurl=https%3A%2F%2Fwww.social-searcher.com%2Finstagramcse.html%3Fq%3Dtest%26sort%3Ddate&q=Robinsons&start=30&callback=google.search.cse.api30
2025-10-21 14:54:23,473 - DEBUG - GETCONF __owningcontrollerprocess (runtime: 0.0004)
2025-10-21 14:54:23,489 - INFO - TOR cport auth: True. TOR NEW IDENTITY. Sleep 3 sec.
2025-10-21 14:54:26,494 - INFO - Error while receiving a control message (SocketClosed): received exception "read of closed file"
2025-10-21 14:54:30,195 - INFO - SocksPort=9150 status=200 url=https://cse.google.com/cse/element/v1?rsz=filtered_cse&num=10&hl=en&source=gcsc&cselibv=6467658b9628de43&cx=c4b97eed1414fcb14&safe=active&cse_tok=AEXjvhIxuRihtiYy7syZwMJ11R0_%3A1761029530590&sort=date&exp=cc%2Capo&rurl=https%3A%2F%2Fwww.social-searcher.com%2Finstagramcse.html%3Fq%3Dtest%26sort%3Ddate&q=Robinsons&start=40&callback=google.search.cse.api40
2025-10-21 14:54:32,110 - INFO - SocksPort=9150 status=200 url=https://cse.google.com/cse/element/v1?rsz=filtered_cse&num=10&hl=en&source=gcsc&cselibv=6467658b9628de43&cx=c4b97eed1414fcb14&safe=active&cse_tok=AEXjvhIxuRihtiYy7syZwMJ11R0_%3A1761029530590&sort=date&exp=cc%2Capo&rurl=https%3A%2F%2Fwww.social-searcher.com%2Finstagramcse.html%3Fq%3Dtest%26sort%3Ddate&q=Robinsons&start=50&callback=google.search.cse.api50
2025-10-21 14:54:37,012 - INFO - SocksPort=9150 status=200 url=https://cse.google.com/cse/element/v1?rsz=filtered_cse&num=10&hl=en&source=gcsc&cselibv=6467658b9628de43&cx=c4b97eed1414fcb14&safe=active&cse_tok=AEXjvhIxuRihtiYy7syZwMJ11R0_%3A1761029530590&sort=date&exp=cc%2Capo&rurl=https%3A%2F%2Fwww.social-searcher.com%2Finstagramcse.html%3Fq%3Dtest%26sort%3Ddate&q=Robinsons&start=60&callback=google.search.cse.api60
2025-10-21 14:54:40,086 - INFO - SocksPort=9150 status=200 url=https://cse.google.com/cse/element/v1?rsz=filtered_cse&num=10&hl=en&source=gcsc&cselibv=6467658b9628de43&cx=c4b97eed1414fcb14&safe=active&cse_tok=AEXjvhIxuRihtiYy7syZwMJ11R0_%3A1761029530590&sort=date&exp=cc%2Capo&rurl=https%3A%2F%2Fwww.social-searcher.com%2Finstagramcse.html%3Fq%3Dtest%26sort%3Ddate&q=Robinsons&start=70&callback=google.search.cse.api70
2025-10-21 14:54:47,228 - INFO - SocksPort=9150 status=200 url=https://cse.google.com/cse/element/v1?rsz=filtered_cse&num=10&hl=en&source=gcsc&cselibv=6467658b9628de43&cx=c4b97eed1414fcb14&safe=active&cse_tok=AEXjvhIxuRihtiYy7syZwMJ11R0_%3A1761029530590&sort=date&exp=cc%2Capo&rurl=https%3A%2F%2Fwww.social-searcher.com%2Finstagramcse.html%3Fq%3Dtest%26sort%3Ddate&q=Robinsons&start=80&callback=google.search.cse.api80
2025-10-21 14:54:47,234 - DEBUG - GETCONF __owningcontrollerprocess (runtime: 0.0003)
2025-10-21 14:54:47,252 - INFO - TOR cport auth: True. TOR NEW IDENTITY. Sleep 3 sec.
2025-10-21 14:54:50,258 - INFO - Error while receiving a control message (SocketClosed): received exception "read of closed file"
2025-10-21 14:54:53,270 - INFO - SocksPort=9150 status=200 url=https://cse.google.com/cse/element/v1?rsz=filtered_cse&num=10&hl=en&source=gcsc&cselibv=6467658b9628de43&cx=c4b97eed1414fcb14&safe=active&cse_tok=AEXjvhIxuRihtiYy7syZwMJ11R0_%3A1761029530590&sort=date&exp=cc%2Capo&rurl=https%3A%2F%2Fwww.social-searcher.com%2Finstagramcse.html%3Fq%3Dtest%26sort%3Ddate&q=Robinsons&start=90&callback=google.search.cse.api90
2025-10-21 14:54:56,672 - INFO - SocksPort=9150 status=200 url=https://cse.google.com/cse/element/v1?rsz=filtered_cse&num=10&hl=en&source=gcsc&cselibv=6467658b9628de43&cx=3fb7efb248d74e652&safe=active&cse_tok=AEXjvhKss1FVftsWFsv9vy8MeoEC%3A1761029536083&sort=date&exp=cc%2Capo&rurl=https%3A%2F%2Fwww.social-searcher.com%2Flinkedincse.html%3Fq%3Dtest%26sort%3Ddate&q=Robinsons&start=0&callback=google.search.cse.api0
2025-10-21 14:55:00,054 - INFO - SocksPort=9150 status=200 url=https://cse.google.com/cse/element/v1?rsz=filtered_cse&num=10&hl=en&source=gcsc&cselibv=6467658b9628de43&cx=3fb7efb248d74e652&safe=active&cse_tok=AEXjvhKss1FVftsWFsv9vy8MeoEC%3A1761029536083&sort=date&exp=cc%2Capo&rurl=https%3A%2F%2Fwww.social-searcher.com%2Flinkedincse.html%3Fq%3Dtest%26sort%3Ddate&q=Robinsons&start=10&callback=google.search.cse.api10
2025-10-21 14:55:05,814 - INFO - SocksPort=9150 status=200 url=https://cse.google.com/cse/element/v1?rsz=filtered_cse&num=10&hl=en&source=gcsc&cselibv=6467658b9628de43&cx=3fb7efb248d74e652&safe=active&cse_tok=AEXjvhKss1FVftsWFsv9vy8MeoEC%3A1761029536083&sort=date&exp=cc%2Capo&rurl=https%3A%2F%2Fwww.social-searcher.com%2Flinkedincse.html%3Fq%3Dtest%26sort%3Ddate&q=Robinsons&start=20&callback=google.search.cse.api20
2025-10-21 14:55:09,268 - INFO - SocksPort=9150 status=200 url=https://cse.google.com/cse/element/v1?rsz=filtered_cse&num=10&hl=en&source=gcsc&cselibv=6467658b9628de43&cx=3fb7efb248d74e652&safe=active&cse_tok=AEXjvhKss1FVftsWFsv9vy8MeoEC%3A1761029536083&sort=date&exp=cc%2Capo&rurl=https%3A%2F%2Fwww.social-searcher.com%2Flinkedincse.html%3Fq%3Dtest%26sort%3Ddate&q=Robinsons&start=30&callback=google.search.cse.api30
2025-10-21 14:55:09,274 - DEBUG - GETCONF __owningcontrollerprocess (runtime: 0.0003)
2025-10-21 14:55:09,288 - INFO - TOR cport auth: True. TOR NEW IDENTITY. Sleep 3 sec.
2025-10-21 14:55:12,294 - INFO - Error while receiving a control message (SocketClosed): received exception "read of closed file"
2025-10-21 14:55:15,341 - INFO - SocksPort=9150 status=200 url=https://cse.google.com/cse/element/v1?rsz=filtered_cse&num=10&hl=en&source=gcsc&cselibv=6467658b9628de43&cx=3fb7efb248d74e652&safe=active&cse_tok=AEXjvhKss1FVftsWFsv9vy8MeoEC%3A1761029536083&sort=date&exp=cc%2Capo&rurl=https%3A%2F%2Fwww.social-searcher.com%2Flinkedincse.html%3Fq%3Dtest%26sort%3Ddate&q=Robinsons&start=40&callback=google.search.cse.api40
2025-10-21 14:55:17,562 - INFO - SocksPort=9150 status=200 url=https://cse.google.com/cse/element/v1?rsz=filtered_cse&num=10&hl=en&source=gcsc&cselibv=6467658b9628de43&cx=3fb7efb248d74e652&safe=active&cse_tok=AEXjvhKss1FVftsWFsv9vy8MeoEC%3A1761029536083&sort=date&exp=cc%2Capo&rurl=https%3A%2F%2Fwww.social-searcher.com%2Flinkedincse.html%3Fq%3Dtest%26sort%3Ddate&q=Robinsons&start=50&callback=google.search.cse.api50
2025-10-21 14:55:20,327 - INFO - SocksPort=9150 status=200 url=https://cse.google.com/cse/element/v1?rsz=filtered_cse&num=10&hl=en&source=gcsc&cselibv=6467658b9628de43&cx=3fb7efb248d74e652&safe=active&cse_tok=AEXjvhKss1FVftsWFsv9vy8MeoEC%3A1761029536083&sort=date&exp=cc%2Capo&rurl=https%3A%2F%2Fwww.social-searcher.com%2Flinkedincse.html%3Fq%3Dtest%26sort%3Ddate&q=Robinsons&start=60&callback=google.search.cse.api60
2025-10-21 14:55:22,785 - INFO - SocksPort=9150 status=200 url=https://cse.google.com/cse/element/v1?rsz=filtered_cse&num=10&hl=en&source=gcsc&cselibv=6467658b9628de43&cx=3fb7efb248d74e652&safe=active&cse_tok=AEXjvhKss1FVftsWFsv9vy8MeoEC%3A1761029536083&sort=date&exp=cc%2Capo&rurl=https%3A%2F%2Fwww.social-searcher.com%2Flinkedincse.html%3Fq%3Dtest%26sort%3Ddate&q=Robinsons&start=70&callback=google.search.cse.api70
2025-10-21 14:55:26,471 - INFO - SocksPort=9150 status=200 url=https://cse.google.com/cse/element/v1?rsz=filtered_cse&num=10&hl=en&source=gcsc&cselibv=6467658b9628de43&cx=3fb7efb248d74e652&safe=active&cse_tok=AEXjvhKss1FVftsWFsv9vy8MeoEC%3A1761029536083&sort=date&exp=cc%2Capo&rurl=https%3A%2F%2Fwww.social-searcher.com%2Flinkedincse.html%3Fq%3Dtest%26sort%3Ddate&q=Robinsons&start=80&callback=google.search.cse.api80
2025-10-21 14:55:26,484 - DEBUG - GETCONF __owningcontrollerprocess (runtime: 0.0003)
2025-10-21 14:55:26,498 - INFO - TOR cport auth: True. TOR NEW IDENTITY. Sleep 3 sec.
2025-10-21 14:55:29,503 - INFO - Error while receiving a control message (SocketClosed): received exception "read of closed file"
2025-10-21 14:55:33,550 - INFO - SocksPort=9150 status=200 url=https://cse.google.com/cse/element/v1?rsz=filtered_cse&num=10&hl=en&source=gcsc&cselibv=6467658b9628de43&cx=3fb7efb248d74e652&safe=active&cse_tok=AEXjvhKss1FVftsWFsv9vy8MeoEC%3A1761029536083&sort=date&exp=cc%2Capo&rurl=https%3A%2F%2Fwww.social-searcher.com%2Flinkedincse.html%3Fq%3Dtest%26sort%3Ddate&q=Robinsons&start=90&callback=google.search.cse.api90
2025-10-21 14:55:33,563 - INFO - [OK] Step completed: Execute social media search
2025-10-21 14:55:33,564 - INFO - [SUCCESS] Search process completed!
2025-10-21 14:55:33,564 - INFO - [SUMMARY] Search Summary:
2025-10-21 14:55:33,564 - INFO -    Query keyword: Robinsons
2025-10-21 14:55:33,564 - INFO -    Search platforms: 4 platforms
2025-10-21 14:55:33,564 - INFO -    Total results: 400
2025-10-21 14:55:33,564 - INFO -    FACEBOOK: 100 results
2025-10-21 14:55:33,564 - INFO -    TWITTER: 100 results
2025-10-21 14:55:33,564 - INFO -    INSTAGRAM: 100 results
2025-10-21 14:55:33,564 - INFO -    LINKEDIN: 100 results
2025-10-21 14:55:33,565 - INFO - Log saved to: logs/search_log.json
