2025-10-20 18:31:18,043 - INFO - [START] Starting social media search process - Query: 'Jam'
2025-10-20 18:31:18,043 - INFO - [INFO] Starting step: Get all platform CSE parameters
2025-10-20 18:31:35,798 - INFO - Added date sorting for FACEBOOK
2025-10-20 18:31:35,798 - INFO - Added date sorting for TWITTER
2025-10-20 18:31:35,799 - INFO - Added date sorting for INSTAGRAM
2025-10-20 18:31:35,799 - INFO - Added date sorting for LINKEDIN
2025-10-20 18:31:35,799 - INFO - [OK] Step completed: Get all platform CSE parameters
2025-10-20 18:31:35,799 - INFO - [INFO] Starting step: Save parameters
2025-10-20 18:31:35,799 - INFO - [OK] Step completed: Save parameters
2025-10-20 18:31:35,799 - INFO - [INFO] Starting step: Execute social media search
2025-10-20 18:31:40,091 - INFO - SocksPort=9150 status=200 url=https://cse.google.com/cse/element/v1?rsz=filtered_cse&num=10&hl=en&source=gcsc&cselibv=6467658b9628de43&cx=294a079ba2d4267d5&safe=active&cse_tok=AEXjvhJW_LNCHK7eMP0rBeTEhuPC%3A1760956280123&sort=date&exp=cc%2Capo&rurl=https%3A%2F%2Fwww.social-searcher.com%2Ffacebookcse.html%3Fq%3Dtest%26sort%3Ddate&q=Jam&start=0&callback=google.search.cse.api0
2025-10-20 18:31:46,791 - INFO - SocksPort=9150 status=200 url=https://cse.google.com/cse/element/v1?rsz=filtered_cse&num=10&hl=en&source=gcsc&cselibv=6467658b9628de43&cx=a72fbbffee86cd2d2&safe=active&cse_tok=AEXjvhLU_qGIDgS22HoBqPzRtkTq%3A1760956284588&sort=date&exp=cc%2Capo&rurl=https%3A%2F%2Fwww.social-searcher.com%2Ftwittercse.html%3Fq%3Dtest%26sort%3Ddate&q=Jam&start=0&callback=google.search.cse.api0
2025-10-20 18:31:50,941 - INFO - SocksPort=9150 status=200 url=https://cse.google.com/cse/element/v1?rsz=filtered_cse&num=10&hl=en&source=gcsc&cselibv=6467658b9628de43&cx=c4b97eed1414fcb14&safe=active&cse_tok=AEXjvhKGq71sz4uspp-YCNB0U6MP%3A1760956288645&sort=date&exp=cc%2Capo&rurl=https%3A%2F%2Fwww.social-searcher.com%2Finstagramcse.html%3Fq%3Dtest%26sort%3Ddate&q=Jam&start=0&callback=google.search.cse.api0
2025-10-20 18:31:54,837 - INFO - SocksPort=9150 status=200 url=https://cse.google.com/cse/element/v1?rsz=filtered_cse&num=10&hl=en&source=gcsc&cselibv=6467658b9628de43&cx=3fb7efb248d74e652&safe=active&cse_tok=AEXjvhKFe8n6-H_HeHrCHftZQlTi%3A1760956293096&sort=date&exp=cc%2Capo&rurl=https%3A%2F%2Fwww.social-searcher.com%2Flinkedincse.html%3Fq%3Dtest%26sort%3Ddate&q=Jam&start=0&callback=google.search.cse.api0
2025-10-20 18:31:54,842 - INFO - [OK] Step completed: Execute social media search
2025-10-20 18:31:54,842 - INFO - [SUCCESS] Search process completed!
2025-10-20 18:31:54,842 - INFO - [SUMMARY] Search Summary:
2025-10-20 18:31:54,842 - INFO -    Query keyword: Jam
2025-10-20 18:31:54,842 - INFO -    Search platforms: 4 platforms
2025-10-20 18:31:54,842 - INFO -    Total results: 40
2025-10-20 18:31:54,842 - INFO -    FACEBOOK: 10 results
2025-10-20 18:31:54,843 - INFO -    TWITTER: 10 results
2025-10-20 18:31:54,843 - INFO -    INSTAGRAM: 10 results
2025-10-20 18:31:54,843 - INFO -    LINKEDIN: 10 results
2025-10-20 18:31:54,844 - INFO - Log saved to: logs/search_log.json
