2025-10-21 16:51:34,011 - INFO - [START] Starting social media search process - Query: '"Three Care"'
2025-10-21 16:51:34,012 - INFO - [INFO] Starting step: Get all platform CSE parameters
2025-10-21 16:51:55,732 - INFO - Added date sorting for FACEBOOK
2025-10-21 16:51:55,733 - INFO - Added date sorting for TWITTER
2025-10-21 16:51:55,733 - INFO - Added date sorting for INSTAGRAM
2025-10-21 16:51:55,733 - INFO - Added date sorting for LINKEDIN
2025-10-21 16:51:55,733 - INFO - [OK] Step completed: Get all platform CSE parameters
2025-10-21 16:51:55,733 - INFO - [INFO] Starting step: Save parameters
2025-10-21 16:51:55,734 - INFO - [OK] Step completed: Save parameters
2025-10-21 16:51:55,734 - INFO - [INFO] Starting step: Execute social media search
2025-10-21 16:52:17,875 - INFO - SocksPort=9150 status=200 url=https://cse.google.com/cse/element/v1?rsz=filtered_cse&num=10&hl=en&source=gcsc&cselibv=6467658b9628de43&cx=294a079ba2d4267d5&safe=active&cse_tok=AEXjvhJ0MnNFNKU6qjM-iYz-SkNB%3A1761036698150&sort=date&exp=cc%2Capo&rurl=https%3A%2F%2Fwww.social-searcher.com%2Ffacebookcse.html%3Fq%3Dtest%26sort%3Ddate&q=%22Three+Care%22&start=0&callback=google.search.cse.api0
2025-10-21 16:52:21,001 - INFO - SocksPort=9150 status=200 url=https://cse.google.com/cse/element/v1?rsz=filtered_cse&num=10&hl=en&source=gcsc&cselibv=6467658b9628de43&cx=294a079ba2d4267d5&safe=active&cse_tok=AEXjvhJ0MnNFNKU6qjM-iYz-SkNB%3A1761036698150&sort=date&exp=cc%2Capo&rurl=https%3A%2F%2Fwww.social-searcher.com%2Ffacebookcse.html%3Fq%3Dtest%26sort%3Ddate&q=%22Three+Care%22&start=10&callback=google.search.cse.api10
2025-10-21 16:52:24,993 - INFO - SocksPort=9150 status=200 url=https://cse.google.com/cse/element/v1?rsz=filtered_cse&num=10&hl=en&source=gcsc&cselibv=6467658b9628de43&cx=294a079ba2d4267d5&safe=active&cse_tok=AEXjvhJ0MnNFNKU6qjM-iYz-SkNB%3A1761036698150&sort=date&exp=cc%2Capo&rurl=https%3A%2F%2Fwww.social-searcher.com%2Ffacebookcse.html%3Fq%3Dtest%26sort%3Ddate&q=%22Three+Care%22&start=20&callback=google.search.cse.api20
2025-10-21 16:52:29,149 - INFO - SocksPort=9150 status=200 url=https://cse.google.com/cse/element/v1?rsz=filtered_cse&num=10&hl=en&source=gcsc&cselibv=6467658b9628de43&cx=294a079ba2d4267d5&safe=active&cse_tok=AEXjvhJ0MnNFNKU6qjM-iYz-SkNB%3A1761036698150&sort=date&exp=cc%2Capo&rurl=https%3A%2F%2Fwww.social-searcher.com%2Ffacebookcse.html%3Fq%3Dtest%26sort%3Ddate&q=%22Three+Care%22&start=30&callback=google.search.cse.api30
2025-10-21 16:52:31,768 - INFO - SocksPort=9150 status=200 url=https://cse.google.com/cse/element/v1?rsz=filtered_cse&num=10&hl=en&source=gcsc&cselibv=6467658b9628de43&cx=294a079ba2d4267d5&safe=active&cse_tok=AEXjvhJ0MnNFNKU6qjM-iYz-SkNB%3A1761036698150&sort=date&exp=cc%2Capo&rurl=https%3A%2F%2Fwww.social-searcher.com%2Ffacebookcse.html%3Fq%3Dtest%26sort%3Ddate&q=%22Three+Care%22&start=40&callback=google.search.cse.api40
2025-10-21 16:52:31,802 - DEBUG - GETCONF __owningcontrollerprocess (runtime: 0.0004)
2025-10-21 16:52:31,832 - INFO - TOR cport auth: True. TOR NEW IDENTITY. Sleep 3 sec.
2025-10-21 16:52:34,838 - INFO - Error while receiving a control message (SocketClosed): received exception "read of closed file"
2025-10-21 16:52:38,243 - INFO - SocksPort=9150 status=200 url=https://cse.google.com/cse/element/v1?rsz=filtered_cse&num=10&hl=en&source=gcsc&cselibv=6467658b9628de43&cx=294a079ba2d4267d5&safe=active&cse_tok=AEXjvhJ0MnNFNKU6qjM-iYz-SkNB%3A1761036698150&sort=date&exp=cc%2Capo&rurl=https%3A%2F%2Fwww.social-searcher.com%2Ffacebookcse.html%3Fq%3Dtest%26sort%3Ddate&q=%22Three+Care%22&start=50&callback=google.search.cse.api50
2025-10-21 16:52:43,910 - INFO - SocksPort=9150 status=200 url=https://cse.google.com/cse/element/v1?rsz=filtered_cse&num=10&hl=en&source=gcsc&cselibv=6467658b9628de43&cx=294a079ba2d4267d5&safe=active&cse_tok=AEXjvhJ0MnNFNKU6qjM-iYz-SkNB%3A1761036698150&sort=date&exp=cc%2Capo&rurl=https%3A%2F%2Fwww.social-searcher.com%2Ffacebookcse.html%3Fq%3Dtest%26sort%3Ddate&q=%22Three+Care%22&start=60&callback=google.search.cse.api60
2025-10-21 16:52:47,420 - INFO - SocksPort=9150 status=200 url=https://cse.google.com/cse/element/v1?rsz=filtered_cse&num=10&hl=en&source=gcsc&cselibv=6467658b9628de43&cx=294a079ba2d4267d5&safe=active&cse_tok=AEXjvhJ0MnNFNKU6qjM-iYz-SkNB%3A1761036698150&sort=date&exp=cc%2Capo&rurl=https%3A%2F%2Fwww.social-searcher.com%2Ffacebookcse.html%3Fq%3Dtest%26sort%3Ddate&q=%22Three+Care%22&start=70&callback=google.search.cse.api70
2025-10-21 16:52:51,413 - INFO - SocksPort=9150 status=200 url=https://cse.google.com/cse/element/v1?rsz=filtered_cse&num=10&hl=en&source=gcsc&cselibv=6467658b9628de43&cx=294a079ba2d4267d5&safe=active&cse_tok=AEXjvhJ0MnNFNKU6qjM-iYz-SkNB%3A1761036698150&sort=date&exp=cc%2Capo&rurl=https%3A%2F%2Fwww.social-searcher.com%2Ffacebookcse.html%3Fq%3Dtest%26sort%3Ddate&q=%22Three+Care%22&start=80&callback=google.search.cse.api80
2025-10-21 16:52:54,793 - INFO - SocksPort=9150 status=200 url=https://cse.google.com/cse/element/v1?rsz=filtered_cse&num=10&hl=en&source=gcsc&cselibv=6467658b9628de43&cx=294a079ba2d4267d5&safe=active&cse_tok=AEXjvhJ0MnNFNKU6qjM-iYz-SkNB%3A1761036698150&sort=date&exp=cc%2Capo&rurl=https%3A%2F%2Fwww.social-searcher.com%2Ffacebookcse.html%3Fq%3Dtest%26sort%3Ddate&q=%22Three+Care%22&start=90&callback=google.search.cse.api90
2025-10-21 16:52:54,799 - DEBUG - GETCONF __owningcontrollerprocess (runtime: 0.0003)
2025-10-21 16:52:54,818 - INFO - TOR cport auth: True. TOR NEW IDENTITY. Sleep 3 sec.
2025-10-21 16:52:57,824 - INFO - Error while receiving a control message (SocketClosed): received exception "read of closed file"
2025-10-21 16:53:05,059 - INFO - SocksPort=9150 status=200 url=https://cse.google.com/cse/element/v1?rsz=filtered_cse&num=10&hl=en&source=gcsc&cselibv=6467658b9628de43&cx=a72fbbffee86cd2d2&safe=active&cse_tok=AEXjvhL5b0HQlkpd-K-mSFR2gMVJ%3A1761036702412&sort=date&exp=cc%2Capo&rurl=https%3A%2F%2Fwww.social-searcher.com%2Ftwittercse.html%3Fq%3Dtest%26sort%3Ddate&q=%22Three+Care%22&start=0&callback=google.search.cse.api0
2025-10-21 16:53:08,243 - INFO - SocksPort=9150 status=200 url=https://cse.google.com/cse/element/v1?rsz=filtered_cse&num=10&hl=en&source=gcsc&cselibv=6467658b9628de43&cx=a72fbbffee86cd2d2&safe=active&cse_tok=AEXjvhL5b0HQlkpd-K-mSFR2gMVJ%3A1761036702412&sort=date&exp=cc%2Capo&rurl=https%3A%2F%2Fwww.social-searcher.com%2Ftwittercse.html%3Fq%3Dtest%26sort%3Ddate&q=%22Three+Care%22&start=10&callback=google.search.cse.api10
2025-10-21 16:53:10,979 - INFO - SocksPort=9150 status=200 url=https://cse.google.com/cse/element/v1?rsz=filtered_cse&num=10&hl=en&source=gcsc&cselibv=6467658b9628de43&cx=a72fbbffee86cd2d2&safe=active&cse_tok=AEXjvhL5b0HQlkpd-K-mSFR2gMVJ%3A1761036702412&sort=date&exp=cc%2Capo&rurl=https%3A%2F%2Fwww.social-searcher.com%2Ftwittercse.html%3Fq%3Dtest%26sort%3Ddate&q=%22Three+Care%22&start=20&callback=google.search.cse.api20
2025-10-21 16:53:15,688 - INFO - SocksPort=9150 status=200 url=https://cse.google.com/cse/element/v1?rsz=filtered_cse&num=10&hl=en&source=gcsc&cselibv=6467658b9628de43&cx=a72fbbffee86cd2d2&safe=active&cse_tok=AEXjvhL5b0HQlkpd-K-mSFR2gMVJ%3A1761036702412&sort=date&exp=cc%2Capo&rurl=https%3A%2F%2Fwww.social-searcher.com%2Ftwittercse.html%3Fq%3Dtest%26sort%3Ddate&q=%22Three+Care%22&start=30&callback=google.search.cse.api30
2025-10-21 16:53:20,555 - INFO - SocksPort=9150 status=200 url=https://cse.google.com/cse/element/v1?rsz=filtered_cse&num=10&hl=en&source=gcsc&cselibv=6467658b9628de43&cx=a72fbbffee86cd2d2&safe=active&cse_tok=AEXjvhL5b0HQlkpd-K-mSFR2gMVJ%3A1761036702412&sort=date&exp=cc%2Capo&rurl=https%3A%2F%2Fwww.social-searcher.com%2Ftwittercse.html%3Fq%3Dtest%26sort%3Ddate&q=%22Three+Care%22&start=40&callback=google.search.cse.api40
2025-10-21 16:53:20,562 - DEBUG - GETCONF __owningcontrollerprocess (runtime: 0.0004)
2025-10-21 16:53:20,594 - INFO - TOR cport auth: True. TOR NEW IDENTITY. Sleep 3 sec.
2025-10-21 16:53:23,599 - INFO - Error while receiving a control message (SocketClosed): received exception "read of closed file"
2025-10-21 16:53:25,842 - INFO - SocksPort=9150 status=200 url=https://cse.google.com/cse/element/v1?rsz=filtered_cse&num=10&hl=en&source=gcsc&cselibv=6467658b9628de43&cx=a72fbbffee86cd2d2&safe=active&cse_tok=AEXjvhL5b0HQlkpd-K-mSFR2gMVJ%3A1761036702412&sort=date&exp=cc%2Capo&rurl=https%3A%2F%2Fwww.social-searcher.com%2Ftwittercse.html%3Fq%3Dtest%26sort%3Ddate&q=%22Three+Care%22&start=50&callback=google.search.cse.api50
2025-10-21 16:53:25,850 - DEBUG - GETCONF __owningcontrollerprocess (runtime: 0.0004)
2025-10-21 16:53:25,851 - INFO - TOR cport auth: True. TOR NEW IDENTITY. Sleep 3 sec.
2025-10-21 16:53:28,857 - INFO - Error while receiving a control message (SocketClosed): received exception "read of closed file"
2025-10-21 16:53:58,134 - INFO - SocksPort=9150 status=200 url=https://cse.google.com/cse/element/v1?rsz=filtered_cse&num=10&hl=en&source=gcsc&cselibv=6467658b9628de43&cx=a72fbbffee86cd2d2&safe=active&cse_tok=AEXjvhJzuD4CgbouTxcpIO4L_TO6%3A1761036816552&sort=&exp=cc%2Capo&rurl=https%3A%2F%2Fwww.social-searcher.com%2Ftwittercse.html%3Fq%3Dtest%26sort%3Ddate&q=%22Three+Care%22&start=50&callback=google.search.cse.api50
2025-10-21 16:54:05,518 - INFO - SocksPort=9150 status=200 url=https://cse.google.com/cse/element/v1?rsz=filtered_cse&num=10&hl=en&source=gcsc&cselibv=6467658b9628de43&cx=a72fbbffee86cd2d2&safe=active&cse_tok=AEXjvhJzuD4CgbouTxcpIO4L_TO6%3A1761036816552&sort=&exp=cc%2Capo&rurl=https%3A%2F%2Fwww.social-searcher.com%2Ftwittercse.html%3Fq%3Dtest%26sort%3Ddate&q=%22Three+Care%22&start=60&callback=google.search.cse.api60
2025-10-21 16:54:11,591 - INFO - SocksPort=9150 status=200 url=https://cse.google.com/cse/element/v1?rsz=filtered_cse&num=10&hl=en&source=gcsc&cselibv=6467658b9628de43&cx=a72fbbffee86cd2d2&safe=active&cse_tok=AEXjvhJzuD4CgbouTxcpIO4L_TO6%3A1761036816552&sort=&exp=cc%2Capo&rurl=https%3A%2F%2Fwww.social-searcher.com%2Ftwittercse.html%3Fq%3Dtest%26sort%3Ddate&q=%22Three+Care%22&start=70&callback=google.search.cse.api70
2025-10-21 16:54:16,005 - INFO - SocksPort=9150 status=200 url=https://cse.google.com/cse/element/v1?rsz=filtered_cse&num=10&hl=en&source=gcsc&cselibv=6467658b9628de43&cx=a72fbbffee86cd2d2&safe=active&cse_tok=AEXjvhJzuD4CgbouTxcpIO4L_TO6%3A1761036816552&sort=&exp=cc%2Capo&rurl=https%3A%2F%2Fwww.social-searcher.com%2Ftwittercse.html%3Fq%3Dtest%26sort%3Ddate&q=%22Three+Care%22&start=80&callback=google.search.cse.api80
2025-10-21 16:54:16,011 - DEBUG - GETCONF __owningcontrollerprocess (runtime: 0.0003)
2025-10-21 16:54:16,027 - INFO - TOR cport auth: True. TOR NEW IDENTITY. Sleep 3 sec.
2025-10-21 16:54:19,033 - INFO - Error while receiving a control message (SocketClosed): received exception "read of closed file"
2025-10-21 16:54:19,045 - DEBUG - GETCONF __owningcontrollerprocess (runtime: 0.0002)
2025-10-21 16:54:19,046 - INFO - TOR cport auth: True. TOR NEW IDENTITY. Sleep 3 sec.
2025-10-21 16:54:22,052 - INFO - Error while receiving a control message (SocketClosed): received exception "read of closed file"
2025-10-21 16:54:42,261 - INFO - SocksPort=9150 status=200 url=https://cse.google.com/cse/element/v1?rsz=filtered_cse&num=10&hl=en&source=gcsc&cselibv=6467658b9628de43&cx=a72fbbffee86cd2d2&safe=active&cse_tok=AEXjvhLUvlfncu8btpTMSP05_CR2%3A1761036870053&sort=&exp=cc%2Capo&rurl=https%3A%2F%2Fwww.social-searcher.com%2Ftwittercse.html%3Fq%3Dtest%26sort%3Ddate&q=%22Three+Care%22&start=80&callback=google.search.cse.api80
2025-10-21 16:54:45,571 - INFO - SocksPort=9150 status=200 url=https://cse.google.com/cse/element/v1?rsz=filtered_cse&num=10&hl=en&source=gcsc&cselibv=6467658b9628de43&cx=a72fbbffee86cd2d2&safe=active&cse_tok=AEXjvhLUvlfncu8btpTMSP05_CR2%3A1761036870053&sort=&exp=cc%2Capo&rurl=https%3A%2F%2Fwww.social-searcher.com%2Ftwittercse.html%3Fq%3Dtest%26sort%3Ddate&q=%22Three+Care%22&start=90&callback=google.search.cse.api90
2025-10-21 16:54:45,581 - DEBUG - GETCONF __owningcontrollerprocess (runtime: 0.0004)
2025-10-21 16:54:45,595 - INFO - TOR cport auth: True. TOR NEW IDENTITY. Sleep 3 sec.
2025-10-21 16:54:48,601 - INFO - Error while receiving a control message (SocketClosed): received exception "read of closed file"
2025-10-21 16:55:20,399 - INFO - SocksPort=9150 status=200 url=https://cse.google.com/cse/element/v1?rsz=filtered_cse&num=10&hl=en&source=gcsc&cselibv=6467658b9628de43&cx=a72fbbffee86cd2d2&safe=active&cse_tok=AEXjvhLVG4wmbcx42lPPnvsQAZYW%3A1761036899596&sort=&exp=cc%2Capo&rurl=https%3A%2F%2Fwww.social-searcher.com%2Ftwittercse.html%3Fq%3Dtest%26sort%3Ddate&q=%22Three+Care%22&start=90&callback=google.search.cse.api90
2025-10-21 16:55:23,476 - INFO - SocksPort=9150 status=200 url=https://cse.google.com/cse/element/v1?rsz=filtered_cse&num=10&hl=en&source=gcsc&cselibv=6467658b9628de43&cx=c4b97eed1414fcb14&safe=active&cse_tok=AEXjvhKCFByH45RQ5lMO6Um2pkT7%3A1761036706889&sort=date&exp=cc%2Capo&rurl=https%3A%2F%2Fwww.social-searcher.com%2Finstagramcse.html%3Fq%3Dtest%26sort%3Ddate&q=%22Three+Care%22&start=0&callback=google.search.cse.api0
2025-10-21 16:55:26,458 - INFO - SocksPort=9150 status=200 url=https://cse.google.com/cse/element/v1?rsz=filtered_cse&num=10&hl=en&source=gcsc&cselibv=6467658b9628de43&cx=c4b97eed1414fcb14&safe=active&cse_tok=AEXjvhKCFByH45RQ5lMO6Um2pkT7%3A1761036706889&sort=date&exp=cc%2Capo&rurl=https%3A%2F%2Fwww.social-searcher.com%2Finstagramcse.html%3Fq%3Dtest%26sort%3Ddate&q=%22Three+Care%22&start=10&callback=google.search.cse.api10
2025-10-21 16:55:26,464 - DEBUG - GETCONF __owningcontrollerprocess (runtime: 0.0003)
2025-10-21 16:55:26,481 - INFO - TOR cport auth: True. TOR NEW IDENTITY. Sleep 3 sec.
2025-10-21 16:55:29,487 - INFO - Error while receiving a control message (SocketClosed): received exception "read of closed file"
2025-10-21 16:55:32,372 - INFO - SocksPort=9150 status=200 url=https://cse.google.com/cse/element/v1?rsz=filtered_cse&num=10&hl=en&source=gcsc&cselibv=6467658b9628de43&cx=c4b97eed1414fcb14&safe=active&cse_tok=AEXjvhKCFByH45RQ5lMO6Um2pkT7%3A1761036706889&sort=date&exp=cc%2Capo&rurl=https%3A%2F%2Fwww.social-searcher.com%2Finstagramcse.html%3Fq%3Dtest%26sort%3Ddate&q=%22Three+Care%22&start=20&callback=google.search.cse.api20
2025-10-21 16:55:37,935 - INFO - SocksPort=9150 status=200 url=https://cse.google.com/cse/element/v1?rsz=filtered_cse&num=10&hl=en&source=gcsc&cselibv=6467658b9628de43&cx=c4b97eed1414fcb14&safe=active&cse_tok=AEXjvhKCFByH45RQ5lMO6Um2pkT7%3A1761036706889&sort=date&exp=cc%2Capo&rurl=https%3A%2F%2Fwww.social-searcher.com%2Finstagramcse.html%3Fq%3Dtest%26sort%3Ddate&q=%22Three+Care%22&start=30&callback=google.search.cse.api30
2025-10-21 16:55:41,626 - INFO - SocksPort=9150 status=200 url=https://cse.google.com/cse/element/v1?rsz=filtered_cse&num=10&hl=en&source=gcsc&cselibv=6467658b9628de43&cx=c4b97eed1414fcb14&safe=active&cse_tok=AEXjvhKCFByH45RQ5lMO6Um2pkT7%3A1761036706889&sort=date&exp=cc%2Capo&rurl=https%3A%2F%2Fwww.social-searcher.com%2Finstagramcse.html%3Fq%3Dtest%26sort%3Ddate&q=%22Three+Care%22&start=40&callback=google.search.cse.api40
2025-10-21 16:55:44,716 - INFO - SocksPort=9150 status=200 url=https://cse.google.com/cse/element/v1?rsz=filtered_cse&num=10&hl=en&source=gcsc&cselibv=6467658b9628de43&cx=c4b97eed1414fcb14&safe=active&cse_tok=AEXjvhKCFByH45RQ5lMO6Um2pkT7%3A1761036706889&sort=date&exp=cc%2Capo&rurl=https%3A%2F%2Fwww.social-searcher.com%2Finstagramcse.html%3Fq%3Dtest%26sort%3Ddate&q=%22Three+Care%22&start=50&callback=google.search.cse.api50
2025-10-21 16:55:49,895 - INFO - SocksPort=9150 status=200 url=https://cse.google.com/cse/element/v1?rsz=filtered_cse&num=10&hl=en&source=gcsc&cselibv=6467658b9628de43&cx=c4b97eed1414fcb14&safe=active&cse_tok=AEXjvhKCFByH45RQ5lMO6Um2pkT7%3A1761036706889&sort=date&exp=cc%2Capo&rurl=https%3A%2F%2Fwww.social-searcher.com%2Finstagramcse.html%3Fq%3Dtest%26sort%3Ddate&q=%22Three+Care%22&start=60&callback=google.search.cse.api60
2025-10-21 16:55:49,901 - DEBUG - GETCONF __owningcontrollerprocess (runtime: 0.0003)
2025-10-21 16:55:49,915 - INFO - TOR cport auth: True. TOR NEW IDENTITY. Sleep 3 sec.
2025-10-21 16:55:52,920 - INFO - Error while receiving a control message (SocketClosed): received exception "read of closed file"
2025-10-21 16:55:56,380 - INFO - SocksPort=9150 status=200 url=https://cse.google.com/cse/element/v1?rsz=filtered_cse&num=10&hl=en&source=gcsc&cselibv=6467658b9628de43&cx=c4b97eed1414fcb14&safe=active&cse_tok=AEXjvhKCFByH45RQ5lMO6Um2pkT7%3A1761036706889&sort=date&exp=cc%2Capo&rurl=https%3A%2F%2Fwww.social-searcher.com%2Finstagramcse.html%3Fq%3Dtest%26sort%3Ddate&q=%22Three+Care%22&start=70&callback=google.search.cse.api70
2025-10-21 16:56:00,036 - INFO - SocksPort=9150 status=200 url=https://cse.google.com/cse/element/v1?rsz=filtered_cse&num=10&hl=en&source=gcsc&cselibv=6467658b9628de43&cx=c4b97eed1414fcb14&safe=active&cse_tok=AEXjvhKCFByH45RQ5lMO6Um2pkT7%3A1761036706889&sort=date&exp=cc%2Capo&rurl=https%3A%2F%2Fwww.social-searcher.com%2Finstagramcse.html%3Fq%3Dtest%26sort%3Ddate&q=%22Three+Care%22&start=80&callback=google.search.cse.api80
2025-10-21 16:56:02,617 - INFO - SocksPort=9150 status=200 url=https://cse.google.com/cse/element/v1?rsz=filtered_cse&num=10&hl=en&source=gcsc&cselibv=6467658b9628de43&cx=c4b97eed1414fcb14&safe=active&cse_tok=AEXjvhKCFByH45RQ5lMO6Um2pkT7%3A1761036706889&sort=date&exp=cc%2Capo&rurl=https%3A%2F%2Fwww.social-searcher.com%2Finstagramcse.html%3Fq%3Dtest%26sort%3Ddate&q=%22Three+Care%22&start=90&callback=google.search.cse.api90
2025-10-21 16:56:09,016 - INFO - SocksPort=9150 status=200 url=https://cse.google.com/cse/element/v1?rsz=filtered_cse&num=10&hl=en&source=gcsc&cselibv=6467658b9628de43&cx=3fb7efb248d74e652&safe=active&cse_tok=AEXjvhLFf94RyLBR7aj7wx5R2ApM%3A1761036712621&sort=date&exp=cc%2Capo&rurl=https%3A%2F%2Fwww.social-searcher.com%2Flinkedincse.html%3Fq%3Dtest%26sort%3Ddate&q=%22Three+Care%22&start=0&callback=google.search.cse.api0
2025-10-21 16:56:12,762 - INFO - SocksPort=9150 status=200 url=https://cse.google.com/cse/element/v1?rsz=filtered_cse&num=10&hl=en&source=gcsc&cselibv=6467658b9628de43&cx=3fb7efb248d74e652&safe=active&cse_tok=AEXjvhLFf94RyLBR7aj7wx5R2ApM%3A1761036712621&sort=date&exp=cc%2Capo&rurl=https%3A%2F%2Fwww.social-searcher.com%2Flinkedincse.html%3Fq%3Dtest%26sort%3Ddate&q=%22Three+Care%22&start=10&callback=google.search.cse.api10
2025-10-21 16:56:12,767 - DEBUG - GETCONF __owningcontrollerprocess (runtime: 0.0003)
2025-10-21 16:56:12,787 - INFO - TOR cport auth: True. TOR NEW IDENTITY. Sleep 3 sec.
2025-10-21 16:56:15,790 - INFO - Error while receiving a control message (SocketClosed): received exception "read of closed file"
2025-10-21 16:56:18,165 - INFO - SocksPort=9150 status=200 url=https://cse.google.com/cse/element/v1?rsz=filtered_cse&num=10&hl=en&source=gcsc&cselibv=6467658b9628de43&cx=3fb7efb248d74e652&safe=active&cse_tok=AEXjvhLFf94RyLBR7aj7wx5R2ApM%3A1761036712621&sort=date&exp=cc%2Capo&rurl=https%3A%2F%2Fwww.social-searcher.com%2Flinkedincse.html%3Fq%3Dtest%26sort%3Ddate&q=%22Three+Care%22&start=20&callback=google.search.cse.api20
2025-10-21 16:56:21,534 - INFO - SocksPort=9150 status=200 url=https://cse.google.com/cse/element/v1?rsz=filtered_cse&num=10&hl=en&source=gcsc&cselibv=6467658b9628de43&cx=3fb7efb248d74e652&safe=active&cse_tok=AEXjvhLFf94RyLBR7aj7wx5R2ApM%3A1761036712621&sort=date&exp=cc%2Capo&rurl=https%3A%2F%2Fwww.social-searcher.com%2Flinkedincse.html%3Fq%3Dtest%26sort%3Ddate&q=%22Three+Care%22&start=30&callback=google.search.cse.api30
2025-10-21 16:56:25,223 - INFO - SocksPort=9150 status=200 url=https://cse.google.com/cse/element/v1?rsz=filtered_cse&num=10&hl=en&source=gcsc&cselibv=6467658b9628de43&cx=3fb7efb248d74e652&safe=active&cse_tok=AEXjvhLFf94RyLBR7aj7wx5R2ApM%3A1761036712621&sort=date&exp=cc%2Capo&rurl=https%3A%2F%2Fwww.social-searcher.com%2Flinkedincse.html%3Fq%3Dtest%26sort%3Ddate&q=%22Three+Care%22&start=40&callback=google.search.cse.api40
2025-10-21 16:56:27,987 - INFO - SocksPort=9150 status=200 url=https://cse.google.com/cse/element/v1?rsz=filtered_cse&num=10&hl=en&source=gcsc&cselibv=6467658b9628de43&cx=3fb7efb248d74e652&safe=active&cse_tok=AEXjvhLFf94RyLBR7aj7wx5R2ApM%3A1761036712621&sort=date&exp=cc%2Capo&rurl=https%3A%2F%2Fwww.social-searcher.com%2Flinkedincse.html%3Fq%3Dtest%26sort%3Ddate&q=%22Three+Care%22&start=50&callback=google.search.cse.api50
2025-10-21 16:56:31,366 - INFO - SocksPort=9150 status=200 url=https://cse.google.com/cse/element/v1?rsz=filtered_cse&num=10&hl=en&source=gcsc&cselibv=6467658b9628de43&cx=3fb7efb248d74e652&safe=active&cse_tok=AEXjvhLFf94RyLBR7aj7wx5R2ApM%3A1761036712621&sort=date&exp=cc%2Capo&rurl=https%3A%2F%2Fwww.social-searcher.com%2Flinkedincse.html%3Fq%3Dtest%26sort%3Ddate&q=%22Three+Care%22&start=60&callback=google.search.cse.api60
2025-10-21 16:56:31,372 - DEBUG - GETCONF __owningcontrollerprocess (runtime: 0.0003)
2025-10-21 16:56:31,390 - INFO - TOR cport auth: True. TOR NEW IDENTITY. Sleep 3 sec.
2025-10-21 16:56:34,395 - INFO - Error while receiving a control message (SocketClosed): received exception "read of closed file"
2025-10-21 16:56:42,118 - INFO - SocksPort=9150 status=200 url=https://cse.google.com/cse/element/v1?rsz=filtered_cse&num=10&hl=en&source=gcsc&cselibv=6467658b9628de43&cx=3fb7efb248d74e652&safe=active&cse_tok=AEXjvhLFf94RyLBR7aj7wx5R2ApM%3A1761036712621&sort=date&exp=cc%2Capo&rurl=https%3A%2F%2Fwww.social-searcher.com%2Flinkedincse.html%3Fq%3Dtest%26sort%3Ddate&q=%22Three+Care%22&start=70&callback=google.search.cse.api70
2025-10-21 16:56:44,857 - INFO - SocksPort=9150 status=200 url=https://cse.google.com/cse/element/v1?rsz=filtered_cse&num=10&hl=en&source=gcsc&cselibv=6467658b9628de43&cx=3fb7efb248d74e652&safe=active&cse_tok=AEXjvhLFf94RyLBR7aj7wx5R2ApM%3A1761036712621&sort=date&exp=cc%2Capo&rurl=https%3A%2F%2Fwww.social-searcher.com%2Flinkedincse.html%3Fq%3Dtest%26sort%3Ddate&q=%22Three+Care%22&start=80&callback=google.search.cse.api80
2025-10-21 16:56:47,085 - INFO - SocksPort=9150 status=200 url=https://cse.google.com/cse/element/v1?rsz=filtered_cse&num=10&hl=en&source=gcsc&cselibv=6467658b9628de43&cx=3fb7efb248d74e652&safe=active&cse_tok=AEXjvhLFf94RyLBR7aj7wx5R2ApM%3A1761036712621&sort=date&exp=cc%2Capo&rurl=https%3A%2F%2Fwww.social-searcher.com%2Flinkedincse.html%3Fq%3Dtest%26sort%3Ddate&q=%22Three+Care%22&start=90&callback=google.search.cse.api90
2025-10-21 16:56:47,095 - INFO - [OK] Step completed: Execute social media search
2025-10-21 16:56:47,095 - INFO - [SUCCESS] Search process completed!
2025-10-21 16:56:47,095 - INFO - [SUMMARY] Search Summary:
2025-10-21 16:56:47,095 - INFO -    Query keyword: "Three Care"
2025-10-21 16:56:47,095 - INFO -    Search platforms: 4 platforms
2025-10-21 16:56:47,095 - INFO -    Total results: 388
2025-10-21 16:56:47,095 - INFO -    FACEBOOK: 100 results
2025-10-21 16:56:47,095 - INFO -    TWITTER: 88 results
2025-10-21 16:56:47,095 - INFO -    INSTAGRAM: 100 results
2025-10-21 16:56:47,096 - INFO -    LINKEDIN: 100 results
2025-10-21 16:56:47,097 - INFO - Log saved to: logs/search_log.json
