2025-11-12 15:34:43,600 - INFO - [START] Starting social media search process - Query: 'Jonny'
2025-11-12 15:34:43,600 - INFO - [OUTPUT] Output path: '/app/output'
2025-11-12 15:34:43,600 - INFO - [INFO] Starting step: Get all platform CSE parameters
2025-11-12 15:35:05,633 - INFO - Added date sorting for FACEBOOK
2025-11-12 15:35:05,633 - INFO - Added date sorting for TWITTER
2025-11-12 15:35:05,634 - INFO - Added date sorting for INSTAGRAM
2025-11-12 15:35:05,634 - INFO - Added date sorting for LINKEDIN
2025-11-12 15:35:05,635 - INFO - Added date sorting for TIKTOK
2025-11-12 15:35:05,635 - INFO - Added date sorting for PINTEREST
2025-11-12 15:35:05,635 - INFO - [OK] Step completed: Get all platform CSE parameters
2025-11-12 15:35:05,635 - INFO - [INFO] Starting step: Save parameters
2025-11-12 15:35:05,636 - INFO - [OK] Step completed: Save parameters
2025-11-12 15:35:05,636 - INFO - [INFO] Starting step: Execute social media search
2025-11-12 15:39:57,415 - INFO - [OK] Step completed: Execute social media search
2025-11-12 15:39:57,415 - INFO - [SUCCESS] Search process completed!
2025-11-12 15:39:57,415 - INFO - [SUMMARY] Search Summary:
2025-11-12 15:39:57,416 - INFO -    Query keyword: Jonny
2025-11-12 15:39:57,416 - INFO -    Search platforms: 6 platforms
2025-11-12 15:39:57,416 - INFO -    Total results: 600
2025-11-12 15:39:57,416 - INFO -    FACEBOOK: 100 results
2025-11-12 15:39:57,416 - INFO -    TWITTER: 100 results
2025-11-12 15:39:57,417 - INFO -    INSTAGRAM: 100 results
2025-11-12 15:39:57,417 - INFO -    LINKEDIN: 100 results
2025-11-12 15:39:57,417 - INFO -    TIKTOK: 100 results
2025-11-12 15:39:57,417 - INFO -    PINTEREST: 100 results
2025-11-12 15:39:57,418 - INFO - Log saved to: logs/search_log.json
2025-11-12 15:39:57,419 - INFO - [SHUTDOWN] Stopping and removing all containers...
2025-11-12 15:39:57,419 - INFO - [SHUTDOWN] Falling back to individual container stop/remove
2025-11-12 15:39:57,432 - INFO - [SHUTDOWN] Stopping container: social_media_search
