2025-10-21 16:17:49,065 - INFO - [START] Starting social media search process - Query: 'Three%20Care'
2025-10-21 16:17:49,066 - INFO - [INFO] Starting step: Get all platform CSE parameters
2025-10-21 16:18:08,128 - INFO - Added date sorting for FACEBOOK
2025-10-21 16:18:08,128 - INFO - Added date sorting for TWITTER
2025-10-21 16:18:08,128 - INFO - Added date sorting for INSTAGRAM
2025-10-21 16:18:08,128 - INFO - Added date sorting for LINKEDIN
2025-10-21 16:18:08,128 - INFO - [OK] Step completed: Get all platform CSE parameters
2025-10-21 16:18:08,128 - INFO - [INFO] Starting step: Save parameters
2025-10-21 16:18:08,129 - INFO - [OK] Step completed: Save parameters
2025-10-21 16:18:08,129 - INFO - [INFO] Starting step: Execute social media search
2025-10-21 16:18:11,999 - INFO - SocksPort=9150 status=200 url=https://cse.google.com/cse/element/v1?rsz=filtered_cse&num=10&hl=en&source=gcsc&cselibv=6467658b9628de43&cx=294a079ba2d4267d5&safe=active&cse_tok=AEXjvhIEONpw19FHCMvRYNI0uSzU%3A1761034671007&sort=date&exp=cc%2Capo&rurl=https%3A%2F%2Fwww.social-searcher.com%2Ffacebookcse.html%3Fq%3Dtest%26sort%3Ddate&q=Three%2520Care&start=0&callback=google.search.cse.api0
2025-10-21 16:18:15,529 - INFO - SocksPort=9150 status=200 url=https://cse.google.com/cse/element/v1?rsz=filtered_cse&num=10&hl=en&source=gcsc&cselibv=6467658b9628de43&cx=294a079ba2d4267d5&safe=active&cse_tok=AEXjvhIEONpw19FHCMvRYNI0uSzU%3A1761034671007&sort=date&exp=cc%2Capo&rurl=https%3A%2F%2Fwww.social-searcher.com%2Ffacebookcse.html%3Fq%3Dtest%26sort%3Ddate&q=Three%2520Care&start=10&callback=google.search.cse.api10
2025-10-21 16:18:18,816 - INFO - SocksPort=9150 status=200 url=https://cse.google.com/cse/element/v1?rsz=filtered_cse&num=10&hl=en&source=gcsc&cselibv=6467658b9628de43&cx=294a079ba2d4267d5&safe=active&cse_tok=AEXjvhIEONpw19FHCMvRYNI0uSzU%3A1761034671007&sort=date&exp=cc%2Capo&rurl=https%3A%2F%2Fwww.social-searcher.com%2Ffacebookcse.html%3Fq%3Dtest%26sort%3Ddate&q=Three%2520Care&start=20&callback=google.search.cse.api20
2025-10-21 16:18:25,655 - INFO - SocksPort=9150 status=200 url=https://cse.google.com/cse/element/v1?rsz=filtered_cse&num=10&hl=en&source=gcsc&cselibv=6467658b9628de43&cx=294a079ba2d4267d5&safe=active&cse_tok=AEXjvhIEONpw19FHCMvRYNI0uSzU%3A1761034671007&sort=date&exp=cc%2Capo&rurl=https%3A%2F%2Fwww.social-searcher.com%2Ffacebookcse.html%3Fq%3Dtest%26sort%3Ddate&q=Three%2520Care&start=30&callback=google.search.cse.api30
2025-10-21 16:18:25,678 - DEBUG - GETCONF __owningcontrollerprocess (runtime: 0.0003)
2025-10-21 16:18:25,696 - INFO - TOR cport auth: True. TOR NEW IDENTITY. Sleep 3 sec.
2025-10-21 16:18:28,702 - INFO - Error while receiving a control message (SocketClosed): received exception "read of closed file"
2025-10-21 16:18:50,985 - INFO - SocksPort=9150 status=200 url=https://cse.google.com/cse/element/v1?rsz=filtered_cse&num=10&hl=en&source=gcsc&cselibv=6467658b9628de43&cx=294a079ba2d4267d5&safe=active&cse_tok=AEXjvhKcmMwSa89ZKZ1zHbygmaim%3A1761034719321&sort=&exp=cc%2Capo&rurl=https%3A%2F%2Fwww.social-searcher.com%2Ffacebookcse.html%3Fq%3Dtest%26sort%3Ddate&q=Three%2520Care&start=30&callback=google.search.cse.api30
2025-10-21 16:18:50,990 - DEBUG - GETCONF __owningcontrollerprocess (runtime: 0.0003)
2025-10-21 16:18:51,005 - INFO - TOR cport auth: True. TOR NEW IDENTITY. Sleep 3 sec.
2025-10-21 16:18:54,011 - INFO - Error while receiving a control message (SocketClosed): received exception "read of closed file"
2025-10-21 16:19:24,191 - INFO - SocksPort=9150 status=200 url=https://cse.google.com/cse/element/v1?rsz=filtered_cse&num=10&hl=en&source=gcsc&cselibv=6467658b9628de43&cx=a72fbbffee86cd2d2&safe=active&cse_tok=AEXjvhKQrIAMlrEFcGjcia42xyzJ%3A1761034675876&sort=date&exp=cc%2Capo&rurl=https%3A%2F%2Fwww.social-searcher.com%2Ftwittercse.html%3Fq%3Dtest%26sort%3Ddate&q=Three%2520Care&start=0&callback=google.search.cse.api0
2025-10-21 16:19:31,136 - INFO - SocksPort=9150 status=200 url=https://cse.google.com/cse/element/v1?rsz=filtered_cse&num=10&hl=en&source=gcsc&cselibv=6467658b9628de43&cx=a72fbbffee86cd2d2&safe=active&cse_tok=AEXjvhKQrIAMlrEFcGjcia42xyzJ%3A1761034675876&sort=date&exp=cc%2Capo&rurl=https%3A%2F%2Fwww.social-searcher.com%2Ftwittercse.html%3Fq%3Dtest%26sort%3Ddate&q=Three%2520Care&start=10&callback=google.search.cse.api10
2025-10-21 16:19:37,092 - INFO - SocksPort=9150 status=200 url=https://cse.google.com/cse/element/v1?rsz=filtered_cse&num=10&hl=en&source=gcsc&cselibv=6467658b9628de43&cx=a72fbbffee86cd2d2&safe=active&cse_tok=AEXjvhKQrIAMlrEFcGjcia42xyzJ%3A1761034675876&sort=date&exp=cc%2Capo&rurl=https%3A%2F%2Fwww.social-searcher.com%2Ftwittercse.html%3Fq%3Dtest%26sort%3Ddate&q=Three%2520Care&start=20&callback=google.search.cse.api20
2025-10-21 16:19:42,672 - INFO - SocksPort=9150 status=200 url=https://cse.google.com/cse/element/v1?rsz=filtered_cse&num=10&hl=en&source=gcsc&cselibv=6467658b9628de43&cx=a72fbbffee86cd2d2&safe=active&cse_tok=AEXjvhKQrIAMlrEFcGjcia42xyzJ%3A1761034675876&sort=date&exp=cc%2Capo&rurl=https%3A%2F%2Fwww.social-searcher.com%2Ftwittercse.html%3Fq%3Dtest%26sort%3Ddate&q=Three%2520Care&start=30&callback=google.search.cse.api30
2025-10-21 16:19:42,682 - DEBUG - GETCONF __owningcontrollerprocess (runtime: 0.0004)
2025-10-21 16:19:42,694 - INFO - TOR cport auth: True. TOR NEW IDENTITY. Sleep 3 sec.
2025-10-21 16:19:45,700 - INFO - Error while receiving a control message (SocketClosed): received exception "read of closed file"
2025-10-21 16:20:18,668 - INFO - SocksPort=9150 status=200 url=https://cse.google.com/cse/element/v1?rsz=filtered_cse&num=10&hl=en&source=gcsc&cselibv=6467658b9628de43&cx=a72fbbffee86cd2d2&safe=active&cse_tok=AEXjvhL2-i3EHHUThhUsiYUe4MQ0%3A1761034794902&sort=&exp=cc%2Capo&rurl=https%3A%2F%2Fwww.social-searcher.com%2Ftwittercse.html%3Fq%3Dtest%26sort%3Ddate&q=Three%2520Care&start=30&callback=google.search.cse.api30
2025-10-21 16:20:18,672 - DEBUG - GETCONF __owningcontrollerprocess (runtime: 0.0003)
2025-10-21 16:20:18,687 - INFO - TOR cport auth: True. TOR NEW IDENTITY. Sleep 3 sec.
2025-10-21 16:20:21,693 - INFO - Error while receiving a control message (SocketClosed): received exception "read of closed file"
2025-10-21 16:20:25,728 - INFO - SocksPort=9150 status=200 url=https://cse.google.com/cse/element/v1?rsz=filtered_cse&num=10&hl=en&source=gcsc&cselibv=6467658b9628de43&cx=a72fbbffee86cd2d2&safe=active&cse_tok=AEXjvhL2-i3EHHUThhUsiYUe4MQ0%3A1761034794902&sort=&exp=cc%2Capo&rurl=https%3A%2F%2Fwww.social-searcher.com%2Ftwittercse.html%3Fq%3Dtest%26sort%3Ddate&q=Three%2520Care&start=40&callback=google.search.cse.api40
2025-10-21 16:20:30,852 - INFO - SocksPort=9150 status=200 url=https://cse.google.com/cse/element/v1?rsz=filtered_cse&num=10&hl=en&source=gcsc&cselibv=6467658b9628de43&cx=a72fbbffee86cd2d2&safe=active&cse_tok=AEXjvhL2-i3EHHUThhUsiYUe4MQ0%3A1761034794902&sort=&exp=cc%2Capo&rurl=https%3A%2F%2Fwww.social-searcher.com%2Ftwittercse.html%3Fq%3Dtest%26sort%3Ddate&q=Three%2520Care&start=50&callback=google.search.cse.api50
2025-10-21 16:20:30,859 - DEBUG - GETCONF __owningcontrollerprocess (runtime: 0.0003)
2025-10-21 16:20:30,872 - INFO - TOR cport auth: True. TOR NEW IDENTITY. Sleep 3 sec.
2025-10-21 16:20:33,877 - INFO - Error while receiving a control message (SocketClosed): received exception "read of closed file"
2025-10-21 16:21:06,755 - INFO - SocksPort=9150 status=200 url=https://cse.google.com/cse/element/v1?rsz=filtered_cse&num=10&hl=en&source=gcsc&cselibv=6467658b9628de43&cx=a72fbbffee86cd2d2&safe=active&cse_tok=AEXjvhIXW7_UUlSBm_CFMGAfmgol%3A1761034843036&sort=&exp=cc%2Capo&rurl=https%3A%2F%2Fwww.social-searcher.com%2Ftwittercse.html%3Fq%3Dtest%26sort%3Ddate&q=Three%2520Care&start=50&callback=google.search.cse.api50
2025-10-21 16:21:10,174 - INFO - SocksPort=9150 status=200 url=https://cse.google.com/cse/element/v1?rsz=filtered_cse&num=10&hl=en&source=gcsc&cselibv=6467658b9628de43&cx=a72fbbffee86cd2d2&safe=active&cse_tok=AEXjvhIXW7_UUlSBm_CFMGAfmgol%3A1761034843036&sort=&exp=cc%2Capo&rurl=https%3A%2F%2Fwww.social-searcher.com%2Ftwittercse.html%3Fq%3Dtest%26sort%3Ddate&q=Three%2520Care&start=60&callback=google.search.cse.api60
2025-10-21 16:21:13,039 - INFO - SocksPort=9150 status=200 url=https://cse.google.com/cse/element/v1?rsz=filtered_cse&num=10&hl=en&source=gcsc&cselibv=6467658b9628de43&cx=a72fbbffee86cd2d2&safe=active&cse_tok=AEXjvhIXW7_UUlSBm_CFMGAfmgol%3A1761034843036&sort=&exp=cc%2Capo&rurl=https%3A%2F%2Fwww.social-searcher.com%2Ftwittercse.html%3Fq%3Dtest%26sort%3Ddate&q=Three%2520Care&start=70&callback=google.search.cse.api70
2025-10-21 16:21:13,045 - DEBUG - GETCONF __owningcontrollerprocess (runtime: 0.0003)
2025-10-21 16:21:13,059 - INFO - TOR cport auth: True. TOR NEW IDENTITY. Sleep 3 sec.
2025-10-21 16:21:16,064 - INFO - Error while receiving a control message (SocketClosed): received exception "read of closed file"
2025-10-21 16:21:20,005 - INFO - SocksPort=9150 status=200 url=https://cse.google.com/cse/element/v1?rsz=filtered_cse&num=10&hl=en&source=gcsc&cselibv=6467658b9628de43&cx=a72fbbffee86cd2d2&safe=active&cse_tok=AEXjvhIXW7_UUlSBm_CFMGAfmgol%3A1761034843036&sort=&exp=cc%2Capo&rurl=https%3A%2F%2Fwww.social-searcher.com%2Ftwittercse.html%3Fq%3Dtest%26sort%3Ddate&q=Three%2520Care&start=80&callback=google.search.cse.api80
2025-10-21 16:21:23,594 - INFO - SocksPort=9150 status=200 url=https://cse.google.com/cse/element/v1?rsz=filtered_cse&num=10&hl=en&source=gcsc&cselibv=6467658b9628de43&cx=a72fbbffee86cd2d2&safe=active&cse_tok=AEXjvhIXW7_UUlSBm_CFMGAfmgol%3A1761034843036&sort=&exp=cc%2Capo&rurl=https%3A%2F%2Fwww.social-searcher.com%2Ftwittercse.html%3Fq%3Dtest%26sort%3Ddate&q=Three%2520Care&start=90&callback=google.search.cse.api90
2025-10-21 16:21:26,538 - INFO - SocksPort=9150 status=200 url=https://cse.google.com/cse/element/v1?rsz=filtered_cse&num=10&hl=en&source=gcsc&cselibv=6467658b9628de43&cx=c4b97eed1414fcb14&safe=active&cse_tok=AEXjvhIRpCv_psIEIHEeTdvvFCDo%3A1761034680677&sort=date&exp=cc%2Capo&rurl=https%3A%2F%2Fwww.social-searcher.com%2Finstagramcse.html%3Fq%3Dtest%26sort%3Ddate&q=Three%2520Care&start=0&callback=google.search.cse.api0
2025-10-21 16:21:26,544 - DEBUG - GETCONF __owningcontrollerprocess (runtime: 0.0003)
2025-10-21 16:21:26,563 - INFO - TOR cport auth: True. TOR NEW IDENTITY. Sleep 3 sec.
2025-10-21 16:21:29,568 - INFO - Error while receiving a control message (SocketClosed): received exception "read of closed file"
2025-10-21 16:22:06,408 - INFO - SocksPort=9150 status=200 url=https://cse.google.com/cse/element/v1?rsz=filtered_cse&num=10&hl=en&source=gcsc&cselibv=6467658b9628de43&cx=c4b97eed1414fcb14&safe=active&cse_tok=AEXjvhI2b_10img8ur6KIbE5fzV3%3A1761034898356&sort=&exp=cc%2Capo&rurl=https%3A%2F%2Fwww.social-searcher.com%2Finstagramcse.html%3Fq%3Dtest%26sort%3Ddate&q=Three%2520Care&start=0&callback=google.search.cse.api0
2025-10-21 16:22:09,308 - INFO - SocksPort=9150 status=200 url=https://cse.google.com/cse/element/v1?rsz=filtered_cse&num=10&hl=en&source=gcsc&cselibv=6467658b9628de43&cx=c4b97eed1414fcb14&safe=active&cse_tok=AEXjvhI2b_10img8ur6KIbE5fzV3%3A1761034898356&sort=&exp=cc%2Capo&rurl=https%3A%2F%2Fwww.social-searcher.com%2Finstagramcse.html%3Fq%3Dtest%26sort%3Ddate&q=Three%2520Care&start=10&callback=google.search.cse.api10
2025-10-21 16:22:09,315 - DEBUG - GETCONF __owningcontrollerprocess (runtime: 0.0003)
2025-10-21 16:22:09,330 - INFO - TOR cport auth: True. TOR NEW IDENTITY. Sleep 3 sec.
2025-10-21 16:22:12,336 - INFO - Error while receiving a control message (SocketClosed): received exception "[Errno 9] Bad file descriptor"
2025-10-21 16:22:16,216 - INFO - SocksPort=9150 status=200 url=https://cse.google.com/cse/element/v1?rsz=filtered_cse&num=10&hl=en&source=gcsc&cselibv=6467658b9628de43&cx=c4b97eed1414fcb14&safe=active&cse_tok=AEXjvhI2b_10img8ur6KIbE5fzV3%3A1761034898356&sort=&exp=cc%2Capo&rurl=https%3A%2F%2Fwww.social-searcher.com%2Finstagramcse.html%3Fq%3Dtest%26sort%3Ddate&q=Three%2520Care&start=20&callback=google.search.cse.api20
2025-10-21 16:22:19,296 - INFO - SocksPort=9150 status=200 url=https://cse.google.com/cse/element/v1?rsz=filtered_cse&num=10&hl=en&source=gcsc&cselibv=6467658b9628de43&cx=c4b97eed1414fcb14&safe=active&cse_tok=AEXjvhI2b_10img8ur6KIbE5fzV3%3A1761034898356&sort=&exp=cc%2Capo&rurl=https%3A%2F%2Fwww.social-searcher.com%2Finstagramcse.html%3Fq%3Dtest%26sort%3Ddate&q=Three%2520Care&start=30&callback=google.search.cse.api30
2025-10-21 16:22:22,576 - INFO - SocksPort=9150 status=200 url=https://cse.google.com/cse/element/v1?rsz=filtered_cse&num=10&hl=en&source=gcsc&cselibv=6467658b9628de43&cx=c4b97eed1414fcb14&safe=active&cse_tok=AEXjvhI2b_10img8ur6KIbE5fzV3%3A1761034898356&sort=&exp=cc%2Capo&rurl=https%3A%2F%2Fwww.social-searcher.com%2Finstagramcse.html%3Fq%3Dtest%26sort%3Ddate&q=Three%2520Care&start=40&callback=google.search.cse.api40
2025-10-21 16:22:25,145 - INFO - SocksPort=9150 status=200 url=https://cse.google.com/cse/element/v1?rsz=filtered_cse&num=10&hl=en&source=gcsc&cselibv=6467658b9628de43&cx=c4b97eed1414fcb14&safe=active&cse_tok=AEXjvhI2b_10img8ur6KIbE5fzV3%3A1761034898356&sort=&exp=cc%2Capo&rurl=https%3A%2F%2Fwww.social-searcher.com%2Finstagramcse.html%3Fq%3Dtest%26sort%3Ddate&q=Three%2520Care&start=50&callback=google.search.cse.api50
2025-10-21 16:22:25,153 - DEBUG - GETCONF __owningcontrollerprocess (runtime: 0.0003)
2025-10-21 16:22:25,177 - INFO - TOR cport auth: True. TOR NEW IDENTITY. Sleep 3 sec.
2025-10-21 16:22:28,183 - INFO - Error while receiving a control message (SocketClosed): received exception "read of closed file"
2025-10-21 16:22:48,170 - INFO - SocksPort=9150 status=200 url=https://cse.google.com/cse/element/v1?rsz=filtered_cse&num=10&hl=en&source=gcsc&cselibv=6467658b9628de43&cx=c4b97eed1414fcb14&safe=active&cse_tok=AEXjvhJh6SKzUaWbBgOAT_JEx4T8%3A1761034957654&sort=&exp=cc%2Capo&rurl=https%3A%2F%2Fwww.social-searcher.com%2Finstagramcse.html%3Fq%3Dtest%26sort%3Ddate&q=Three%2520Care&start=50&callback=google.search.cse.api50
2025-10-21 16:22:48,176 - DEBUG - GETCONF __owningcontrollerprocess (runtime: 0.0003)
2025-10-21 16:22:48,190 - INFO - TOR cport auth: True. TOR NEW IDENTITY. Sleep 3 sec.
2025-10-21 16:22:51,195 - INFO - Error while receiving a control message (SocketClosed): received exception "read of closed file"
2025-10-21 16:22:54,619 - INFO - SocksPort=9150 status=200 url=https://cse.google.com/cse/element/v1?rsz=filtered_cse&num=10&hl=en&source=gcsc&cselibv=6467658b9628de43&cx=c4b97eed1414fcb14&safe=active&cse_tok=AEXjvhJh6SKzUaWbBgOAT_JEx4T8%3A1761034957654&sort=&exp=cc%2Capo&rurl=https%3A%2F%2Fwww.social-searcher.com%2Finstagramcse.html%3Fq%3Dtest%26sort%3Ddate&q=Three%2520Care&start=60&callback=google.search.cse.api60
2025-10-21 16:22:58,559 - INFO - SocksPort=9150 status=200 url=https://cse.google.com/cse/element/v1?rsz=filtered_cse&num=10&hl=en&source=gcsc&cselibv=6467658b9628de43&cx=c4b97eed1414fcb14&safe=active&cse_tok=AEXjvhJh6SKzUaWbBgOAT_JEx4T8%3A1761034957654&sort=&exp=cc%2Capo&rurl=https%3A%2F%2Fwww.social-searcher.com%2Finstagramcse.html%3Fq%3Dtest%26sort%3Ddate&q=Three%2520Care&start=70&callback=google.search.cse.api70
2025-10-21 16:23:01,684 - INFO - SocksPort=9150 status=200 url=https://cse.google.com/cse/element/v1?rsz=filtered_cse&num=10&hl=en&source=gcsc&cselibv=6467658b9628de43&cx=c4b97eed1414fcb14&safe=active&cse_tok=AEXjvhJh6SKzUaWbBgOAT_JEx4T8%3A1761034957654&sort=&exp=cc%2Capo&rurl=https%3A%2F%2Fwww.social-searcher.com%2Finstagramcse.html%3Fq%3Dtest%26sort%3Ddate&q=Three%2520Care&start=80&callback=google.search.cse.api80
2025-10-21 16:23:03,365 - INFO - SocksPort=9150 status=200 url=https://cse.google.com/cse/element/v1?rsz=filtered_cse&num=10&hl=en&source=gcsc&cselibv=6467658b9628de43&cx=c4b97eed1414fcb14&safe=active&cse_tok=AEXjvhJh6SKzUaWbBgOAT_JEx4T8%3A1761034957654&sort=&exp=cc%2Capo&rurl=https%3A%2F%2Fwww.social-searcher.com%2Finstagramcse.html%3Fq%3Dtest%26sort%3Ddate&q=Three%2520Care&start=90&callback=google.search.cse.api90
2025-10-21 16:23:03,370 - DEBUG - GETCONF __owningcontrollerprocess (runtime: 0.0002)
2025-10-21 16:23:03,383 - INFO - TOR cport auth: True. TOR NEW IDENTITY. Sleep 3 sec.
2025-10-21 16:23:06,394 - INFO - Error while receiving a control message (SocketClosed): received exception "read of closed file"
2025-10-21 16:23:39,775 - INFO - SocksPort=9150 status=200 url=https://cse.google.com/cse/element/v1?rsz=filtered_cse&num=10&hl=en&source=gcsc&cselibv=6467658b9628de43&cx=c4b97eed1414fcb14&safe=active&cse_tok=AEXjvhIEKKNAdr3_e3kuhXoGJaMl%3A1761034996292&sort=&exp=cc%2Capo&rurl=https%3A%2F%2Fwww.social-searcher.com%2Finstagramcse.html%3Fq%3Dtest%26sort%3Ddate&q=Three%2520Care&start=90&callback=google.search.cse.api90
2025-10-21 16:23:39,779 - DEBUG - GETCONF __owningcontrollerprocess (runtime: 0.0002)
2025-10-21 16:23:39,793 - INFO - TOR cport auth: True. TOR NEW IDENTITY. Sleep 3 sec.
2025-10-21 16:23:42,804 - INFO - Error while receiving a control message (SocketClosed): received exception "read of closed file"
2025-10-21 16:23:48,056 - INFO - SocksPort=9150 status=200 url=https://cse.google.com/cse/element/v1?rsz=filtered_cse&num=10&hl=en&source=gcsc&cselibv=6467658b9628de43&cx=3fb7efb248d74e652&safe=active&cse_tok=AEXjvhLmF0bIEFfhgA0z_noNPxSs%3A1761034685514&sort=date&exp=cc%2Capo&rurl=https%3A%2F%2Fwww.social-searcher.com%2Flinkedincse.html%3Fq%3Dtest%26sort%3Ddate&q=Three%2520Care&start=0&callback=google.search.cse.api0
2025-10-21 16:23:52,680 - INFO - SocksPort=9150 status=200 url=https://cse.google.com/cse/element/v1?rsz=filtered_cse&num=10&hl=en&source=gcsc&cselibv=6467658b9628de43&cx=3fb7efb248d74e652&safe=active&cse_tok=AEXjvhLmF0bIEFfhgA0z_noNPxSs%3A1761034685514&sort=date&exp=cc%2Capo&rurl=https%3A%2F%2Fwww.social-searcher.com%2Flinkedincse.html%3Fq%3Dtest%26sort%3Ddate&q=Three%2520Care&start=10&callback=google.search.cse.api10
2025-10-21 16:23:52,684 - DEBUG - GETCONF __owningcontrollerprocess (runtime: 0.0004)
2025-10-21 16:23:52,700 - INFO - TOR cport auth: True. TOR NEW IDENTITY. Sleep 3 sec.
2025-10-21 16:23:55,710 - INFO - Error while receiving a control message (SocketClosed): received exception "read of closed file"
2025-10-21 16:24:29,830 - INFO - SocksPort=9150 status=200 url=https://cse.google.com/cse/element/v1?rsz=filtered_cse&num=10&hl=en&source=gcsc&cselibv=6467658b9628de43&cx=3fb7efb248d74e652&safe=active&cse_tok=AEXjvhLFC5j5fSbIC7xdAaDwxNAB%3A1761035045067&sort=&exp=cc%2Capo&rurl=https%3A%2F%2Fwww.social-searcher.com%2Flinkedincse.html%3Fq%3Dtest%26sort%3Ddate&q=Three%2520Care&start=10&callback=google.search.cse.api10
2025-10-21 16:24:32,308 - INFO - SocksPort=9150 status=200 url=https://cse.google.com/cse/element/v1?rsz=filtered_cse&num=10&hl=en&source=gcsc&cselibv=6467658b9628de43&cx=3fb7efb248d74e652&safe=active&cse_tok=AEXjvhLFC5j5fSbIC7xdAaDwxNAB%3A1761035045067&sort=&exp=cc%2Capo&rurl=https%3A%2F%2Fwww.social-searcher.com%2Flinkedincse.html%3Fq%3Dtest%26sort%3Ddate&q=Three%2520Care&start=20&callback=google.search.cse.api20
2025-10-21 16:24:36,434 - INFO - SocksPort=9150 status=200 url=https://cse.google.com/cse/element/v1?rsz=filtered_cse&num=10&hl=en&source=gcsc&cselibv=6467658b9628de43&cx=3fb7efb248d74e652&safe=active&cse_tok=AEXjvhLFC5j5fSbIC7xdAaDwxNAB%3A1761035045067&sort=&exp=cc%2Capo&rurl=https%3A%2F%2Fwww.social-searcher.com%2Flinkedincse.html%3Fq%3Dtest%26sort%3Ddate&q=Three%2520Care&start=30&callback=google.search.cse.api30
2025-10-21 16:24:36,441 - DEBUG - GETCONF __owningcontrollerprocess (runtime: 0.0003)
2025-10-21 16:24:36,459 - INFO - TOR cport auth: True. TOR NEW IDENTITY. Sleep 3 sec.
2025-10-21 16:24:39,464 - INFO - Error while receiving a control message (SocketClosed): received exception "read of closed file"
2025-10-21 16:24:42,682 - INFO - SocksPort=9150 status=200 url=https://cse.google.com/cse/element/v1?rsz=filtered_cse&num=10&hl=en&source=gcsc&cselibv=6467658b9628de43&cx=3fb7efb248d74e652&safe=active&cse_tok=AEXjvhLFC5j5fSbIC7xdAaDwxNAB%3A1761035045067&sort=&exp=cc%2Capo&rurl=https%3A%2F%2Fwww.social-searcher.com%2Flinkedincse.html%3Fq%3Dtest%26sort%3Ddate&q=Three%2520Care&start=40&callback=google.search.cse.api40
2025-10-21 16:24:45,515 - INFO - SocksPort=9150 status=200 url=https://cse.google.com/cse/element/v1?rsz=filtered_cse&num=10&hl=en&source=gcsc&cselibv=6467658b9628de43&cx=3fb7efb248d74e652&safe=active&cse_tok=AEXjvhLFC5j5fSbIC7xdAaDwxNAB%3A1761035045067&sort=&exp=cc%2Capo&rurl=https%3A%2F%2Fwww.social-searcher.com%2Flinkedincse.html%3Fq%3Dtest%26sort%3Ddate&q=Three%2520Care&start=50&callback=google.search.cse.api50
2025-10-21 16:24:45,520 - DEBUG - GETCONF __owningcontrollerprocess (runtime: 0.0004)
2025-10-21 16:24:45,521 - INFO - TOR cport auth: True. TOR NEW IDENTITY. Sleep 3 sec.
2025-10-21 16:24:48,526 - INFO - Error while receiving a control message (SocketClosed): received exception "read of closed file"
2025-10-21 16:25:21,725 - INFO - SocksPort=9150 status=200 url=https://cse.google.com/cse/element/v1?rsz=filtered_cse&num=10&hl=en&source=gcsc&cselibv=6467658b9628de43&cx=3fb7efb248d74e652&safe=active&cse_tok=AEXjvhL8VRXzc14EzNbO_iBl4mOh%3A1761035099659&sort=&exp=cc%2Capo&rurl=https%3A%2F%2Fwww.social-searcher.com%2Flinkedincse.html%3Fq%3Dtest%26sort%3Ddate&q=Three%2520Care&start=50&callback=google.search.cse.api50
2025-10-21 16:25:25,872 - INFO - SocksPort=9150 status=200 url=https://cse.google.com/cse/element/v1?rsz=filtered_cse&num=10&hl=en&source=gcsc&cselibv=6467658b9628de43&cx=3fb7efb248d74e652&safe=active&cse_tok=AEXjvhL8VRXzc14EzNbO_iBl4mOh%3A1761035099659&sort=&exp=cc%2Capo&rurl=https%3A%2F%2Fwww.social-searcher.com%2Flinkedincse.html%3Fq%3Dtest%26sort%3Ddate&q=Three%2520Care&start=60&callback=google.search.cse.api60
2025-10-21 16:25:29,900 - INFO - SocksPort=9150 status=200 url=https://cse.google.com/cse/element/v1?rsz=filtered_cse&num=10&hl=en&source=gcsc&cselibv=6467658b9628de43&cx=3fb7efb248d74e652&safe=active&cse_tok=AEXjvhL8VRXzc14EzNbO_iBl4mOh%3A1761035099659&sort=&exp=cc%2Capo&rurl=https%3A%2F%2Fwww.social-searcher.com%2Flinkedincse.html%3Fq%3Dtest%26sort%3Ddate&q=Three%2520Care&start=70&callback=google.search.cse.api70
2025-10-21 16:25:29,906 - DEBUG - GETCONF __owningcontrollerprocess (runtime: 0.0003)
2025-10-21 16:25:29,925 - INFO - TOR cport auth: True. TOR NEW IDENTITY. Sleep 3 sec.
2025-10-21 16:25:32,930 - INFO - Error while receiving a control message (SocketClosed): received exception "read of closed file"
2025-10-21 16:25:32,933 - DEBUG - GETCONF __owningcontrollerprocess (runtime: 0.0003)
2025-10-21 16:25:32,933 - INFO - TOR cport auth: True. TOR NEW IDENTITY. Sleep 3 sec.
2025-10-21 16:25:35,934 - INFO - Error while receiving a control message (SocketClosed): received exception "read of closed file"
2025-10-21 16:26:05,389 - INFO - SocksPort=9150 status=200 url=https://cse.google.com/cse/element/v1?rsz=filtered_cse&num=10&hl=en&source=gcsc&cselibv=6467658b9628de43&cx=3fb7efb248d74e652&safe=active&cse_tok=AEXjvhKbVc63Redb6OnOJcv7PkHI%3A1761035144191&sort=&exp=cc%2Capo&rurl=https%3A%2F%2Fwww.social-searcher.com%2Flinkedincse.html%3Fq%3Dtest%26sort%3Ddate&q=Three%2520Care&start=70&callback=google.search.cse.api70
2025-10-21 16:26:09,456 - INFO - SocksPort=9150 status=200 url=https://cse.google.com/cse/element/v1?rsz=filtered_cse&num=10&hl=en&source=gcsc&cselibv=6467658b9628de43&cx=3fb7efb248d74e652&safe=active&cse_tok=AEXjvhKbVc63Redb6OnOJcv7PkHI%3A1761035144191&sort=&exp=cc%2Capo&rurl=https%3A%2F%2Fwww.social-searcher.com%2Flinkedincse.html%3Fq%3Dtest%26sort%3Ddate&q=Three%2520Care&start=80&callback=google.search.cse.api80
2025-10-21 16:26:09,466 - DEBUG - GETCONF __owningcontrollerprocess (runtime: 0.0002)
2025-10-21 16:26:09,481 - INFO - TOR cport auth: True. TOR NEW IDENTITY. Sleep 3 sec.
2025-10-21 16:26:12,487 - INFO - Error while receiving a control message (SocketClosed): received exception "read of closed file"
2025-10-21 16:26:44,399 - INFO - SocksPort=9150 status=200 url=https://cse.google.com/cse/element/v1?rsz=filtered_cse&num=10&hl=en&source=gcsc&cselibv=6467658b9628de43&cx=3fb7efb248d74e652&safe=active&cse_tok=AEXjvhKvGx_QINltAvIgrt_aQWl2%3A1761035181476&sort=&exp=cc%2Capo&rurl=https%3A%2F%2Fwww.social-searcher.com%2Flinkedincse.html%3Fq%3Dtest%26sort%3Ddate&q=Three%2520Care&start=80&callback=google.search.cse.api80
2025-10-21 16:26:48,045 - INFO - SocksPort=9150 status=200 url=https://cse.google.com/cse/element/v1?rsz=filtered_cse&num=10&hl=en&source=gcsc&cselibv=6467658b9628de43&cx=3fb7efb248d74e652&safe=active&cse_tok=AEXjvhKvGx_QINltAvIgrt_aQWl2%3A1761035181476&sort=&exp=cc%2Capo&rurl=https%3A%2F%2Fwww.social-searcher.com%2Flinkedincse.html%3Fq%3Dtest%26sort%3Ddate&q=Three%2520Care&start=90&callback=google.search.cse.api90
2025-10-21 16:26:48,065 - DEBUG - GETCONF __owningcontrollerprocess (runtime: 0.0119)
2025-10-21 16:26:48,084 - INFO - TOR cport auth: True. TOR NEW IDENTITY. Sleep 3 sec.
2025-10-21 16:26:51,090 - INFO - Error while receiving a control message (SocketClosed): received exception "read of closed file"
2025-10-21 16:27:09,645 - INFO - SocksPort=9150 status=200 url=https://cse.google.com/cse/element/v1?rsz=filtered_cse&num=10&hl=en&source=gcsc&cselibv=6467658b9628de43&cx=3fb7efb248d74e652&safe=active&cse_tok=AEXjvhLJx4EfCheCOKlwHYEm0UGH%3A1761035218505&sort=&exp=cc%2Capo&rurl=https%3A%2F%2Fwww.social-searcher.com%2Flinkedincse.html%3Fq%3Dtest%26sort%3Ddate&q=Three%2520Care&start=90&callback=google.search.cse.api90
2025-10-21 16:27:09,651 - DEBUG - GETCONF __owningcontrollerprocess (runtime: 0.0003)
2025-10-21 16:27:09,668 - INFO - TOR cport auth: True. TOR NEW IDENTITY. Sleep 3 sec.
2025-10-21 16:27:12,674 - INFO - Error while receiving a control message (SocketClosed): received exception "read of closed file"
2025-10-21 16:27:12,684 - INFO - [OK] Step completed: Execute social media search
2025-10-21 16:27:12,684 - INFO - [SUCCESS] Search process completed!
2025-10-21 16:27:12,685 - INFO - [SUMMARY] Search Summary:
2025-10-21 16:27:12,685 - INFO -    Query keyword: Three%20Care
2025-10-21 16:27:12,685 - INFO -    Search platforms: 4 platforms
2025-10-21 16:27:12,685 - INFO -    Total results: 282
2025-10-21 16:27:12,685 - INFO -    FACEBOOK: 0 results
2025-10-21 16:27:12,685 - INFO -    TWITTER: 100 results
2025-10-21 16:27:12,685 - INFO -    INSTAGRAM: 100 results
2025-10-21 16:27:12,685 - INFO -    LINKEDIN: 82 results
2025-10-21 16:27:12,688 - INFO - Log saved to: logs/search_log.json
