2025-10-10 15:01:43,065 - INFO - [START] Starting social media search process - Query: 'Wayne'
2025-10-10 15:01:43,065 - INFO - [INFO] Starting step: Get all platform CSE parameters
2025-10-10 15:01:57,987 - INFO - [OK] Step completed: Get all platform CSE parameters
2025-10-10 15:01:57,987 - INFO - [INFO] Starting step: Save parameters
2025-10-10 15:01:57,988 - INFO - [OK] Step completed: Save parameters
2025-10-10 15:01:57,988 - INFO - [INFO] Starting step: Execute social media search
2025-10-10 15:01:59,936 - INFO - SocksPort=9150 status=200 url=https://cse.google.com/cse/element/v1?rsz=filtered_cse&num=10&hl=en&source=gcsc&cselibv=6467658b9628de43&cx=294a079ba2d4267d5&safe=active&cse_tok=AEXjvhLngxF1sbbAbbXXr1Kw28Ys%3A1760079704500&sort=&exp=cc%2Capo&rurl=https%3A%2F%2Fwww.social-searcher.com%2Ffacebookcse.html%3Fq%3Dtest%26sort%3Ddate&q=Wayne&start=0&callback=google.search.cse.api0
2025-10-10 15:02:02,480 - INFO - SocksPort=9150 status=200 url=https://cse.google.com/cse/element/v1?rsz=filtered_cse&num=10&hl=en&source=gcsc&cselibv=6467658b9628de43&cx=294a079ba2d4267d5&safe=active&cse_tok=AEXjvhLngxF1sbbAbbXXr1Kw28Ys%3A1760079704500&sort=&exp=cc%2Capo&rurl=https%3A%2F%2Fwww.social-searcher.com%2Ffacebookcse.html%3Fq%3Dtest%26sort%3Ddate&q=Wayne&start=10&callback=google.search.cse.api10
2025-10-10 15:02:05,143 - INFO - SocksPort=9150 status=200 url=https://cse.google.com/cse/element/v1?rsz=filtered_cse&num=10&hl=en&source=gcsc&cselibv=6467658b9628de43&cx=294a079ba2d4267d5&safe=active&cse_tok=AEXjvhLngxF1sbbAbbXXr1Kw28Ys%3A1760079704500&sort=&exp=cc%2Capo&rurl=https%3A%2F%2Fwww.social-searcher.com%2Ffacebookcse.html%3Fq%3Dtest%26sort%3Ddate&q=Wayne&start=20&callback=google.search.cse.api20
2025-10-10 15:02:10,643 - INFO - SocksPort=9150 status=200 url=https://cse.google.com/cse/element/v1?rsz=filtered_cse&num=10&hl=en&source=gcsc&cselibv=6467658b9628de43&cx=294a079ba2d4267d5&safe=active&cse_tok=AEXjvhLngxF1sbbAbbXXr1Kw28Ys%3A1760079704500&sort=&exp=cc%2Capo&rurl=https%3A%2F%2Fwww.social-searcher.com%2Ffacebookcse.html%3Fq%3Dtest%26sort%3Ddate&q=Wayne&start=30&callback=google.search.cse.api30
2025-10-10 15:02:13,202 - INFO - SocksPort=9150 status=200 url=https://cse.google.com/cse/element/v1?rsz=filtered_cse&num=10&hl=en&source=gcsc&cselibv=6467658b9628de43&cx=294a079ba2d4267d5&safe=active&cse_tok=AEXjvhLngxF1sbbAbbXXr1Kw28Ys%3A1760079704500&sort=&exp=cc%2Capo&rurl=https%3A%2F%2Fwww.social-searcher.com%2Ffacebookcse.html%3Fq%3Dtest%26sort%3Ddate&q=Wayne&start=40&callback=google.search.cse.api40
2025-10-10 15:02:13,217 - DEBUG - GETCONF __owningcontrollerprocess (runtime: 0.0002)
2025-10-10 15:02:13,236 - INFO - TOR cport auth: True. TOR NEW IDENTITY. Sleep 3 sec.
2025-10-10 15:02:16,242 - INFO - Error while receiving a control message (SocketClosed): received exception "read of closed file"
2025-10-10 15:02:17,990 - INFO - SocksPort=9150 status=200 url=https://cse.google.com/cse/element/v1?rsz=filtered_cse&num=10&hl=en&source=gcsc&cselibv=6467658b9628de43&cx=294a079ba2d4267d5&safe=active&cse_tok=AEXjvhLngxF1sbbAbbXXr1Kw28Ys%3A1760079704500&sort=&exp=cc%2Capo&rurl=https%3A%2F%2Fwww.social-searcher.com%2Ffacebookcse.html%3Fq%3Dtest%26sort%3Ddate&q=Wayne&start=50&callback=google.search.cse.api50
2025-10-10 15:02:17,999 - DEBUG - GETCONF __owningcontrollerprocess (runtime: 0.0003)
2025-10-10 15:02:17,999 - INFO - TOR cport auth: True. TOR NEW IDENTITY. Sleep 3 sec.
2025-10-10 15:02:21,005 - INFO - Error while receiving a control message (SocketClosed): received exception "read of closed file"
2025-10-10 15:02:42,108 - INFO - SocksPort=9150 status=200 url=https://cse.google.com/cse/element/v1?rsz=filtered_cse&num=10&hl=en&source=gcsc&cselibv=6467658b9628de43&cx=294a079ba2d4267d5&safe=active&cse_tok=AEXjvhLpSCIfy9nQWhLZW66LTYpv%3A1760079748570&sort=&exp=cc%2Capo&rurl=https%3A%2F%2Fwww.social-searcher.com%2Ffacebookcse.html%3Fq%3Dtest%26sort%3Ddate&q=Wayne&start=50&callback=google.search.cse.api50
2025-10-10 15:02:44,400 - INFO - SocksPort=9150 status=200 url=https://cse.google.com/cse/element/v1?rsz=filtered_cse&num=10&hl=en&source=gcsc&cselibv=6467658b9628de43&cx=294a079ba2d4267d5&safe=active&cse_tok=AEXjvhLpSCIfy9nQWhLZW66LTYpv%3A1760079748570&sort=&exp=cc%2Capo&rurl=https%3A%2F%2Fwww.social-searcher.com%2Ffacebookcse.html%3Fq%3Dtest%26sort%3Ddate&q=Wayne&start=60&callback=google.search.cse.api60
2025-10-10 15:02:47,333 - INFO - SocksPort=9150 status=200 url=https://cse.google.com/cse/element/v1?rsz=filtered_cse&num=10&hl=en&source=gcsc&cselibv=6467658b9628de43&cx=294a079ba2d4267d5&safe=active&cse_tok=AEXjvhLpSCIfy9nQWhLZW66LTYpv%3A1760079748570&sort=&exp=cc%2Capo&rurl=https%3A%2F%2Fwww.social-searcher.com%2Ffacebookcse.html%3Fq%3Dtest%26sort%3Ddate&q=Wayne&start=70&callback=google.search.cse.api70
2025-10-10 15:02:49,657 - INFO - SocksPort=9150 status=200 url=https://cse.google.com/cse/element/v1?rsz=filtered_cse&num=10&hl=en&source=gcsc&cselibv=6467658b9628de43&cx=294a079ba2d4267d5&safe=active&cse_tok=AEXjvhLpSCIfy9nQWhLZW66LTYpv%3A1760079748570&sort=&exp=cc%2Capo&rurl=https%3A%2F%2Fwww.social-searcher.com%2Ffacebookcse.html%3Fq%3Dtest%26sort%3Ddate&q=Wayne&start=80&callback=google.search.cse.api80
2025-10-10 15:02:49,667 - DEBUG - GETCONF __owningcontrollerprocess (runtime: 0.0006)
2025-10-10 15:02:49,681 - INFO - TOR cport auth: True. TOR NEW IDENTITY. Sleep 3 sec.
2025-10-10 15:02:52,686 - INFO - Error while receiving a control message (SocketClosed): received exception "read of closed file"
2025-10-10 15:02:55,523 - INFO - SocksPort=9150 status=200 url=https://cse.google.com/cse/element/v1?rsz=filtered_cse&num=10&hl=en&source=gcsc&cselibv=6467658b9628de43&cx=294a079ba2d4267d5&safe=active&cse_tok=AEXjvhLpSCIfy9nQWhLZW66LTYpv%3A1760079748570&sort=&exp=cc%2Capo&rurl=https%3A%2F%2Fwww.social-searcher.com%2Ffacebookcse.html%3Fq%3Dtest%26sort%3Ddate&q=Wayne&start=90&callback=google.search.cse.api90
2025-10-10 15:02:58,541 - INFO - SocksPort=9150 status=200 url=https://cse.google.com/cse/element/v1?rsz=filtered_cse&num=10&hl=en&source=gcsc&cselibv=6467658b9628de43&cx=a72fbbffee86cd2d2&safe=active&cse_tok=AEXjvhJMf4ag_5LuYXvWpAkVcLaD%3A1760079707926&sort=&exp=cc%2Capo&rurl=https%3A%2F%2Fwww.social-searcher.com%2Ftwittercse.html%3Fq%3Dtest%26sort%3Ddate&q=Wayne&start=0&callback=google.search.cse.api0
2025-10-10 15:03:01,576 - INFO - SocksPort=9150 status=200 url=https://cse.google.com/cse/element/v1?rsz=filtered_cse&num=10&hl=en&source=gcsc&cselibv=6467658b9628de43&cx=a72fbbffee86cd2d2&safe=active&cse_tok=AEXjvhJMf4ag_5LuYXvWpAkVcLaD%3A1760079707926&sort=&exp=cc%2Capo&rurl=https%3A%2F%2Fwww.social-searcher.com%2Ftwittercse.html%3Fq%3Dtest%26sort%3Ddate&q=Wayne&start=10&callback=google.search.cse.api10
2025-10-10 15:03:04,536 - INFO - SocksPort=9150 status=200 url=https://cse.google.com/cse/element/v1?rsz=filtered_cse&num=10&hl=en&source=gcsc&cselibv=6467658b9628de43&cx=a72fbbffee86cd2d2&safe=active&cse_tok=AEXjvhJMf4ag_5LuYXvWpAkVcLaD%3A1760079707926&sort=&exp=cc%2Capo&rurl=https%3A%2F%2Fwww.social-searcher.com%2Ftwittercse.html%3Fq%3Dtest%26sort%3Ddate&q=Wayne&start=20&callback=google.search.cse.api20
2025-10-10 15:03:07,171 - INFO - SocksPort=9150 status=200 url=https://cse.google.com/cse/element/v1?rsz=filtered_cse&num=10&hl=en&source=gcsc&cselibv=6467658b9628de43&cx=a72fbbffee86cd2d2&safe=active&cse_tok=AEXjvhJMf4ag_5LuYXvWpAkVcLaD%3A1760079707926&sort=&exp=cc%2Capo&rurl=https%3A%2F%2Fwww.social-searcher.com%2Ftwittercse.html%3Fq%3Dtest%26sort%3Ddate&q=Wayne&start=30&callback=google.search.cse.api30
2025-10-10 15:03:07,177 - DEBUG - GETCONF __owningcontrollerprocess (runtime: 0.0004)
2025-10-10 15:03:07,197 - INFO - TOR cport auth: True. TOR NEW IDENTITY. Sleep 3 sec.
2025-10-10 15:03:10,202 - INFO - Error while receiving a control message (SocketClosed): received exception "read of closed file"
2025-10-10 15:03:12,834 - INFO - SocksPort=9150 status=200 url=https://cse.google.com/cse/element/v1?rsz=filtered_cse&num=10&hl=en&source=gcsc&cselibv=6467658b9628de43&cx=a72fbbffee86cd2d2&safe=active&cse_tok=AEXjvhJMf4ag_5LuYXvWpAkVcLaD%3A1760079707926&sort=&exp=cc%2Capo&rurl=https%3A%2F%2Fwww.social-searcher.com%2Ftwittercse.html%3Fq%3Dtest%26sort%3Ddate&q=Wayne&start=40&callback=google.search.cse.api40
2025-10-10 15:03:15,491 - INFO - SocksPort=9150 status=200 url=https://cse.google.com/cse/element/v1?rsz=filtered_cse&num=10&hl=en&source=gcsc&cselibv=6467658b9628de43&cx=a72fbbffee86cd2d2&safe=active&cse_tok=AEXjvhJMf4ag_5LuYXvWpAkVcLaD%3A1760079707926&sort=&exp=cc%2Capo&rurl=https%3A%2F%2Fwww.social-searcher.com%2Ftwittercse.html%3Fq%3Dtest%26sort%3Ddate&q=Wayne&start=50&callback=google.search.cse.api50
2025-10-10 15:03:17,950 - INFO - SocksPort=9150 status=200 url=https://cse.google.com/cse/element/v1?rsz=filtered_cse&num=10&hl=en&source=gcsc&cselibv=6467658b9628de43&cx=a72fbbffee86cd2d2&safe=active&cse_tok=AEXjvhJMf4ag_5LuYXvWpAkVcLaD%3A1760079707926&sort=&exp=cc%2Capo&rurl=https%3A%2F%2Fwww.social-searcher.com%2Ftwittercse.html%3Fq%3Dtest%26sort%3Ddate&q=Wayne&start=60&callback=google.search.cse.api60
2025-10-10 15:03:20,552 - INFO - SocksPort=9150 status=200 url=https://cse.google.com/cse/element/v1?rsz=filtered_cse&num=10&hl=en&source=gcsc&cselibv=6467658b9628de43&cx=a72fbbffee86cd2d2&safe=active&cse_tok=AEXjvhJMf4ag_5LuYXvWpAkVcLaD%3A1760079707926&sort=&exp=cc%2Capo&rurl=https%3A%2F%2Fwww.social-searcher.com%2Ftwittercse.html%3Fq%3Dtest%26sort%3Ddate&q=Wayne&start=70&callback=google.search.cse.api70
2025-10-10 15:03:23,360 - INFO - SocksPort=9150 status=200 url=https://cse.google.com/cse/element/v1?rsz=filtered_cse&num=10&hl=en&source=gcsc&cselibv=6467658b9628de43&cx=a72fbbffee86cd2d2&safe=active&cse_tok=AEXjvhJMf4ag_5LuYXvWpAkVcLaD%3A1760079707926&sort=&exp=cc%2Capo&rurl=https%3A%2F%2Fwww.social-searcher.com%2Ftwittercse.html%3Fq%3Dtest%26sort%3Ddate&q=Wayne&start=80&callback=google.search.cse.api80
2025-10-10 15:03:23,365 - DEBUG - GETCONF __owningcontrollerprocess (runtime: 0.0003)
2025-10-10 15:03:23,381 - INFO - TOR cport auth: True. TOR NEW IDENTITY. Sleep 3 sec.
2025-10-10 15:03:26,386 - INFO - Error while receiving a control message (SocketClosed): received exception "read of closed file"
2025-10-10 15:03:28,611 - INFO - SocksPort=9150 status=200 url=https://cse.google.com/cse/element/v1?rsz=filtered_cse&num=10&hl=en&source=gcsc&cselibv=6467658b9628de43&cx=a72fbbffee86cd2d2&safe=active&cse_tok=AEXjvhJMf4ag_5LuYXvWpAkVcLaD%3A1760079707926&sort=&exp=cc%2Capo&rurl=https%3A%2F%2Fwww.social-searcher.com%2Ftwittercse.html%3Fq%3Dtest%26sort%3Ddate&q=Wayne&start=90&callback=google.search.cse.api90
2025-10-10 15:03:30,841 - INFO - SocksPort=9150 status=200 url=https://cse.google.com/cse/element/v1?rsz=filtered_cse&num=10&hl=en&source=gcsc&cselibv=6467658b9628de43&cx=c4b97eed1414fcb14&safe=active&cse_tok=AEXjvhKQ4w2JW5F5GOX89nBB7JFG%3A1760079711475&sort=&exp=cc%2Capo&rurl=https%3A%2F%2Fwww.social-searcher.com%2Finstagramcse.html%3Fq%3Dtest%26sort%3Ddate&q=Wayne&start=0&callback=google.search.cse.api0
2025-10-10 15:03:33,242 - INFO - SocksPort=9150 status=200 url=https://cse.google.com/cse/element/v1?rsz=filtered_cse&num=10&hl=en&source=gcsc&cselibv=6467658b9628de43&cx=c4b97eed1414fcb14&safe=active&cse_tok=AEXjvhKQ4w2JW5F5GOX89nBB7JFG%3A1760079711475&sort=&exp=cc%2Capo&rurl=https%3A%2F%2Fwww.social-searcher.com%2Finstagramcse.html%3Fq%3Dtest%26sort%3Ddate&q=Wayne&start=10&callback=google.search.cse.api10
2025-10-10 15:03:35,663 - INFO - SocksPort=9150 status=200 url=https://cse.google.com/cse/element/v1?rsz=filtered_cse&num=10&hl=en&source=gcsc&cselibv=6467658b9628de43&cx=c4b97eed1414fcb14&safe=active&cse_tok=AEXjvhKQ4w2JW5F5GOX89nBB7JFG%3A1760079711475&sort=&exp=cc%2Capo&rurl=https%3A%2F%2Fwww.social-searcher.com%2Finstagramcse.html%3Fq%3Dtest%26sort%3Ddate&q=Wayne&start=20&callback=google.search.cse.api20
2025-10-10 15:03:37,712 - INFO - SocksPort=9150 status=200 url=https://cse.google.com/cse/element/v1?rsz=filtered_cse&num=10&hl=en&source=gcsc&cselibv=6467658b9628de43&cx=c4b97eed1414fcb14&safe=active&cse_tok=AEXjvhKQ4w2JW5F5GOX89nBB7JFG%3A1760079711475&sort=&exp=cc%2Capo&rurl=https%3A%2F%2Fwww.social-searcher.com%2Finstagramcse.html%3Fq%3Dtest%26sort%3Ddate&q=Wayne&start=30&callback=google.search.cse.api30
2025-10-10 15:03:37,718 - DEBUG - GETCONF __owningcontrollerprocess (runtime: 0.0004)
2025-10-10 15:03:37,736 - INFO - TOR cport auth: True. TOR NEW IDENTITY. Sleep 3 sec.
2025-10-10 15:03:40,741 - INFO - Error while receiving a control message (SocketClosed): received exception "read of closed file"
2025-10-10 15:03:43,622 - INFO - SocksPort=9150 status=200 url=https://cse.google.com/cse/element/v1?rsz=filtered_cse&num=10&hl=en&source=gcsc&cselibv=6467658b9628de43&cx=c4b97eed1414fcb14&safe=active&cse_tok=AEXjvhKQ4w2JW5F5GOX89nBB7JFG%3A1760079711475&sort=&exp=cc%2Capo&rurl=https%3A%2F%2Fwww.social-searcher.com%2Finstagramcse.html%3Fq%3Dtest%26sort%3Ddate&q=Wayne&start=40&callback=google.search.cse.api40
2025-10-10 15:03:46,416 - INFO - SocksPort=9150 status=200 url=https://cse.google.com/cse/element/v1?rsz=filtered_cse&num=10&hl=en&source=gcsc&cselibv=6467658b9628de43&cx=c4b97eed1414fcb14&safe=active&cse_tok=AEXjvhKQ4w2JW5F5GOX89nBB7JFG%3A1760079711475&sort=&exp=cc%2Capo&rurl=https%3A%2F%2Fwww.social-searcher.com%2Finstagramcse.html%3Fq%3Dtest%26sort%3Ddate&q=Wayne&start=50&callback=google.search.cse.api50
2025-10-10 15:03:48,706 - INFO - SocksPort=9150 status=200 url=https://cse.google.com/cse/element/v1?rsz=filtered_cse&num=10&hl=en&source=gcsc&cselibv=6467658b9628de43&cx=c4b97eed1414fcb14&safe=active&cse_tok=AEXjvhKQ4w2JW5F5GOX89nBB7JFG%3A1760079711475&sort=&exp=cc%2Capo&rurl=https%3A%2F%2Fwww.social-searcher.com%2Finstagramcse.html%3Fq%3Dtest%26sort%3Ddate&q=Wayne&start=60&callback=google.search.cse.api60
2025-10-10 15:03:51,004 - INFO - SocksPort=9150 status=200 url=https://cse.google.com/cse/element/v1?rsz=filtered_cse&num=10&hl=en&source=gcsc&cselibv=6467658b9628de43&cx=c4b97eed1414fcb14&safe=active&cse_tok=AEXjvhKQ4w2JW5F5GOX89nBB7JFG%3A1760079711475&sort=&exp=cc%2Capo&rurl=https%3A%2F%2Fwww.social-searcher.com%2Finstagramcse.html%3Fq%3Dtest%26sort%3Ddate&q=Wayne&start=70&callback=google.search.cse.api70
2025-10-10 15:03:53,289 - INFO - SocksPort=9150 status=200 url=https://cse.google.com/cse/element/v1?rsz=filtered_cse&num=10&hl=en&source=gcsc&cselibv=6467658b9628de43&cx=c4b97eed1414fcb14&safe=active&cse_tok=AEXjvhKQ4w2JW5F5GOX89nBB7JFG%3A1760079711475&sort=&exp=cc%2Capo&rurl=https%3A%2F%2Fwww.social-searcher.com%2Finstagramcse.html%3Fq%3Dtest%26sort%3Ddate&q=Wayne&start=80&callback=google.search.cse.api80
2025-10-10 15:03:53,293 - DEBUG - GETCONF __owningcontrollerprocess (runtime: 0.0003)
2025-10-10 15:03:53,307 - INFO - TOR cport auth: True. TOR NEW IDENTITY. Sleep 3 sec.
2025-10-10 15:03:56,312 - INFO - Error while receiving a control message (SocketClosed): received exception "read of closed file"
2025-10-10 15:03:58,501 - INFO - SocksPort=9150 status=200 url=https://cse.google.com/cse/element/v1?rsz=filtered_cse&num=10&hl=en&source=gcsc&cselibv=6467658b9628de43&cx=c4b97eed1414fcb14&safe=active&cse_tok=AEXjvhKQ4w2JW5F5GOX89nBB7JFG%3A1760079711475&sort=&exp=cc%2Capo&rurl=https%3A%2F%2Fwww.social-searcher.com%2Finstagramcse.html%3Fq%3Dtest%26sort%3Ddate&q=Wayne&start=90&callback=google.search.cse.api90
2025-10-10 15:04:00,956 - INFO - SocksPort=9150 status=200 url=https://cse.google.com/cse/element/v1?rsz=filtered_cse&num=10&hl=en&source=gcsc&cselibv=6467658b9628de43&cx=3fb7efb248d74e652&safe=active&cse_tok=AEXjvhKD-NgV1ET11JnmP9uovXQy%3A1760079715467&sort=&exp=cc%2Capo&rurl=https%3A%2F%2Fwww.social-searcher.com%2Flinkedincse.html%3Fq%3Dtest%26sort%3Ddate&q=Wayne&start=0&callback=google.search.cse.api0
2025-10-10 15:04:03,312 - INFO - SocksPort=9150 status=200 url=https://cse.google.com/cse/element/v1?rsz=filtered_cse&num=10&hl=en&source=gcsc&cselibv=6467658b9628de43&cx=3fb7efb248d74e652&safe=active&cse_tok=AEXjvhKD-NgV1ET11JnmP9uovXQy%3A1760079715467&sort=&exp=cc%2Capo&rurl=https%3A%2F%2Fwww.social-searcher.com%2Flinkedincse.html%3Fq%3Dtest%26sort%3Ddate&q=Wayne&start=10&callback=google.search.cse.api10
2025-10-10 15:04:05,770 - INFO - SocksPort=9150 status=200 url=https://cse.google.com/cse/element/v1?rsz=filtered_cse&num=10&hl=en&source=gcsc&cselibv=6467658b9628de43&cx=3fb7efb248d74e652&safe=active&cse_tok=AEXjvhKD-NgV1ET11JnmP9uovXQy%3A1760079715467&sort=&exp=cc%2Capo&rurl=https%3A%2F%2Fwww.social-searcher.com%2Flinkedincse.html%3Fq%3Dtest%26sort%3Ddate&q=Wayne&start=20&callback=google.search.cse.api20
2025-10-10 15:04:08,125 - INFO - SocksPort=9150 status=200 url=https://cse.google.com/cse/element/v1?rsz=filtered_cse&num=10&hl=en&source=gcsc&cselibv=6467658b9628de43&cx=3fb7efb248d74e652&safe=active&cse_tok=AEXjvhKD-NgV1ET11JnmP9uovXQy%3A1760079715467&sort=&exp=cc%2Capo&rurl=https%3A%2F%2Fwww.social-searcher.com%2Flinkedincse.html%3Fq%3Dtest%26sort%3Ddate&q=Wayne&start=30&callback=google.search.cse.api30
2025-10-10 15:04:08,131 - DEBUG - GETCONF __owningcontrollerprocess (runtime: 0.0003)
2025-10-10 15:04:08,147 - INFO - TOR cport auth: True. TOR NEW IDENTITY. Sleep 3 sec.
2025-10-10 15:04:11,153 - INFO - Error while receiving a control message (SocketClosed): received exception "read of closed file"
2025-10-10 15:04:15,293 - INFO - SocksPort=9150 status=200 url=https://cse.google.com/cse/element/v1?rsz=filtered_cse&num=10&hl=en&source=gcsc&cselibv=6467658b9628de43&cx=3fb7efb248d74e652&safe=active&cse_tok=AEXjvhKD-NgV1ET11JnmP9uovXQy%3A1760079715467&sort=&exp=cc%2Capo&rurl=https%3A%2F%2Fwww.social-searcher.com%2Flinkedincse.html%3Fq%3Dtest%26sort%3Ddate&q=Wayne&start=40&callback=google.search.cse.api40
2025-10-10 15:04:18,232 - INFO - SocksPort=9150 status=200 url=https://cse.google.com/cse/element/v1?rsz=filtered_cse&num=10&hl=en&source=gcsc&cselibv=6467658b9628de43&cx=3fb7efb248d74e652&safe=active&cse_tok=AEXjvhKD-NgV1ET11JnmP9uovXQy%3A1760079715467&sort=&exp=cc%2Capo&rurl=https%3A%2F%2Fwww.social-searcher.com%2Flinkedincse.html%3Fq%3Dtest%26sort%3Ddate&q=Wayne&start=50&callback=google.search.cse.api50
2025-10-10 15:04:20,691 - INFO - SocksPort=9150 status=200 url=https://cse.google.com/cse/element/v1?rsz=filtered_cse&num=10&hl=en&source=gcsc&cselibv=6467658b9628de43&cx=3fb7efb248d74e652&safe=active&cse_tok=AEXjvhKD-NgV1ET11JnmP9uovXQy%3A1760079715467&sort=&exp=cc%2Capo&rurl=https%3A%2F%2Fwww.social-searcher.com%2Flinkedincse.html%3Fq%3Dtest%26sort%3Ddate&q=Wayne&start=60&callback=google.search.cse.api60
2025-10-10 15:04:23,605 - INFO - SocksPort=9150 status=200 url=https://cse.google.com/cse/element/v1?rsz=filtered_cse&num=10&hl=en&source=gcsc&cselibv=6467658b9628de43&cx=3fb7efb248d74e652&safe=active&cse_tok=AEXjvhKD-NgV1ET11JnmP9uovXQy%3A1760079715467&sort=&exp=cc%2Capo&rurl=https%3A%2F%2Fwww.social-searcher.com%2Flinkedincse.html%3Fq%3Dtest%26sort%3Ddate&q=Wayne&start=70&callback=google.search.cse.api70
2025-10-10 15:04:26,557 - INFO - SocksPort=9150 status=200 url=https://cse.google.com/cse/element/v1?rsz=filtered_cse&num=10&hl=en&source=gcsc&cselibv=6467658b9628de43&cx=3fb7efb248d74e652&safe=active&cse_tok=AEXjvhKD-NgV1ET11JnmP9uovXQy%3A1760079715467&sort=&exp=cc%2Capo&rurl=https%3A%2F%2Fwww.social-searcher.com%2Flinkedincse.html%3Fq%3Dtest%26sort%3Ddate&q=Wayne&start=80&callback=google.search.cse.api80
2025-10-10 15:04:26,563 - DEBUG - GETCONF __owningcontrollerprocess (runtime: 0.0003)
2025-10-10 15:04:26,577 - INFO - TOR cport auth: True. TOR NEW IDENTITY. Sleep 3 sec.
2025-10-10 15:04:29,583 - INFO - Error while receiving a control message (SocketClosed): received exception "read of closed file"
2025-10-10 15:04:31,513 - INFO - SocksPort=9150 status=200 url=https://cse.google.com/cse/element/v1?rsz=filtered_cse&num=10&hl=en&source=gcsc&cselibv=6467658b9628de43&cx=3fb7efb248d74e652&safe=active&cse_tok=AEXjvhKD-NgV1ET11JnmP9uovXQy%3A1760079715467&sort=&exp=cc%2Capo&rurl=https%3A%2F%2Fwww.social-searcher.com%2Flinkedincse.html%3Fq%3Dtest%26sort%3Ddate&q=Wayne&start=90&callback=google.search.cse.api90
2025-10-10 15:04:31,523 - INFO - [OK] Step completed: Execute social media search
2025-10-10 15:04:31,524 - INFO - [SUCCESS] Search process completed!
2025-10-10 15:04:31,524 - INFO - [SUMMARY] Search Summary:
2025-10-10 15:04:31,524 - INFO -    Query keyword: Wayne
2025-10-10 15:04:31,524 - INFO -    Search platforms: 4 platforms
2025-10-10 15:04:31,524 - INFO -    Total results: 400
2025-10-10 15:04:31,525 - INFO -    FACEBOOK: 100 results
2025-10-10 15:04:31,525 - INFO -    TWITTER: 100 results
2025-10-10 15:04:31,525 - INFO -    INSTAGRAM: 100 results
2025-10-10 15:04:31,525 - INFO -    LINKEDIN: 100 results
2025-10-10 15:04:31,526 - INFO - Log saved to: logs/search_log.json
