2025-11-13 02:00:44,095 - INFO - [START] Starting social media search process - Query: 'Threecare'
2025-11-13 02:00:44,095 - INFO - [OUTPUT] Output path: '/app/output'
2025-11-13 02:00:44,095 - INFO - [INFO] Starting step: Get all platform CSE parameters
2025-11-13 02:01:07,859 - INFO - Added date sorting for FACEBOOK
2025-11-13 02:01:07,860 - INFO - Added date sorting for TWITTER
2025-11-13 02:01:07,860 - INFO - Added date sorting for INSTAGRAM
2025-11-13 02:01:07,860 - INFO - Added date sorting for LINKEDIN
2025-11-13 02:01:07,862 - INFO - Added date sorting for TIKTOK
2025-11-13 02:01:07,862 - INFO - Added date sorting for PINTEREST
2025-11-13 02:01:07,862 - INFO - [OK] Step completed: Get all platform CSE parameters
2025-11-13 02:01:07,862 - INFO - [INFO] Starting step: Save parameters
2025-11-13 02:01:07,863 - INFO - [OK] Step completed: Save parameters
2025-11-13 02:01:07,863 - INFO - [INFO] Starting step: Execute social media search
2025-11-13 02:28:18,309 - INFO - [OK] Step completed: Execute social media search
2025-11-13 02:28:18,309 - INFO - [SUCCESS] Search process completed!
2025-11-13 02:28:18,309 - INFO - [SUMMARY] Search Summary:
2025-11-13 02:28:18,309 - INFO -    Query keyword: Threecare
2025-11-13 02:28:18,310 - INFO -    Search platforms: 6 platforms
2025-11-13 02:28:18,310 - INFO -    Total results: 511
2025-11-13 02:28:18,310 - INFO -    FACEBOOK: 100 results
2025-11-13 02:28:18,310 - INFO -    TWITTER: 100 results
2025-11-13 02:28:18,310 - INFO -    INSTAGRAM: 100 results
2025-11-13 02:28:18,311 - INFO -    LINKEDIN: 100 results
2025-11-13 02:28:18,311 - INFO -    TIKTOK: 100 results
2025-11-13 02:28:18,311 - INFO -    PINTEREST: 11 results
2025-11-13 02:28:18,313 - INFO - Log saved to: logs/search_log.json
2025-11-13 02:28:18,313 - INFO - [SHUTDOWN] Stopping and removing all containers...
2025-11-13 02:28:18,313 - INFO - [SHUTDOWN] Falling back to individual container stop/remove
2025-11-13 02:28:18,327 - INFO - [SHUTDOWN] Container docker-tor does not exist
2025-11-13 02:28:18,327 - INFO - [SHUTDOWN] All containers shutdown and removal process completed
