2025-10-21 15:50:03,899 - INFO - [START] Starting social media search process - Query: 'threeireland'
2025-10-21 15:50:03,900 - INFO - [INFO] Starting step: Get all platform CSE parameters
2025-10-21 15:50:22,568 - INFO - Added date sorting for FACEBOOK
2025-10-21 15:50:22,569 - INFO - Added date sorting for TWITTER
2025-10-21 15:50:22,569 - INFO - Added date sorting for INSTAGRAM
2025-10-21 15:50:22,569 - INFO - Added date sorting for LINKEDIN
2025-10-21 15:50:22,569 - INFO - [OK] Step completed: Get all platform CSE parameters
2025-10-21 15:50:22,569 - INFO - [INFO] Starting step: Save parameters
2025-10-21 15:50:22,570 - INFO - [OK] Step completed: Save parameters
2025-10-21 15:50:22,570 - INFO - [INFO] Starting step: Execute social media search
2025-10-21 15:50:26,371 - INFO - SocksPort=9150 status=200 url=https://cse.google.com/cse/element/v1?rsz=filtered_cse&num=10&hl=en&source=gcsc&cselibv=6467658b9628de43&cx=294a079ba2d4267d5&safe=active&cse_tok=AEXjvhLLfLY0QmsA7o66xDldRTCq%3A1761033005846&sort=date&exp=cc%2Capo&rurl=https%3A%2F%2Fwww.social-searcher.com%2Ffacebookcse.html%3Fq%3Dtest%26sort%3Ddate&q=threeireland&start=0&callback=google.search.cse.api0
2025-10-21 15:50:28,829 - INFO - SocksPort=9150 status=200 url=https://cse.google.com/cse/element/v1?rsz=filtered_cse&num=10&hl=en&source=gcsc&cselibv=6467658b9628de43&cx=294a079ba2d4267d5&safe=active&cse_tok=AEXjvhLLfLY0QmsA7o66xDldRTCq%3A1761033005846&sort=date&exp=cc%2Capo&rurl=https%3A%2F%2Fwww.social-searcher.com%2Ffacebookcse.html%3Fq%3Dtest%26sort%3Ddate&q=threeireland&start=10&callback=google.search.cse.api10
2025-10-21 15:50:31,902 - INFO - SocksPort=9150 status=200 url=https://cse.google.com/cse/element/v1?rsz=filtered_cse&num=10&hl=en&source=gcsc&cselibv=6467658b9628de43&cx=294a079ba2d4267d5&safe=active&cse_tok=AEXjvhLLfLY0QmsA7o66xDldRTCq%3A1761033005846&sort=date&exp=cc%2Capo&rurl=https%3A%2F%2Fwww.social-searcher.com%2Ffacebookcse.html%3Fq%3Dtest%26sort%3Ddate&q=threeireland&start=20&callback=google.search.cse.api20
2025-10-21 15:50:35,280 - INFO - SocksPort=9150 status=200 url=https://cse.google.com/cse/element/v1?rsz=filtered_cse&num=10&hl=en&source=gcsc&cselibv=6467658b9628de43&cx=294a079ba2d4267d5&safe=active&cse_tok=AEXjvhLLfLY0QmsA7o66xDldRTCq%3A1761033005846&sort=date&exp=cc%2Capo&rurl=https%3A%2F%2Fwww.social-searcher.com%2Ffacebookcse.html%3Fq%3Dtest%26sort%3Ddate&q=threeireland&start=30&callback=google.search.cse.api30
2025-10-21 15:50:38,472 - INFO - SocksPort=9150 status=200 url=https://cse.google.com/cse/element/v1?rsz=filtered_cse&num=10&hl=en&source=gcsc&cselibv=6467658b9628de43&cx=294a079ba2d4267d5&safe=active&cse_tok=AEXjvhLLfLY0QmsA7o66xDldRTCq%3A1761033005846&sort=date&exp=cc%2Capo&rurl=https%3A%2F%2Fwww.social-searcher.com%2Ffacebookcse.html%3Fq%3Dtest%26sort%3Ddate&q=threeireland&start=40&callback=google.search.cse.api40
2025-10-21 15:50:38,501 - DEBUG - GETCONF __owningcontrollerprocess (runtime: 0.0006)
2025-10-21 15:50:38,520 - INFO - TOR cport auth: True. TOR NEW IDENTITY. Sleep 3 sec.
2025-10-21 15:50:41,526 - INFO - Error while receiving a control message (SocketClosed): received exception "read of closed file"
2025-10-21 15:50:43,637 - INFO - SocksPort=9150 status=200 url=https://cse.google.com/cse/element/v1?rsz=filtered_cse&num=10&hl=en&source=gcsc&cselibv=6467658b9628de43&cx=294a079ba2d4267d5&safe=active&cse_tok=AEXjvhLLfLY0QmsA7o66xDldRTCq%3A1761033005846&sort=date&exp=cc%2Capo&rurl=https%3A%2F%2Fwww.social-searcher.com%2Ffacebookcse.html%3Fq%3Dtest%26sort%3Ddate&q=threeireland&start=50&callback=google.search.cse.api50
2025-10-21 15:50:46,489 - INFO - SocksPort=9150 status=200 url=https://cse.google.com/cse/element/v1?rsz=filtered_cse&num=10&hl=en&source=gcsc&cselibv=6467658b9628de43&cx=294a079ba2d4267d5&safe=active&cse_tok=AEXjvhLLfLY0QmsA7o66xDldRTCq%3A1761033005846&sort=date&exp=cc%2Capo&rurl=https%3A%2F%2Fwww.social-searcher.com%2Ffacebookcse.html%3Fq%3Dtest%26sort%3Ddate&q=threeireland&start=60&callback=google.search.cse.api60
2025-10-21 15:50:48,407 - INFO - SocksPort=9150 status=200 url=https://cse.google.com/cse/element/v1?rsz=filtered_cse&num=10&hl=en&source=gcsc&cselibv=6467658b9628de43&cx=294a079ba2d4267d5&safe=active&cse_tok=AEXjvhLLfLY0QmsA7o66xDldRTCq%3A1761033005846&sort=date&exp=cc%2Capo&rurl=https%3A%2F%2Fwww.social-searcher.com%2Ffacebookcse.html%3Fq%3Dtest%26sort%3Ddate&q=threeireland&start=70&callback=google.search.cse.api70
2025-10-21 15:50:51,018 - INFO - SocksPort=9150 status=200 url=https://cse.google.com/cse/element/v1?rsz=filtered_cse&num=10&hl=en&source=gcsc&cselibv=6467658b9628de43&cx=294a079ba2d4267d5&safe=active&cse_tok=AEXjvhLLfLY0QmsA7o66xDldRTCq%3A1761033005846&sort=date&exp=cc%2Capo&rurl=https%3A%2F%2Fwww.social-searcher.com%2Ffacebookcse.html%3Fq%3Dtest%26sort%3Ddate&q=threeireland&start=80&callback=google.search.cse.api80
2025-10-21 15:50:53,717 - INFO - SocksPort=9150 status=200 url=https://cse.google.com/cse/element/v1?rsz=filtered_cse&num=10&hl=en&source=gcsc&cselibv=6467658b9628de43&cx=294a079ba2d4267d5&safe=active&cse_tok=AEXjvhLLfLY0QmsA7o66xDldRTCq%3A1761033005846&sort=date&exp=cc%2Capo&rurl=https%3A%2F%2Fwww.social-searcher.com%2Ffacebookcse.html%3Fq%3Dtest%26sort%3Ddate&q=threeireland&start=90&callback=google.search.cse.api90
2025-10-21 15:50:53,729 - DEBUG - GETCONF __owningcontrollerprocess (runtime: 0.0003)
2025-10-21 15:50:53,750 - INFO - TOR cport auth: True. TOR NEW IDENTITY. Sleep 3 sec.
2025-10-21 15:50:56,756 - INFO - Error while receiving a control message (SocketClosed): received exception "read of closed file"
2025-10-21 15:51:02,949 - INFO - SocksPort=9150 status=200 url=https://cse.google.com/cse/element/v1?rsz=filtered_cse&num=10&hl=en&source=gcsc&cselibv=6467658b9628de43&cx=a72fbbffee86cd2d2&safe=active&cse_tok=AEXjvhLeeYPbUcS65vwIqSIvnb9r%3A1761033010017&sort=date&exp=cc%2Capo&rurl=https%3A%2F%2Fwww.social-searcher.com%2Ftwittercse.html%3Fq%3Dtest%26sort%3Ddate&q=threeireland&start=0&callback=google.search.cse.api0
2025-10-21 15:51:06,679 - INFO - SocksPort=9150 status=200 url=https://cse.google.com/cse/element/v1?rsz=filtered_cse&num=10&hl=en&source=gcsc&cselibv=6467658b9628de43&cx=a72fbbffee86cd2d2&safe=active&cse_tok=AEXjvhLeeYPbUcS65vwIqSIvnb9r%3A1761033010017&sort=date&exp=cc%2Capo&rurl=https%3A%2F%2Fwww.social-searcher.com%2Ftwittercse.html%3Fq%3Dtest%26sort%3Ddate&q=threeireland&start=10&callback=google.search.cse.api10
2025-10-21 15:51:09,715 - INFO - SocksPort=9150 status=200 url=https://cse.google.com/cse/element/v1?rsz=filtered_cse&num=10&hl=en&source=gcsc&cselibv=6467658b9628de43&cx=a72fbbffee86cd2d2&safe=active&cse_tok=AEXjvhLeeYPbUcS65vwIqSIvnb9r%3A1761033010017&sort=date&exp=cc%2Capo&rurl=https%3A%2F%2Fwww.social-searcher.com%2Ftwittercse.html%3Fq%3Dtest%26sort%3Ddate&q=threeireland&start=20&callback=google.search.cse.api20
2025-10-21 15:51:12,831 - INFO - SocksPort=9150 status=200 url=https://cse.google.com/cse/element/v1?rsz=filtered_cse&num=10&hl=en&source=gcsc&cselibv=6467658b9628de43&cx=a72fbbffee86cd2d2&safe=active&cse_tok=AEXjvhLeeYPbUcS65vwIqSIvnb9r%3A1761033010017&sort=date&exp=cc%2Capo&rurl=https%3A%2F%2Fwww.social-searcher.com%2Ftwittercse.html%3Fq%3Dtest%26sort%3Ddate&q=threeireland&start=30&callback=google.search.cse.api30
2025-10-21 15:51:16,137 - INFO - SocksPort=9150 status=200 url=https://cse.google.com/cse/element/v1?rsz=filtered_cse&num=10&hl=en&source=gcsc&cselibv=6467658b9628de43&cx=a72fbbffee86cd2d2&safe=active&cse_tok=AEXjvhLeeYPbUcS65vwIqSIvnb9r%3A1761033010017&sort=date&exp=cc%2Capo&rurl=https%3A%2F%2Fwww.social-searcher.com%2Ftwittercse.html%3Fq%3Dtest%26sort%3Ddate&q=threeireland&start=40&callback=google.search.cse.api40
2025-10-21 15:51:16,145 - DEBUG - GETCONF __owningcontrollerprocess (runtime: 0.0004)
2025-10-21 15:51:16,161 - INFO - TOR cport auth: True. TOR NEW IDENTITY. Sleep 3 sec.
2025-10-21 15:51:19,166 - INFO - Error while receiving a control message (SocketClosed): received exception "read of closed file"
2025-10-21 15:51:22,232 - INFO - SocksPort=9150 status=200 url=https://cse.google.com/cse/element/v1?rsz=filtered_cse&num=10&hl=en&source=gcsc&cselibv=6467658b9628de43&cx=a72fbbffee86cd2d2&safe=active&cse_tok=AEXjvhLeeYPbUcS65vwIqSIvnb9r%3A1761033010017&sort=date&exp=cc%2Capo&rurl=https%3A%2F%2Fwww.social-searcher.com%2Ftwittercse.html%3Fq%3Dtest%26sort%3Ddate&q=threeireland&start=50&callback=google.search.cse.api50
2025-10-21 15:51:25,661 - INFO - SocksPort=9150 status=200 url=https://cse.google.com/cse/element/v1?rsz=filtered_cse&num=10&hl=en&source=gcsc&cselibv=6467658b9628de43&cx=a72fbbffee86cd2d2&safe=active&cse_tok=AEXjvhLeeYPbUcS65vwIqSIvnb9r%3A1761033010017&sort=date&exp=cc%2Capo&rurl=https%3A%2F%2Fwww.social-searcher.com%2Ftwittercse.html%3Fq%3Dtest%26sort%3Ddate&q=threeireland&start=60&callback=google.search.cse.api60
2025-10-21 15:51:29,711 - INFO - SocksPort=9150 status=200 url=https://cse.google.com/cse/element/v1?rsz=filtered_cse&num=10&hl=en&source=gcsc&cselibv=6467658b9628de43&cx=a72fbbffee86cd2d2&safe=active&cse_tok=AEXjvhLeeYPbUcS65vwIqSIvnb9r%3A1761033010017&sort=date&exp=cc%2Capo&rurl=https%3A%2F%2Fwww.social-searcher.com%2Ftwittercse.html%3Fq%3Dtest%26sort%3Ddate&q=threeireland&start=70&callback=google.search.cse.api70
2025-10-21 15:51:32,818 - INFO - SocksPort=9150 status=200 url=https://cse.google.com/cse/element/v1?rsz=filtered_cse&num=10&hl=en&source=gcsc&cselibv=6467658b9628de43&cx=a72fbbffee86cd2d2&safe=active&cse_tok=AEXjvhLeeYPbUcS65vwIqSIvnb9r%3A1761033010017&sort=date&exp=cc%2Capo&rurl=https%3A%2F%2Fwww.social-searcher.com%2Ftwittercse.html%3Fq%3Dtest%26sort%3Ddate&q=threeireland&start=80&callback=google.search.cse.api80
2025-10-21 15:51:37,074 - INFO - SocksPort=9150 status=200 url=https://cse.google.com/cse/element/v1?rsz=filtered_cse&num=10&hl=en&source=gcsc&cselibv=6467658b9628de43&cx=a72fbbffee86cd2d2&safe=active&cse_tok=AEXjvhLeeYPbUcS65vwIqSIvnb9r%3A1761033010017&sort=date&exp=cc%2Capo&rurl=https%3A%2F%2Fwww.social-searcher.com%2Ftwittercse.html%3Fq%3Dtest%26sort%3Ddate&q=threeireland&start=90&callback=google.search.cse.api90
2025-10-21 15:51:37,079 - DEBUG - GETCONF __owningcontrollerprocess (runtime: 0.0003)
2025-10-21 15:51:37,095 - INFO - TOR cport auth: True. TOR NEW IDENTITY. Sleep 3 sec.
2025-10-21 15:51:40,100 - INFO - Error while receiving a control message (SocketClosed): received exception "read of closed file"
2025-10-21 15:51:43,761 - INFO - SocksPort=9150 status=200 url=https://cse.google.com/cse/element/v1?rsz=filtered_cse&num=10&hl=en&source=gcsc&cselibv=6467658b9628de43&cx=c4b97eed1414fcb14&safe=active&cse_tok=AEXjvhLzVukXqfbyW-V6NgtRvZPa%3A1761033014634&sort=date&exp=cc%2Capo&rurl=https%3A%2F%2Fwww.social-searcher.com%2Finstagramcse.html%3Fq%3Dtest%26sort%3Ddate&q=threeireland&start=0&callback=google.search.cse.api0
2025-10-21 15:51:47,470 - INFO - SocksPort=9150 status=200 url=https://cse.google.com/cse/element/v1?rsz=filtered_cse&num=10&hl=en&source=gcsc&cselibv=6467658b9628de43&cx=c4b97eed1414fcb14&safe=active&cse_tok=AEXjvhLzVukXqfbyW-V6NgtRvZPa%3A1761033014634&sort=date&exp=cc%2Capo&rurl=https%3A%2F%2Fwww.social-searcher.com%2Finstagramcse.html%3Fq%3Dtest%26sort%3Ddate&q=threeireland&start=10&callback=google.search.cse.api10
2025-10-21 15:51:50,543 - INFO - SocksPort=9150 status=200 url=https://cse.google.com/cse/element/v1?rsz=filtered_cse&num=10&hl=en&source=gcsc&cselibv=6467658b9628de43&cx=c4b97eed1414fcb14&safe=active&cse_tok=AEXjvhLzVukXqfbyW-V6NgtRvZPa%3A1761033014634&sort=date&exp=cc%2Capo&rurl=https%3A%2F%2Fwww.social-searcher.com%2Finstagramcse.html%3Fq%3Dtest%26sort%3Ddate&q=threeireland&start=20&callback=google.search.cse.api20
2025-10-21 15:51:50,550 - DEBUG - GETCONF __owningcontrollerprocess (runtime: 0.0003)
2025-10-21 15:51:50,564 - INFO - TOR cport auth: True. TOR NEW IDENTITY. Sleep 3 sec.
2025-10-21 15:51:53,570 - INFO - Error while receiving a control message (SocketClosed): received exception "read of closed file"
2025-10-21 15:52:14,514 - INFO - SocksPort=9150 status=200 url=https://cse.google.com/cse/element/v1?rsz=filtered_cse&num=10&hl=en&source=gcsc&cselibv=6467658b9628de43&cx=c4b97eed1414fcb14&safe=active&cse_tok=AEXjvhLBZlEWhiviwpCdBrfn7iqT%3A1761033121565&sort=&exp=cc%2Capo&rurl=https%3A%2F%2Fwww.social-searcher.com%2Finstagramcse.html%3Fq%3Dtest%26sort%3Ddate&q=threeireland&start=20&callback=google.search.cse.api20
2025-10-21 15:52:17,460 - INFO - SocksPort=9150 status=200 url=https://cse.google.com/cse/element/v1?rsz=filtered_cse&num=10&hl=en&source=gcsc&cselibv=6467658b9628de43&cx=c4b97eed1414fcb14&safe=active&cse_tok=AEXjvhLBZlEWhiviwpCdBrfn7iqT%3A1761033121565&sort=&exp=cc%2Capo&rurl=https%3A%2F%2Fwww.social-searcher.com%2Finstagramcse.html%3Fq%3Dtest%26sort%3Ddate&q=threeireland&start=30&callback=google.search.cse.api30
2025-10-21 15:52:17,465 - DEBUG - GETCONF __owningcontrollerprocess (runtime: 0.0003)
2025-10-21 15:52:17,479 - INFO - TOR cport auth: True. TOR NEW IDENTITY. Sleep 3 sec.
2025-10-21 15:52:20,485 - INFO - Error while receiving a control message (SocketClosed): empty socket content
2025-10-21 15:52:23,107 - INFO - SocksPort=9150 status=200 url=https://cse.google.com/cse/element/v1?rsz=filtered_cse&num=10&hl=en&source=gcsc&cselibv=6467658b9628de43&cx=c4b97eed1414fcb14&safe=active&cse_tok=AEXjvhLBZlEWhiviwpCdBrfn7iqT%3A1761033121565&sort=&exp=cc%2Capo&rurl=https%3A%2F%2Fwww.social-searcher.com%2Finstagramcse.html%3Fq%3Dtest%26sort%3Ddate&q=threeireland&start=40&callback=google.search.cse.api40
2025-10-21 15:52:24,899 - INFO - SocksPort=9150 status=200 url=https://cse.google.com/cse/element/v1?rsz=filtered_cse&num=10&hl=en&source=gcsc&cselibv=6467658b9628de43&cx=c4b97eed1414fcb14&safe=active&cse_tok=AEXjvhLBZlEWhiviwpCdBrfn7iqT%3A1761033121565&sort=&exp=cc%2Capo&rurl=https%3A%2F%2Fwww.social-searcher.com%2Finstagramcse.html%3Fq%3Dtest%26sort%3Ddate&q=threeireland&start=50&callback=google.search.cse.api50
2025-10-21 15:52:24,905 - DEBUG - GETCONF __owningcontrollerprocess (runtime: 0.0003)
2025-10-21 15:52:24,907 - INFO - TOR cport auth: True. TOR NEW IDENTITY. Sleep 3 sec.
2025-10-21 15:52:27,913 - INFO - Error while receiving a control message (SocketClosed): received exception "read of closed file"
2025-10-21 15:52:49,244 - INFO - SocksPort=9150 status=200 url=https://cse.google.com/cse/element/v1?rsz=filtered_cse&num=10&hl=en&source=gcsc&cselibv=6467658b9628de43&cx=c4b97eed1414fcb14&safe=active&cse_tok=AEXjvhKxBrZMmUXezM6UJ5qHUvrE%3A1761033158656&sort=&exp=cc%2Capo&rurl=https%3A%2F%2Fwww.social-searcher.com%2Finstagramcse.html%3Fq%3Dtest%26sort%3Ddate&q=threeireland&start=50&callback=google.search.cse.api50
2025-10-21 15:52:51,127 - INFO - SocksPort=9150 status=200 url=https://cse.google.com/cse/element/v1?rsz=filtered_cse&num=10&hl=en&source=gcsc&cselibv=6467658b9628de43&cx=c4b97eed1414fcb14&safe=active&cse_tok=AEXjvhKxBrZMmUXezM6UJ5qHUvrE%3A1761033158656&sort=&exp=cc%2Capo&rurl=https%3A%2F%2Fwww.social-searcher.com%2Finstagramcse.html%3Fq%3Dtest%26sort%3Ddate&q=threeireland&start=60&callback=google.search.cse.api60
2025-10-21 15:52:51,138 - DEBUG - GETCONF __owningcontrollerprocess (runtime: 0.0003)
2025-10-21 15:52:51,158 - INFO - TOR cport auth: True. TOR NEW IDENTITY. Sleep 3 sec.
2025-10-21 15:52:54,162 - INFO - Error while receiving a control message (SocketClosed): received exception "read of closed file"
2025-10-21 15:53:20,368 - INFO - SocksPort=9150 status=200 url=https://cse.google.com/cse/element/v1?rsz=filtered_cse&num=10&hl=en&source=gcsc&cselibv=6467658b9628de43&cx=c4b97eed1414fcb14&safe=active&cse_tok=AEXjvhIDT6s5dZ_DPeSYpiqd31Ya%3A1761033187136&sort=&exp=cc%2Capo&rurl=https%3A%2F%2Fwww.social-searcher.com%2Finstagramcse.html%3Fq%3Dtest%26sort%3Ddate&q=threeireland&start=60&callback=google.search.cse.api60
2025-10-21 15:53:20,377 - DEBUG - GETCONF __owningcontrollerprocess (runtime: 0.0006)
2025-10-21 15:53:20,398 - INFO - TOR cport auth: True. TOR NEW IDENTITY. Sleep 3 sec.
2025-10-21 15:53:23,400 - INFO - Error while receiving a control message (SocketClosed): received exception "read of closed file"
2025-10-21 15:53:25,564 - INFO - SocksPort=9150 status=200 url=https://cse.google.com/cse/element/v1?rsz=filtered_cse&num=10&hl=en&source=gcsc&cselibv=6467658b9628de43&cx=c4b97eed1414fcb14&safe=active&cse_tok=AEXjvhIDT6s5dZ_DPeSYpiqd31Ya%3A1761033187136&sort=&exp=cc%2Capo&rurl=https%3A%2F%2Fwww.social-searcher.com%2Finstagramcse.html%3Fq%3Dtest%26sort%3Ddate&q=threeireland&start=70&callback=google.search.cse.api70
2025-10-21 15:53:29,076 - INFO - SocksPort=9150 status=200 url=https://cse.google.com/cse/element/v1?rsz=filtered_cse&num=10&hl=en&source=gcsc&cselibv=6467658b9628de43&cx=c4b97eed1414fcb14&safe=active&cse_tok=AEXjvhIDT6s5dZ_DPeSYpiqd31Ya%3A1761033187136&sort=&exp=cc%2Capo&rurl=https%3A%2F%2Fwww.social-searcher.com%2Finstagramcse.html%3Fq%3Dtest%26sort%3Ddate&q=threeireland&start=80&callback=google.search.cse.api80
2025-10-21 15:53:31,495 - INFO - SocksPort=9150 status=200 url=https://cse.google.com/cse/element/v1?rsz=filtered_cse&num=10&hl=en&source=gcsc&cselibv=6467658b9628de43&cx=c4b97eed1414fcb14&safe=active&cse_tok=AEXjvhIDT6s5dZ_DPeSYpiqd31Ya%3A1761033187136&sort=&exp=cc%2Capo&rurl=https%3A%2F%2Fwww.social-searcher.com%2Finstagramcse.html%3Fq%3Dtest%26sort%3Ddate&q=threeireland&start=90&callback=google.search.cse.api90
2025-10-21 15:53:35,299 - INFO - SocksPort=9150 status=200 url=https://cse.google.com/cse/element/v1?rsz=filtered_cse&num=10&hl=en&source=gcsc&cselibv=6467658b9628de43&cx=3fb7efb248d74e652&safe=active&cse_tok=AEXjvhJivO1qOJmbef765K5dvG5L%3A1761033019221&sort=date&exp=cc%2Capo&rurl=https%3A%2F%2Fwww.social-searcher.com%2Flinkedincse.html%3Fq%3Dtest%26sort%3Ddate&q=threeireland&start=0&callback=google.search.cse.api0
2025-10-21 15:53:42,978 - INFO - SocksPort=9150 status=200 url=https://cse.google.com/cse/element/v1?rsz=filtered_cse&num=10&hl=en&source=gcsc&cselibv=6467658b9628de43&cx=3fb7efb248d74e652&safe=active&cse_tok=AEXjvhJivO1qOJmbef765K5dvG5L%3A1761033019221&sort=date&exp=cc%2Capo&rurl=https%3A%2F%2Fwww.social-searcher.com%2Flinkedincse.html%3Fq%3Dtest%26sort%3Ddate&q=threeireland&start=10&callback=google.search.cse.api10
2025-10-21 15:53:42,984 - DEBUG - GETCONF __owningcontrollerprocess (runtime: 0.0003)
2025-10-21 15:53:43,000 - INFO - TOR cport auth: True. TOR NEW IDENTITY. Sleep 3 sec.
2025-10-21 15:53:46,005 - INFO - Error while receiving a control message (SocketClosed): received exception "read of closed file"
2025-10-21 15:53:49,270 - INFO - SocksPort=9150 status=200 url=https://cse.google.com/cse/element/v1?rsz=filtered_cse&num=10&hl=en&source=gcsc&cselibv=6467658b9628de43&cx=3fb7efb248d74e652&safe=active&cse_tok=AEXjvhJivO1qOJmbef765K5dvG5L%3A1761033019221&sort=date&exp=cc%2Capo&rurl=https%3A%2F%2Fwww.social-searcher.com%2Flinkedincse.html%3Fq%3Dtest%26sort%3Ddate&q=threeireland&start=20&callback=google.search.cse.api20
2025-10-21 15:53:50,942 - INFO - SocksPort=9150 status=200 url=https://cse.google.com/cse/element/v1?rsz=filtered_cse&num=10&hl=en&source=gcsc&cselibv=6467658b9628de43&cx=3fb7efb248d74e652&safe=active&cse_tok=AEXjvhJivO1qOJmbef765K5dvG5L%3A1761033019221&sort=date&exp=cc%2Capo&rurl=https%3A%2F%2Fwww.social-searcher.com%2Flinkedincse.html%3Fq%3Dtest%26sort%3Ddate&q=threeireland&start=30&callback=google.search.cse.api30
2025-10-21 15:53:50,947 - DEBUG - GETCONF __owningcontrollerprocess (runtime: 0.0003)
2025-10-21 15:53:50,947 - INFO - TOR cport auth: True. TOR NEW IDENTITY. Sleep 3 sec.
2025-10-21 15:53:53,950 - INFO - Error while receiving a control message (SocketClosed): received exception "read of closed file"
2025-10-21 15:54:28,225 - INFO - SocksPort=9150 status=200 url=https://cse.google.com/cse/element/v1?rsz=filtered_cse&num=10&hl=en&source=gcsc&cselibv=6467658b9628de43&cx=3fb7efb248d74e652&safe=active&cse_tok=AEXjvhInC_FH5z9TFNmH7nY015Eh%3A1761033248955&sort=&exp=cc%2Capo&rurl=https%3A%2F%2Fwww.social-searcher.com%2Flinkedincse.html%3Fq%3Dtest%26sort%3Ddate&q=threeireland&start=30&callback=google.search.cse.api30
2025-10-21 15:54:32,129 - INFO - SocksPort=9150 status=200 url=https://cse.google.com/cse/element/v1?rsz=filtered_cse&num=10&hl=en&source=gcsc&cselibv=6467658b9628de43&cx=3fb7efb248d74e652&safe=active&cse_tok=AEXjvhInC_FH5z9TFNmH7nY015Eh%3A1761033248955&sort=&exp=cc%2Capo&rurl=https%3A%2F%2Fwww.social-searcher.com%2Flinkedincse.html%3Fq%3Dtest%26sort%3Ddate&q=threeireland&start=40&callback=google.search.cse.api40
2025-10-21 15:54:37,228 - INFO - SocksPort=9150 status=200 url=https://cse.google.com/cse/element/v1?rsz=filtered_cse&num=10&hl=en&source=gcsc&cselibv=6467658b9628de43&cx=3fb7efb248d74e652&safe=active&cse_tok=AEXjvhInC_FH5z9TFNmH7nY015Eh%3A1761033248955&sort=&exp=cc%2Capo&rurl=https%3A%2F%2Fwww.social-searcher.com%2Flinkedincse.html%3Fq%3Dtest%26sort%3Ddate&q=threeireland&start=50&callback=google.search.cse.api50
2025-10-21 15:54:37,234 - DEBUG - GETCONF __owningcontrollerprocess (runtime: 0.0003)
2025-10-21 15:54:37,249 - INFO - TOR cport auth: True. TOR NEW IDENTITY. Sleep 3 sec.
2025-10-21 15:54:40,255 - INFO - Error while receiving a control message (SocketClosed): received exception "read of closed file"
2025-10-21 15:54:45,546 - INFO - SocksPort=9150 status=200 url=https://cse.google.com/cse/element/v1?rsz=filtered_cse&num=10&hl=en&source=gcsc&cselibv=6467658b9628de43&cx=3fb7efb248d74e652&safe=active&cse_tok=AEXjvhInC_FH5z9TFNmH7nY015Eh%3A1761033248955&sort=&exp=cc%2Capo&rurl=https%3A%2F%2Fwww.social-searcher.com%2Flinkedincse.html%3Fq%3Dtest%26sort%3Ddate&q=threeireland&start=60&callback=google.search.cse.api60
2025-10-21 15:54:49,844 - INFO - SocksPort=9150 status=200 url=https://cse.google.com/cse/element/v1?rsz=filtered_cse&num=10&hl=en&source=gcsc&cselibv=6467658b9628de43&cx=3fb7efb248d74e652&safe=active&cse_tok=AEXjvhInC_FH5z9TFNmH7nY015Eh%3A1761033248955&sort=&exp=cc%2Capo&rurl=https%3A%2F%2Fwww.social-searcher.com%2Flinkedincse.html%3Fq%3Dtest%26sort%3Ddate&q=threeireland&start=70&callback=google.search.cse.api70
2025-10-21 15:54:52,404 - INFO - SocksPort=9150 status=200 url=https://cse.google.com/cse/element/v1?rsz=filtered_cse&num=10&hl=en&source=gcsc&cselibv=6467658b9628de43&cx=3fb7efb248d74e652&safe=active&cse_tok=AEXjvhInC_FH5z9TFNmH7nY015Eh%3A1761033248955&sort=&exp=cc%2Capo&rurl=https%3A%2F%2Fwww.social-searcher.com%2Flinkedincse.html%3Fq%3Dtest%26sort%3Ddate&q=threeireland&start=80&callback=google.search.cse.api80
2025-10-21 15:54:56,091 - INFO - SocksPort=9150 status=200 url=https://cse.google.com/cse/element/v1?rsz=filtered_cse&num=10&hl=en&source=gcsc&cselibv=6467658b9628de43&cx=3fb7efb248d74e652&safe=active&cse_tok=AEXjvhInC_FH5z9TFNmH7nY015Eh%3A1761033248955&sort=&exp=cc%2Capo&rurl=https%3A%2F%2Fwww.social-searcher.com%2Flinkedincse.html%3Fq%3Dtest%26sort%3Ddate&q=threeireland&start=90&callback=google.search.cse.api90
2025-10-21 15:54:56,106 - INFO - [OK] Step completed: Execute social media search
2025-10-21 15:54:56,106 - INFO - [SUCCESS] Search process completed!
2025-10-21 15:54:56,106 - INFO - [SUMMARY] Search Summary:
2025-10-21 15:54:56,106 - INFO -    Query keyword: threeireland
2025-10-21 15:54:56,106 - INFO -    Search platforms: 4 platforms
2025-10-21 15:54:56,106 - INFO -    Total results: 400
2025-10-21 15:54:56,106 - INFO -    FACEBOOK: 100 results
2025-10-21 15:54:56,106 - INFO -    TWITTER: 100 results
2025-10-21 15:54:56,106 - INFO -    INSTAGRAM: 100 results
2025-10-21 15:54:56,106 - INFO -    LINKEDIN: 100 results
2025-10-21 15:54:56,108 - INFO - Log saved to: logs/search_log.json
