2025-10-21 16:58:51,219 - INFO - [START] Starting social media search process - Query: 'Three Ireland'
2025-10-21 16:58:51,220 - INFO - [INFO] Starting step: Get all platform CSE parameters
2025-10-21 16:59:10,012 - INFO - Added date sorting for FACEBOOK
2025-10-21 16:59:10,012 - INFO - Added date sorting for TWITTER
2025-10-21 16:59:10,012 - INFO - Added date sorting for INSTAGRAM
2025-10-21 16:59:10,012 - INFO - Added date sorting for LINKEDIN
2025-10-21 16:59:10,012 - INFO - [OK] Step completed: Get all platform CSE parameters
2025-10-21 16:59:10,013 - INFO - [INFO] Starting step: Save parameters
2025-10-21 16:59:10,013 - INFO - [OK] Step completed: Save parameters
2025-10-21 16:59:10,013 - INFO - [INFO] Starting step: Execute social media search
2025-10-21 16:59:13,238 - INFO - SocksPort=9150 status=200 url=https://cse.google.com/cse/element/v1?rsz=filtered_cse&num=10&hl=en&source=gcsc&cselibv=6467658b9628de43&cx=294a079ba2d4267d5&safe=active&cse_tok=AEXjvhKJ4mbnPlBK7dHujHcOhATK%3A1761037133047&sort=date&exp=cc%2Capo&rurl=https%3A%2F%2Fwww.social-searcher.com%2Ffacebookcse.html%3Fq%3Dtest%26sort%3Ddate&q=Three+Ireland&start=0&callback=google.search.cse.api0
2025-10-21 16:59:16,086 - INFO - SocksPort=9150 status=200 url=https://cse.google.com/cse/element/v1?rsz=filtered_cse&num=10&hl=en&source=gcsc&cselibv=6467658b9628de43&cx=294a079ba2d4267d5&safe=active&cse_tok=AEXjvhKJ4mbnPlBK7dHujHcOhATK%3A1761037133047&sort=date&exp=cc%2Capo&rurl=https%3A%2F%2Fwww.social-searcher.com%2Ffacebookcse.html%3Fq%3Dtest%26sort%3Ddate&q=Three+Ireland&start=10&callback=google.search.cse.api10
2025-10-21 16:59:18,776 - INFO - SocksPort=9150 status=200 url=https://cse.google.com/cse/element/v1?rsz=filtered_cse&num=10&hl=en&source=gcsc&cselibv=6467658b9628de43&cx=294a079ba2d4267d5&safe=active&cse_tok=AEXjvhKJ4mbnPlBK7dHujHcOhATK%3A1761037133047&sort=date&exp=cc%2Capo&rurl=https%3A%2F%2Fwww.social-searcher.com%2Ffacebookcse.html%3Fq%3Dtest%26sort%3Ddate&q=Three+Ireland&start=20&callback=google.search.cse.api20
2025-10-21 16:59:22,784 - INFO - SocksPort=9150 status=200 url=https://cse.google.com/cse/element/v1?rsz=filtered_cse&num=10&hl=en&source=gcsc&cselibv=6467658b9628de43&cx=294a079ba2d4267d5&safe=active&cse_tok=AEXjvhKJ4mbnPlBK7dHujHcOhATK%3A1761037133047&sort=date&exp=cc%2Capo&rurl=https%3A%2F%2Fwww.social-searcher.com%2Ffacebookcse.html%3Fq%3Dtest%26sort%3Ddate&q=Three+Ireland&start=30&callback=google.search.cse.api30
2025-10-21 16:59:28,446 - INFO - SocksPort=9150 status=200 url=https://cse.google.com/cse/element/v1?rsz=filtered_cse&num=10&hl=en&source=gcsc&cselibv=6467658b9628de43&cx=294a079ba2d4267d5&safe=active&cse_tok=AEXjvhKJ4mbnPlBK7dHujHcOhATK%3A1761037133047&sort=date&exp=cc%2Capo&rurl=https%3A%2F%2Fwww.social-searcher.com%2Ffacebookcse.html%3Fq%3Dtest%26sort%3Ddate&q=Three+Ireland&start=40&callback=google.search.cse.api40
2025-10-21 16:59:28,461 - DEBUG - GETCONF __owningcontrollerprocess (runtime: 0.0003)
2025-10-21 16:59:28,479 - INFO - TOR cport auth: True. TOR NEW IDENTITY. Sleep 3 sec.
2025-10-21 16:59:31,485 - INFO - Error while receiving a control message (SocketClosed): received exception "read of closed file"
2025-10-21 16:59:34,751 - INFO - SocksPort=9150 status=200 url=https://cse.google.com/cse/element/v1?rsz=filtered_cse&num=10&hl=en&source=gcsc&cselibv=6467658b9628de43&cx=294a079ba2d4267d5&safe=active&cse_tok=AEXjvhKJ4mbnPlBK7dHujHcOhATK%3A1761037133047&sort=date&exp=cc%2Capo&rurl=https%3A%2F%2Fwww.social-searcher.com%2Ffacebookcse.html%3Fq%3Dtest%26sort%3Ddate&q=Three+Ireland&start=50&callback=google.search.cse.api50
2025-10-21 16:59:37,349 - INFO - SocksPort=9150 status=200 url=https://cse.google.com/cse/element/v1?rsz=filtered_cse&num=10&hl=en&source=gcsc&cselibv=6467658b9628de43&cx=294a079ba2d4267d5&safe=active&cse_tok=AEXjvhKJ4mbnPlBK7dHujHcOhATK%3A1761037133047&sort=date&exp=cc%2Capo&rurl=https%3A%2F%2Fwww.social-searcher.com%2Ffacebookcse.html%3Fq%3Dtest%26sort%3Ddate&q=Three+Ireland&start=60&callback=google.search.cse.api60
2025-10-21 16:59:42,749 - INFO - SocksPort=9150 status=200 url=https://cse.google.com/cse/element/v1?rsz=filtered_cse&num=10&hl=en&source=gcsc&cselibv=6467658b9628de43&cx=294a079ba2d4267d5&safe=active&cse_tok=AEXjvhKJ4mbnPlBK7dHujHcOhATK%3A1761037133047&sort=date&exp=cc%2Capo&rurl=https%3A%2F%2Fwww.social-searcher.com%2Ffacebookcse.html%3Fq%3Dtest%26sort%3Ddate&q=Three+Ireland&start=70&callback=google.search.cse.api70
2025-10-21 16:59:48,371 - INFO - SocksPort=9150 status=200 url=https://cse.google.com/cse/element/v1?rsz=filtered_cse&num=10&hl=en&source=gcsc&cselibv=6467658b9628de43&cx=294a079ba2d4267d5&safe=active&cse_tok=AEXjvhKJ4mbnPlBK7dHujHcOhATK%3A1761037133047&sort=date&exp=cc%2Capo&rurl=https%3A%2F%2Fwww.social-searcher.com%2Ffacebookcse.html%3Fq%3Dtest%26sort%3Ddate&q=Three+Ireland&start=80&callback=google.search.cse.api80
2025-10-21 16:59:51,351 - INFO - SocksPort=9150 status=200 url=https://cse.google.com/cse/element/v1?rsz=filtered_cse&num=10&hl=en&source=gcsc&cselibv=6467658b9628de43&cx=294a079ba2d4267d5&safe=active&cse_tok=AEXjvhKJ4mbnPlBK7dHujHcOhATK%3A1761037133047&sort=date&exp=cc%2Capo&rurl=https%3A%2F%2Fwww.social-searcher.com%2Ffacebookcse.html%3Fq%3Dtest%26sort%3Ddate&q=Three+Ireland&start=90&callback=google.search.cse.api90
2025-10-21 16:59:51,356 - DEBUG - GETCONF __owningcontrollerprocess (runtime: 0.0004)
2025-10-21 16:59:51,375 - INFO - TOR cport auth: True. TOR NEW IDENTITY. Sleep 3 sec.
2025-10-21 16:59:54,381 - INFO - Error while receiving a control message (SocketClosed): received exception "read of closed file"
2025-10-21 16:59:59,341 - INFO - SocksPort=9150 status=200 url=https://cse.google.com/cse/element/v1?rsz=filtered_cse&num=10&hl=en&source=gcsc&cselibv=6467658b9628de43&cx=a72fbbffee86cd2d2&safe=active&cse_tok=AEXjvhIQoX5G1GtmtWDN9Qpecapy%3A1761037138619&sort=date&exp=cc%2Capo&rurl=https%3A%2F%2Fwww.social-searcher.com%2Ftwittercse.html%3Fq%3Dtest%26sort%3Ddate&q=Three+Ireland&start=0&callback=google.search.cse.api0
2025-10-21 17:00:04,257 - INFO - SocksPort=9150 status=200 url=https://cse.google.com/cse/element/v1?rsz=filtered_cse&num=10&hl=en&source=gcsc&cselibv=6467658b9628de43&cx=a72fbbffee86cd2d2&safe=active&cse_tok=AEXjvhIQoX5G1GtmtWDN9Qpecapy%3A1761037138619&sort=date&exp=cc%2Capo&rurl=https%3A%2F%2Fwww.social-searcher.com%2Ftwittercse.html%3Fq%3Dtest%26sort%3Ddate&q=Three+Ireland&start=10&callback=google.search.cse.api10
2025-10-21 17:00:07,223 - INFO - SocksPort=9150 status=200 url=https://cse.google.com/cse/element/v1?rsz=filtered_cse&num=10&hl=en&source=gcsc&cselibv=6467658b9628de43&cx=a72fbbffee86cd2d2&safe=active&cse_tok=AEXjvhIQoX5G1GtmtWDN9Qpecapy%3A1761037138619&sort=date&exp=cc%2Capo&rurl=https%3A%2F%2Fwww.social-searcher.com%2Ftwittercse.html%3Fq%3Dtest%26sort%3Ddate&q=Three+Ireland&start=20&callback=google.search.cse.api20
2025-10-21 17:00:09,658 - INFO - SocksPort=9150 status=200 url=https://cse.google.com/cse/element/v1?rsz=filtered_cse&num=10&hl=en&source=gcsc&cselibv=6467658b9628de43&cx=a72fbbffee86cd2d2&safe=active&cse_tok=AEXjvhIQoX5G1GtmtWDN9Qpecapy%3A1761037138619&sort=date&exp=cc%2Capo&rurl=https%3A%2F%2Fwww.social-searcher.com%2Ftwittercse.html%3Fq%3Dtest%26sort%3Ddate&q=Three+Ireland&start=30&callback=google.search.cse.api30
2025-10-21 17:00:12,551 - INFO - SocksPort=9150 status=200 url=https://cse.google.com/cse/element/v1?rsz=filtered_cse&num=10&hl=en&source=gcsc&cselibv=6467658b9628de43&cx=a72fbbffee86cd2d2&safe=active&cse_tok=AEXjvhIQoX5G1GtmtWDN9Qpecapy%3A1761037138619&sort=date&exp=cc%2Capo&rurl=https%3A%2F%2Fwww.social-searcher.com%2Ftwittercse.html%3Fq%3Dtest%26sort%3Ddate&q=Three+Ireland&start=40&callback=google.search.cse.api40
2025-10-21 17:00:12,555 - DEBUG - GETCONF __owningcontrollerprocess (runtime: 0.0003)
2025-10-21 17:00:12,572 - INFO - TOR cport auth: True. TOR NEW IDENTITY. Sleep 3 sec.
2025-10-21 17:00:15,577 - INFO - Error while receiving a control message (SocketClosed): received exception "read of closed file"
2025-10-21 17:00:19,307 - INFO - SocksPort=9150 status=200 url=https://cse.google.com/cse/element/v1?rsz=filtered_cse&num=10&hl=en&source=gcsc&cselibv=6467658b9628de43&cx=a72fbbffee86cd2d2&safe=active&cse_tok=AEXjvhIQoX5G1GtmtWDN9Qpecapy%3A1761037138619&sort=date&exp=cc%2Capo&rurl=https%3A%2F%2Fwww.social-searcher.com%2Ftwittercse.html%3Fq%3Dtest%26sort%3Ddate&q=Three+Ireland&start=50&callback=google.search.cse.api50
2025-10-21 17:00:21,861 - INFO - SocksPort=9150 status=200 url=https://cse.google.com/cse/element/v1?rsz=filtered_cse&num=10&hl=en&source=gcsc&cselibv=6467658b9628de43&cx=a72fbbffee86cd2d2&safe=active&cse_tok=AEXjvhIQoX5G1GtmtWDN9Qpecapy%3A1761037138619&sort=date&exp=cc%2Capo&rurl=https%3A%2F%2Fwww.social-searcher.com%2Ftwittercse.html%3Fq%3Dtest%26sort%3Ddate&q=Three+Ireland&start=60&callback=google.search.cse.api60
2025-10-21 17:00:25,595 - INFO - SocksPort=9150 status=200 url=https://cse.google.com/cse/element/v1?rsz=filtered_cse&num=10&hl=en&source=gcsc&cselibv=6467658b9628de43&cx=a72fbbffee86cd2d2&safe=active&cse_tok=AEXjvhIQoX5G1GtmtWDN9Qpecapy%3A1761037138619&sort=date&exp=cc%2Capo&rurl=https%3A%2F%2Fwww.social-searcher.com%2Ftwittercse.html%3Fq%3Dtest%26sort%3Ddate&q=Three+Ireland&start=70&callback=google.search.cse.api70
2025-10-21 17:00:28,608 - INFO - SocksPort=9150 status=200 url=https://cse.google.com/cse/element/v1?rsz=filtered_cse&num=10&hl=en&source=gcsc&cselibv=6467658b9628de43&cx=a72fbbffee86cd2d2&safe=active&cse_tok=AEXjvhIQoX5G1GtmtWDN9Qpecapy%3A1761037138619&sort=date&exp=cc%2Capo&rurl=https%3A%2F%2Fwww.social-searcher.com%2Ftwittercse.html%3Fq%3Dtest%26sort%3Ddate&q=Three+Ireland&start=80&callback=google.search.cse.api80
2025-10-21 17:00:31,278 - INFO - SocksPort=9150 status=200 url=https://cse.google.com/cse/element/v1?rsz=filtered_cse&num=10&hl=en&source=gcsc&cselibv=6467658b9628de43&cx=a72fbbffee86cd2d2&safe=active&cse_tok=AEXjvhIQoX5G1GtmtWDN9Qpecapy%3A1761037138619&sort=date&exp=cc%2Capo&rurl=https%3A%2F%2Fwww.social-searcher.com%2Ftwittercse.html%3Fq%3Dtest%26sort%3Ddate&q=Three+Ireland&start=90&callback=google.search.cse.api90
2025-10-21 17:00:31,282 - DEBUG - GETCONF __owningcontrollerprocess (runtime: 0.0003)
2025-10-21 17:00:31,300 - INFO - TOR cport auth: True. TOR NEW IDENTITY. Sleep 3 sec.
2025-10-21 17:00:34,305 - INFO - Error while receiving a control message (SocketClosed): received exception "read of closed file"
2025-10-21 17:00:38,659 - INFO - SocksPort=9150 status=200 url=https://cse.google.com/cse/element/v1?rsz=filtered_cse&num=10&hl=en&source=gcsc&cselibv=6467658b9628de43&cx=c4b97eed1414fcb14&safe=active&cse_tok=AEXjvhLm5xLTz09fWI047prHbnrM%3A1761037142663&sort=date&exp=cc%2Capo&rurl=https%3A%2F%2Fwww.social-searcher.com%2Finstagramcse.html%3Fq%3Dtest%26sort%3Ddate&q=Three+Ireland&start=0&callback=google.search.cse.api0
2025-10-21 17:00:42,106 - INFO - SocksPort=9150 status=200 url=https://cse.google.com/cse/element/v1?rsz=filtered_cse&num=10&hl=en&source=gcsc&cselibv=6467658b9628de43&cx=c4b97eed1414fcb14&safe=active&cse_tok=AEXjvhLm5xLTz09fWI047prHbnrM%3A1761037142663&sort=date&exp=cc%2Capo&rurl=https%3A%2F%2Fwww.social-searcher.com%2Finstagramcse.html%3Fq%3Dtest%26sort%3Ddate&q=Three+Ireland&start=10&callback=google.search.cse.api10
2025-10-21 17:00:48,489 - INFO - SocksPort=9150 status=200 url=https://cse.google.com/cse/element/v1?rsz=filtered_cse&num=10&hl=en&source=gcsc&cselibv=6467658b9628de43&cx=c4b97eed1414fcb14&safe=active&cse_tok=AEXjvhLm5xLTz09fWI047prHbnrM%3A1761037142663&sort=date&exp=cc%2Capo&rurl=https%3A%2F%2Fwww.social-searcher.com%2Finstagramcse.html%3Fq%3Dtest%26sort%3Ddate&q=Three+Ireland&start=20&callback=google.search.cse.api20
2025-10-21 17:00:51,889 - INFO - SocksPort=9150 status=200 url=https://cse.google.com/cse/element/v1?rsz=filtered_cse&num=10&hl=en&source=gcsc&cselibv=6467658b9628de43&cx=c4b97eed1414fcb14&safe=active&cse_tok=AEXjvhLm5xLTz09fWI047prHbnrM%3A1761037142663&sort=date&exp=cc%2Capo&rurl=https%3A%2F%2Fwww.social-searcher.com%2Finstagramcse.html%3Fq%3Dtest%26sort%3Ddate&q=Three+Ireland&start=30&callback=google.search.cse.api30
2025-10-21 17:00:54,326 - INFO - SocksPort=9150 status=200 url=https://cse.google.com/cse/element/v1?rsz=filtered_cse&num=10&hl=en&source=gcsc&cselibv=6467658b9628de43&cx=c4b97eed1414fcb14&safe=active&cse_tok=AEXjvhLm5xLTz09fWI047prHbnrM%3A1761037142663&sort=date&exp=cc%2Capo&rurl=https%3A%2F%2Fwww.social-searcher.com%2Finstagramcse.html%3Fq%3Dtest%26sort%3Ddate&q=Three+Ireland&start=40&callback=google.search.cse.api40
2025-10-21 17:00:54,330 - DEBUG - GETCONF __owningcontrollerprocess (runtime: 0.0003)
2025-10-21 17:00:54,344 - INFO - TOR cport auth: True. TOR NEW IDENTITY. Sleep 3 sec.
2025-10-21 17:00:57,349 - INFO - Error while receiving a control message (SocketClosed): received exception "read of closed file"
2025-10-21 17:01:00,141 - INFO - SocksPort=9150 status=200 url=https://cse.google.com/cse/element/v1?rsz=filtered_cse&num=10&hl=en&source=gcsc&cselibv=6467658b9628de43&cx=c4b97eed1414fcb14&safe=active&cse_tok=AEXjvhLm5xLTz09fWI047prHbnrM%3A1761037142663&sort=date&exp=cc%2Capo&rurl=https%3A%2F%2Fwww.social-searcher.com%2Finstagramcse.html%3Fq%3Dtest%26sort%3Ddate&q=Three+Ireland&start=50&callback=google.search.cse.api50
2025-10-21 17:01:02,545 - INFO - SocksPort=9150 status=200 url=https://cse.google.com/cse/element/v1?rsz=filtered_cse&num=10&hl=en&source=gcsc&cselibv=6467658b9628de43&cx=c4b97eed1414fcb14&safe=active&cse_tok=AEXjvhLm5xLTz09fWI047prHbnrM%3A1761037142663&sort=date&exp=cc%2Capo&rurl=https%3A%2F%2Fwww.social-searcher.com%2Finstagramcse.html%3Fq%3Dtest%26sort%3Ddate&q=Three+Ireland&start=60&callback=google.search.cse.api60
2025-10-21 17:01:05,618 - INFO - SocksPort=9150 status=200 url=https://cse.google.com/cse/element/v1?rsz=filtered_cse&num=10&hl=en&source=gcsc&cselibv=6467658b9628de43&cx=c4b97eed1414fcb14&safe=active&cse_tok=AEXjvhLm5xLTz09fWI047prHbnrM%3A1761037142663&sort=date&exp=cc%2Capo&rurl=https%3A%2F%2Fwww.social-searcher.com%2Finstagramcse.html%3Fq%3Dtest%26sort%3Ddate&q=Three+Ireland&start=70&callback=google.search.cse.api70
2025-10-21 17:01:07,834 - INFO - SocksPort=9150 status=200 url=https://cse.google.com/cse/element/v1?rsz=filtered_cse&num=10&hl=en&source=gcsc&cselibv=6467658b9628de43&cx=c4b97eed1414fcb14&safe=active&cse_tok=AEXjvhLm5xLTz09fWI047prHbnrM%3A1761037142663&sort=date&exp=cc%2Capo&rurl=https%3A%2F%2Fwww.social-searcher.com%2Finstagramcse.html%3Fq%3Dtest%26sort%3Ddate&q=Three+Ireland&start=80&callback=google.search.cse.api80
2025-10-21 17:01:12,757 - INFO - SocksPort=9150 status=200 url=https://cse.google.com/cse/element/v1?rsz=filtered_cse&num=10&hl=en&source=gcsc&cselibv=6467658b9628de43&cx=c4b97eed1414fcb14&safe=active&cse_tok=AEXjvhLm5xLTz09fWI047prHbnrM%3A1761037142663&sort=date&exp=cc%2Capo&rurl=https%3A%2F%2Fwww.social-searcher.com%2Finstagramcse.html%3Fq%3Dtest%26sort%3Ddate&q=Three+Ireland&start=90&callback=google.search.cse.api90
2025-10-21 17:01:12,760 - DEBUG - GETCONF __owningcontrollerprocess (runtime: 0.0003)
2025-10-21 17:01:12,771 - INFO - TOR cport auth: True. TOR NEW IDENTITY. Sleep 3 sec.
2025-10-21 17:01:15,777 - INFO - Error while receiving a control message (SocketClosed): received exception "read of closed file"
2025-10-21 17:01:18,647 - INFO - SocksPort=9150 status=200 url=https://cse.google.com/cse/element/v1?rsz=filtered_cse&num=10&hl=en&source=gcsc&cselibv=6467658b9628de43&cx=3fb7efb248d74e652&safe=active&cse_tok=AEXjvhKWtDHwuncv2jgGLjLPzGNL%3A1761037146826&sort=date&exp=cc%2Capo&rurl=https%3A%2F%2Fwww.social-searcher.com%2Flinkedincse.html%3Fq%3Dtest%26sort%3Ddate&q=Three+Ireland&start=0&callback=google.search.cse.api0
2025-10-21 17:01:21,334 - INFO - SocksPort=9150 status=200 url=https://cse.google.com/cse/element/v1?rsz=filtered_cse&num=10&hl=en&source=gcsc&cselibv=6467658b9628de43&cx=3fb7efb248d74e652&safe=active&cse_tok=AEXjvhKWtDHwuncv2jgGLjLPzGNL%3A1761037146826&sort=date&exp=cc%2Capo&rurl=https%3A%2F%2Fwww.social-searcher.com%2Flinkedincse.html%3Fq%3Dtest%26sort%3Ddate&q=Three+Ireland&start=10&callback=google.search.cse.api10
2025-10-21 17:01:24,738 - INFO - SocksPort=9150 status=200 url=https://cse.google.com/cse/element/v1?rsz=filtered_cse&num=10&hl=en&source=gcsc&cselibv=6467658b9628de43&cx=3fb7efb248d74e652&safe=active&cse_tok=AEXjvhKWtDHwuncv2jgGLjLPzGNL%3A1761037146826&sort=date&exp=cc%2Capo&rurl=https%3A%2F%2Fwww.social-searcher.com%2Flinkedincse.html%3Fq%3Dtest%26sort%3Ddate&q=Three+Ireland&start=20&callback=google.search.cse.api20
2025-10-21 17:01:28,732 - INFO - SocksPort=9150 status=200 url=https://cse.google.com/cse/element/v1?rsz=filtered_cse&num=10&hl=en&source=gcsc&cselibv=6467658b9628de43&cx=3fb7efb248d74e652&safe=active&cse_tok=AEXjvhKWtDHwuncv2jgGLjLPzGNL%3A1761037146826&sort=date&exp=cc%2Capo&rurl=https%3A%2F%2Fwww.social-searcher.com%2Flinkedincse.html%3Fq%3Dtest%26sort%3Ddate&q=Three+Ireland&start=30&callback=google.search.cse.api30
2025-10-21 17:01:31,992 - INFO - SocksPort=9150 status=200 url=https://cse.google.com/cse/element/v1?rsz=filtered_cse&num=10&hl=en&source=gcsc&cselibv=6467658b9628de43&cx=3fb7efb248d74e652&safe=active&cse_tok=AEXjvhKWtDHwuncv2jgGLjLPzGNL%3A1761037146826&sort=date&exp=cc%2Capo&rurl=https%3A%2F%2Fwww.social-searcher.com%2Flinkedincse.html%3Fq%3Dtest%26sort%3Ddate&q=Three+Ireland&start=40&callback=google.search.cse.api40
2025-10-21 17:01:31,995 - DEBUG - GETCONF __owningcontrollerprocess (runtime: 0.0003)
2025-10-21 17:01:32,025 - INFO - TOR cport auth: True. TOR NEW IDENTITY. Sleep 3 sec.
2025-10-21 17:01:35,031 - INFO - Error while receiving a control message (SocketClosed): received exception "[Errno 9] Bad file descriptor"
2025-10-21 17:01:41,137 - INFO - SocksPort=9150 status=200 url=https://cse.google.com/cse/element/v1?rsz=filtered_cse&num=10&hl=en&source=gcsc&cselibv=6467658b9628de43&cx=3fb7efb248d74e652&safe=active&cse_tok=AEXjvhKWtDHwuncv2jgGLjLPzGNL%3A1761037146826&sort=date&exp=cc%2Capo&rurl=https%3A%2F%2Fwww.social-searcher.com%2Flinkedincse.html%3Fq%3Dtest%26sort%3Ddate&q=Three+Ireland&start=50&callback=google.search.cse.api50
2025-10-21 17:01:41,146 - DEBUG - GETCONF __owningcontrollerprocess (runtime: 0.0003)
2025-10-21 17:01:41,159 - INFO - TOR cport auth: True. TOR NEW IDENTITY. Sleep 3 sec.
2025-10-21 17:01:44,165 - INFO - Error while receiving a control message (SocketClosed): received exception "read of closed file"
2025-10-21 17:02:06,210 - INFO - SocksPort=9150 status=200 url=https://cse.google.com/cse/element/v1?rsz=filtered_cse&num=10&hl=en&source=gcsc&cselibv=6467658b9628de43&cx=3fb7efb248d74e652&safe=active&cse_tok=AEXjvhKiZlsLTaP0XjyPL4Qfruhg%3A1761037314290&sort=&exp=cc%2Capo&rurl=https%3A%2F%2Fwww.social-searcher.com%2Flinkedincse.html%3Fq%3Dtest%26sort%3Ddate&q=Three+Ireland&start=50&callback=google.search.cse.api50
2025-10-21 17:02:10,244 - INFO - SocksPort=9150 status=200 url=https://cse.google.com/cse/element/v1?rsz=filtered_cse&num=10&hl=en&source=gcsc&cselibv=6467658b9628de43&cx=3fb7efb248d74e652&safe=active&cse_tok=AEXjvhKiZlsLTaP0XjyPL4Qfruhg%3A1761037314290&sort=&exp=cc%2Capo&rurl=https%3A%2F%2Fwww.social-searcher.com%2Flinkedincse.html%3Fq%3Dtest%26sort%3Ddate&q=Three+Ireland&start=60&callback=google.search.cse.api60
2025-10-21 17:02:13,276 - INFO - SocksPort=9150 status=200 url=https://cse.google.com/cse/element/v1?rsz=filtered_cse&num=10&hl=en&source=gcsc&cselibv=6467658b9628de43&cx=3fb7efb248d74e652&safe=active&cse_tok=AEXjvhKiZlsLTaP0XjyPL4Qfruhg%3A1761037314290&sort=&exp=cc%2Capo&rurl=https%3A%2F%2Fwww.social-searcher.com%2Flinkedincse.html%3Fq%3Dtest%26sort%3Ddate&q=Three+Ireland&start=70&callback=google.search.cse.api70
2025-10-21 17:02:17,624 - INFO - SocksPort=9150 status=200 url=https://cse.google.com/cse/element/v1?rsz=filtered_cse&num=10&hl=en&source=gcsc&cselibv=6467658b9628de43&cx=3fb7efb248d74e652&safe=active&cse_tok=AEXjvhKiZlsLTaP0XjyPL4Qfruhg%3A1761037314290&sort=&exp=cc%2Capo&rurl=https%3A%2F%2Fwww.social-searcher.com%2Flinkedincse.html%3Fq%3Dtest%26sort%3Ddate&q=Three+Ireland&start=80&callback=google.search.cse.api80
2025-10-21 17:02:17,630 - DEBUG - GETCONF __owningcontrollerprocess (runtime: 0.0004)
2025-10-21 17:02:17,651 - INFO - TOR cport auth: True. TOR NEW IDENTITY. Sleep 3 sec.
2025-10-21 17:02:20,657 - INFO - Error while receiving a control message (SocketClosed): received exception "read of closed file"
2025-10-21 17:02:24,011 - INFO - SocksPort=9150 status=200 url=https://cse.google.com/cse/element/v1?rsz=filtered_cse&num=10&hl=en&source=gcsc&cselibv=6467658b9628de43&cx=3fb7efb248d74e652&safe=active&cse_tok=AEXjvhKiZlsLTaP0XjyPL4Qfruhg%3A1761037314290&sort=&exp=cc%2Capo&rurl=https%3A%2F%2Fwww.social-searcher.com%2Flinkedincse.html%3Fq%3Dtest%26sort%3Ddate&q=Three+Ireland&start=90&callback=google.search.cse.api90
2025-10-21 17:02:24,020 - INFO - [OK] Step completed: Execute social media search
2025-10-21 17:02:24,020 - INFO - [SUCCESS] Search process completed!
2025-10-21 17:02:24,020 - INFO - [SUMMARY] Search Summary:
2025-10-21 17:02:24,020 - INFO -    Query keyword: Three Ireland
2025-10-21 17:02:24,020 - INFO -    Search platforms: 4 platforms
2025-10-21 17:02:24,020 - INFO -    Total results: 400
2025-10-21 17:02:24,021 - INFO -    FACEBOOK: 100 results
2025-10-21 17:02:24,021 - INFO -    TWITTER: 100 results
2025-10-21 17:02:24,021 - INFO -    INSTAGRAM: 100 results
2025-10-21 17:02:24,021 - INFO -    LINKEDIN: 100 results
2025-10-21 17:02:24,021 - INFO - Log saved to: logs/search_log.json
