2025-10-21 15:55:06,753 - INFO - [START] Starting social media search process - Query: '3Ireland'
2025-10-21 15:55:06,754 - INFO - [INFO] Starting step: Get all platform CSE parameters
2025-10-21 15:55:25,890 - INFO - Added date sorting for FACEBOOK
2025-10-21 15:55:25,890 - INFO - Added date sorting for TWITTER
2025-10-21 15:55:25,890 - INFO - Added date sorting for INSTAGRAM
2025-10-21 15:55:25,890 - INFO - Added date sorting for LINKEDIN
2025-10-21 15:55:25,890 - INFO - [OK] Step completed: Get all platform CSE parameters
2025-10-21 15:55:25,890 - INFO - [INFO] Starting step: Save parameters
2025-10-21 15:55:25,891 - INFO - [OK] Step completed: Save parameters
2025-10-21 15:55:25,891 - INFO - [INFO] Starting step: Execute social media search
2025-10-21 15:55:29,932 - INFO - SocksPort=9150 status=200 url=https://cse.google.com/cse/element/v1?rsz=filtered_cse&num=10&hl=en&source=gcsc&cselibv=6467658b9628de43&cx=294a079ba2d4267d5&safe=active&cse_tok=AEXjvhIW14Hj2uost8RvXPOCnMJ3%3A1761033308678&sort=date&exp=cc%2Capo&rurl=https%3A%2F%2Fwww.social-searcher.com%2Ffacebookcse.html%3Fq%3Dtest%26sort%3Ddate&q=3Ireland&start=0&callback=google.search.cse.api0
2025-10-21 15:55:32,955 - INFO - SocksPort=9150 status=200 url=https://cse.google.com/cse/element/v1?rsz=filtered_cse&num=10&hl=en&source=gcsc&cselibv=6467658b9628de43&cx=294a079ba2d4267d5&safe=active&cse_tok=AEXjvhIW14Hj2uost8RvXPOCnMJ3%3A1761033308678&sort=date&exp=cc%2Capo&rurl=https%3A%2F%2Fwww.social-searcher.com%2Ffacebookcse.html%3Fq%3Dtest%26sort%3Ddate&q=3Ireland&start=10&callback=google.search.cse.api10
2025-10-21 15:55:37,562 - INFO - SocksPort=9150 status=200 url=https://cse.google.com/cse/element/v1?rsz=filtered_cse&num=10&hl=en&source=gcsc&cselibv=6467658b9628de43&cx=294a079ba2d4267d5&safe=active&cse_tok=AEXjvhIW14Hj2uost8RvXPOCnMJ3%3A1761033308678&sort=date&exp=cc%2Capo&rurl=https%3A%2F%2Fwww.social-searcher.com%2Ffacebookcse.html%3Fq%3Dtest%26sort%3Ddate&q=3Ireland&start=20&callback=google.search.cse.api20
2025-10-21 15:55:41,556 - INFO - SocksPort=9150 status=200 url=https://cse.google.com/cse/element/v1?rsz=filtered_cse&num=10&hl=en&source=gcsc&cselibv=6467658b9628de43&cx=294a079ba2d4267d5&safe=active&cse_tok=AEXjvhIW14Hj2uost8RvXPOCnMJ3%3A1761033308678&sort=date&exp=cc%2Capo&rurl=https%3A%2F%2Fwww.social-searcher.com%2Ffacebookcse.html%3Fq%3Dtest%26sort%3Ddate&q=3Ireland&start=30&callback=google.search.cse.api30
2025-10-21 15:55:45,308 - INFO - SocksPort=9150 status=200 url=https://cse.google.com/cse/element/v1?rsz=filtered_cse&num=10&hl=en&source=gcsc&cselibv=6467658b9628de43&cx=294a079ba2d4267d5&safe=active&cse_tok=AEXjvhIW14Hj2uost8RvXPOCnMJ3%3A1761033308678&sort=date&exp=cc%2Capo&rurl=https%3A%2F%2Fwww.social-searcher.com%2Ffacebookcse.html%3Fq%3Dtest%26sort%3Ddate&q=3Ireland&start=40&callback=google.search.cse.api40
2025-10-21 15:55:45,319 - DEBUG - GETCONF __owningcontrollerprocess (runtime: 0.0002)
2025-10-21 15:55:45,329 - INFO - TOR cport auth: True. TOR NEW IDENTITY. Sleep 3 sec.
2025-10-21 15:55:48,335 - INFO - Error while receiving a control message (SocketClosed): received exception "read of closed file"
2025-10-21 15:55:56,938 - INFO - SocksPort=9150 status=200 url=https://cse.google.com/cse/element/v1?rsz=filtered_cse&num=10&hl=en&source=gcsc&cselibv=6467658b9628de43&cx=294a079ba2d4267d5&safe=active&cse_tok=AEXjvhIW14Hj2uost8RvXPOCnMJ3%3A1761033308678&sort=date&exp=cc%2Capo&rurl=https%3A%2F%2Fwww.social-searcher.com%2Ffacebookcse.html%3Fq%3Dtest%26sort%3Ddate&q=3Ireland&start=50&callback=google.search.cse.api50
2025-10-21 15:56:00,584 - INFO - SocksPort=9150 status=200 url=https://cse.google.com/cse/element/v1?rsz=filtered_cse&num=10&hl=en&source=gcsc&cselibv=6467658b9628de43&cx=294a079ba2d4267d5&safe=active&cse_tok=AEXjvhIW14Hj2uost8RvXPOCnMJ3%3A1761033308678&sort=date&exp=cc%2Capo&rurl=https%3A%2F%2Fwww.social-searcher.com%2Ffacebookcse.html%3Fq%3Dtest%26sort%3Ddate&q=3Ireland&start=60&callback=google.search.cse.api60
2025-10-21 15:56:03,978 - INFO - SocksPort=9150 status=200 url=https://cse.google.com/cse/element/v1?rsz=filtered_cse&num=10&hl=en&source=gcsc&cselibv=6467658b9628de43&cx=294a079ba2d4267d5&safe=active&cse_tok=AEXjvhIW14Hj2uost8RvXPOCnMJ3%3A1761033308678&sort=date&exp=cc%2Capo&rurl=https%3A%2F%2Fwww.social-searcher.com%2Ffacebookcse.html%3Fq%3Dtest%26sort%3Ddate&q=3Ireland&start=70&callback=google.search.cse.api70
2025-10-21 15:56:08,281 - INFO - SocksPort=9150 status=200 url=https://cse.google.com/cse/element/v1?rsz=filtered_cse&num=10&hl=en&source=gcsc&cselibv=6467658b9628de43&cx=294a079ba2d4267d5&safe=active&cse_tok=AEXjvhIW14Hj2uost8RvXPOCnMJ3%3A1761033308678&sort=date&exp=cc%2Capo&rurl=https%3A%2F%2Fwww.social-searcher.com%2Ffacebookcse.html%3Fq%3Dtest%26sort%3Ddate&q=3Ireland&start=80&callback=google.search.cse.api80
2025-10-21 15:56:15,462 - INFO - SocksPort=9150 status=200 url=https://cse.google.com/cse/element/v1?rsz=filtered_cse&num=10&hl=en&source=gcsc&cselibv=6467658b9628de43&cx=294a079ba2d4267d5&safe=active&cse_tok=AEXjvhIW14Hj2uost8RvXPOCnMJ3%3A1761033308678&sort=date&exp=cc%2Capo&rurl=https%3A%2F%2Fwww.social-searcher.com%2Ffacebookcse.html%3Fq%3Dtest%26sort%3Ddate&q=3Ireland&start=90&callback=google.search.cse.api90
2025-10-21 15:56:15,468 - DEBUG - GETCONF __owningcontrollerprocess (runtime: 0.0003)
2025-10-21 15:56:15,483 - INFO - TOR cport auth: True. TOR NEW IDENTITY. Sleep 3 sec.
2025-10-21 15:56:18,488 - INFO - Error while receiving a control message (SocketClosed): received exception "read of closed file"
2025-10-21 15:56:22,106 - INFO - SocksPort=9150 status=200 url=https://cse.google.com/cse/element/v1?rsz=filtered_cse&num=10&hl=en&source=gcsc&cselibv=6467658b9628de43&cx=a72fbbffee86cd2d2&safe=active&cse_tok=AEXjvhJjiakyIQKGWzj8fzwZnGGA%3A1761033313944&sort=date&exp=cc%2Capo&rurl=https%3A%2F%2Fwww.social-searcher.com%2Ftwittercse.html%3Fq%3Dtest%26sort%3Ddate&q=3Ireland&start=0&callback=google.search.cse.api0
2025-10-21 15:56:22,112 - DEBUG - GETCONF __owningcontrollerprocess (runtime: 0.0003)
2025-10-21 15:56:22,112 - INFO - TOR cport auth: True. TOR NEW IDENTITY. Sleep 3 sec.
2025-10-21 15:56:25,118 - INFO - Error while receiving a control message (SocketClosed): received exception "read of closed file"
2025-10-21 15:56:52,597 - INFO - SocksPort=9150 status=200 url=https://cse.google.com/cse/element/v1?rsz=filtered_cse&num=10&hl=en&source=gcsc&cselibv=6467658b9628de43&cx=a72fbbffee86cd2d2&safe=active&cse_tok=AEXjvhJAX0xr1NQtNsXtSFnBxT4f%3A1761033396239&sort=&exp=cc%2Capo&rurl=https%3A%2F%2Fwww.social-searcher.com%2Ftwittercse.html%3Fq%3Dtest%26sort%3Ddate&q=3Ireland&start=0&callback=google.search.cse.api0
2025-10-21 15:56:57,127 - INFO - SocksPort=9150 status=200 url=https://cse.google.com/cse/element/v1?rsz=filtered_cse&num=10&hl=en&source=gcsc&cselibv=6467658b9628de43&cx=a72fbbffee86cd2d2&safe=active&cse_tok=AEXjvhJAX0xr1NQtNsXtSFnBxT4f%3A1761033396239&sort=&exp=cc%2Capo&rurl=https%3A%2F%2Fwww.social-searcher.com%2Ftwittercse.html%3Fq%3Dtest%26sort%3Ddate&q=3Ireland&start=10&callback=google.search.cse.api10
2025-10-21 15:57:02,042 - INFO - SocksPort=9150 status=200 url=https://cse.google.com/cse/element/v1?rsz=filtered_cse&num=10&hl=en&source=gcsc&cselibv=6467658b9628de43&cx=a72fbbffee86cd2d2&safe=active&cse_tok=AEXjvhJAX0xr1NQtNsXtSFnBxT4f%3A1761033396239&sort=&exp=cc%2Capo&rurl=https%3A%2F%2Fwww.social-searcher.com%2Ftwittercse.html%3Fq%3Dtest%26sort%3Ddate&q=3Ireland&start=20&callback=google.search.cse.api20
2025-10-21 15:57:06,052 - INFO - SocksPort=9150 status=200 url=https://cse.google.com/cse/element/v1?rsz=filtered_cse&num=10&hl=en&source=gcsc&cselibv=6467658b9628de43&cx=a72fbbffee86cd2d2&safe=active&cse_tok=AEXjvhJAX0xr1NQtNsXtSFnBxT4f%3A1761033396239&sort=&exp=cc%2Capo&rurl=https%3A%2F%2Fwww.social-searcher.com%2Ftwittercse.html%3Fq%3Dtest%26sort%3Ddate&q=3Ireland&start=30&callback=google.search.cse.api30
2025-10-21 15:57:06,058 - DEBUG - GETCONF __owningcontrollerprocess (runtime: 0.0004)
2025-10-21 15:57:06,071 - INFO - TOR cport auth: True. TOR NEW IDENTITY. Sleep 3 sec.
2025-10-21 15:57:09,077 - INFO - Error while receiving a control message (SocketClosed): received exception "read of closed file"
2025-10-21 15:57:14,945 - INFO - SocksPort=9150 status=200 url=https://cse.google.com/cse/element/v1?rsz=filtered_cse&num=10&hl=en&source=gcsc&cselibv=6467658b9628de43&cx=a72fbbffee86cd2d2&safe=active&cse_tok=AEXjvhJAX0xr1NQtNsXtSFnBxT4f%3A1761033396239&sort=&exp=cc%2Capo&rurl=https%3A%2F%2Fwww.social-searcher.com%2Ftwittercse.html%3Fq%3Dtest%26sort%3Ddate&q=3Ireland&start=40&callback=google.search.cse.api40
2025-10-21 15:57:20,782 - INFO - SocksPort=9150 status=200 url=https://cse.google.com/cse/element/v1?rsz=filtered_cse&num=10&hl=en&source=gcsc&cselibv=6467658b9628de43&cx=a72fbbffee86cd2d2&safe=active&cse_tok=AEXjvhJAX0xr1NQtNsXtSFnBxT4f%3A1761033396239&sort=&exp=cc%2Capo&rurl=https%3A%2F%2Fwww.social-searcher.com%2Ftwittercse.html%3Fq%3Dtest%26sort%3Ddate&q=3Ireland&start=50&callback=google.search.cse.api50
2025-10-21 15:57:25,946 - INFO - SocksPort=9150 status=200 url=https://cse.google.com/cse/element/v1?rsz=filtered_cse&num=10&hl=en&source=gcsc&cselibv=6467658b9628de43&cx=a72fbbffee86cd2d2&safe=active&cse_tok=AEXjvhJAX0xr1NQtNsXtSFnBxT4f%3A1761033396239&sort=&exp=cc%2Capo&rurl=https%3A%2F%2Fwww.social-searcher.com%2Ftwittercse.html%3Fq%3Dtest%26sort%3Ddate&q=3Ireland&start=60&callback=google.search.cse.api60
2025-10-21 15:57:28,769 - INFO - SocksPort=9150 status=200 url=https://cse.google.com/cse/element/v1?rsz=filtered_cse&num=10&hl=en&source=gcsc&cselibv=6467658b9628de43&cx=a72fbbffee86cd2d2&safe=active&cse_tok=AEXjvhJAX0xr1NQtNsXtSFnBxT4f%3A1761033396239&sort=&exp=cc%2Capo&rurl=https%3A%2F%2Fwww.social-searcher.com%2Ftwittercse.html%3Fq%3Dtest%26sort%3Ddate&q=3Ireland&start=70&callback=google.search.cse.api70
2025-10-21 15:57:32,216 - INFO - SocksPort=9150 status=200 url=https://cse.google.com/cse/element/v1?rsz=filtered_cse&num=10&hl=en&source=gcsc&cselibv=6467658b9628de43&cx=a72fbbffee86cd2d2&safe=active&cse_tok=AEXjvhJAX0xr1NQtNsXtSFnBxT4f%3A1761033396239&sort=&exp=cc%2Capo&rurl=https%3A%2F%2Fwww.social-searcher.com%2Ftwittercse.html%3Fq%3Dtest%26sort%3Ddate&q=3Ireland&start=80&callback=google.search.cse.api80
2025-10-21 15:57:32,221 - DEBUG - GETCONF __owningcontrollerprocess (runtime: 0.0003)
2025-10-21 15:57:32,237 - INFO - TOR cport auth: True. TOR NEW IDENTITY. Sleep 3 sec.
2025-10-21 15:57:35,242 - INFO - Error while receiving a control message (SocketClosed): received exception "read of closed file"
2025-10-21 15:57:37,678 - INFO - SocksPort=9150 status=200 url=https://cse.google.com/cse/element/v1?rsz=filtered_cse&num=10&hl=en&source=gcsc&cselibv=6467658b9628de43&cx=a72fbbffee86cd2d2&safe=active&cse_tok=AEXjvhJAX0xr1NQtNsXtSFnBxT4f%3A1761033396239&sort=&exp=cc%2Capo&rurl=https%3A%2F%2Fwww.social-searcher.com%2Ftwittercse.html%3Fq%3Dtest%26sort%3Ddate&q=3Ireland&start=90&callback=google.search.cse.api90
2025-10-21 15:57:37,685 - DEBUG - GETCONF __owningcontrollerprocess (runtime: 0.0004)
2025-10-21 15:57:37,686 - INFO - TOR cport auth: True. TOR NEW IDENTITY. Sleep 3 sec.
2025-10-21 15:57:40,691 - INFO - Error while receiving a control message (SocketClosed): received exception "read of closed file"
2025-10-21 15:58:17,003 - INFO - SocksPort=9150 status=200 url=https://cse.google.com/cse/element/v1?rsz=filtered_cse&num=10&hl=en&source=gcsc&cselibv=6467658b9628de43&cx=a72fbbffee86cd2d2&safe=active&cse_tok=AEXjvhK6UPYaLmovbsVYrAdp_8Y7%3A1761033472745&sort=&exp=cc%2Capo&rurl=https%3A%2F%2Fwww.social-searcher.com%2Ftwittercse.html%3Fq%3Dtest%26sort%3Ddate&q=3Ireland&start=90&callback=google.search.cse.api90
2025-10-21 15:58:22,528 - INFO - SocksPort=9150 status=200 url=https://cse.google.com/cse/element/v1?rsz=filtered_cse&num=10&hl=en&source=gcsc&cselibv=6467658b9628de43&cx=c4b97eed1414fcb14&safe=active&cse_tok=AEXjvhKUZmIt_f-VaEXL9mbdPsuP%3A1761033319312&sort=date&exp=cc%2Capo&rurl=https%3A%2F%2Fwww.social-searcher.com%2Finstagramcse.html%3Fq%3Dtest%26sort%3Ddate&q=3Ireland&start=0&callback=google.search.cse.api0
2025-10-21 15:58:26,575 - INFO - SocksPort=9150 status=200 url=https://cse.google.com/cse/element/v1?rsz=filtered_cse&num=10&hl=en&source=gcsc&cselibv=6467658b9628de43&cx=c4b97eed1414fcb14&safe=active&cse_tok=AEXjvhKUZmIt_f-VaEXL9mbdPsuP%3A1761033319312&sort=date&exp=cc%2Capo&rurl=https%3A%2F%2Fwww.social-searcher.com%2Finstagramcse.html%3Fq%3Dtest%26sort%3Ddate&q=3Ireland&start=10&callback=google.search.cse.api10
2025-10-21 15:58:29,593 - INFO - SocksPort=9150 status=200 url=https://cse.google.com/cse/element/v1?rsz=filtered_cse&num=10&hl=en&source=gcsc&cselibv=6467658b9628de43&cx=c4b97eed1414fcb14&safe=active&cse_tok=AEXjvhKUZmIt_f-VaEXL9mbdPsuP%3A1761033319312&sort=date&exp=cc%2Capo&rurl=https%3A%2F%2Fwww.social-searcher.com%2Finstagramcse.html%3Fq%3Dtest%26sort%3Ddate&q=3Ireland&start=20&callback=google.search.cse.api20
2025-10-21 15:58:29,599 - DEBUG - GETCONF __owningcontrollerprocess (runtime: 0.0003)
2025-10-21 15:58:29,613 - INFO - TOR cport auth: True. TOR NEW IDENTITY. Sleep 3 sec.
2025-10-21 15:58:32,619 - INFO - Error while receiving a control message (SocketClosed): received exception "read of closed file"
2025-10-21 15:58:36,659 - INFO - SocksPort=9150 status=200 url=https://cse.google.com/cse/element/v1?rsz=filtered_cse&num=10&hl=en&source=gcsc&cselibv=6467658b9628de43&cx=c4b97eed1414fcb14&safe=active&cse_tok=AEXjvhKUZmIt_f-VaEXL9mbdPsuP%3A1761033319312&sort=date&exp=cc%2Capo&rurl=https%3A%2F%2Fwww.social-searcher.com%2Finstagramcse.html%3Fq%3Dtest%26sort%3Ddate&q=3Ireland&start=30&callback=google.search.cse.api30
2025-10-21 15:58:40,859 - INFO - SocksPort=9150 status=200 url=https://cse.google.com/cse/element/v1?rsz=filtered_cse&num=10&hl=en&source=gcsc&cselibv=6467658b9628de43&cx=c4b97eed1414fcb14&safe=active&cse_tok=AEXjvhKUZmIt_f-VaEXL9mbdPsuP%3A1761033319312&sort=date&exp=cc%2Capo&rurl=https%3A%2F%2Fwww.social-searcher.com%2Finstagramcse.html%3Fq%3Dtest%26sort%3Ddate&q=3Ireland&start=40&callback=google.search.cse.api40
2025-10-21 15:58:44,033 - INFO - SocksPort=9150 status=200 url=https://cse.google.com/cse/element/v1?rsz=filtered_cse&num=10&hl=en&source=gcsc&cselibv=6467658b9628de43&cx=c4b97eed1414fcb14&safe=active&cse_tok=AEXjvhKUZmIt_f-VaEXL9mbdPsuP%3A1761033319312&sort=date&exp=cc%2Capo&rurl=https%3A%2F%2Fwww.social-searcher.com%2Finstagramcse.html%3Fq%3Dtest%26sort%3Ddate&q=3Ireland&start=50&callback=google.search.cse.api50
2025-10-21 15:58:48,332 - INFO - SocksPort=9150 status=200 url=https://cse.google.com/cse/element/v1?rsz=filtered_cse&num=10&hl=en&source=gcsc&cselibv=6467658b9628de43&cx=c4b97eed1414fcb14&safe=active&cse_tok=AEXjvhKUZmIt_f-VaEXL9mbdPsuP%3A1761033319312&sort=date&exp=cc%2Capo&rurl=https%3A%2F%2Fwww.social-searcher.com%2Finstagramcse.html%3Fq%3Dtest%26sort%3Ddate&q=3Ireland&start=60&callback=google.search.cse.api60
2025-10-21 15:58:51,943 - INFO - SocksPort=9150 status=200 url=https://cse.google.com/cse/element/v1?rsz=filtered_cse&num=10&hl=en&source=gcsc&cselibv=6467658b9628de43&cx=c4b97eed1414fcb14&safe=active&cse_tok=AEXjvhKUZmIt_f-VaEXL9mbdPsuP%3A1761033319312&sort=date&exp=cc%2Capo&rurl=https%3A%2F%2Fwww.social-searcher.com%2Finstagramcse.html%3Fq%3Dtest%26sort%3Ddate&q=3Ireland&start=70&callback=google.search.cse.api70
2025-10-21 15:58:51,947 - DEBUG - GETCONF __owningcontrollerprocess (runtime: 0.0003)
2025-10-21 15:58:51,961 - INFO - TOR cport auth: True. TOR NEW IDENTITY. Sleep 3 sec.
2025-10-21 15:58:54,964 - INFO - Error while receiving a control message (SocketClosed): received exception "read of closed file"
2025-10-21 15:58:59,100 - INFO - SocksPort=9150 status=200 url=https://cse.google.com/cse/element/v1?rsz=filtered_cse&num=10&hl=en&source=gcsc&cselibv=6467658b9628de43&cx=c4b97eed1414fcb14&safe=active&cse_tok=AEXjvhKUZmIt_f-VaEXL9mbdPsuP%3A1761033319312&sort=date&exp=cc%2Capo&rurl=https%3A%2F%2Fwww.social-searcher.com%2Finstagramcse.html%3Fq%3Dtest%26sort%3Ddate&q=3Ireland&start=80&callback=google.search.cse.api80
2025-10-21 15:59:03,692 - INFO - SocksPort=9150 status=200 url=https://cse.google.com/cse/element/v1?rsz=filtered_cse&num=10&hl=en&source=gcsc&cselibv=6467658b9628de43&cx=c4b97eed1414fcb14&safe=active&cse_tok=AEXjvhKUZmIt_f-VaEXL9mbdPsuP%3A1761033319312&sort=date&exp=cc%2Capo&rurl=https%3A%2F%2Fwww.social-searcher.com%2Finstagramcse.html%3Fq%3Dtest%26sort%3Ddate&q=3Ireland&start=90&callback=google.search.cse.api90
2025-10-21 15:59:07,073 - INFO - SocksPort=9150 status=200 url=https://cse.google.com/cse/element/v1?rsz=filtered_cse&num=10&hl=en&source=gcsc&cselibv=6467658b9628de43&cx=3fb7efb248d74e652&safe=active&cse_tok=AEXjvhJG9MHwWwAAXxWxBRbbpnoC%3A1761033323251&sort=date&exp=cc%2Capo&rurl=https%3A%2F%2Fwww.social-searcher.com%2Flinkedincse.html%3Fq%3Dtest%26sort%3Ddate&q=3Ireland&start=0&callback=google.search.cse.api0
2025-10-21 15:59:10,856 - INFO - SocksPort=9150 status=200 url=https://cse.google.com/cse/element/v1?rsz=filtered_cse&num=10&hl=en&source=gcsc&cselibv=6467658b9628de43&cx=3fb7efb248d74e652&safe=active&cse_tok=AEXjvhJG9MHwWwAAXxWxBRbbpnoC%3A1761033323251&sort=date&exp=cc%2Capo&rurl=https%3A%2F%2Fwww.social-searcher.com%2Flinkedincse.html%3Fq%3Dtest%26sort%3Ddate&q=3Ireland&start=10&callback=google.search.cse.api10
2025-10-21 15:59:13,860 - INFO - SocksPort=9150 status=200 url=https://cse.google.com/cse/element/v1?rsz=filtered_cse&num=10&hl=en&source=gcsc&cselibv=6467658b9628de43&cx=3fb7efb248d74e652&safe=active&cse_tok=AEXjvhJG9MHwWwAAXxWxBRbbpnoC%3A1761033323251&sort=date&exp=cc%2Capo&rurl=https%3A%2F%2Fwww.social-searcher.com%2Flinkedincse.html%3Fq%3Dtest%26sort%3Ddate&q=3Ireland&start=20&callback=google.search.cse.api20
2025-10-21 15:59:13,870 - DEBUG - GETCONF __owningcontrollerprocess (runtime: 0.0003)
2025-10-21 15:59:13,883 - INFO - TOR cport auth: True. TOR NEW IDENTITY. Sleep 3 sec.
2025-10-21 15:59:16,888 - INFO - Error while receiving a control message (SocketClosed): received exception "read of closed file"
2025-10-21 15:59:20,330 - INFO - SocksPort=9150 status=200 url=https://cse.google.com/cse/element/v1?rsz=filtered_cse&num=10&hl=en&source=gcsc&cselibv=6467658b9628de43&cx=3fb7efb248d74e652&safe=active&cse_tok=AEXjvhJG9MHwWwAAXxWxBRbbpnoC%3A1761033323251&sort=date&exp=cc%2Capo&rurl=https%3A%2F%2Fwww.social-searcher.com%2Flinkedincse.html%3Fq%3Dtest%26sort%3Ddate&q=3Ireland&start=30&callback=google.search.cse.api30
2025-10-21 15:59:23,190 - INFO - SocksPort=9150 status=200 url=https://cse.google.com/cse/element/v1?rsz=filtered_cse&num=10&hl=en&source=gcsc&cselibv=6467658b9628de43&cx=3fb7efb248d74e652&safe=active&cse_tok=AEXjvhJG9MHwWwAAXxWxBRbbpnoC%3A1761033323251&sort=date&exp=cc%2Capo&rurl=https%3A%2F%2Fwww.social-searcher.com%2Flinkedincse.html%3Fq%3Dtest%26sort%3Ddate&q=3Ireland&start=40&callback=google.search.cse.api40
2025-10-21 15:59:27,346 - INFO - SocksPort=9150 status=200 url=https://cse.google.com/cse/element/v1?rsz=filtered_cse&num=10&hl=en&source=gcsc&cselibv=6467658b9628de43&cx=3fb7efb248d74e652&safe=active&cse_tok=AEXjvhJG9MHwWwAAXxWxBRbbpnoC%3A1761033323251&sort=date&exp=cc%2Capo&rurl=https%3A%2F%2Fwww.social-searcher.com%2Flinkedincse.html%3Fq%3Dtest%26sort%3Ddate&q=3Ireland&start=50&callback=google.search.cse.api50
2025-10-21 15:59:30,067 - INFO - SocksPort=9150 status=200 url=https://cse.google.com/cse/element/v1?rsz=filtered_cse&num=10&hl=en&source=gcsc&cselibv=6467658b9628de43&cx=3fb7efb248d74e652&safe=active&cse_tok=AEXjvhJG9MHwWwAAXxWxBRbbpnoC%3A1761033323251&sort=date&exp=cc%2Capo&rurl=https%3A%2F%2Fwww.social-searcher.com%2Flinkedincse.html%3Fq%3Dtest%26sort%3Ddate&q=3Ireland&start=60&callback=google.search.cse.api60
2025-10-21 15:59:34,099 - INFO - SocksPort=9150 status=200 url=https://cse.google.com/cse/element/v1?rsz=filtered_cse&num=10&hl=en&source=gcsc&cselibv=6467658b9628de43&cx=3fb7efb248d74e652&safe=active&cse_tok=AEXjvhJG9MHwWwAAXxWxBRbbpnoC%3A1761033323251&sort=date&exp=cc%2Capo&rurl=https%3A%2F%2Fwww.social-searcher.com%2Flinkedincse.html%3Fq%3Dtest%26sort%3Ddate&q=3Ireland&start=70&callback=google.search.cse.api70
2025-10-21 15:59:34,104 - DEBUG - GETCONF __owningcontrollerprocess (runtime: 0.0003)
2025-10-21 15:59:34,121 - INFO - TOR cport auth: True. TOR NEW IDENTITY. Sleep 3 sec.
2025-10-21 15:59:37,127 - INFO - Error while receiving a control message (SocketClosed): received exception "read of closed file"
2025-10-21 15:59:41,784 - INFO - SocksPort=9150 status=200 url=https://cse.google.com/cse/element/v1?rsz=filtered_cse&num=10&hl=en&source=gcsc&cselibv=6467658b9628de43&cx=3fb7efb248d74e652&safe=active&cse_tok=AEXjvhJG9MHwWwAAXxWxBRbbpnoC%3A1761033323251&sort=date&exp=cc%2Capo&rurl=https%3A%2F%2Fwww.social-searcher.com%2Flinkedincse.html%3Fq%3Dtest%26sort%3Ddate&q=3Ireland&start=80&callback=google.search.cse.api80
2025-10-21 15:59:45,778 - INFO - SocksPort=9150 status=200 url=https://cse.google.com/cse/element/v1?rsz=filtered_cse&num=10&hl=en&source=gcsc&cselibv=6467658b9628de43&cx=3fb7efb248d74e652&safe=active&cse_tok=AEXjvhJG9MHwWwAAXxWxBRbbpnoC%3A1761033323251&sort=date&exp=cc%2Capo&rurl=https%3A%2F%2Fwww.social-searcher.com%2Flinkedincse.html%3Fq%3Dtest%26sort%3Ddate&q=3Ireland&start=90&callback=google.search.cse.api90
2025-10-21 15:59:45,790 - INFO - [OK] Step completed: Execute social media search
2025-10-21 15:59:45,790 - INFO - [SUCCESS] Search process completed!
2025-10-21 15:59:45,790 - INFO - [SUMMARY] Search Summary:
2025-10-21 15:59:45,791 - INFO -    Query keyword: 3Ireland
2025-10-21 15:59:45,791 - INFO -    Search platforms: 4 platforms
2025-10-21 15:59:45,791 - INFO -    Total results: 400
2025-10-21 15:59:45,791 - INFO -    FACEBOOK: 100 results
2025-10-21 15:59:45,791 - INFO -    TWITTER: 100 results
2025-10-21 15:59:45,791 - INFO -    INSTAGRAM: 100 results
2025-10-21 15:59:45,791 - INFO -    LINKEDIN: 100 results
2025-10-21 15:59:45,792 - INFO - Log saved to: logs/search_log.json
