2025-11-03 19:40:13,203 - INFO - [START] Starting social media search process - Query: 'Waston'
2025-11-03 19:40:13,204 - INFO - [INFO] Starting step: Get all platform CSE parameters
2025-11-03 19:40:33,269 - INFO - Added date sorting for FACEBOOK
2025-11-03 19:40:33,270 - INFO - Added date sorting for TWITTER
2025-11-03 19:40:33,270 - INFO - Added date sorting for INSTAGRAM
2025-11-03 19:40:33,270 - INFO - Added date sorting for LINKEDIN
2025-11-03 19:40:33,270 - INFO - [OK] Step completed: Get all platform CSE parameters
2025-11-03 19:40:33,270 - INFO - [INFO] Starting step: Save parameters
2025-11-03 19:40:33,271 - INFO - [OK] Step completed: Save parameters
2025-11-03 19:40:33,271 - INFO - [INFO] Starting step: Execute social media search
2025-11-03 19:40:35,505 - INFO - SocksPort=9150 status=200 url=https://cse.google.com/cse/element/v1?rsz=filtered_cse&num=10&hl=en&source=gcsc&cselibv=6467658b9628de43&cx=294a079ba2d4267d5&safe=active&cse_tok=AEXjvhJkP3vLAeg9_GfEw1FLxYzs%3A1762170018262&sort=date&exp=cc%2Capo&rurl=https%3A%2F%2Fwww.social-searcher.com%2Ffacebookcse.html%3Fq%3Dtest%26sort%3Ddate&q=Waston&start=0&callback=google.search.cse.api0
2025-11-03 19:40:38,104 - INFO - SocksPort=9150 status=200 url=https://cse.google.com/cse/element/v1?rsz=filtered_cse&num=10&hl=en&source=gcsc&cselibv=6467658b9628de43&cx=294a079ba2d4267d5&safe=active&cse_tok=AEXjvhJkP3vLAeg9_GfEw1FLxYzs%3A1762170018262&sort=date&exp=cc%2Capo&rurl=https%3A%2F%2Fwww.social-searcher.com%2Ffacebookcse.html%3Fq%3Dtest%26sort%3Ddate&q=Waston&start=10&callback=google.search.cse.api10
2025-11-03 19:40:40,885 - INFO - SocksPort=9150 status=200 url=https://cse.google.com/cse/element/v1?rsz=filtered_cse&num=10&hl=en&source=gcsc&cselibv=6467658b9628de43&cx=294a079ba2d4267d5&safe=active&cse_tok=AEXjvhJkP3vLAeg9_GfEw1FLxYzs%3A1762170018262&sort=date&exp=cc%2Capo&rurl=https%3A%2F%2Fwww.social-searcher.com%2Ffacebookcse.html%3Fq%3Dtest%26sort%3Ddate&q=Waston&start=20&callback=google.search.cse.api20
2025-11-03 19:40:43,350 - INFO - SocksPort=9150 status=200 url=https://cse.google.com/cse/element/v1?rsz=filtered_cse&num=10&hl=en&source=gcsc&cselibv=6467658b9628de43&cx=294a079ba2d4267d5&safe=active&cse_tok=AEXjvhJkP3vLAeg9_GfEw1FLxYzs%3A1762170018262&sort=date&exp=cc%2Capo&rurl=https%3A%2F%2Fwww.social-searcher.com%2Ffacebookcse.html%3Fq%3Dtest%26sort%3Ddate&q=Waston&start=30&callback=google.search.cse.api30
2025-11-03 19:40:46,245 - INFO - SocksPort=9150 status=200 url=https://cse.google.com/cse/element/v1?rsz=filtered_cse&num=10&hl=en&source=gcsc&cselibv=6467658b9628de43&cx=294a079ba2d4267d5&safe=active&cse_tok=AEXjvhJkP3vLAeg9_GfEw1FLxYzs%3A1762170018262&sort=date&exp=cc%2Capo&rurl=https%3A%2F%2Fwww.social-searcher.com%2Ffacebookcse.html%3Fq%3Dtest%26sort%3Ddate&q=Waston&start=40&callback=google.search.cse.api40
2025-11-03 19:40:46,266 - DEBUG - GETCONF __owningcontrollerprocess (runtime: 0.0002)
2025-11-03 19:40:46,282 - INFO - TOR cport auth: True. TOR NEW IDENTITY. Sleep 3 sec.
2025-11-03 19:40:49,288 - INFO - Error while receiving a control message (SocketClosed): received exception "read of closed file"
2025-11-03 19:40:51,809 - INFO - SocksPort=9150 status=200 url=https://cse.google.com/cse/element/v1?rsz=filtered_cse&num=10&hl=en&source=gcsc&cselibv=6467658b9628de43&cx=294a079ba2d4267d5&safe=active&cse_tok=AEXjvhJkP3vLAeg9_GfEw1FLxYzs%3A1762170018262&sort=date&exp=cc%2Capo&rurl=https%3A%2F%2Fwww.social-searcher.com%2Ffacebookcse.html%3Fq%3Dtest%26sort%3Ddate&q=Waston&start=50&callback=google.search.cse.api50
2025-11-03 19:40:54,007 - INFO - SocksPort=9150 status=200 url=https://cse.google.com/cse/element/v1?rsz=filtered_cse&num=10&hl=en&source=gcsc&cselibv=6467658b9628de43&cx=294a079ba2d4267d5&safe=active&cse_tok=AEXjvhJkP3vLAeg9_GfEw1FLxYzs%3A1762170018262&sort=date&exp=cc%2Capo&rurl=https%3A%2F%2Fwww.social-searcher.com%2Ffacebookcse.html%3Fq%3Dtest%26sort%3Ddate&q=Waston&start=60&callback=google.search.cse.api60
2025-11-03 19:40:58,994 - INFO - SocksPort=9150 status=200 url=https://cse.google.com/cse/element/v1?rsz=filtered_cse&num=10&hl=en&source=gcsc&cselibv=6467658b9628de43&cx=294a079ba2d4267d5&safe=active&cse_tok=AEXjvhJkP3vLAeg9_GfEw1FLxYzs%3A1762170018262&sort=date&exp=cc%2Capo&rurl=https%3A%2F%2Fwww.social-searcher.com%2Ffacebookcse.html%3Fq%3Dtest%26sort%3Ddate&q=Waston&start=70&callback=google.search.cse.api70
2025-11-03 19:41:00,926 - INFO - SocksPort=9150 status=200 url=https://cse.google.com/cse/element/v1?rsz=filtered_cse&num=10&hl=en&source=gcsc&cselibv=6467658b9628de43&cx=294a079ba2d4267d5&safe=active&cse_tok=AEXjvhJkP3vLAeg9_GfEw1FLxYzs%3A1762170018262&sort=date&exp=cc%2Capo&rurl=https%3A%2F%2Fwww.social-searcher.com%2Ffacebookcse.html%3Fq%3Dtest%26sort%3Ddate&q=Waston&start=80&callback=google.search.cse.api80
2025-11-03 19:41:03,326 - INFO - SocksPort=9150 status=200 url=https://cse.google.com/cse/element/v1?rsz=filtered_cse&num=10&hl=en&source=gcsc&cselibv=6467658b9628de43&cx=294a079ba2d4267d5&safe=active&cse_tok=AEXjvhJkP3vLAeg9_GfEw1FLxYzs%3A1762170018262&sort=date&exp=cc%2Capo&rurl=https%3A%2F%2Fwww.social-searcher.com%2Ffacebookcse.html%3Fq%3Dtest%26sort%3Ddate&q=Waston&start=90&callback=google.search.cse.api90
2025-11-03 19:41:03,329 - DEBUG - GETCONF __owningcontrollerprocess (runtime: 0.0003)
2025-11-03 19:41:03,353 - INFO - TOR cport auth: True. TOR NEW IDENTITY. Sleep 3 sec.
2025-11-03 19:41:06,358 - INFO - Error while receiving a control message (SocketClosed): received exception "[Errno 9] Bad file descriptor"
2025-11-03 19:41:08,879 - INFO - SocksPort=9150 status=200 url=https://cse.google.com/cse/element/v1?rsz=filtered_cse&num=10&hl=en&source=gcsc&cselibv=6467658b9628de43&cx=a72fbbffee86cd2d2&safe=active&cse_tok=AEXjvhJ5e9yEBZF7_PD0xLSUD6PS%3A1762170022496&sort=date&exp=cc%2Capo&rurl=https%3A%2F%2Fwww.social-searcher.com%2Ftwittercse.html%3Fq%3Dtest%26sort%3Ddate&q=Waston&start=0&callback=google.search.cse.api0
2025-11-03 19:41:12,052 - INFO - SocksPort=9150 status=200 url=https://cse.google.com/cse/element/v1?rsz=filtered_cse&num=10&hl=en&source=gcsc&cselibv=6467658b9628de43&cx=a72fbbffee86cd2d2&safe=active&cse_tok=AEXjvhJ5e9yEBZF7_PD0xLSUD6PS%3A1762170022496&sort=date&exp=cc%2Capo&rurl=https%3A%2F%2Fwww.social-searcher.com%2Ftwittercse.html%3Fq%3Dtest%26sort%3Ddate&q=Waston&start=10&callback=google.search.cse.api10
2025-11-03 19:41:14,329 - INFO - SocksPort=9150 status=200 url=https://cse.google.com/cse/element/v1?rsz=filtered_cse&num=10&hl=en&source=gcsc&cselibv=6467658b9628de43&cx=a72fbbffee86cd2d2&safe=active&cse_tok=AEXjvhJ5e9yEBZF7_PD0xLSUD6PS%3A1762170022496&sort=date&exp=cc%2Capo&rurl=https%3A%2F%2Fwww.social-searcher.com%2Ftwittercse.html%3Fq%3Dtest%26sort%3Ddate&q=Waston&start=20&callback=google.search.cse.api20
2025-11-03 19:41:17,183 - INFO - SocksPort=9150 status=200 url=https://cse.google.com/cse/element/v1?rsz=filtered_cse&num=10&hl=en&source=gcsc&cselibv=6467658b9628de43&cx=a72fbbffee86cd2d2&safe=active&cse_tok=AEXjvhJ5e9yEBZF7_PD0xLSUD6PS%3A1762170022496&sort=date&exp=cc%2Capo&rurl=https%3A%2F%2Fwww.social-searcher.com%2Ftwittercse.html%3Fq%3Dtest%26sort%3Ddate&q=Waston&start=30&callback=google.search.cse.api30
2025-11-03 19:41:19,825 - INFO - SocksPort=9150 status=200 url=https://cse.google.com/cse/element/v1?rsz=filtered_cse&num=10&hl=en&source=gcsc&cselibv=6467658b9628de43&cx=a72fbbffee86cd2d2&safe=active&cse_tok=AEXjvhJ5e9yEBZF7_PD0xLSUD6PS%3A1762170022496&sort=date&exp=cc%2Capo&rurl=https%3A%2F%2Fwww.social-searcher.com%2Ftwittercse.html%3Fq%3Dtest%26sort%3Ddate&q=Waston&start=40&callback=google.search.cse.api40
2025-11-03 19:41:19,829 - DEBUG - GETCONF __owningcontrollerprocess (runtime: 0.0003)
2025-11-03 19:41:19,845 - INFO - TOR cport auth: True. TOR NEW IDENTITY. Sleep 3 sec.
2025-11-03 19:41:22,851 - INFO - Error while receiving a control message (SocketClosed): received exception "[Errno 9] Bad file descriptor"
2025-11-03 19:41:25,390 - INFO - SocksPort=9150 status=200 url=https://cse.google.com/cse/element/v1?rsz=filtered_cse&num=10&hl=en&source=gcsc&cselibv=6467658b9628de43&cx=a72fbbffee86cd2d2&safe=active&cse_tok=AEXjvhJ5e9yEBZF7_PD0xLSUD6PS%3A1762170022496&sort=date&exp=cc%2Capo&rurl=https%3A%2F%2Fwww.social-searcher.com%2Ftwittercse.html%3Fq%3Dtest%26sort%3Ddate&q=Waston&start=50&callback=google.search.cse.api50
2025-11-03 19:41:30,197 - INFO - SocksPort=9150 status=200 url=https://cse.google.com/cse/element/v1?rsz=filtered_cse&num=10&hl=en&source=gcsc&cselibv=6467658b9628de43&cx=a72fbbffee86cd2d2&safe=active&cse_tok=AEXjvhJ5e9yEBZF7_PD0xLSUD6PS%3A1762170022496&sort=date&exp=cc%2Capo&rurl=https%3A%2F%2Fwww.social-searcher.com%2Ftwittercse.html%3Fq%3Dtest%26sort%3Ddate&q=Waston&start=60&callback=google.search.cse.api60
2025-11-03 19:41:32,757 - INFO - SocksPort=9150 status=200 url=https://cse.google.com/cse/element/v1?rsz=filtered_cse&num=10&hl=en&source=gcsc&cselibv=6467658b9628de43&cx=a72fbbffee86cd2d2&safe=active&cse_tok=AEXjvhJ5e9yEBZF7_PD0xLSUD6PS%3A1762170022496&sort=date&exp=cc%2Capo&rurl=https%3A%2F%2Fwww.social-searcher.com%2Ftwittercse.html%3Fq%3Dtest%26sort%3Ddate&q=Waston&start=70&callback=google.search.cse.api70
2025-11-03 19:41:37,173 - INFO - SocksPort=9150 status=200 url=https://cse.google.com/cse/element/v1?rsz=filtered_cse&num=10&hl=en&source=gcsc&cselibv=6467658b9628de43&cx=a72fbbffee86cd2d2&safe=active&cse_tok=AEXjvhJ5e9yEBZF7_PD0xLSUD6PS%3A1762170022496&sort=date&exp=cc%2Capo&rurl=https%3A%2F%2Fwww.social-searcher.com%2Ftwittercse.html%3Fq%3Dtest%26sort%3Ddate&q=Waston&start=80&callback=google.search.cse.api80
2025-11-03 19:41:40,311 - INFO - SocksPort=9150 status=200 url=https://cse.google.com/cse/element/v1?rsz=filtered_cse&num=10&hl=en&source=gcsc&cselibv=6467658b9628de43&cx=a72fbbffee86cd2d2&safe=active&cse_tok=AEXjvhJ5e9yEBZF7_PD0xLSUD6PS%3A1762170022496&sort=date&exp=cc%2Capo&rurl=https%3A%2F%2Fwww.social-searcher.com%2Ftwittercse.html%3Fq%3Dtest%26sort%3Ddate&q=Waston&start=90&callback=google.search.cse.api90
2025-11-03 19:41:40,316 - DEBUG - GETCONF __owningcontrollerprocess (runtime: 0.0005)
2025-11-03 19:41:40,334 - INFO - TOR cport auth: True. TOR NEW IDENTITY. Sleep 3 sec.
2025-11-03 19:41:43,340 - INFO - Error while receiving a control message (SocketClosed): received exception "read of closed file"
2025-11-03 19:41:45,446 - INFO - SocksPort=9150 status=200 url=https://cse.google.com/cse/element/v1?rsz=filtered_cse&num=10&hl=en&source=gcsc&cselibv=6467658b9628de43&cx=c4b97eed1414fcb14&safe=active&cse_tok=AEXjvhJJ5QkfugFUxXIOlwVZ7f57%3A1762170027279&sort=date&exp=cc%2Capo&rurl=https%3A%2F%2Fwww.social-searcher.com%2Finstagramcse.html%3Fq%3Dtest%26sort%3Ddate&q=Waston&start=0&callback=google.search.cse.api0
2025-11-03 19:41:48,588 - INFO - SocksPort=9150 status=200 url=https://cse.google.com/cse/element/v1?rsz=filtered_cse&num=10&hl=en&source=gcsc&cselibv=6467658b9628de43&cx=c4b97eed1414fcb14&safe=active&cse_tok=AEXjvhJJ5QkfugFUxXIOlwVZ7f57%3A1762170027279&sort=date&exp=cc%2Capo&rurl=https%3A%2F%2Fwww.social-searcher.com%2Finstagramcse.html%3Fq%3Dtest%26sort%3Ddate&q=Waston&start=10&callback=google.search.cse.api10
2025-11-03 19:41:50,946 - INFO - SocksPort=9150 status=200 url=https://cse.google.com/cse/element/v1?rsz=filtered_cse&num=10&hl=en&source=gcsc&cselibv=6467658b9628de43&cx=c4b97eed1414fcb14&safe=active&cse_tok=AEXjvhJJ5QkfugFUxXIOlwVZ7f57%3A1762170027279&sort=date&exp=cc%2Capo&rurl=https%3A%2F%2Fwww.social-searcher.com%2Finstagramcse.html%3Fq%3Dtest%26sort%3Ddate&q=Waston&start=20&callback=google.search.cse.api20
2025-11-03 19:41:53,529 - INFO - SocksPort=9150 status=200 url=https://cse.google.com/cse/element/v1?rsz=filtered_cse&num=10&hl=en&source=gcsc&cselibv=6467658b9628de43&cx=c4b97eed1414fcb14&safe=active&cse_tok=AEXjvhJJ5QkfugFUxXIOlwVZ7f57%3A1762170027279&sort=date&exp=cc%2Capo&rurl=https%3A%2F%2Fwww.social-searcher.com%2Finstagramcse.html%3Fq%3Dtest%26sort%3Ddate&q=Waston&start=30&callback=google.search.cse.api30
2025-11-03 19:41:56,269 - INFO - SocksPort=9150 status=200 url=https://cse.google.com/cse/element/v1?rsz=filtered_cse&num=10&hl=en&source=gcsc&cselibv=6467658b9628de43&cx=c4b97eed1414fcb14&safe=active&cse_tok=AEXjvhJJ5QkfugFUxXIOlwVZ7f57%3A1762170027279&sort=date&exp=cc%2Capo&rurl=https%3A%2F%2Fwww.social-searcher.com%2Finstagramcse.html%3Fq%3Dtest%26sort%3Ddate&q=Waston&start=40&callback=google.search.cse.api40
2025-11-03 19:41:56,275 - DEBUG - GETCONF __owningcontrollerprocess (runtime: 0.0003)
2025-11-03 19:41:56,289 - INFO - TOR cport auth: True. TOR NEW IDENTITY. Sleep 3 sec.
2025-11-03 19:41:59,294 - INFO - Error while receiving a control message (SocketClosed): received exception "read of closed file"
2025-11-03 19:42:01,828 - INFO - SocksPort=9150 status=200 url=https://cse.google.com/cse/element/v1?rsz=filtered_cse&num=10&hl=en&source=gcsc&cselibv=6467658b9628de43&cx=c4b97eed1414fcb14&safe=active&cse_tok=AEXjvhJJ5QkfugFUxXIOlwVZ7f57%3A1762170027279&sort=date&exp=cc%2Capo&rurl=https%3A%2F%2Fwww.social-searcher.com%2Finstagramcse.html%3Fq%3Dtest%26sort%3Ddate&q=Waston&start=50&callback=google.search.cse.api50
2025-11-03 19:42:04,612 - INFO - SocksPort=9150 status=200 url=https://cse.google.com/cse/element/v1?rsz=filtered_cse&num=10&hl=en&source=gcsc&cselibv=6467658b9628de43&cx=c4b97eed1414fcb14&safe=active&cse_tok=AEXjvhJJ5QkfugFUxXIOlwVZ7f57%3A1762170027279&sort=date&exp=cc%2Capo&rurl=https%3A%2F%2Fwww.social-searcher.com%2Finstagramcse.html%3Fq%3Dtest%26sort%3Ddate&q=Waston&start=60&callback=google.search.cse.api60
2025-11-03 19:42:06,621 - INFO - SocksPort=9150 status=200 url=https://cse.google.com/cse/element/v1?rsz=filtered_cse&num=10&hl=en&source=gcsc&cselibv=6467658b9628de43&cx=c4b97eed1414fcb14&safe=active&cse_tok=AEXjvhJJ5QkfugFUxXIOlwVZ7f57%3A1762170027279&sort=date&exp=cc%2Capo&rurl=https%3A%2F%2Fwww.social-searcher.com%2Finstagramcse.html%3Fq%3Dtest%26sort%3Ddate&q=Waston&start=70&callback=google.search.cse.api70
2025-11-03 19:42:08,964 - INFO - SocksPort=9150 status=200 url=https://cse.google.com/cse/element/v1?rsz=filtered_cse&num=10&hl=en&source=gcsc&cselibv=6467658b9628de43&cx=c4b97eed1414fcb14&safe=active&cse_tok=AEXjvhJJ5QkfugFUxXIOlwVZ7f57%3A1762170027279&sort=date&exp=cc%2Capo&rurl=https%3A%2F%2Fwww.social-searcher.com%2Finstagramcse.html%3Fq%3Dtest%26sort%3Ddate&q=Waston&start=80&callback=google.search.cse.api80
2025-11-03 19:42:11,903 - INFO - SocksPort=9150 status=200 url=https://cse.google.com/cse/element/v1?rsz=filtered_cse&num=10&hl=en&source=gcsc&cselibv=6467658b9628de43&cx=c4b97eed1414fcb14&safe=active&cse_tok=AEXjvhJJ5QkfugFUxXIOlwVZ7f57%3A1762170027279&sort=date&exp=cc%2Capo&rurl=https%3A%2F%2Fwww.social-searcher.com%2Finstagramcse.html%3Fq%3Dtest%26sort%3Ddate&q=Waston&start=90&callback=google.search.cse.api90
2025-11-03 19:42:11,908 - DEBUG - GETCONF __owningcontrollerprocess (runtime: 0.0003)
2025-11-03 19:42:11,925 - INFO - TOR cport auth: True. TOR NEW IDENTITY. Sleep 3 sec.
2025-11-03 19:42:14,930 - INFO - Error while receiving a control message (SocketClosed): received exception "read of closed file"
2025-11-03 19:42:17,013 - INFO - SocksPort=9150 status=200 url=https://cse.google.com/cse/element/v1?rsz=filtered_cse&num=10&hl=en&source=gcsc&cselibv=6467658b9628de43&cx=3fb7efb248d74e652&safe=active&cse_tok=AEXjvhLrAvJMQfHXqS2z2lVGvNg-%3A1762170031927&sort=date&exp=cc%2Capo&rurl=https%3A%2F%2Fwww.social-searcher.com%2Flinkedincse.html%3Fq%3Dtest%26sort%3Ddate&q=Waston&start=0&callback=google.search.cse.api0
2025-11-03 19:42:19,583 - INFO - SocksPort=9150 status=200 url=https://cse.google.com/cse/element/v1?rsz=filtered_cse&num=10&hl=en&source=gcsc&cselibv=6467658b9628de43&cx=3fb7efb248d74e652&safe=active&cse_tok=AEXjvhLrAvJMQfHXqS2z2lVGvNg-%3A1762170031927&sort=date&exp=cc%2Capo&rurl=https%3A%2F%2Fwww.social-searcher.com%2Flinkedincse.html%3Fq%3Dtest%26sort%3Ddate&q=Waston&start=10&callback=google.search.cse.api10
2025-11-03 19:42:22,277 - INFO - SocksPort=9150 status=200 url=https://cse.google.com/cse/element/v1?rsz=filtered_cse&num=10&hl=en&source=gcsc&cselibv=6467658b9628de43&cx=3fb7efb248d74e652&safe=active&cse_tok=AEXjvhLrAvJMQfHXqS2z2lVGvNg-%3A1762170031927&sort=date&exp=cc%2Capo&rurl=https%3A%2F%2Fwww.social-searcher.com%2Flinkedincse.html%3Fq%3Dtest%26sort%3Ddate&q=Waston&start=20&callback=google.search.cse.api20
2025-11-03 19:42:24,010 - INFO - SocksPort=9150 status=200 url=https://cse.google.com/cse/element/v1?rsz=filtered_cse&num=10&hl=en&source=gcsc&cselibv=6467658b9628de43&cx=3fb7efb248d74e652&safe=active&cse_tok=AEXjvhLrAvJMQfHXqS2z2lVGvNg-%3A1762170031927&sort=date&exp=cc%2Capo&rurl=https%3A%2F%2Fwww.social-searcher.com%2Flinkedincse.html%3Fq%3Dtest%26sort%3Ddate&q=Waston&start=30&callback=google.search.cse.api30
2025-11-03 19:42:26,956 - INFO - SocksPort=9150 status=200 url=https://cse.google.com/cse/element/v1?rsz=filtered_cse&num=10&hl=en&source=gcsc&cselibv=6467658b9628de43&cx=3fb7efb248d74e652&safe=active&cse_tok=AEXjvhLrAvJMQfHXqS2z2lVGvNg-%3A1762170031927&sort=date&exp=cc%2Capo&rurl=https%3A%2F%2Fwww.social-searcher.com%2Flinkedincse.html%3Fq%3Dtest%26sort%3Ddate&q=Waston&start=40&callback=google.search.cse.api40
2025-11-03 19:42:26,962 - DEBUG - GETCONF __owningcontrollerprocess (runtime: 0.0004)
2025-11-03 19:42:26,979 - INFO - TOR cport auth: True. TOR NEW IDENTITY. Sleep 3 sec.
2025-11-03 19:42:29,984 - INFO - Error while receiving a control message (SocketClosed): received exception "read of closed file"
2025-11-03 19:42:32,356 - INFO - SocksPort=9150 status=200 url=https://cse.google.com/cse/element/v1?rsz=filtered_cse&num=10&hl=en&source=gcsc&cselibv=6467658b9628de43&cx=3fb7efb248d74e652&safe=active&cse_tok=AEXjvhLrAvJMQfHXqS2z2lVGvNg-%3A1762170031927&sort=date&exp=cc%2Capo&rurl=https%3A%2F%2Fwww.social-searcher.com%2Flinkedincse.html%3Fq%3Dtest%26sort%3Ddate&q=Waston&start=50&callback=google.search.cse.api50
2025-11-03 19:42:34,952 - INFO - SocksPort=9150 status=200 url=https://cse.google.com/cse/element/v1?rsz=filtered_cse&num=10&hl=en&source=gcsc&cselibv=6467658b9628de43&cx=3fb7efb248d74e652&safe=active&cse_tok=AEXjvhLrAvJMQfHXqS2z2lVGvNg-%3A1762170031927&sort=date&exp=cc%2Capo&rurl=https%3A%2F%2Fwww.social-searcher.com%2Flinkedincse.html%3Fq%3Dtest%26sort%3Ddate&q=Waston&start=60&callback=google.search.cse.api60
2025-11-03 19:42:34,964 - DEBUG - GETCONF __owningcontrollerprocess (runtime: 0.0003)
2025-11-03 19:42:34,965 - INFO - TOR cport auth: True. TOR NEW IDENTITY. Sleep 3 sec.
2025-11-03 19:42:37,968 - INFO - Error while receiving a control message (SocketClosed): received exception "read of closed file"
2025-11-03 19:43:08,777 - INFO - SocksPort=9150 status=200 url=https://cse.google.com/cse/element/v1?rsz=filtered_cse&num=10&hl=en&source=gcsc&cselibv=6467658b9628de43&cx=3fb7efb248d74e652&safe=active&cse_tok=AEXjvhKfzPGr4dhKEumqlaykG48H%3A1762170168055&sort=&exp=cc%2Capo&rurl=https%3A%2F%2Fwww.social-searcher.com%2Flinkedincse.html%3Fq%3Dtest%26sort%3Ddate&q=Waston&start=60&callback=google.search.cse.api60
2025-11-03 19:43:11,448 - INFO - SocksPort=9150 status=200 url=https://cse.google.com/cse/element/v1?rsz=filtered_cse&num=10&hl=en&source=gcsc&cselibv=6467658b9628de43&cx=3fb7efb248d74e652&safe=active&cse_tok=AEXjvhKfzPGr4dhKEumqlaykG48H%3A1762170168055&sort=&exp=cc%2Capo&rurl=https%3A%2F%2Fwww.social-searcher.com%2Flinkedincse.html%3Fq%3Dtest%26sort%3Ddate&q=Waston&start=70&callback=google.search.cse.api70
2025-11-03 19:43:14,226 - INFO - SocksPort=9150 status=200 url=https://cse.google.com/cse/element/v1?rsz=filtered_cse&num=10&hl=en&source=gcsc&cselibv=6467658b9628de43&cx=3fb7efb248d74e652&safe=active&cse_tok=AEXjvhKfzPGr4dhKEumqlaykG48H%3A1762170168055&sort=&exp=cc%2Capo&rurl=https%3A%2F%2Fwww.social-searcher.com%2Flinkedincse.html%3Fq%3Dtest%26sort%3Ddate&q=Waston&start=80&callback=google.search.cse.api80
2025-11-03 19:43:14,228 - DEBUG - GETCONF __owningcontrollerprocess (runtime: 0.0002)
2025-11-03 19:43:14,241 - INFO - TOR cport auth: True. TOR NEW IDENTITY. Sleep 3 sec.
2025-11-03 19:43:17,247 - INFO - Error while receiving a control message (SocketClosed): received exception "read of closed file"
2025-11-03 19:43:20,739 - INFO - SocksPort=9150 status=200 url=https://cse.google.com/cse/element/v1?rsz=filtered_cse&num=10&hl=en&source=gcsc&cselibv=6467658b9628de43&cx=3fb7efb248d74e652&safe=active&cse_tok=AEXjvhKfzPGr4dhKEumqlaykG48H%3A1762170168055&sort=&exp=cc%2Capo&rurl=https%3A%2F%2Fwww.social-searcher.com%2Flinkedincse.html%3Fq%3Dtest%26sort%3Ddate&q=Waston&start=90&callback=google.search.cse.api90
2025-11-03 19:43:20,753 - INFO - [OK] Step completed: Execute social media search
2025-11-03 19:43:20,753 - INFO - [SUCCESS] Search process completed!
2025-11-03 19:43:20,753 - INFO - [SUMMARY] Search Summary:
2025-11-03 19:43:20,753 - INFO -    Query keyword: Waston
2025-11-03 19:43:20,753 - INFO -    Search platforms: 4 platforms
2025-11-03 19:43:20,753 - INFO -    Total results: 400
2025-11-03 19:43:20,753 - INFO -    FACEBOOK: 100 results
2025-11-03 19:43:20,753 - INFO -    TWITTER: 100 results
2025-11-03 19:43:20,753 - INFO -    INSTAGRAM: 100 results
2025-11-03 19:43:20,753 - INFO -    LINKEDIN: 100 results
2025-11-03 19:43:20,754 - INFO - Log saved to: logs/search_log.json
