2025-10-21 14:31:18,565 - INFO - [START] Starting social media search process - Query: 'Robinsons'
2025-10-21 14:31:18,566 - INFO - [INFO] Starting step: Get all platform CSE parameters
2025-10-21 14:31:36,538 - INFO - Added date sorting for FACEBOOK
2025-10-21 14:31:36,538 - INFO - Added date sorting for TWITTER
2025-10-21 14:31:36,538 - INFO - Added date sorting for INSTAGRAM
2025-10-21 14:31:36,538 - INFO - Added date sorting for LINKEDIN
2025-10-21 14:31:36,538 - INFO - [OK] Step completed: Get all platform CSE parameters
2025-10-21 14:31:36,538 - INFO - [INFO] Starting step: Save parameters
2025-10-21 14:31:36,539 - INFO - [OK] Step completed: Save parameters
2025-10-21 14:31:36,539 - INFO - [INFO] Starting step: Execute social media search
2025-10-21 14:31:39,825 - INFO - SocksPort=9150 status=200 url=https://cse.google.com/cse/element/v1?rsz=filtered_cse&num=10&hl=en&source=gcsc&cselibv=6467658b9628de43&cx=294a079ba2d4267d5&safe=active&cse_tok=AEXjvhJ5uo2SrjQbZtT14PupekJ9%3A1761028280445&sort=date&exp=cc%2Capo&rurl=https%3A%2F%2Fwww.social-searcher.com%2Ffacebookcse.html%3Fq%3Dtest%26sort%3Ddate&q=Robinsons&start=0&callback=google.search.cse.api0
2025-10-21 14:31:43,947 - INFO - SocksPort=9150 status=200 url=https://cse.google.com/cse/element/v1?rsz=filtered_cse&num=10&hl=en&source=gcsc&cselibv=6467658b9628de43&cx=294a079ba2d4267d5&safe=active&cse_tok=AEXjvhJ5uo2SrjQbZtT14PupekJ9%3A1761028280445&sort=date&exp=cc%2Capo&rurl=https%3A%2F%2Fwww.social-searcher.com%2Ffacebookcse.html%3Fq%3Dtest%26sort%3Ddate&q=Robinsons&start=10&callback=google.search.cse.api10
2025-10-21 14:31:46,102 - INFO - SocksPort=9150 status=200 url=https://cse.google.com/cse/element/v1?rsz=filtered_cse&num=10&hl=en&source=gcsc&cselibv=6467658b9628de43&cx=294a079ba2d4267d5&safe=active&cse_tok=AEXjvhJ5uo2SrjQbZtT14PupekJ9%3A1761028280445&sort=date&exp=cc%2Capo&rurl=https%3A%2F%2Fwww.social-searcher.com%2Ffacebookcse.html%3Fq%3Dtest%26sort%3Ddate&q=Robinsons&start=20&callback=google.search.cse.api20
2025-10-21 14:31:49,967 - INFO - SocksPort=9150 status=200 url=https://cse.google.com/cse/element/v1?rsz=filtered_cse&num=10&hl=en&source=gcsc&cselibv=6467658b9628de43&cx=294a079ba2d4267d5&safe=active&cse_tok=AEXjvhJ5uo2SrjQbZtT14PupekJ9%3A1761028280445&sort=date&exp=cc%2Capo&rurl=https%3A%2F%2Fwww.social-searcher.com%2Ffacebookcse.html%3Fq%3Dtest%26sort%3Ddate&q=Robinsons&start=30&callback=google.search.cse.api30
2025-10-21 14:31:54,570 - INFO - SocksPort=9150 status=200 url=https://cse.google.com/cse/element/v1?rsz=filtered_cse&num=10&hl=en&source=gcsc&cselibv=6467658b9628de43&cx=294a079ba2d4267d5&safe=active&cse_tok=AEXjvhJ5uo2SrjQbZtT14PupekJ9%3A1761028280445&sort=date&exp=cc%2Capo&rurl=https%3A%2F%2Fwww.social-searcher.com%2Ffacebookcse.html%3Fq%3Dtest%26sort%3Ddate&q=Robinsons&start=40&callback=google.search.cse.api40
2025-10-21 14:31:54,591 - DEBUG - GETCONF __owningcontrollerprocess (runtime: 0.0004)
2025-10-21 14:31:54,612 - INFO - TOR cport auth: True. TOR NEW IDENTITY. Sleep 3 sec.
2025-10-21 14:31:57,617 - INFO - Error while receiving a control message (SocketClosed): received exception "read of closed file"
2025-10-21 14:32:00,101 - INFO - SocksPort=9150 status=200 url=https://cse.google.com/cse/element/v1?rsz=filtered_cse&num=10&hl=en&source=gcsc&cselibv=6467658b9628de43&cx=294a079ba2d4267d5&safe=active&cse_tok=AEXjvhJ5uo2SrjQbZtT14PupekJ9%3A1761028280445&sort=date&exp=cc%2Capo&rurl=https%3A%2F%2Fwww.social-searcher.com%2Ffacebookcse.html%3Fq%3Dtest%26sort%3Ddate&q=Robinsons&start=50&callback=google.search.cse.api50
2025-10-21 14:32:03,240 - INFO - SocksPort=9150 status=200 url=https://cse.google.com/cse/element/v1?rsz=filtered_cse&num=10&hl=en&source=gcsc&cselibv=6467658b9628de43&cx=294a079ba2d4267d5&safe=active&cse_tok=AEXjvhJ5uo2SrjQbZtT14PupekJ9%3A1761028280445&sort=date&exp=cc%2Capo&rurl=https%3A%2F%2Fwww.social-searcher.com%2Ffacebookcse.html%3Fq%3Dtest%26sort%3Ddate&q=Robinsons&start=60&callback=google.search.cse.api60
2025-10-21 14:32:06,244 - INFO - SocksPort=9150 status=200 url=https://cse.google.com/cse/element/v1?rsz=filtered_cse&num=10&hl=en&source=gcsc&cselibv=6467658b9628de43&cx=294a079ba2d4267d5&safe=active&cse_tok=AEXjvhJ5uo2SrjQbZtT14PupekJ9%3A1761028280445&sort=date&exp=cc%2Capo&rurl=https%3A%2F%2Fwww.social-searcher.com%2Ffacebookcse.html%3Fq%3Dtest%26sort%3Ddate&q=Robinsons&start=70&callback=google.search.cse.api70
2025-10-21 14:32:09,172 - INFO - SocksPort=9150 status=200 url=https://cse.google.com/cse/element/v1?rsz=filtered_cse&num=10&hl=en&source=gcsc&cselibv=6467658b9628de43&cx=294a079ba2d4267d5&safe=active&cse_tok=AEXjvhJ5uo2SrjQbZtT14PupekJ9%3A1761028280445&sort=date&exp=cc%2Capo&rurl=https%3A%2F%2Fwww.social-searcher.com%2Ffacebookcse.html%3Fq%3Dtest%26sort%3Ddate&q=Robinsons&start=80&callback=google.search.cse.api80
2025-10-21 14:32:12,296 - INFO - SocksPort=9150 status=200 url=https://cse.google.com/cse/element/v1?rsz=filtered_cse&num=10&hl=en&source=gcsc&cselibv=6467658b9628de43&cx=294a079ba2d4267d5&safe=active&cse_tok=AEXjvhJ5uo2SrjQbZtT14PupekJ9%3A1761028280445&sort=date&exp=cc%2Capo&rurl=https%3A%2F%2Fwww.social-searcher.com%2Ffacebookcse.html%3Fq%3Dtest%26sort%3Ddate&q=Robinsons&start=90&callback=google.search.cse.api90
2025-10-21 14:32:12,299 - DEBUG - GETCONF __owningcontrollerprocess (runtime: 0.0002)
2025-10-21 14:32:12,316 - INFO - TOR cport auth: True. TOR NEW IDENTITY. Sleep 3 sec.
2025-10-21 14:32:15,321 - INFO - Error while receiving a control message (SocketClosed): received exception "read of closed file"
2025-10-21 14:32:19,459 - INFO - SocksPort=9150 status=200 url=https://cse.google.com/cse/element/v1?rsz=filtered_cse&num=10&hl=en&source=gcsc&cselibv=6467658b9628de43&cx=a72fbbffee86cd2d2&safe=active&cse_tok=AEXjvhI0AIOG-D5kaVm9QjbVZV6O%3A1761028284816&sort=date&exp=cc%2Capo&rurl=https%3A%2F%2Fwww.social-searcher.com%2Ftwittercse.html%3Fq%3Dtest%26sort%3Ddate&q=Robinsons&start=0&callback=google.search.cse.api0
2025-10-21 14:32:23,142 - INFO - SocksPort=9150 status=200 url=https://cse.google.com/cse/element/v1?rsz=filtered_cse&num=10&hl=en&source=gcsc&cselibv=6467658b9628de43&cx=a72fbbffee86cd2d2&safe=active&cse_tok=AEXjvhI0AIOG-D5kaVm9QjbVZV6O%3A1761028284816&sort=date&exp=cc%2Capo&rurl=https%3A%2F%2Fwww.social-searcher.com%2Ftwittercse.html%3Fq%3Dtest%26sort%3Ddate&q=Robinsons&start=10&callback=google.search.cse.api10
2025-10-21 14:32:26,181 - INFO - SocksPort=9150 status=200 url=https://cse.google.com/cse/element/v1?rsz=filtered_cse&num=10&hl=en&source=gcsc&cselibv=6467658b9628de43&cx=a72fbbffee86cd2d2&safe=active&cse_tok=AEXjvhI0AIOG-D5kaVm9QjbVZV6O%3A1761028284816&sort=date&exp=cc%2Capo&rurl=https%3A%2F%2Fwww.social-searcher.com%2Ftwittercse.html%3Fq%3Dtest%26sort%3Ddate&q=Robinsons&start=20&callback=google.search.cse.api20
2025-10-21 14:32:29,299 - INFO - SocksPort=9150 status=200 url=https://cse.google.com/cse/element/v1?rsz=filtered_cse&num=10&hl=en&source=gcsc&cselibv=6467658b9628de43&cx=a72fbbffee86cd2d2&safe=active&cse_tok=AEXjvhI0AIOG-D5kaVm9QjbVZV6O%3A1761028284816&sort=date&exp=cc%2Capo&rurl=https%3A%2F%2Fwww.social-searcher.com%2Ftwittercse.html%3Fq%3Dtest%26sort%3Ddate&q=Robinsons&start=30&callback=google.search.cse.api30
2025-10-21 14:32:34,204 - INFO - SocksPort=9150 status=200 url=https://cse.google.com/cse/element/v1?rsz=filtered_cse&num=10&hl=en&source=gcsc&cselibv=6467658b9628de43&cx=a72fbbffee86cd2d2&safe=active&cse_tok=AEXjvhI0AIOG-D5kaVm9QjbVZV6O%3A1761028284816&sort=date&exp=cc%2Capo&rurl=https%3A%2F%2Fwww.social-searcher.com%2Ftwittercse.html%3Fq%3Dtest%26sort%3Ddate&q=Robinsons&start=40&callback=google.search.cse.api40
2025-10-21 14:32:34,210 - DEBUG - GETCONF __owningcontrollerprocess (runtime: 0.0003)
2025-10-21 14:32:34,224 - INFO - TOR cport auth: True. TOR NEW IDENTITY. Sleep 3 sec.
2025-10-21 14:32:37,230 - INFO - Error while receiving a control message (SocketClosed): received exception "read of closed file"
2025-10-21 14:32:40,668 - INFO - SocksPort=9150 status=200 url=https://cse.google.com/cse/element/v1?rsz=filtered_cse&num=10&hl=en&source=gcsc&cselibv=6467658b9628de43&cx=a72fbbffee86cd2d2&safe=active&cse_tok=AEXjvhI0AIOG-D5kaVm9QjbVZV6O%3A1761028284816&sort=date&exp=cc%2Capo&rurl=https%3A%2F%2Fwww.social-searcher.com%2Ftwittercse.html%3Fq%3Dtest%26sort%3Ddate&q=Robinsons&start=50&callback=google.search.cse.api50
2025-10-21 14:32:44,097 - INFO - SocksPort=9150 status=200 url=https://cse.google.com/cse/element/v1?rsz=filtered_cse&num=10&hl=en&source=gcsc&cselibv=6467658b9628de43&cx=a72fbbffee86cd2d2&safe=active&cse_tok=AEXjvhI0AIOG-D5kaVm9QjbVZV6O%3A1761028284816&sort=date&exp=cc%2Capo&rurl=https%3A%2F%2Fwww.social-searcher.com%2Ftwittercse.html%3Fq%3Dtest%26sort%3Ddate&q=Robinsons&start=60&callback=google.search.cse.api60
2025-10-21 14:32:48,330 - INFO - SocksPort=9150 status=200 url=https://cse.google.com/cse/element/v1?rsz=filtered_cse&num=10&hl=en&source=gcsc&cselibv=6467658b9628de43&cx=a72fbbffee86cd2d2&safe=active&cse_tok=AEXjvhI0AIOG-D5kaVm9QjbVZV6O%3A1761028284816&sort=date&exp=cc%2Capo&rurl=https%3A%2F%2Fwww.social-searcher.com%2Ftwittercse.html%3Fq%3Dtest%26sort%3Ddate&q=Robinsons&start=70&callback=google.search.cse.api70
2025-10-21 14:32:53,244 - INFO - SocksPort=9150 status=200 url=https://cse.google.com/cse/element/v1?rsz=filtered_cse&num=10&hl=en&source=gcsc&cselibv=6467658b9628de43&cx=a72fbbffee86cd2d2&safe=active&cse_tok=AEXjvhI0AIOG-D5kaVm9QjbVZV6O%3A1761028284816&sort=date&exp=cc%2Capo&rurl=https%3A%2F%2Fwww.social-searcher.com%2Ftwittercse.html%3Fq%3Dtest%26sort%3Ddate&q=Robinsons&start=80&callback=google.search.cse.api80
2025-10-21 14:32:57,239 - INFO - SocksPort=9150 status=200 url=https://cse.google.com/cse/element/v1?rsz=filtered_cse&num=10&hl=en&source=gcsc&cselibv=6467658b9628de43&cx=a72fbbffee86cd2d2&safe=active&cse_tok=AEXjvhI0AIOG-D5kaVm9QjbVZV6O%3A1761028284816&sort=date&exp=cc%2Capo&rurl=https%3A%2F%2Fwww.social-searcher.com%2Ftwittercse.html%3Fq%3Dtest%26sort%3Ddate&q=Robinsons&start=90&callback=google.search.cse.api90
2025-10-21 14:32:57,243 - DEBUG - GETCONF __owningcontrollerprocess (runtime: 0.0003)
2025-10-21 14:32:57,260 - INFO - TOR cport auth: True. TOR NEW IDENTITY. Sleep 3 sec.
2025-10-21 14:33:00,267 - INFO - Error while receiving a control message (SocketClosed): received exception "read of closed file"
2025-10-21 14:33:00,279 - DEBUG - GETCONF __owningcontrollerprocess (runtime: 0.0005)
2025-10-21 14:33:00,280 - INFO - TOR cport auth: True. TOR NEW IDENTITY. Sleep 3 sec.
2025-10-21 14:33:03,286 - INFO - Error while receiving a control message (SocketClosed): received exception "read of closed file"
2025-10-21 14:33:28,881 - INFO - SocksPort=9150 status=200 url=https://cse.google.com/cse/element/v1?rsz=filtered_cse&num=10&hl=en&source=gcsc&cselibv=6467658b9628de43&cx=a72fbbffee86cd2d2&safe=active&cse_tok=AEXjvhJ6GT1h_4XnefURpuhYGGgy%3A1761028390955&sort=&exp=cc%2Capo&rurl=https%3A%2F%2Fwww.social-searcher.com%2Ftwittercse.html%3Fq%3Dtest%26sort%3Ddate&q=Robinsons&start=90&callback=google.search.cse.api90
2025-10-21 14:33:34,718 - INFO - SocksPort=9150 status=200 url=https://cse.google.com/cse/element/v1?rsz=filtered_cse&num=10&hl=en&source=gcsc&cselibv=6467658b9628de43&cx=c4b97eed1414fcb14&safe=active&cse_tok=AEXjvhLWrc_o8ItkY-5SzZRmu19a%3A1761028288909&sort=date&exp=cc%2Capo&rurl=https%3A%2F%2Fwww.social-searcher.com%2Finstagramcse.html%3Fq%3Dtest%26sort%3Ddate&q=Robinsons&start=0&callback=google.search.cse.api0
2025-10-21 14:33:37,175 - INFO - SocksPort=9150 status=200 url=https://cse.google.com/cse/element/v1?rsz=filtered_cse&num=10&hl=en&source=gcsc&cselibv=6467658b9628de43&cx=c4b97eed1414fcb14&safe=active&cse_tok=AEXjvhLWrc_o8ItkY-5SzZRmu19a%3A1761028288909&sort=date&exp=cc%2Capo&rurl=https%3A%2F%2Fwww.social-searcher.com%2Finstagramcse.html%3Fq%3Dtest%26sort%3Ddate&q=Robinsons&start=10&callback=google.search.cse.api10
2025-10-21 14:33:40,861 - INFO - SocksPort=9150 status=200 url=https://cse.google.com/cse/element/v1?rsz=filtered_cse&num=10&hl=en&source=gcsc&cselibv=6467658b9628de43&cx=c4b97eed1414fcb14&safe=active&cse_tok=AEXjvhLWrc_o8ItkY-5SzZRmu19a%3A1761028288909&sort=date&exp=cc%2Capo&rurl=https%3A%2F%2Fwww.social-searcher.com%2Finstagramcse.html%3Fq%3Dtest%26sort%3Ddate&q=Robinsons&start=20&callback=google.search.cse.api20
2025-10-21 14:33:44,242 - INFO - SocksPort=9150 status=200 url=https://cse.google.com/cse/element/v1?rsz=filtered_cse&num=10&hl=en&source=gcsc&cselibv=6467658b9628de43&cx=c4b97eed1414fcb14&safe=active&cse_tok=AEXjvhLWrc_o8ItkY-5SzZRmu19a%3A1761028288909&sort=date&exp=cc%2Capo&rurl=https%3A%2F%2Fwww.social-searcher.com%2Finstagramcse.html%3Fq%3Dtest%26sort%3Ddate&q=Robinsons&start=30&callback=google.search.cse.api30
2025-10-21 14:33:44,249 - DEBUG - GETCONF __owningcontrollerprocess (runtime: 0.0004)
2025-10-21 14:33:44,264 - INFO - TOR cport auth: True. TOR NEW IDENTITY. Sleep 3 sec.
2025-10-21 14:33:47,269 - INFO - Error while receiving a control message (SocketClosed): received exception "read of closed file"
2025-10-21 14:33:49,697 - INFO - SocksPort=9150 status=200 url=https://cse.google.com/cse/element/v1?rsz=filtered_cse&num=10&hl=en&source=gcsc&cselibv=6467658b9628de43&cx=c4b97eed1414fcb14&safe=active&cse_tok=AEXjvhLWrc_o8ItkY-5SzZRmu19a%3A1761028288909&sort=date&exp=cc%2Capo&rurl=https%3A%2F%2Fwww.social-searcher.com%2Finstagramcse.html%3Fq%3Dtest%26sort%3Ddate&q=Robinsons&start=40&callback=google.search.cse.api40
2025-10-21 14:33:52,844 - INFO - SocksPort=9150 status=200 url=https://cse.google.com/cse/element/v1?rsz=filtered_cse&num=10&hl=en&source=gcsc&cselibv=6467658b9628de43&cx=c4b97eed1414fcb14&safe=active&cse_tok=AEXjvhLWrc_o8ItkY-5SzZRmu19a%3A1761028288909&sort=date&exp=cc%2Capo&rurl=https%3A%2F%2Fwww.social-searcher.com%2Finstagramcse.html%3Fq%3Dtest%26sort%3Ddate&q=Robinsons&start=50&callback=google.search.cse.api50
2025-10-21 14:33:55,971 - INFO - SocksPort=9150 status=200 url=https://cse.google.com/cse/element/v1?rsz=filtered_cse&num=10&hl=en&source=gcsc&cselibv=6467658b9628de43&cx=c4b97eed1414fcb14&safe=active&cse_tok=AEXjvhLWrc_o8ItkY-5SzZRmu19a%3A1761028288909&sort=date&exp=cc%2Capo&rurl=https%3A%2F%2Fwww.social-searcher.com%2Finstagramcse.html%3Fq%3Dtest%26sort%3Ddate&q=Robinsons&start=60&callback=google.search.cse.api60
2025-10-21 14:33:58,865 - INFO - SocksPort=9150 status=200 url=https://cse.google.com/cse/element/v1?rsz=filtered_cse&num=10&hl=en&source=gcsc&cselibv=6467658b9628de43&cx=c4b97eed1414fcb14&safe=active&cse_tok=AEXjvhLWrc_o8ItkY-5SzZRmu19a%3A1761028288909&sort=date&exp=cc%2Capo&rurl=https%3A%2F%2Fwww.social-searcher.com%2Finstagramcse.html%3Fq%3Dtest%26sort%3Ddate&q=Robinsons&start=70&callback=google.search.cse.api70
2025-10-21 14:34:04,208 - INFO - SocksPort=9150 status=200 url=https://cse.google.com/cse/element/v1?rsz=filtered_cse&num=10&hl=en&source=gcsc&cselibv=6467658b9628de43&cx=c4b97eed1414fcb14&safe=active&cse_tok=AEXjvhLWrc_o8ItkY-5SzZRmu19a%3A1761028288909&sort=date&exp=cc%2Capo&rurl=https%3A%2F%2Fwww.social-searcher.com%2Finstagramcse.html%3Fq%3Dtest%26sort%3Ddate&q=Robinsons&start=80&callback=google.search.cse.api80
2025-10-21 14:34:04,212 - DEBUG - GETCONF __owningcontrollerprocess (runtime: 0.0003)
2025-10-21 14:34:04,228 - INFO - TOR cport auth: True. TOR NEW IDENTITY. Sleep 3 sec.
2025-10-21 14:34:07,234 - INFO - Error while receiving a control message (SocketClosed): received exception "read of closed file"
2025-10-21 14:34:10,049 - INFO - SocksPort=9150 status=200 url=https://cse.google.com/cse/element/v1?rsz=filtered_cse&num=10&hl=en&source=gcsc&cselibv=6467658b9628de43&cx=c4b97eed1414fcb14&safe=active&cse_tok=AEXjvhLWrc_o8ItkY-5SzZRmu19a%3A1761028288909&sort=date&exp=cc%2Capo&rurl=https%3A%2F%2Fwww.social-searcher.com%2Finstagramcse.html%3Fq%3Dtest%26sort%3Ddate&q=Robinsons&start=90&callback=google.search.cse.api90
2025-10-21 14:34:14,960 - INFO - SocksPort=9150 status=200 url=https://cse.google.com/cse/element/v1?rsz=filtered_cse&num=10&hl=en&source=gcsc&cselibv=6467658b9628de43&cx=3fb7efb248d74e652&safe=active&cse_tok=AEXjvhKMPx7zkkFJnYaijHtVekcu%3A1761028293819&sort=date&exp=cc%2Capo&rurl=https%3A%2F%2Fwww.social-searcher.com%2Flinkedincse.html%3Fq%3Dtest%26sort%3Ddate&q=Robinsons&start=0&callback=google.search.cse.api0
2025-10-21 14:34:17,439 - INFO - SocksPort=9150 status=200 url=https://cse.google.com/cse/element/v1?rsz=filtered_cse&num=10&hl=en&source=gcsc&cselibv=6467658b9628de43&cx=3fb7efb248d74e652&safe=active&cse_tok=AEXjvhKMPx7zkkFJnYaijHtVekcu%3A1761028293819&sort=date&exp=cc%2Capo&rurl=https%3A%2F%2Fwww.social-searcher.com%2Flinkedincse.html%3Fq%3Dtest%26sort%3Ddate&q=Robinsons&start=10&callback=google.search.cse.api10
2025-10-21 14:34:20,798 - INFO - SocksPort=9150 status=200 url=https://cse.google.com/cse/element/v1?rsz=filtered_cse&num=10&hl=en&source=gcsc&cselibv=6467658b9628de43&cx=3fb7efb248d74e652&safe=active&cse_tok=AEXjvhKMPx7zkkFJnYaijHtVekcu%3A1761028293819&sort=date&exp=cc%2Capo&rurl=https%3A%2F%2Fwww.social-searcher.com%2Flinkedincse.html%3Fq%3Dtest%26sort%3Ddate&q=Robinsons&start=20&callback=google.search.cse.api20
2025-10-21 14:34:23,867 - INFO - SocksPort=9150 status=200 url=https://cse.google.com/cse/element/v1?rsz=filtered_cse&num=10&hl=en&source=gcsc&cselibv=6467658b9628de43&cx=3fb7efb248d74e652&safe=active&cse_tok=AEXjvhKMPx7zkkFJnYaijHtVekcu%3A1761028293819&sort=date&exp=cc%2Capo&rurl=https%3A%2F%2Fwww.social-searcher.com%2Flinkedincse.html%3Fq%3Dtest%26sort%3Ddate&q=Robinsons&start=30&callback=google.search.cse.api30
2025-10-21 14:34:23,873 - DEBUG - GETCONF __owningcontrollerprocess (runtime: 0.0003)
2025-10-21 14:34:23,889 - INFO - TOR cport auth: True. TOR NEW IDENTITY. Sleep 3 sec.
2025-10-21 14:34:26,894 - INFO - Error while receiving a control message (SocketClosed): received exception "read of closed file"
2025-10-21 14:34:29,759 - INFO - SocksPort=9150 status=200 url=https://cse.google.com/cse/element/v1?rsz=filtered_cse&num=10&hl=en&source=gcsc&cselibv=6467658b9628de43&cx=3fb7efb248d74e652&safe=active&cse_tok=AEXjvhKMPx7zkkFJnYaijHtVekcu%3A1761028293819&sort=date&exp=cc%2Capo&rurl=https%3A%2F%2Fwww.social-searcher.com%2Flinkedincse.html%3Fq%3Dtest%26sort%3Ddate&q=Robinsons&start=40&callback=google.search.cse.api40
2025-10-21 14:34:32,779 - INFO - SocksPort=9150 status=200 url=https://cse.google.com/cse/element/v1?rsz=filtered_cse&num=10&hl=en&source=gcsc&cselibv=6467658b9628de43&cx=3fb7efb248d74e652&safe=active&cse_tok=AEXjvhKMPx7zkkFJnYaijHtVekcu%3A1761028293819&sort=date&exp=cc%2Capo&rurl=https%3A%2F%2Fwww.social-searcher.com%2Flinkedincse.html%3Fq%3Dtest%26sort%3Ddate&q=Robinsons&start=50&callback=google.search.cse.api50
2025-10-21 14:34:36,465 - INFO - SocksPort=9150 status=200 url=https://cse.google.com/cse/element/v1?rsz=filtered_cse&num=10&hl=en&source=gcsc&cselibv=6467658b9628de43&cx=3fb7efb248d74e652&safe=active&cse_tok=AEXjvhKMPx7zkkFJnYaijHtVekcu%3A1761028293819&sort=date&exp=cc%2Capo&rurl=https%3A%2F%2Fwww.social-searcher.com%2Flinkedincse.html%3Fq%3Dtest%26sort%3Ddate&q=Robinsons&start=60&callback=google.search.cse.api60
2025-10-21 14:34:39,538 - INFO - SocksPort=9150 status=200 url=https://cse.google.com/cse/element/v1?rsz=filtered_cse&num=10&hl=en&source=gcsc&cselibv=6467658b9628de43&cx=3fb7efb248d74e652&safe=active&cse_tok=AEXjvhKMPx7zkkFJnYaijHtVekcu%3A1761028293819&sort=date&exp=cc%2Capo&rurl=https%3A%2F%2Fwww.social-searcher.com%2Flinkedincse.html%3Fq%3Dtest%26sort%3Ddate&q=Robinsons&start=70&callback=google.search.cse.api70
2025-10-21 14:34:43,531 - INFO - SocksPort=9150 status=200 url=https://cse.google.com/cse/element/v1?rsz=filtered_cse&num=10&hl=en&source=gcsc&cselibv=6467658b9628de43&cx=3fb7efb248d74e652&safe=active&cse_tok=AEXjvhKMPx7zkkFJnYaijHtVekcu%3A1761028293819&sort=date&exp=cc%2Capo&rurl=https%3A%2F%2Fwww.social-searcher.com%2Flinkedincse.html%3Fq%3Dtest%26sort%3Ddate&q=Robinsons&start=80&callback=google.search.cse.api80
2025-10-21 14:34:43,536 - DEBUG - GETCONF __owningcontrollerprocess (runtime: 0.0004)
2025-10-21 14:34:43,553 - INFO - TOR cport auth: True. TOR NEW IDENTITY. Sleep 3 sec.
2025-10-21 14:34:46,558 - INFO - Error while receiving a control message (SocketClosed): received exception "read of closed file"
2025-10-21 14:34:49,794 - INFO - SocksPort=9150 status=200 url=https://cse.google.com/cse/element/v1?rsz=filtered_cse&num=10&hl=en&source=gcsc&cselibv=6467658b9628de43&cx=3fb7efb248d74e652&safe=active&cse_tok=AEXjvhKMPx7zkkFJnYaijHtVekcu%3A1761028293819&sort=date&exp=cc%2Capo&rurl=https%3A%2F%2Fwww.social-searcher.com%2Flinkedincse.html%3Fq%3Dtest%26sort%3Ddate&q=Robinsons&start=90&callback=google.search.cse.api90
2025-10-21 14:34:49,811 - INFO - [OK] Step completed: Execute social media search
2025-10-21 14:34:49,811 - INFO - [SUCCESS] Search process completed!
2025-10-21 14:34:49,811 - INFO - [SUMMARY] Search Summary:
2025-10-21 14:34:49,811 - INFO -    Query keyword: Robinsons
2025-10-21 14:34:49,811 - INFO -    Search platforms: 4 platforms
2025-10-21 14:34:49,811 - INFO -    Total results: 400
2025-10-21 14:34:49,811 - INFO -    FACEBOOK: 100 results
2025-10-21 14:34:49,811 - INFO -    TWITTER: 100 results
2025-10-21 14:34:49,811 - INFO -    INSTAGRAM: 100 results
2025-10-21 14:34:49,812 - INFO -    LINKEDIN: 100 results
2025-10-21 14:34:49,813 - INFO - Log saved to: logs/search_log.json
