2025-11-09 17:07:40,854 - INFO - [START] Starting social media search process - Query: 'Test'
2025-11-09 17:07:40,854 - INFO - [OUTPUT] Output path: 'C:\Users\jiwei\Desktop\Test'
2025-11-09 17:07:40,854 - INFO - [INFO] Starting step: Get all platform CSE parameters
2025-11-09 17:07:41,056 - WARNING - Error occurred while getting CSE parameters (attempt 1): BrowserType.launch: Executable doesn't exist at /root/.cache/ms-playwright/chromium_headless_shell-1187/chrome-linux/headless_shell
╔════════════════════════════════════════════════════════════╗
║ Looks like Playwright was just installed or updated.       ║
║ Please run the following command to download new browsers: ║
║                                                            ║
║     playwright install                                     ║
║                                                            ║
║ <3 Playwright Team                                         ║
╚════════════════════════════════════════════════════════════╝
2025-11-09 17:07:41,058 - INFO - [RETRY] Retrying parameter retrieval (attempt 2)
2025-11-09 17:07:43,254 - WARNING - Error occurred while getting CSE parameters (attempt 2): BrowserType.launch: Executable doesn't exist at /root/.cache/ms-playwright/chromium_headless_shell-1187/chrome-linux/headless_shell
╔════════════════════════════════════════════════════════════╗
║ Looks like Playwright was just installed or updated.       ║
║ Please run the following command to download new browsers: ║
║                                                            ║
║     playwright install                                     ║
║                                                            ║
║ <3 Playwright Team                                         ║
╚════════════════════════════════════════════════════════════╝
2025-11-09 17:07:43,255 - INFO - [RETRY] Retrying parameter retrieval (attempt 3)
2025-11-09 17:07:47,455 - WARNING - Error occurred while getting CSE parameters (attempt 3): BrowserType.launch: Executable doesn't exist at /root/.cache/ms-playwright/chromium_headless_shell-1187/chrome-linux/headless_shell
╔════════════════════════════════════════════════════════════╗
║ Looks like Playwright was just installed or updated.       ║
║ Please run the following command to download new browsers: ║
║                                                            ║
║     playwright install                                     ║
║                                                            ║
║ <3 Playwright Team                                         ║
╚════════════════════════════════════════════════════════════╝
2025-11-09 17:07:47,455 - ERROR - [ERROR] Step failed: Get all platform CSE parameters - Error occurred while getting CSE parameters (attempt 3): BrowserType.launch: Executable doesn't exist at /root/.cache/ms-playwright/chromium_headless_shell-1187/chrome-linux/headless_shell
╔════════════════════════════════════════════════════════════╗
║ Looks like Playwright was just installed or updated.       ║
║ Please run the following command to download new browsers: ║
║                                                            ║
║     playwright install                                     ║
║                                                            ║
║ <3 Playwright Team                                         ║
╚════════════════════════════════════════════════════════════╝
2025-11-09 17:07:47,456 - INFO - [INFO] Starting step: Execute social media search
2025-11-09 17:08:22,965 - INFO - SocksPort=9050 status=200 url=https://cse.google.com/cse/element/v1?rsz=filtered_cse&num=10&hl=en&source=gcsc&cselibv=6467658b9628de43&cx=294a079ba2d4267d5&safe=active&cse_tok=AEXjvhK6VooxikQmV6BOKeaRMqnA%3A1759893387560&sort=date&exp=cc%2Capo&rurl=https%3A%2F%2Fwww.social-searcher.com%2Ffacebookcse.html%3Fq%3Dtest&q=Test&start=0&callback=google.search.cse.api0
